Component: Arm Compiler for Embedded 6.24 Tool: armlink [5f371500]

==============================================================================

Section Cross References

    main.o(.text) refers to main.o(.bss.iBug) for iBug
    main.o(.text) refers to setup.o(.text) for ConfigRead
    main.o(.text) refers to system_gd32f1x0.o(.data.SystemCoreClock) for SystemCoreClock
    main.o(.text) refers to gd32f1x0_gpio.o(.text) for gpio_bit_write
    main.o(.text) refers to bldcbc.o(.text) for InitBldc
    main.o(.text) refers to main.o(.bss.iDrivingMode) for iDrivingMode
    main.o(.text) refers to driver.o(.text) for DriverInit
    main.o(.text) refers to gd32f1x0_fwdgt.o(.text) for fwdgt_counter_reload
    main.o(.text) refers to it.o(.text) for millis
    main.o(.text) refers to main.o(.bss.iTimeNextLoop) for iTimeNextLoop
    main.o(.text) refers to main.o(.bss.steerCounter) for steerCounter
    main.o(.text) refers to remoteuartbus.o(.text) for RemoteUpdate
    main.o(.text) refers to main.o(.bss.speedShutoff) for speedShutoff
    main.o(.text) refers to main.o(.bss.speed) for speed
    main.o(.text) refers to dflti.o(.text) for __aeabi_i2d
    main.o(.text) refers to dcmpge.o(.text) for __aeabi_dcmpge
    main.o(.text) refers to fflti.o(.text) for __aeabi_i2f
    main.o(.text) refers to f2d.o(.text) for __aeabi_f2d
    main.o(.text) refers to dmul.o(.text) for __aeabi_dmul
    main.o(.text) refers to ddiv.o(.text) for __aeabi_ddiv
    main.o(.text) refers to dadd.o(.text) for __aeabi_dadd
    main.o(.text) refers to d2f.o(.text) for __aeabi_d2f
    main.o(.text) refers to main.o(.data.speedLimit) for speedLimit
    main.o(.text) refers to main.o(.bss.steer) for steer
    main.o(.text) refers to fmul.o(.text) for __aeabi_fmul
    main.o(.text) refers to ffixi.o(.text) for __aeabi_f2iz
    main.o(.text) refers to fadd.o(.text) for __aeabi_fadd
    main.o(.text) refers to fdiv.o(.text) for __aeabi_fdiv
    main.o(.text) refers to main.o(.rodata.lookUpTableAngle) for lookUpTableAngle
    main.o(.text) refers to fcmplt.o(.text) for __aeabi_fcmplt
    main.o(.text) refers to main.o(.bss.pwmSlave) for pwmSlave
    main.o(.text) refers to fcmple.o(.text) for __aeabi_fcmple
    main.o(.text) refers to fcmpge.o(.text) for __aeabi_fcmpge
    main.o(.text) refers to dfixi.o(.text) for __aeabi_d2iz
    main.o(.text) refers to bldc.o(.text) for SetBldcInput
    main.o(.text) refers to bldc.o(.data.batteryVoltage) for batteryVoltage
    main.o(.text) refers to dcmple.o(.text) for __aeabi_dcmple
    main.o(.text) refers to main.o(.bss.inactivity_timeout_counter) for inactivity_timeout_counter
    main.o(.text) refers to main.o(.bss.enable) for enable
    main.o(.text) refers to main.o(.bss.bPilotTimeout) for bPilotTimeout
    main.o(.text) refers to main.o(.bss.bRemoteTimeout) for bRemoteTimeout
    main.o(.text) refers to main.o(.data.wState) for wState
    main.o(.ARM.exidx) refers to main.o(.text) for [Anonymous Symbol]
    bldc.o(.text) refers to bldc.o(.bss.bldc_enable) for bldc_enable
    bldc.o(.text) refers to main.o(.bss.iDrivingMode) for iDrivingMode
    bldc.o(.text) refers to system_gd32f1x0.o(.data.SystemCoreClock) for SystemCoreClock
    bldc.o(.text) refers to dflti.o(.text) for __aeabi_i2d
    bldc.o(.text) refers to ddiv.o(.text) for __aeabi_ddiv
    bldc.o(.text) refers to dmul.o(.text) for __aeabi_dmul
    bldc.o(.text) refers to dfixi.o(.text) for __aeabi_d2iz
    bldc.o(.text) refers to bldc.o(.bss.iBldcInput) for iBldcInput
    bldc.o(.text) refers to bldc.o(.data.iFILTER_SHIFT) for iFILTER_SHIFT
    bldc.o(.text) refers to bldc.o(.bss.bldc_outputFilterPwm) for bldc_outputFilterPwm
    bldc.o(.text) refers to bldc.o(.bss.filter_reg) for filter_reg
    bldc.o(.text) refers to bldc.o(.bss.offsetcount) for offsetcount
    bldc.o(.text) refers to bldc.o(.bss.adc_buffer) for adc_buffer
    bldc.o(.text) refers to bldc.o(.data.offsetdc) for offsetdc
    bldc.o(.text) refers to bldc.o(.bss.buzzerTimer) for buzzerTimer
    bldc.o(.text) refers to bldc.o(.data.batteryVoltage) for batteryVoltage
    bldc.o(.text) refers to f2d.o(.text) for __aeabi_f2d
    bldc.o(.text) refers to ffltui.o(.text) for __aeabi_ui2f
    bldc.o(.text) refers to dadd.o(.text) for __aeabi_dadd
    bldc.o(.text) refers to d2f.o(.text) for __aeabi_d2f
    bldc.o(.text) refers to it.o(.bss.msTicks) for msTicks
    bldc.o(.text) refers to bldc.o(.bss.iBuzzTime) for iBuzzTime
    bldc.o(.text) refers to bldc.o(.bss.iBuzzCounter) for iBuzzCounter
    bldc.o(.text) refers to bldc.o(.bss.iBuzzRate) for iBuzzRate
    bldc.o(.text) refers to dcmpge.o(.text) for __aeabi_dcmpge
    bldc.o(.text) refers to bldc.o(.data.currentDC) for currentDC
    bldc.o(.text) refers to fcmpgt.o(.text) for __aeabi_fcmpgt
    bldc.o(.text) refers to it.o(.bss.timedOut) for timedOut
    bldc.o(.text) refers to bldc.o(.bss.bldc_inputFilterPwm) for bldc_inputFilterPwm
    bldc.o(.text) refers to bldc.o(.bss.iDrivingModeOverride) for iDrivingModeOverride
[...]
    ../clib/microlib/init/entry.s            0x00000000   Number         0  entry8a.o ABSOLUTE
    ../clib/microlib/init/entry.s            0x00000000   Number         0  entry8b.o ABSOLUTE
    ../clib/microlib/init/entry.s            0x00000000   Number         0  entry9a.o ABSOLUTE
    ../clib/microlib/init/entry.s            0x00000000   Number         0  entry9b.o ABSOLUTE
    ../clib/microlib/init/entry.s            0x00000000   Number         0  entry10a.o ABSOLUTE
    ../clib/microlib/init/entry.s            0x00000000   Number         0  entry10b.o ABSOLUTE
    ../clib/microlib/init/entry.s            0x00000000   Number         0  entry11a.o ABSOLUTE
    ../clib/microlib/init/entry.s            0x00000000   Number         0  entry11b.o ABSOLUTE
    ../clib/microlib/longlong.c              0x00000000   Number         0  llshl.o ABSOLUTE
    ../clib/microlib/longlong.c              0x00000000   Number         0  llushr.o ABSOLUTE
    ../clib/microlib/longlong.c              0x00000000   Number         0  llsshr.o ABSOLUTE
    ../clib/microlib/string/memcpy.c         0x00000000   Number         0  memcpya.o ABSOLUTE
    ../clib/microlib/string/memcpy.c         0x00000000   Number         0  memcpyb.o ABSOLUTE
    ../clib/microlib/string/memset.c         0x00000000   Number         0  memseta.o ABSOLUTE
    ../clib/microlib/string/strlen.c         0x00000000   Number         0  strlen.o ABSOLUTE
    ../clib/microlib/stubs.s                 0x00000000   Number         0  iusefp.o ABSOLUTE
    ../fplib/microlib/d2f.c                  0x00000000   Number         0  d2f.o ABSOLUTE
    ../fplib/microlib/f2d.c                  0x00000000   Number         0  f2d.o ABSOLUTE
    ../fplib/microlib/fpadd.c                0x00000000   Number         0  fadd.o ABSOLUTE
    ../fplib/microlib/fpadd.c                0x00000000   Number         0  dadd.o ABSOLUTE
    ../fplib/microlib/fpcmp.c                0x00000000   Number         0  fcmple.o ABSOLUTE
    ../fplib/microlib/fpcmp.c                0x00000000   Number         0  fcmplt.o ABSOLUTE
    ../fplib/microlib/fpcmp.c                0x00000000   Number         0  fcmpge.o ABSOLUTE
    ../fplib/microlib/fpcmp.c                0x00000000   Number         0  fcmpgt.o ABSOLUTE
    ../fplib/microlib/fpcmp.c                0x00000000   Number         0  dcmple.o ABSOLUTE
    ../fplib/microlib/fpcmp.c                0x00000000   Number         0  dcmpge.o ABSOLUTE
    ../fplib/microlib/fpdiv.c                0x00000000   Number         0  fdiv.o ABSOLUTE
    ../fplib/microlib/fpdiv.c                0x00000000   Number         0  ddiv.o ABSOLUTE
    ../fplib/microlib/fpepilogue.c           0x00000000   Number         0  fepilogue.o ABSOLUTE
    ../fplib/microlib/fpepilogue.c           0x00000000   Number         0  depilogue.o ABSOLUTE
    ../fplib/microlib/fpfix.c                0x00000000   Number         0  ffixi.o ABSOLUTE
    ../fplib/microlib/fpfix.c                0x00000000   Number         0  ffixl.o ABSOLUTE
    ../fplib/microlib/fpfix.c                0x00000000   Number         0  dfixi.o ABSOLUTE
    ../fplib/microlib/fpflt.c                0x00000000   Number         0  fflti.o ABSOLUTE
    ../fplib/microlib/fpflt.c                0x00000000   Number         0  ffltui.o ABSOLUTE
    ../fplib/microlib/fpflt.c                0x00000000   Number         0  dflti.o ABSOLUTE
    ../fplib/microlib/fpmul.c                0x00000000   Number         0  fmul.o ABSOLUTE
    ../fplib/microlib/fpmul.c                0x00000000   Number         0  dmul.o ABSOLUTE
    PilotHoverbike.c                         0x00000000   Number         0  pilothoverbike.o ABSOLUTE
    PilotUser.c                              0x00000000   Number         0  pilotuser.o ABSOLUTE
    RTE/Device/GD32F130C8/startup_gd32f1x0.s 0x00000000   Number         0  startup_gd32f1x0.o ABSOLUTE
    RemoteAdc.c                              0x00000000   Number         0  remoteadc.o ABSOLUTE
    RemoteAutodetect.c                       0x00000000   Number         0  remoteautodetect.o ABSOLUTE
    RemoteROS2.c                             0x00000000   Number         0  remoteros2.o ABSOLUTE
    SEGGER_RTT.c                             0x00000000   Number         0  segger_rtt.o ABSOLUTE
    bldc.c                                   0x00000000   Number         0  bldc.o ABSOLUTE
    bldcBC.c                                 0x00000000   Number         0  bldcbc.o ABSOLUTE
    bldcSINE.c                               0x00000000   Number         0  bldcsine.o ABSOLUTE
    bmi160.c                                 0x00000000   Number         0  bmi160.o ABSOLUTE
    comms.c                                  0x00000000   Number         0  comms.o ABSOLUTE
    commsMasterSlave.c                       0x00000000   Number         0  commsmasterslave.o ABSOLUTE
    dc.s                                     0x00000000   Number         0  dc.o ABSOLUTE
    driver.c                                 0x00000000   Number         0  driver.o ABSOLUTE
    gd32f1x0_adc.c                           0x00000000   Number         0  gd32f1x0_adc.o ABSOLUTE
    gd32f1x0_dbg.c                           0x00000000   Number         0  gd32f1x0_dbg.o ABSOLUTE
    gd32f1x0_dma.c                           0x00000000   Number         0  gd32f1x0_dma.o ABSOLUTE
    gd32f1x0_exti.c                          0x00000000   Number         0  gd32f1x0_exti.o ABSOLUTE
    gd32f1x0_fmc.c                           0x00000000   Number         0  gd32f1x0_fmc.o ABSOLUTE
    gd32f1x0_fwdgt.c                         0x00000000   Number         0  gd32f1x0_fwdgt.o ABSOLUTE
    gd32f1x0_gpio.c                          0x00000000   Number         0  gd32f1x0_gpio.o ABSOLUTE
    gd32f1x0_i2c.c                           0x00000000   Number         0  gd32f1x0_i2c.o ABSOLUTE
    gd32f1x0_misc.c                          0x00000000   Number         0  gd32f1x0_misc.o ABSOLUTE
    gd32f1x0_opa.c                           0x00000000   Number         0  gd32f1x0_opa.o ABSOLUTE
    gd32f1x0_pmu.c                           0x00000000   Number         0  gd32f1x0_pmu.o ABSOLUTE
    gd32f1x0_rcu.c                           0x00000000   Number         0  gd32f1x0_rcu.o ABSOLUTE
    gd32f1x0_syscfg.c                        0x00000000   Number         0  gd32f1x0_syscfg.o ABSOLUTE
    gd32f1x0_timer.c                         0x00000000   Number         0  gd32f1x0_timer.o ABSOLUTE
    gd32f1x0_usart.c                         0x00000000   Number         0  gd32f1x0_usart.o ABSOLUTE
    gd32f1x0_wwdgt.c                         0x00000000   Number         0  gd32f1x0_wwdgt.o ABSOLUTE
    handlers.s                               0x00000000   Number         0  handlers.o ABSOLUTE
    i2c.c                                    0x00000000   Number         0  i2c.o ABSOLUTE
    imuMPU6050.c                             0x00000000   Number         0  imumpu6050.o ABSOLUTE
    init.s                                   0x00000000   Number         0  init.o ABSOLUTE
    it.c                                     0x00000000   Number         0  it.o ABSOLUTE
    led.c                                    0x00000000   Number         0  led.o ABSOLUTE
    main.c                                   0x00000000   Number         0  main.o ABSOLUTE
    mpu6050.c                                0x00000000   Number         0  mpu6050.o ABSOLUTE
    remoteCrsf.c                             0x00000000   Number         0  remotecrsf.o ABSOLUTE
    remoteDummy.c                            0x00000000   Number         0  remotedummy.o ABSOLUTE
    remoteOptimizePID.c                      0x00000000   Number         0  remoteoptimizepid.o ABSOLUTE
    remoteUart.c                             0x00000000   Number         0  remoteuart.o ABSOLUTE
    remoteUartBus.c                          0x00000000   Number         0  remoteuartbus.o ABSOLUTE
    setup.c                                  0x00000000   Number         0  setup.o ABSOLUTE
    system_gd32f1x0.c                        0x00000000   Number         0  system_gd32f1x0.o ABSOLUTE
    RESET                                    0x08000000   Section      360  startup_gd32f1x0.o(RESET)
    .ARM.Collect$$$$00000000                 0x08000168   Section        0  entry.o(.ARM.Collect$$$$00000000)
    .ARM.Collect$$$$00000001                 0x08000168   Section        4  entry2.o(.ARM.Collect$$$$00000001)
    .ARM.Collect$$$$00000004                 0x0800016c   Section        4  entry5.o(.ARM.Collect$$$$00000004)
    .ARM.Collect$$$$00000008                 0x08000170   Section        0  entry7b.o(.ARM.Collect$$$$00000008)
    .ARM.Collect$$$$0000000A                 0x08000170   Section        0  entry8b.o(.ARM.Collect$$$$0000000A)
    .ARM.Collect$$$$0000000B                 0x08000170   Section        8  entry9a.o(.ARM.Collect$$$$0000000B)
    __lit__00000000                          0x08000178   Data           4  entry2.o(.ARM.Collect$$$$00002712)
    .ARM.Collect$$$$0000000D                 0x08000178   Section        0  entry10a.o(.ARM.Collect$$$$0000000D)
    .ARM.Collect$$$$0000000F                 0x08000178   Section        0  entry11a.o(.ARM.Collect$$$$0000000F)
    .ARM.Collect$$$$00002712                 0x08000178   Section        4  entry2.o(.ARM.Collect$$$$00002712)
    [Anonymous Symbol]                       0x0800017c   Section        0  main.o(.text)
    SysTick_Config                           0x080009e1   Thumb Code    82  main.o(.text)
    __NVIC_SetPriority                       0x08000cfd   Thumb Code    66  main.o(.text)
    [Anonymous Symbol]                       0x08000d40   Section        0  bldc.o(.text)
    [Anonymous Symbol]                       0x080018f4   Section        0  driver.o(.text)
    [Anonymous Symbol]                       0x08001d7c   Section        0  bldcbc.o(.text)
    [Anonymous Symbol]                       0x08001e40   Section        0  setup.o(.text)
    get_flash_size                           0x080026ed   Thumb Code    14  setup.o(.text)
    get_page_size                            0x080026fd   Thumb Code    24  setup.o(.text)
    [Anonymous Symbol]                       0x080027f0   Section        0  it.o(.text)
    [Anonymous Symbol]                       0x08002a34   Section        0  comms.o(.text)
    [Anonymous Symbol]                       0x08002b08   Section        0  remoteuartbus.o(.text)
    [Anonymous Symbol]                       0x08002e40   Section        0  gd32f1x0_adc.o(.text)
    [Anonymous Symbol]                       0x080038b4   Section        0  gd32f1x0_dma.o(.text)
    [Anonymous Symbol]                       0x08003fb8   Section        0  gd32f1x0_fmc.o(.text)
    fmc_ready_wait                           0x080040b1   Thumb Code    92  gd32f1x0_fmc.o(.text)
    fmc_state_get                            0x080048d5   Thumb Code    96  gd32f1x0_fmc.o(.text)
    [Anonymous Symbol]                       0x08004934   Section        0  gd32f1x0_fwdgt.o(.text)
    [Anonymous Symbol]                       0x08004b20   Section        0  gd32f1x0_gpio.o(.text)
    [Anonymous Symbol]                       0x08004ee4   Section        0  gd32f1x0_misc.o(.text)
    [Anonymous Symbol]                       0x080050d0   Section        0  gd32f1x0_rcu.o(.text)
    [Anonymous Symbol]                       0x08005d54   Section        0  gd32f1x0_timer.o(.text)
    [Anonymous Symbol]                       0x080073d8   Section        0  gd32f1x0_usart.o(.text)
    .text                                    0x08007e14   Section       36  startup_gd32f1x0.o(.text)
    [Anonymous Symbol]                       0x08007e38   Section        0  system_gd32f1x0.o(.text)
    system_clock_config                      0x08007ee5   Thumb Code     8  system_gd32f1x0.o(.text)
    system_clock_72m_irc8m                   0x08008039   Thumb Code   138  system_gd32f1x0.o(.text)
    .text                                    0x080080c2   Section        0  fadd.o(.text)
    .text                                    0x08008172   Section        0  fmul.o(.text)
    .text                                    0x080081d6   Section        0  fdiv.o(.text)
    .text                                    0x08008252   Section        0  dadd.o(.text)
    .text                                    0x080083a0   Section        0  dmul.o(.text)
    .text                                    0x08008484   Section        0  ddiv.o(.text)
    .text                                    0x08008562   Section        0  fcmple.o(.text)
    .text                                    0x0800857e   Section        0  fcmplt.o(.text)
    .text                                    0x0800859a   Section        0  fcmpge.o(.text)
    .text                                    0x080085b6   Section        0  fcmpgt.o(.text)
    .text                                    0x080085d2   Section        0  dcmple.o(.text)
    .text                                    0x08008608   Section        0  dcmpge.o(.text)
    .text                                    0x0800863e   Section        0  fflti.o(.text)
    .text                                    0x08008650   Section        0  ffltui.o(.text)
    .text                                    0x0800865a   Section        0  dflti.o(.text)
    .text                                    0x0800867c   Section        0  ffixi.o(.text)
    .text                                    0x080086ae   Section        0  ffixl.o(.text)
    .text                                    0x080086f0   Section        0  dfixi.o(.text)
    .text                                    0x0800872e   Section        0  f2d.o(.text)
    .text                                    0x08008754   Section        0  d2f.o(.text)
    .text                                    0x0800878c   Section        0  llshl.o(.text)
    .text                                    0x080087aa   Section        0  llushr.o(.text)
    .text                                    0x080087ca   Section        0  llsshr.o(.text)
    .text                                    0x080087ee   Section        0  iusefp.o(.text)
    .text                                    0x080087ee   Section        0  fepilogue.o(.text)
    .text                                    0x0800885c   Section        0  depilogue.o(.text)
    .text                                    0x08008918   Section       48  init.o(.text)
    i.__scatterload_copy                     0x08008948   Section       14  handlers.o(i.__scatterload_copy)
    i.__scatterload_null                     0x08008956   Section        2  handlers.o(i.__scatterload_null)
    i.__scatterload_zeroinit                 0x08008958   Section       14  handlers.o(i.__scatterload_zeroinit)
    TIMER0_BRK_UP_TRG_COM_IRQHandler.interrupt_toggle 0x20000078   Data           1  it.o(.bss.TIMER0_BRK_UP_TRG_COM_IRQHandler.interrupt_toggle)
    [Anonymous Symbol]                       0x20000078   Section        0  it.o(.bss.TIMER0_BRK_UP_TRG_COM_IRQHandler.interrupt_toggle)
    aReceiveBuffer                           0x20000079   Data         255  remoteuartbus.o(.bss.aReceiveBuffer)
    [Anonymous Symbol]                       0x20000079   Section        0  remoteuartbus.o(.bss.aReceiveBuffer)
    iReceivePos                              0x2000023c   Data           2  remoteuartbus.o(.bss.iReceivePos)
    [Anonymous Symbol]                       0x2000023c   Section        0  remoteuartbus.o(.bss.iReceivePos)
    STACK                                    0x20000358   Section     1024  startup_gd32f1x0.o(STACK)

    Global Symbols

    Symbol Name                              Value     Ov Type        Size  Object(Section)

    BuildAttributes$$THM_ISAv4$P$D$K$B$S$PE$A:L22UL41UL21$X:L11$S22US41US21$IEEE1$IW$~IW$USESV6$~STKCKD$USESV7$~SHL$OTIME$ROPI$EBA8$MICROLIB$REQ8$PRES8$EABIv2 0x00000000   Number         0  anon$$obj.o ABSOLUTE
    __cpp_initialize__aeabi_                  - Undefined Weak Reference
    __cxa_finalize                            - Undefined Weak Reference
    __decompress                              - Undefined Weak Reference
    _clock_init                               - Undefined Weak Reference
    _microlib_exit                            - Undefined Weak Reference
    __Vectors_Size                           0x00000168   Number         0  startup_gd32f1x0.o ABSOLUTE
    __Vectors                                0x08000000   Data           4  startup_gd32f1x0.o(RESET)
    __Vectors_End                            0x08000168   Data           0  startup_gd32f1x0.o(RESET)
    __main                                   0x08000169   Thumb Code     0  entry.o(.ARM.Collect$$$$00000000)
    _main_stk                                0x08000169   Thumb Code     0  entry2.o(.ARM.Collect$$$$00000001)
    _main_scatterload                        0x0800016d   Thumb Code     0  entry5.o(.ARM.Collect$$$$00000004)
    __main_after_scatterload                 0x08000171   Thumb Code     0  entry5.o(.ARM.Collect$$$$00000004)
    _main_clock                              0x08000171   Thumb Code     0  entry7b.o(.ARM.Collect$$$$00000008)
    _main_cpp_init                           0x08000171   Thumb Code     0  entry8b.o(.ARM.Collect$$$$0000000A)
    _main_init                               0x08000171   Thumb Code     0  entry9a.o(.ARM.Collect$$$$0000000B)
    __rt_final_cpp                           0x08000179   Thumb Code     0  entry10a.o(.ARM.Collect$$$$0000000D)
    __rt_final_exit                          0x08000179   Thumb Code     0  entry11a.o(.ARM.Collect$$$$0000000F)
    main                                     0x0800017d   Thumb Code  2148  main.o(.text)
    ShutOff                                  0x08000a35   Thumb Code   260  main.o(.text)
    ShowBatteryState                         0x08000b39   Thumb Code   450  main.o(.text)
    modulo                                   0x08000d41   Thumb Code    42  bldc.o(.text)
    up_or_down                               0x08000d6d   Thumb Code    64  bldc.o(.text)
    SetEnable                                0x08000dad   Thumb Code    24  bldc.o(.text)
    SetBldcInput                             0x08000dc5   Thumb Code   356  bldc.o(.text)
    SetFilter                                0x08000f29   Thumb Code    70  bldc.o(.text)
    CalculateBLDC                            0x08000f71   Thumb Code  2434  bldc.o(.text)
    PID_Init                                 0x080018f5   Thumb Code   164  driver.o(.text)
    PID_Update                               0x08001999   Thumb Code   610  driver.o(.text)
    DriverInit                               0x08001bfd   Thumb Code   234  driver.o(.text)
    Driver                                   0x08001ce9   Thumb Code   146  driver.o(.text)
    bldc_get_pwm                             0x08001d7d   Thumb Code   190  bldcbc.o(.text)
    InitBldc                                 0x08001e3d   Thumb Code     2  bldcbc.o(.text)
    pinMode                                  0x08001e41   Thumb Code    62  setup.o(.text)
    pinModePull                              0x08001e81   Thumb Code    62  setup.o(.text)
    Interrupt_init                           0x08001ec1   Thumb Code    12  setup.o(.text)
    Watchdog_init                            0x08001ecd   Thumb Code    80  setup.o(.text)
    TimeoutTimer_init                        0x08001f1d   Thumb Code   122  setup.o(.text)
    GPIO_init                                0x08001f99   Thumb Code   494  setup.o(.text)
    PWM_init                                 0x08002189   Thumb Code   414  setup.o(.text)
    ADC_init                                 0x08002329   Thumb Code   248  setup.o(.text)
    USART0_Init                              0x08002421   Thumb Code     8  setup.o(.text)
    USART1_Init                              0x08002429   Thumb Code   298  setup.o(.text)
    USART2_Init                              0x08002555   Thumb Code     8  setup.o(.text)
    flashErase                               0x0800255d   Thumb Code    30  setup.o(.text)
    flashRead                                0x0800257d   Thumb Code    12  setup.o(.text)
    flashWrite                               0x08002589   Thumb Code    56  setup.o(.text)
    flashWriteBuffer                         0x080025c1   Thumb Code    76  setup.o(.text)
    flashReadBuffer                          0x0800260d   Thumb Code    72  setup.o(.text)
    ConfigReset                              0x08002655   Thumb Code    96  setup.o(.text)
    ConfigWrite                              0x080026b5   Thumb Code    56  setup.o(.text)
    ConfigRead                               0x08002715   Thumb Code    94  setup.o(.text)
    Clock_init                               0x08002775   Thumb Code    62  setup.o(.text)
    Clock_test                               0x080027b5   Thumb Code    60  setup.o(.text)
    SysTick_Handler                          0x080027f1   Thumb Code    16  it.o(.text)
    ResetTimeout                             0x08002801   Thumb Code    14  it.o(.text)
    TIMER13_IRQHandler                       0x08002811   Thumb Code   106  it.o(.text)
    TIMER0_BRK_UP_TRG_COM_IRQHandler         0x0800287d   Thumb Code   162  it.o(.text)
    DMA_Channel0_IRQHandler                  0x08002921   Thumb Code   122  it.o(.text)
    DMA_Channel3_4_IRQHandler                0x0800299d   Thumb Code    58  it.o(.text)
    millis                                   0x080029d9   Thumb Code    12  it.o(.text)
    Delay                                    0x080029e5   Thumb Code    48  it.o(.text)
    NMI_Handler                              0x08002a15   Thumb Code     2  it.o(.text)
    HardFault_Handler                        0x08002a19   Thumb Code     4  it.o(.text)
    MemManage_Handler                        0x08002a1d   Thumb Code     4  it.o(.text)
    BusFault_Handler                         0x08002a21   Thumb Code     4  it.o(.text)
    UsageFault_Handler                       0x08002a25   Thumb Code     4  it.o(.text)
    SVC_Handler                              0x08002a29   Thumb Code     2  it.o(.text)
    DebugMon_Handler                         0x08002a2d   Thumb Code     2  it.o(.text)
    PendSV_Handler                           0x08002a31   Thumb Code     2  it.o(.text)
    SendBuffer                               0x08002a35   Thumb Code    84  comms.o(.text)
    CalcCRC                                  0x08002a89   Thumb Code   126  comms.o(.text)
    RemoteUpdate                             0x08002b09   Thumb Code    42  remoteuartbus.o(.text)
    AnswerMaster                             0x08002b35   Thumb Code   178  remoteuartbus.o(.text)
    RemoteCallback                           0x08002be9   Thumb Code   598  remoteuartbus.o(.text)
    adc_deinit                               0x08002e41   Thumb Code    24  gd32f1x0_adc.o(.text)
    adc_enable                               0x08002e59   Thumb Code    36  gd32f1x0_adc.o(.text)
    adc_disable                              0x08002e7d   Thumb Code    18  gd32f1x0_adc.o(.text)
    adc_calibration_enable                   0x08002e91   Thumb Code    78  gd32f1x0_adc.o(.text)
    adc_dma_mode_enable                      0x08002ee1   Thumb Code    18  gd32f1x0_adc.o(.text)
    adc_dma_mode_disable                     0x08002ef5   Thumb Code    18  gd32f1x0_adc.o(.text)
    adc_tempsensor_vrefint_enable            0x08002f09   Thumb Code    18  gd32f1x0_adc.o(.text)
    adc_tempsensor_vrefint_disable           0x08002f1d   Thumb Code    18  gd32f1x0_adc.o(.text)
    adc_vbat_enable                          0x08002f31   Thumb Code    18  gd32f1x0_adc.o(.text)
    adc_vbat_disable                         0x08002f45   Thumb Code    18  gd32f1x0_adc.o(.text)
    adc_discontinuous_mode_config            0x08002f59   Thumb Code   132  gd32f1x0_adc.o(.text)
    adc_special_function_config              0x08002fdd   Thumb Code   200  gd32f1x0_adc.o(.text)
    adc_data_alignment_config                0x080030a5   Thumb Code    50  gd32f1x0_adc.o(.text)
    adc_channel_length_config                0x080030d9   Thumb Code   116  gd32f1x0_adc.o(.text)
    adc_regular_channel_config               0x0800314d   Thumb Code   408  gd32f1x0_adc.o(.text)
    adc_inserted_channel_config              0x080032e5   Thumb Code   250  gd32f1x0_adc.o(.text)
    adc_inserted_channel_offset_config       0x080033e1   Thumb Code    86  gd32f1x0_adc.o(.text)
    adc_external_trigger_config              0x08003439   Thumb Code   142  gd32f1x0_adc.o(.text)
    adc_external_trigger_source_config       0x080034c9   Thumb Code    88  gd32f1x0_adc.o(.text)
    adc_software_trigger_enable              0x08003521   Thumb Code    68  gd32f1x0_adc.o(.text)
    adc_regular_data_read                    0x08003565   Thumb Code    14  gd32f1x0_adc.o(.text)
    adc_inserted_data_read                   0x08003575   Thumb Code    98  gd32f1x0_adc.o(.text)
    adc_flag_get                             0x080035d9   Thumb Code    44  gd32f1x0_adc.o(.text)
    adc_flag_clear                           0x08003605   Thumb Code    24  gd32f1x0_adc.o(.text)
    adc_interrupt_flag_get                   0x0800361d   Thumb Code   196  gd32f1x0_adc.o(.text)
    adc_interrupt_flag_clear                 0x080036e1   Thumb Code    24  gd32f1x0_adc.o(.text)
    adc_interrupt_enable                     0x080036f9   Thumb Code    96  gd32f1x0_adc.o(.text)
    adc_interrupt_disable                    0x08003759   Thumb Code    96  gd32f1x0_adc.o(.text)
    adc_watchdog_single_channel_enable       0x080037b9   Thumb Code    56  gd32f1x0_adc.o(.text)
    adc_watchdog_group_channel_enable        0x080037f1   Thumb Code   118  gd32f1x0_adc.o(.text)
    adc_watchdog_disable                     0x08003869   Thumb Code    24  gd32f1x0_adc.o(.text)
    adc_watchdog_threshold_config            0x08003881   Thumb Code    50  gd32f1x0_adc.o(.text)
    dma_deinit                               0x080038b5   Thumb Code   128  gd32f1x0_dma.o(.text)
    dma_struct_para_init                     0x08003935   Thumb Code    48  gd32f1x0_dma.o(.text)
    dma_init                                 0x08003965   Thumb Code   330  gd32f1x0_dma.o(.text)
    dma_circulation_enable                   0x08003ab1   Thumb Code    36  gd32f1x0_dma.o(.text)
    dma_circulation_disable                  0x08003ad5   Thumb Code    36  gd32f1x0_dma.o(.text)
    dma_memory_to_memory_enable              0x08003af9   Thumb Code    36  gd32f1x0_dma.o(.text)
    dma_memory_to_memory_disable             0x08003b1d   Thumb Code    36  gd32f1x0_dma.o(.text)
    dma_channel_enable                       0x08003b41   Thumb Code    36  gd32f1x0_dma.o(.text)
    dma_channel_disable                      0x08003b65   Thumb Code    36  gd32f1x0_dma.o(.text)
    dma_periph_address_config                0x08003b89   Thumb Code    32  gd32f1x0_dma.o(.text)
    dma_memory_address_config                0x08003ba9   Thumb Code    32  gd32f1x0_dma.o(.text)
    dma_transfer_number_config               0x08003bc9   Thumb Code    32  gd32f1x0_dma.o(.text)
    dma_transfer_number_get                  0x08003be9   Thumb Code    28  gd32f1x0_dma.o(.text)
    dma_priority_config                      0x08003c05   Thumb Code    62  gd32f1x0_dma.o(.text)
    dma_memory_width_config                  0x08003c45   Thumb Code    62  gd32f1x0_dma.o(.text)
    dma_periph_width_config                  0x08003c85   Thumb Code    62  gd32f1x0_dma.o(.text)
    dma_memory_increase_enable               0x08003cc5   Thumb Code    36  gd32f1x0_dma.o(.text)
    dma_memory_increase_disable              0x08003ce9   Thumb Code    36  gd32f1x0_dma.o(.text)
    dma_periph_increase_enable               0x08003d0d   Thumb Code    36  gd32f1x0_dma.o(.text)
    dma_periph_increase_disable              0x08003d31   Thumb Code    36  gd32f1x0_dma.o(.text)
    dma_transfer_direction_config            0x08003d55   Thumb Code    74  gd32f1x0_dma.o(.text)
    dma_interrupt_flag_get                   0x08003da1   Thumb Code   326  gd32f1x0_dma.o(.text)
    dma_interrupt_flag_clear                 0x08003ee9   Thumb Code    36  gd32f1x0_dma.o(.text)
    dma_interrupt_enable                     0x08003f0d   Thumb Code    38  gd32f1x0_dma.o(.text)
    dma_interrupt_disable                    0x08003f35   Thumb Code    38  gd32f1x0_dma.o(.text)
    dma_flag_get                             0x08003f5d   Thumb Code    56  gd32f1x0_dma.o(.text)
    dma_flag_clear                           0x08003f95   Thumb Code    36  gd32f1x0_dma.o(.text)
    fmc_unlock                               0x08003fb9   Thumb Code    50  gd32f1x0_fmc.o(.text)
    fmc_lock                                 0x08003fed   Thumb Code    18  gd32f1x0_fmc.o(.text)
    fmc_wscnt_set                            0x08004001   Thumb Code    40  gd32f1x0_fmc.o(.text)
    fmc_wait_state_enable                    0x08004029   Thumb Code    18  gd32f1x0_fmc.o(.text)
    fmc_wait_state_disable                   0x0800403d   Thumb Code    18  gd32f1x0_fmc.o(.text)
    fmc_page_erase                           0x08004051   Thumb Code    96  gd32f1x0_fmc.o(.text)
    fmc_mass_erase                           0x0800410d   Thumb Code    82  gd32f1x0_fmc.o(.text)
    fmc_word_program                         0x08004161   Thumb Code    84  gd32f1x0_fmc.o(.text)
    fmc_halfword_program                     0x080041b5   Thumb Code    88  gd32f1x0_fmc.o(.text)
    ob_unlock                                0x0800420d   Thumb Code    50  gd32f1x0_fmc.o(.text)
    ob_lock                                  0x08004241   Thumb Code    18  gd32f1x0_fmc.o(.text)
    ob_reset                                 0x08004255   Thumb Code    18  gd32f1x0_fmc.o(.text)
    ob_erase                                 0x08004269   Thumb Code   226  gd32f1x0_fmc.o(.text)
    ob_obstat_plevel_get                     0x0800434d   Thumb Code    16  gd32f1x0_fmc.o(.text)
    ob_write_protection_enable               0x0800435d   Thumb Code   298  gd32f1x0_fmc.o(.text)
    ob_security_protection_config            0x08004489   Thumb Code   282  gd32f1x0_fmc.o(.text)
    ob_user_write                            0x080045a5   Thumb Code   286  gd32f1x0_fmc.o(.text)
    ob_data_program                          0x080046c5   Thumb Code   294  gd32f1x0_fmc.o(.text)
    ob_user_get                              0x080047ed   Thumb Code    16  gd32f1x0_fmc.o(.text)
    ob_data_get                              0x080047fd   Thumb Code    14  gd32f1x0_fmc.o(.text)
    ob_write_protection_get                  0x0800480d   Thumb Code    14  gd32f1x0_fmc.o(.text)
    fmc_interrupt_enable                     0x0800481d   Thumb Code    24  gd32f1x0_fmc.o(.text)
    fmc_interrupt_disable                    0x08004835   Thumb Code    24  gd32f1x0_fmc.o(.text)
    fmc_flag_get                             0x0800484d   Thumb Code    44  gd32f1x0_fmc.o(.text)
    fmc_flag_clear                           0x08004879   Thumb Code    24  gd32f1x0_fmc.o(.text)
    fmc_interrupt_flag_get                   0x08004891   Thumb Code    44  gd32f1x0_fmc.o(.text)
    fmc_interrupt_flag_clear                 0x080048bd   Thumb Code    24  gd32f1x0_fmc.o(.text)
    fwdgt_write_disable                      0x08004935   Thumb Code    14  gd32f1x0_fwdgt.o(.text)
    fwdgt_counter_reload                     0x08004945   Thumb Code    16  gd32f1x0_fwdgt.o(.text)
    fwdgt_enable                             0x08004955   Thumb Code    16  gd32f1x0_fwdgt.o(.text)
    fwdgt_window_value_config                0x08004965   Thumb Code   138  gd32f1x0_fwdgt.o(.text)
    fwdgt_config                             0x080049f1   Thumb Code   250  gd32f1x0_fwdgt.o(.text)
    fwdgt_flag_get                           0x08004aed   Thumb Code    50  gd32f1x0_fwdgt.o(.text)
    gpio_deinit                              0x08004b21   Thumb Code   178  gd32f1x0_gpio.o(.text)
    gpio_mode_set                            0x08004bd5   Thumb Code   156  gd32f1x0_gpio.o(.text)
    gpio_output_options_set                  0x08004c71   Thumb Code   146  gd32f1x0_gpio.o(.text)
    gpio_bit_set                             0x08004d05   Thumb Code    16  gd32f1x0_gpio.o(.text)
    gpio_bit_reset                           0x08004d15   Thumb Code    16  gd32f1x0_gpio.o(.text)
    gpio_bit_write                           0x08004d25   Thumb Code    38  gd32f1x0_gpio.o(.text)
    gpio_port_write                          0x08004d4d   Thumb Code    20  gd32f1x0_gpio.o(.text)
    gpio_input_bit_get                       0x08004d61   Thumb Code    42  gd32f1x0_gpio.o(.text)
    gpio_input_port_get                      0x08004d8d   Thumb Code    14  gd32f1x0_gpio.o(.text)
    gpio_output_bit_get                      0x08004d9d   Thumb Code    42  gd32f1x0_gpio.o(.text)
    gpio_output_port_get                     0x08004dc9   Thumb Code    14  gd32f1x0_gpio.o(.text)
    gpio_af_set                              0x08004dd9   Thumb Code   212  gd32f1x0_gpio.o(.text)
    gpio_pin_lock                            0x08004ead   Thumb Code    54  gd32f1x0_gpio.o(.text)
    nvic_priority_group_set                  0x08004ee5   Thumb Code    28  gd32f1x0_misc.o(.text)
    nvic_irq_enable                          0x08004f01   Thumb Code   280  gd32f1x0_misc.o(.text)
    nvic_irq_disable                         0x08005019   Thumb Code    38  gd32f1x0_misc.o(.text)
    nvic_vector_table_set                    0x08005041   Thumb Code    36  gd32f1x0_misc.o(.text)
    system_lowpower_set                      0x08005065   Thumb Code    28  gd32f1x0_misc.o(.text)
    system_lowpower_reset                    0x08005081   Thumb Code    28  gd32f1x0_misc.o(.text)
    systick_clksource_set                    0x0800509d   Thumb Code    52  gd32f1x0_misc.o(.text)
    rcu_deinit                               0x080050d1   Thumb Code   166  gd32f1x0_rcu.o(.text)
    rcu_periph_clock_enable                  0x08005179   Thumb Code    40  gd32f1x0_rcu.o(.text)
    rcu_periph_clock_disable                 0x080051a1   Thumb Code    40  gd32f1x0_rcu.o(.text)
    rcu_periph_clock_sleep_enable            0x080051c9   Thumb Code    40  gd32f1x0_rcu.o(.text)
    rcu_periph_clock_sleep_disable           0x080051f1   Thumb Code    40  gd32f1x0_rcu.o(.text)
    rcu_periph_reset_enable                  0x08005219   Thumb Code    40  gd32f1x0_rcu.o(.text)
    rcu_periph_reset_disable                 0x08005241   Thumb Code    40  gd32f1x0_rcu.o(.text)
    rcu_bkp_reset_enable                     0x08005269   Thumb Code    18  gd32f1x0_rcu.o(.text)
    rcu_bkp_reset_disable                    0x0800527d   Thumb Code    18  gd32f1x0_rcu.o(.text)
    rcu_system_clock_source_config           0x08005291   Thumb Code    40  gd32f1x0_rcu.o(.text)
    rcu_system_clock_source_get              0x080052b9   Thumb Code    16  gd32f1x0_rcu.o(.text)
    rcu_ahb_clock_config                     0x080052c9   Thumb Code    40  gd32f1x0_rcu.o(.text)
    rcu_apb1_clock_config                    0x080052f1   Thumb Code    40  gd32f1x0_rcu.o(.text)
    rcu_apb2_clock_config                    0x08005319   Thumb Code    40  gd32f1x0_rcu.o(.text)
    rcu_adc_clock_config                     0x08005341   Thumb Code   218  gd32f1x0_rcu.o(.text)
    rcu_usbd_clock_config                    0x0800541d   Thumb Code    32  gd32f1x0_rcu.o(.text)
    rcu_ckout_config                         0x0800543d   Thumb Code    46  gd32f1x0_rcu.o(.text)
    rcu_pll_config                           0x0800546d   Thumb Code    44  gd32f1x0_rcu.o(.text)
    rcu_usart_clock_config                   0x08005499   Thumb Code    32  gd32f1x0_rcu.o(.text)
    rcu_cec_clock_config                     0x080054b9   Thumb Code    32  gd32f1x0_rcu.o(.text)
    rcu_rtc_clock_config                     0x080054d9   Thumb Code    32  gd32f1x0_rcu.o(.text)
    rcu_hxtal_prediv_config                  0x080054f9   Thumb Code    40  gd32f1x0_rcu.o(.text)
    rcu_lxtal_drive_capability_config        0x08005521   Thumb Code    32  gd32f1x0_rcu.o(.text)
    rcu_flag_get                             0x08005541   Thumb Code    62  gd32f1x0_rcu.o(.text)
    rcu_all_reset_flag_clear                 0x08005581   Thumb Code    18  gd32f1x0_rcu.o(.text)
    rcu_interrupt_flag_get                   0x08005595   Thumb Code    50  gd32f1x0_rcu.o(.text)
    rcu_interrupt_flag_clear                 0x080055c9   Thumb Code    24  gd32f1x0_rcu.o(.text)
    rcu_interrupt_enable                     0x080055e1   Thumb Code    28  gd32f1x0_rcu.o(.text)
    rcu_interrupt_disable                    0x080055fd   Thumb Code    28  gd32f1x0_rcu.o(.text)
    rcu_osci_stab_wait                       0x08005619   Thumb Code   570  gd32f1x0_rcu.o(.text)
    rcu_osci_on                              0x08005855   Thumb Code    40  gd32f1x0_rcu.o(.text)
    rcu_osci_off                             0x0800587d   Thumb Code    40  gd32f1x0_rcu.o(.text)
    rcu_osci_bypass_mode_enable              0x080058a5   Thumb Code   132  gd32f1x0_rcu.o(.text)
    rcu_osci_bypass_mode_disable             0x08005929   Thumb Code   132  gd32f1x0_rcu.o(.text)
    rcu_hxtal_clock_monitor_enable           0x080059ad   Thumb Code    18  gd32f1x0_rcu.o(.text)
    rcu_hxtal_clock_monitor_disable          0x080059c1   Thumb Code    18  gd32f1x0_rcu.o(.text)
    rcu_irc8m_adjust_value_set               0x080059d5   Thumb Code    46  gd32f1x0_rcu.o(.text)
    rcu_irc14m_adjust_value_set              0x08005a05   Thumb Code    46  gd32f1x0_rcu.o(.text)
    rcu_voltage_key_unlock                   0x08005a35   Thumb Code    30  gd32f1x0_rcu.o(.text)
    rcu_deepsleep_voltage_set                0x08005a55   Thumb Code    32  gd32f1x0_rcu.o(.text)
    rcu_power_down_voltage_set               0x08005a75   Thumb Code    32  gd32f1x0_rcu.o(.text)
    rcu_clock_freq_get                       0x08005a95   Thumb Code   704  gd32f1x0_rcu.o(.text)
    timer_deinit                             0x08005d55   Thumb Code   280  gd32f1x0_timer.o(.text)
    timer_struct_para_init                   0x08005e6d   Thumb Code    38  gd32f1x0_timer.o(.text)
    timer_init                               0x08005e95   Thumb Code   318  gd32f1x0_timer.o(.text)
    timer_enable                             0x08005fd5   Thumb Code    18  gd32f1x0_timer.o(.text)
    timer_disable                            0x08005fe9   Thumb Code    18  gd32f1x0_timer.o(.text)
    timer_auto_reload_shadow_enable          0x08005ffd   Thumb Code    18  gd32f1x0_timer.o(.text)
    timer_auto_reload_shadow_disable         0x08006011   Thumb Code    18  gd32f1x0_timer.o(.text)
    timer_update_event_enable                0x08006025   Thumb Code    18  gd32f1x0_timer.o(.text)
    timer_update_event_disable               0x08006039   Thumb Code    18  gd32f1x0_timer.o(.text)
    timer_counter_alignment                  0x0800604d   Thumb Code    34  gd32f1x0_timer.o(.text)
    timer_counter_up_direction               0x08006071   Thumb Code    18  gd32f1x0_timer.o(.text)
    timer_counter_down_direction             0x08006085   Thumb Code    18  gd32f1x0_timer.o(.text)
    timer_prescaler_config                   0x08006099   Thumb Code    44  gd32f1x0_timer.o(.text)
    timer_repetition_value_config            0x080060c5   Thumb Code    20  gd32f1x0_timer.o(.text)
    timer_autoreload_value_config            0x080060d9   Thumb Code    16  gd32f1x0_timer.o(.text)
    timer_counter_value_config               0x080060e9   Thumb Code    16  gd32f1x0_timer.o(.text)
    timer_counter_read                       0x080060f9   Thumb Code    20  gd32f1x0_timer.o(.text)
    timer_prescaler_read                     0x0800610d   Thumb Code    26  gd32f1x0_timer.o(.text)
    timer_single_pulse_mode_config           0x08006129   Thumb Code    58  gd32f1x0_timer.o(.text)
    timer_update_source_config               0x08006165   Thumb Code    58  gd32f1x0_timer.o(.text)
    timer_ocpre_clear_source_config          0x080061a1   Thumb Code    58  gd32f1x0_timer.o(.text)
    timer_interrupt_enable                   0x080061dd   Thumb Code    20  gd32f1x0_timer.o(.text)
    timer_interrupt_disable                  0x080061f1   Thumb Code    20  gd32f1x0_timer.o(.text)
    timer_interrupt_flag_get                 0x08006205   Thumb Code    58  gd32f1x0_timer.o(.text)
    timer_interrupt_flag_clear               0x08006241   Thumb Code    18  gd32f1x0_timer.o(.text)
    timer_flag_get                           0x08006255   Thumb Code    42  gd32f1x0_timer.o(.text)
    timer_flag_clear                         0x08006281   Thumb Code    18  gd32f1x0_timer.o(.text)
    timer_dma_enable                         0x08006295   Thumb Code    24  gd32f1x0_timer.o(.text)
    timer_dma_disable                        0x080062ad   Thumb Code    24  gd32f1x0_timer.o(.text)
    timer_channel_dma_request_source_select  0x080062c5   Thumb Code    58  gd32f1x0_timer.o(.text)
    timer_dma_transfer_config                0x08006301   Thumb Code    40  gd32f1x0_timer.o(.text)
    timer_event_software_generate            0x08006329   Thumb Code    24  gd32f1x0_timer.o(.text)
    timer_break_struct_para_init             0x08006341   Thumb Code    38  gd32f1x0_timer.o(.text)
    timer_break_config                       0x08006369   Thumb Code    54  gd32f1x0_timer.o(.text)
    timer_break_enable                       0x080063a1   Thumb Code    18  gd32f1x0_timer.o(.text)
    timer_break_disable                      0x080063b5   Thumb Code    18  gd32f1x0_timer.o(.text)
    timer_automatic_output_enable            0x080063c9   Thumb Code    18  gd32f1x0_timer.o(.text)
    timer_automatic_output_disable           0x080063dd   Thumb Code    18  gd32f1x0_timer.o(.text)
    timer_primary_output_config              0x080063f1   Thumb Code    46  gd32f1x0_timer.o(.text)
    timer_channel_control_shadow_config      0x08006421   Thumb Code    46  gd32f1x0_timer.o(.text)
    timer_channel_control_shadow_update_config 0x08006451   Thumb Code    58  gd32f1x0_timer.o(.text)
    timer_channel_output_struct_para_init    0x0800648d   Thumb Code    34  gd32f1x0_timer.o(.text)
    timer_channel_output_config              0x080064b1   Thumb Code   746  gd32f1x0_timer.o(.text)
    timer_channel_output_mode_config         0x0800679d   Thumb Code   140  gd32f1x0_timer.o(.text)
    timer_channel_output_pulse_value_config  0x08006829   Thumb Code    70  gd32f1x0_timer.o(.text)
    timer_channel_output_shadow_config       0x08006871   Thumb Code   140  gd32f1x0_timer.o(.text)
    timer_channel_output_fast_config         0x080068fd   Thumb Code   140  gd32f1x0_timer.o(.text)
    timer_channel_output_clear_config        0x08006989   Thumb Code   140  gd32f1x0_timer.o(.text)
    timer_channel_output_polarity_config     0x08006a15   Thumb Code   142  gd32f1x0_timer.o(.text)
    timer_channel_complementary_output_polarity_config 0x08006aa5   Thumb Code   142  gd32f1x0_timer.o(.text)
    timer_channel_output_state_config        0x08006b35   Thumb Code   132  gd32f1x0_timer.o(.text)
    timer_channel_complementary_output_state_config 0x08006bb9   Thumb Code   122  gd32f1x0_timer.o(.text)
    timer_channel_input_struct_para_init     0x08006c35   Thumb Code    28  gd32f1x0_timer.o(.text)
    timer_input_capture_config               0x08006c51   Thumb Code   426  gd32f1x0_timer.o(.text)
    timer_channel_input_capture_prescaler_config 0x08006dfd   Thumb Code   140  gd32f1x0_timer.o(.text)
    timer_channel_capture_value_register_read 0x08006e89   Thumb Code    74  gd32f1x0_timer.o(.text)
    timer_input_pwm_capture_config           0x08006ed5   Thumb Code   498  gd32f1x0_timer.o(.text)
    timer_hall_mode_config                   0x080070c9   Thumb Code    58  gd32f1x0_timer.o(.text)
    timer_input_trigger_source_select        0x08007105   Thumb Code    30  gd32f1x0_timer.o(.text)
    timer_master_output_trigger_source_select 0x08007125   Thumb Code    30  gd32f1x0_timer.o(.text)
    timer_slave_mode_select                  0x08007145   Thumb Code    30  gd32f1x0_timer.o(.text)
    timer_master_slave_mode_config           0x08007165   Thumb Code    58  gd32f1x0_timer.o(.text)
    timer_external_trigger_config            0x080071a1   Thumb Code    52  gd32f1x0_timer.o(.text)
    timer_quadrature_decoder_mode_config     0x080071d5   Thumb Code   102  gd32f1x0_timer.o(.text)
    timer_internal_clock_config              0x0800723d   Thumb Code    18  gd32f1x0_timer.o(.text)
    timer_internal_trigger_as_external_clock_config 0x08007251   Thumb Code    40  gd32f1x0_timer.o(.text)
    timer_external_trigger_as_external_clock_config 0x08007279   Thumb Code   228  gd32f1x0_timer.o(.text)
    timer_external_clock_mode0_config        0x0800735d   Thumb Code    48  gd32f1x0_timer.o(.text)
    timer_external_clock_mode1_config        0x0800738d   Thumb Code    38  gd32f1x0_timer.o(.text)
    timer_external_clock_mode1_disable       0x080073b5   Thumb Code    18  gd32f1x0_timer.o(.text)
    timer_channel_remap_config               0x080073c9   Thumb Code    16  gd32f1x0_timer.o(.text)
    usart_deinit                             0x080073d9   Thumb Code    82  gd32f1x0_usart.o(.text)
    usart_baudrate_set                       0x0800742d   Thumb Code   188  gd32f1x0_usart.o(.text)
    usart_parity_config                      0x080074e9   Thumb Code    40  gd32f1x0_usart.o(.text)
    usart_word_length_set                    0x08007511   Thumb Code    40  gd32f1x0_usart.o(.text)
    usart_stop_bit_set                       0x08007539   Thumb Code    40  gd32f1x0_usart.o(.text)
    usart_enable                             0x08007561   Thumb Code    18  gd32f1x0_usart.o(.text)
    usart_disable                            0x08007575   Thumb Code    18  gd32f1x0_usart.o(.text)
    usart_transmit_config                    0x08007589   Thumb Code    30  gd32f1x0_usart.o(.text)
    usart_receive_config                     0x080075a9   Thumb Code    30  gd32f1x0_usart.o(.text)
    usart_data_transmit                      0x080075c9   Thumb Code    20  gd32f1x0_usart.o(.text)
    usart_data_receive                       0x080075dd   Thumb Code    16  gd32f1x0_usart.o(.text)
    usart_data_first_config                  0x080075ed   Thumb Code    44  gd32f1x0_usart.o(.text)
    usart_invert_config                      0x08007619   Thumb Code   146  gd32f1x0_usart.o(.text)
    usart_overrun_enable                     0x080076ad   Thumb Code    28  gd32f1x0_usart.o(.text)
    usart_overrun_disable                    0x080076c9   Thumb Code    28  gd32f1x0_usart.o(.text)
    usart_oversample_config                  0x080076e5   Thumb Code    40  gd32f1x0_usart.o(.text)
    usart_sample_bit_config                  0x0800770d   Thumb Code    40  gd32f1x0_usart.o(.text)
    usart_autobaud_detection_enable          0x08007735   Thumb Code    18  gd32f1x0_usart.o(.text)
    usart_autobaud_detection_disable         0x08007749   Thumb Code    18  gd32f1x0_usart.o(.text)
    usart_autobaud_detection_mode_config     0x0800775d   Thumb Code    30  gd32f1x0_usart.o(.text)
    usart_mute_mode_enable                   0x0800777d   Thumb Code    18  gd32f1x0_usart.o(.text)
    usart_mute_mode_disable                  0x08007791   Thumb Code    18  gd32f1x0_usart.o(.text)
    usart_mute_mode_wakeup_config            0x080077a5   Thumb Code    40  gd32f1x0_usart.o(.text)
    usart_address_detection_mode_config      0x080077cd   Thumb Code    44  gd32f1x0_usart.o(.text)
    usart_address_config                     0x080077f9   Thumb Code    46  gd32f1x0_usart.o(.text)
    usart_receiver_timeout_enable            0x08007829   Thumb Code    18  gd32f1x0_usart.o(.text)
    usart_receiver_timeout_disable           0x0800783d   Thumb Code    18  gd32f1x0_usart.o(.text)
    usart_receiver_timeout_config            0x08007851   Thumb Code    30  gd32f1x0_usart.o(.text)
    usart_lin_mode_enable                    0x08007871   Thumb Code    28  gd32f1x0_usart.o(.text)
    usart_lin_mode_disable                   0x0800788d   Thumb Code    28  gd32f1x0_usart.o(.text)
    usart_lin_break_detection_length_config  0x080078a9   Thumb Code    34  gd32f1x0_usart.o(.text)
    usart_halfduplex_enable                  0x080078cd   Thumb Code    28  gd32f1x0_usart.o(.text)
    usart_halfduplex_disable                 0x080078e9   Thumb Code    28  gd32f1x0_usart.o(.text)
    usart_clock_enable                       0x08007905   Thumb Code    28  gd32f1x0_usart.o(.text)
    usart_clock_disable                      0x08007921   Thumb Code    28  gd32f1x0_usart.o(.text)
    usart_synchronous_clock_config           0x0800793d   Thumb Code    76  gd32f1x0_usart.o(.text)
    usart_smartcard_mode_enable              0x08007989   Thumb Code    28  gd32f1x0_usart.o(.text)
    usart_smartcard_mode_disable             0x080079a5   Thumb Code    28  gd32f1x0_usart.o(.text)
    usart_smartcard_mode_nack_enable         0x080079c1   Thumb Code    28  gd32f1x0_usart.o(.text)
    usart_smartcard_mode_nack_disable        0x080079dd   Thumb Code    28  gd32f1x0_usart.o(.text)
    usart_guard_time_config                  0x080079f9   Thumb Code    44  gd32f1x0_usart.o(.text)
    usart_block_length_config                0x08007a25   Thumb Code    32  gd32f1x0_usart.o(.text)
    usart_smartcard_autoretry_config         0x08007a45   Thumb Code    46  gd32f1x0_usart.o(.text)
    usart_irda_mode_enable                   0x08007a75   Thumb Code    28  gd32f1x0_usart.o(.text)
    usart_irda_mode_disable                  0x08007a91   Thumb Code    28  gd32f1x0_usart.o(.text)
    usart_irda_lowpower_config               0x08007aad   Thumb Code    34  gd32f1x0_usart.o(.text)
    usart_prescaler_config                   0x08007ad1   Thumb Code    40  gd32f1x0_usart.o(.text)
    usart_hardware_flow_rts_config           0x08007af9   Thumb Code    40  gd32f1x0_usart.o(.text)
    usart_hardware_flow_cts_config           0x08007b21   Thumb Code    40  gd32f1x0_usart.o(.text)
    usart_rs485_driver_enable                0x08007b49   Thumb Code    28  gd32f1x0_usart.o(.text)
    usart_rs485_driver_disable               0x08007b65   Thumb Code    28  gd32f1x0_usart.o(.text)
    usart_driver_assertime_config            0x08007b81   Thumb Code    46  gd32f1x0_usart.o(.text)
    usart_driver_deassertime_config          0x08007bb1   Thumb Code    46  gd32f1x0_usart.o(.text)
    usart_depolarity_config                  0x08007be1   Thumb Code    44  gd32f1x0_usart.o(.text)
    usart_dma_receive_config                 0x08007c0d   Thumb Code    30  gd32f1x0_usart.o(.text)
    usart_dma_transmit_config                0x08007c2d   Thumb Code    30  gd32f1x0_usart.o(.text)
    usart_reception_error_dma_disable        0x08007c4d   Thumb Code    28  gd32f1x0_usart.o(.text)
    usart_reception_error_dma_enable         0x08007c69   Thumb Code    28  gd32f1x0_usart.o(.text)
    usart_wakeup_enable                      0x08007c85   Thumb Code    18  gd32f1x0_usart.o(.text)
    usart_wakeup_disable                     0x08007c99   Thumb Code    18  gd32f1x0_usart.o(.text)
    usart_wakeup_mode_config                 0x08007cad   Thumb Code    44  gd32f1x0_usart.o(.text)
    usart_flag_get                           0x08007cd9   Thumb Code    58  gd32f1x0_usart.o(.text)
    usart_flag_clear                         0x08007d15   Thumb Code    34  gd32f1x0_usart.o(.text)
    usart_interrupt_enable                   0x08007d39   Thumb Code    34  gd32f1x0_usart.o(.text)
    usart_interrupt_disable                  0x08007d5d   Thumb Code    34  gd32f1x0_usart.o(.text)
    usart_command_enable                     0x08007d81   Thumb Code    20  gd32f1x0_usart.o(.text)
    usart_interrupt_flag_get                 0x08007d95   Thumb Code    94  gd32f1x0_usart.o(.text)
    usart_interrupt_flag_clear               0x08007df5   Thumb Code    30  gd32f1x0_usart.o(.text)
    Reset_Handler                            0x08007e15   Thumb Code     8  startup_gd32f1x0.o(.text)
    ADC_CMP_IRQHandler                       0x08007e2f   Thumb Code     0  startup_gd32f1x0.o(.text)
    CAN0_RX0_IRQHandler                      0x08007e2f   Thumb Code     0  startup_gd32f1x0.o(.text)
    CAN0_RX1_IRQHandler                      0x08007e2f   Thumb Code     0  startup_gd32f1x0.o(.text)
    CAN0_SCE_IRQHandler                      0x08007e2f   Thumb Code     0  startup_gd32f1x0.o(.text)
    CAN0_TX_IRQHandler                       0x08007e2f   Thumb Code     0  startup_gd32f1x0.o(.text)
    CAN1_RX0_IRQHandler                      0x08007e2f   Thumb Code     0  startup_gd32f1x0.o(.text)
    CAN1_RX1_IRQHandler                      0x08007e2f   Thumb Code     0  startup_gd32f1x0.o(.text)
    CAN1_SCE_IRQHandler                      0x08007e2f   Thumb Code     0  startup_gd32f1x0.o(.text)
    CAN1_TX_IRQHandler                       0x08007e2f   Thumb Code     0  startup_gd32f1x0.o(.text)
    CEC_IRQHandler                           0x08007e2f   Thumb Code     0  startup_gd32f1x0.o(.text)
    DMA_Channel1_2_IRQHandler                0x08007e2f   Thumb Code     0  startup_gd32f1x0.o(.text)
    DMA_Channel5_6_IRQHandler                0x08007e2f   Thumb Code     0  startup_gd32f1x0.o(.text)
    EXTI0_1_IRQHandler                       0x08007e2f   Thumb Code     0  startup_gd32f1x0.o(.text)
    EXTI2_3_IRQHandler                       0x08007e2f   Thumb Code     0  startup_gd32f1x0.o(.text)
    EXTI4_15_IRQHandler                      0x08007e2f   Thumb Code     0  startup_gd32f1x0.o(.text)
    FMC_IRQHandler                           0x08007e2f   Thumb Code     0  startup_gd32f1x0.o(.text)
    I2C0_ER_IRQHandler                       0x08007e2f   Thumb Code     0  startup_gd32f1x0.o(.text)
    I2C0_EV_IRQHandler                       0x08007e2f   Thumb Code     0  startup_gd32f1x0.o(.text)
    I2C1_ER_IRQHandler                       0x08007e2f   Thumb Code     0  startup_gd32f1x0.o(.text)
    I2C1_EV_IRQHandler                       0x08007e2f   Thumb Code     0  startup_gd32f1x0.o(.text)
    I2C2_ER_IRQHandler                       0x08007e2f   Thumb Code     0  startup_gd32f1x0.o(.text)
    I2C2_EV_IRQHandler                       0x08007e2f   Thumb Code     0  startup_gd32f1x0.o(.text)
    LVD_IRQHandler                           0x08007e2f   Thumb Code     0  startup_gd32f1x0.o(.text)
    RCU_IRQHandler                           0x08007e2f   Thumb Code     0  startup_gd32f1x0.o(.text)
    RTC_IRQHandler                           0x08007e2f   Thumb Code     0  startup_gd32f1x0.o(.text)
    SLCD_IRQHandler                          0x08007e2f   Thumb Code     0  startup_gd32f1x0.o(.text)
    SPI0_IRQHandler                          0x08007e2f   Thumb Code     0  startup_gd32f1x0.o(.text)
    SPI1_IRQHandler                          0x08007e2f   Thumb Code     0  startup_gd32f1x0.o(.text)
    SPI2_IRQHandler                          0x08007e2f   Thumb Code     0  startup_gd32f1x0.o(.text)
    TIMER0_Channel_IRQHandler                0x08007e2f   Thumb Code     0  startup_gd32f1x0.o(.text)
    TIMER14_IRQHandler                       0x08007e2f   Thumb Code     0  startup_gd32f1x0.o(.text)
    TIMER15_IRQHandler                       0x08007e2f   Thumb Code     0  startup_gd32f1x0.o(.text)
    TIMER16_IRQHandler                       0x08007e2f   Thumb Code     0  startup_gd32f1x0.o(.text)
    TIMER1_IRQHandler                        0x08007e2f   Thumb Code     0  startup_gd32f1x0.o(.text)
    TIMER2_IRQHandler                        0x08007e2f   Thumb Code     0  startup_gd32f1x0.o(.text)
    TIMER5_DAC_IRQHandler                    0x08007e2f   Thumb Code     0  startup_gd32f1x0.o(.text)
    TSI_IRQHandler                           0x08007e2f   Thumb Code     0  startup_gd32f1x0.o(.text)
    USART0_IRQHandler                        0x08007e2f   Thumb Code     0  startup_gd32f1x0.o(.text)
    USART1_IRQHandler                        0x08007e2f   Thumb Code     0  startup_gd32f1x0.o(.text)
    USBDWakeUp_IRQHandler                    0x08007e2f   Thumb Code     0  startup_gd32f1x0.o(.text)
    USBD_HP_IRQHandler                       0x08007e2f   Thumb Code     0  startup_gd32f1x0.o(.text)
    USBD_LP_IRQHandler                       0x08007e2f   Thumb Code     0  startup_gd32f1x0.o(.text)
    WWDGT_IRQHandler                         0x08007e2f   Thumb Code     0  startup_gd32f1x0.o(.text)
    SystemInit                               0x08007e39   Thumb Code   172  system_gd32f1x0.o(.text)
    SystemCoreClockUpdate                    0x08007eed   Thumb Code   332  system_gd32f1x0.o(.text)
    __aeabi_fadd                             0x080080c3   Thumb Code   164  fadd.o(.text)
    __aeabi_fsub                             0x08008167   Thumb Code     6  fadd.o(.text)
    __aeabi_frsub                            0x0800816d   Thumb Code     6  fadd.o(.text)
    __aeabi_fmul                             0x08008173   Thumb Code   100  fmul.o(.text)
    __aeabi_fdiv                             0x080081d7   Thumb Code   124  fdiv.o(.text)
    __aeabi_dadd                             0x08008253   Thumb Code   322  dadd.o(.text)
    __aeabi_dsub                             0x08008395   Thumb Code     6  dadd.o(.text)
    __aeabi_drsub                            0x0800839b   Thumb Code     6  dadd.o(.text)
    __aeabi_dmul                             0x080083a1   Thumb Code   228  dmul.o(.text)
    __aeabi_ddiv                             0x08008485   Thumb Code   222  ddiv.o(.text)
    __aeabi_fcmple                           0x08008563   Thumb Code    28  fcmple.o(.text)
    __aeabi_fcmplt                           0x0800857f   Thumb Code    28  fcmplt.o(.text)
    __aeabi_fcmpge                           0x0800859b   Thumb Code    28  fcmpge.o(.text)
    __aeabi_fcmpgt                           0x080085b7   Thumb Code    28  fcmpgt.o(.text)
    __aeabi_dcmple                           0x080085d3   Thumb Code    54  dcmple.o(.text)
    __aeabi_dcmpge                           0x08008609   Thumb Code    54  dcmpge.o(.text)
    __aeabi_i2f                              0x0800863f   Thumb Code    18  fflti.o(.text)
    __aeabi_ui2f                             0x08008651   Thumb Code    10  ffltui.o(.text)
    __aeabi_i2d                              0x0800865b   Thumb Code    34  dflti.o(.text)
    __aeabi_f2iz                             0x0800867d   Thumb Code    50  ffixi.o(.text)
    __aeabi_f2lz                             0x080086af   Thumb Code    66  ffixl.o(.text)
    __aeabi_d2iz                             0x080086f1   Thumb Code    62  dfixi.o(.text)
    __aeabi_f2d                              0x0800872f   Thumb Code    38  f2d.o(.text)
    __aeabi_d2f                              0x08008755   Thumb Code    56  d2f.o(.text)
    __aeabi_llsl                             0x0800878d   Thumb Code    30  llshl.o(.text)
    _ll_shift_l                              0x0800878d   Thumb Code     0  llshl.o(.text)
    __aeabi_llsr                             0x080087ab   Thumb Code    32  llushr.o(.text)
    _ll_ushift_r                             0x080087ab   Thumb Code     0  llushr.o(.text)
    __aeabi_lasr                             0x080087cb   Thumb Code    36  llsshr.o(.text)
    _ll_sshift_r                             0x080087cb   Thumb Code     0  llsshr.o(.text)
    __I$use$fp                               0x080087ef   Thumb Code     0  iusefp.o(.text)
    _float_round                             0x080087ef   Thumb Code    18  fepilogue.o(.text)
    _float_epilogue                          0x08008801   Thumb Code    92  fepilogue.o(.text)
    _double_round                            0x0800885d   Thumb Code    30  depilogue.o(.text)
    _double_epilogue                         0x0800887b   Thumb Code   156  depilogue.o(.text)
    __scatterload                            0x08008919   Thumb Code    38  init.o(.text)
    __scatterload_rt2                        0x08008919   Thumb Code     0  init.o(.text)
    __scatterload_copy                       0x08008949   Thumb Code    14  handlers.o(i.__scatterload_copy)
    __scatterload_null                       0x08008957   Thumb Code     2  handlers.o(i.__scatterload_null)
    __scatterload_zeroinit                   0x08008959   Thumb Code    14  handlers.o(i.__scatterload_zeroinit)
    hall_to_pos                              0x08008966   Data           8  bldc.o(.rodata.hall_to_pos)
    lookUpTableAngle                         0x08008970   Data         724  main.o(.rodata.lookUpTableAngle)
    Region$$Table$$Base                      0x08008c44   Number         0  anon$$obj.o(Region$$Table)
    Region$$Table$$Limit                     0x08008c64   Number         0  anon$$obj.o(Region$$Table)
    SystemCoreClock                          0x20000000   Data           4  system_gd32f1x0.o(.data.SystemCoreClock)
    aoPIDInit                                0x20000004   Data          84  driver.o(.data.aoPIDInit)
    batteryVoltage                           0x20000058   Data           4  bldc.o(.data.batteryVoltage)
    currentDC                                0x2000005c   Data           4  bldc.o(.data.currentDC)
    iDriverDoEvery                           0x20000060   Data           2  driver.o(.data.iDriverDoEvery)
    iFILTER_SHIFT                            0x20000062   Data           1  bldc.o(.data.iFILTER_SHIFT)
    iFILTER_SHIFTDo                          0x20000063   Data           1  bldc.o(.data.iFILTER_SHIFTDo)
    offsetdc                                 0x20000064   Data           2  bldc.o(.data.offsetdc)
    revs32Scale                              0x20000068   Data           4  bldc.o(.data.revs32Scale)
    revs32ScaleSlow                          0x2000006c   Data           4  bldc.o(.data.revs32ScaleSlow)
    speedLimit                               0x20000070   Data           2  main.o(.data.speedLimit)
    wState                                   0x20000072   Data           1  main.o(.data.wState)
    wStateSlave                              0x20000073   Data           1  main.o(.data.wStateSlave)
    adc_buffer                               0x20000178   Data           4  bldc.o(.bss.adc_buffer)
    bPilotTimeout                            0x2000017c   Data           1  main.o(.bss.bPilotTimeout)
    bRemoteTimeout                           0x2000017d   Data           1  main.o(.bss.bRemoteTimeout)
    bldc_enable                              0x2000017e   Data           1  bldc.o(.bss.bldc_enable)
    bldc_inputFilterPwm                      0x20000180   Data           4  bldc.o(.bss.bldc_inputFilterPwm)
    bldc_outputFilterPwm                     0x20000184   Data           4  bldc.o(.bss.bldc_outputFilterPwm)
    buzzerTimer                              0x20000188   Data           2  bldc.o(.bss.buzzerTimer)
    d_out32                                  0x2000018c   Data           4  driver.o(.bss.d_out32)
    d_outH                                   0x20000190   Data           4  driver.o(.bss.d_outH)
    d_outL                                   0x20000194   Data           4  driver.o(.bss.d_outL)
    delta_error                              0x20000198   Data           4  driver.o(.bss.delta_error)
    dev_id                                   0x2000019c   Data           4  setup.o(.bss.dev_id)
    dma_init_struct_adc                      0x200001a0   Data          36  setup.o(.bss.dma_init_struct_adc)
    dma_init_struct_usart                    0x200001c4   Data          36  setup.o(.bss.dma_init_struct_usart)
    enable                                   0x200001e8   Data           1  main.o(.bss.enable)
    error                                    0x200001ec   Data           4  driver.o(.bss.error)
    filter_reg                               0x200001f0   Data           4  bldc.o(.bss.filter_reg)
    hall                                     0x200001f4   Data           1  bldc.o(.bss.hall)
    hall_a                                   0x200001f5   Data           1  bldc.o(.bss.hall_a)
    hall_b                                   0x200001f6   Data           1  bldc.o(.bss.hall_b)
    hall_c                                   0x200001f7   Data           1  bldc.o(.bss.hall_c)
    iAdcCounter                              0x200001f8   Data           4  it.o(.bss.iAdcCounter)
    iAdcRate                                 0x200001fc   Data           4  it.o(.bss.iAdcRate)
    iAdcTime                                 0x20000200   Data           4  it.o(.bss.iAdcTime)
    iAnswerMaster                            0x20000204   Data           4  remoteuartbus.o(.bss.iAnswerMaster)
    iBldcInput                               0x20000208   Data           4  bldc.o(.bss.iBldcInput)
    iBug                                     0x2000020c   Data           4  main.o(.bss.iBug)
    iBuzzCounter                             0x20000210   Data           4  bldc.o(.bss.iBuzzCounter)
    iBuzzRate                                0x20000214   Data           4  bldc.o(.bss.iBuzzRate)
    iBuzzTime                                0x20000218   Data           4  bldc.o(.bss.iBuzzTime)
    iCounter2Usart1                          0x2000021c   Data           4  it.o(.bss.iCounter2Usart1)
    iCounterUsart1                           0x20000220   Data           4  it.o(.bss.iCounterUsart1)
    iDrivingMode                             0x20000224   Data           1  main.o(.bss.iDrivingMode)
    iDrivingModeOverride                     0x20000225   Data           1  bldc.o(.bss.iDrivingModeOverride)
    iOdom                                    0x20000228   Data           4  bldc.o(.bss.iOdom)
    iOdomLast                                0x2000022c   Data           4  bldc.o(.bss.iOdomLast)
    iPwmCounter                              0x20000230   Data           4  it.o(.bss.iPwmCounter)
    iPwmRate                                 0x20000234   Data           4  it.o(.bss.iPwmRate)
    iPwmTime                                 0x20000238   Data           4  it.o(.bss.iPwmTime)
    iRxDataSize                              0x2000023e   Data           1  remoteuartbus.o(.bss.iRxDataSize)
    iRxDataType                              0x2000023f   Data           1  remoteuartbus.o(.bss.iRxDataType)
    iTestClock                               0x20000240   Data           4  setup.o(.bss.iTestClock)
    iTimeLastRx                              0x20000244   Data           4  remoteuartbus.o(.bss.iTimeLastRx)
    iTimeNextLoop                            0x20000248   Data           4  main.o(.bss.iTimeNextLoop)
    i_out32                                  0x2000024c   Data           4  driver.o(.bss.i_out32)
    i_outH                                   0x20000250   Data           4  driver.o(.bss.i_outH)
    i_outL                                   0x20000254   Data           4  driver.o(.bss.i_outL)
    inactivity_timeout_counter               0x20000258   Data           4  main.o(.bss.inactivity_timeout_counter)
    lastPos                                  0x2000025c   Data           1  bldc.o(.bss.lastPos)
    msTicks                                  0x20000260   Data           4  it.o(.bss.msTicks)
    oConfig                                  0x20000264   Data          20  setup.o(.bss.oConfig)
    offsetcount                              0x20000278   Data           2  bldc.o(.bss.offsetcount)
    output                                   0x2000027c   Data           4  driver.o(.bss.output)
    output32                                 0x20000280   Data           4  driver.o(.bss.output32)
    p_out32                                  0x20000284   Data           4  driver.o(.bss.p_out32)
    p_outH                                   0x20000288   Data           4  driver.o(.bss.p_outH)
    p_outL                                   0x2000028c   Data           4  driver.o(.bss.p_outL)
    pid                                      0x20000290   Data          48  driver.o(.bss.pid)
    pll_mul                                  0x200002c0   Data           4  setup.o(.bss.pll_mul)
    pos                                      0x200002c4   Data           1  bldc.o(.bss.pos)
    pwmSlave                                 0x200002c6   Data           2  main.o(.bss.pwmSlave)
    realSpeed                                0x200002c8   Data           4  bldc.o(.bss.realSpeed)
    revs32                                   0x200002cc   Data           4  bldc.o(.bss.revs32)
    revs32_reg                               0x200002d0   Data           4  bldc.o(.bss.revs32_reg)
    revs32x                                  0x200002d4   Data           4  bldc.o(.bss.revs32x)
    speed                                    0x200002d8   Data           4  main.o(.bss.speed)
    speedCounter                             0x200002dc   Data           4  bldc.o(.bss.speedCounter)
    speedCounterLog                          0x200002e0   Data           4  bldc.o(.bss.speedCounterLog)
    speedCounterSlow                         0x200002e4   Data           4  bldc.o(.bss.speedCounterSlow)
    speedCounterSlowLog                      0x200002e8   Data           4  bldc.o(.bss.speedCounterSlowLog)
    speedShutoff                             0x200002ec   Data           4  main.o(.bss.speedShutoff)
    steer                                    0x200002f0   Data           4  main.o(.bss.steer)
    steerCounter                             0x200002f4   Data           4  main.o(.bss.steerCounter)
    timedOut                                 0x200002f8   Data           1  it.o(.bss.timedOut)
    timeoutCounter_ms                        0x200002fc   Data           4  it.o(.bss.timeoutCounter_ms)
    timeoutTimer_paramter_struct             0x20000300   Data          16  setup.o(.bss.timeoutTimer_paramter_struct)
    timerBldc_break_parameter_struct         0x20000310   Data          24  setup.o(.bss.timerBldc_break_parameter_struct)
    timerBldc_oc_parameter_struct            0x20000328   Data          16  setup.o(.bss.timerBldc_oc_parameter_struct)
    timerBldc_paramter_struct                0x20000338   Data          16  setup.o(.bss.timerBldc_paramter_struct)
    torque32                                 0x20000348   Data           4  bldc.o(.bss.torque32)
    torque32_reg                             0x2000034c   Data           4  bldc.o(.bss.torque32_reg)
    usart1_rx_buf                            0x20000350   Data           1  setup.o(.bss.usart1_rx_buf)
    __initial_sp                             0x20000758   Data           0  startup_gd32f1x0.o(STACK)



==============================================================================

Memory Map of the image

  Image Entry point : 0x08000169

  Load Region LR_IROM1 (Base: 0x08000000, Size: 0x00008ce0, Max: 0x00010000, ABSOLUTE)

    Execution Region ER_IROM1 (Exec base: 0x08000000, Load base: 0x08000000, Size: 0x00008c64, Max: 0x00010000, ABSOLUTE)

    Exec Addr    Load Addr    Size         Type   Attr      Idx    E Section Name        Object

    0x08000000   0x08000000   0x00000168   Data   RO          332    RESET               startup_gd32f1x0.o
    0x08000168   0x08000168   0x00000000   Code   RO          348  * .ARM.Collect$$$$00000000  mc_w.l(entry.o)
    0x08000168   0x08000168   0x00000004   Code   RO          399    .ARM.Collect$$$$00000001  mc_w.l(entry2.o)
    0x0800016c   0x0800016c   0x00000004   Code   RO          402    .ARM.Collect$$$$00000004  mc_w.l(entry5.o)
    0x08000170   0x08000170   0x00000000   Code   RO          404    .ARM.Collect$$$$00000008  mc_w.l(entry7b.o)
    0x08000170   0x08000170   0x00000000   Code   RO          406    .ARM.Collect$$$$0000000A  mc_w.l(entry8b.o)
    0x08000170   0x08000170   0x00000008   Code   RO          407    .ARM.Collect$$$$0000000B  mc_w.l(entry9a.o)
    0x08000178   0x08000178   0x00000000   Code   RO          409    .ARM.Collect$$$$0000000D  mc_w.l(entry10a.o)
    0x08000178   0x08000178   0x00000000   Code   RO          411    .ARM.Collect$$$$0000000F  mc_w.l(entry11a.o)
    0x08000178   0x08000178   0x00000004   Code   RO          400    .ARM.Collect$$$$00002712  mc_w.l(entry2.o)
    0x0800017c   0x0800017c   0x00000bc2   Code   RO            1    .text               main.o
    0x08000d3e   0x08000d3e   0x00000002   PAD
    0x08000d40   0x08000d40   0x00000bb2   Code   RO           33    .text               bldc.o
    0x080018f2   0x080018f2   0x00000002   PAD
    0x080018f4   0x080018f4   0x00000486   Code   RO           81    .text               driver.o
    0x08001d7a   0x08001d7a   0x00000002   PAD
    0x08001d7c   0x08001d7c   0x000000c2   Code   RO          106    .text               bldcbc.o
    0x08001e3e   0x08001e3e   0x00000002   PAD
    0x08001e40   0x08001e40   0x000009b0   Code   RO          114    .text               setup.o
    0x080027f0   0x080027f0   0x00000242   Code   RO          134    .text               it.o
    0x08002a32   0x08002a32   0x00000002   PAD
    0x08002a34   0x08002a34   0x000000d2   Code   RO          162    .text               comms.o
    0x08002b06   0x08002b06   0x00000002   PAD
    0x08002b08   0x08002b08   0x00000336   Code   RO          172    .text               remoteuartbus.o
    0x08002e3e   0x08002e3e   0x00000002   PAD
    0x08002e40   0x08002e40   0x00000a72   Code   RO          221    .text               gd32f1x0_adc.o
    0x080038b2   0x080038b2   0x00000002   PAD
    0x080038b4   0x080038b4   0x00000704   Code   RO          235    .text               gd32f1x0_dma.o
    0x08003fb8   0x08003fb8   0x0000097c   Code   RO          249    .text               gd32f1x0_fmc.o
    0x08004934   0x08004934   0x000001ea   Code   RO          256    .text               gd32f1x0_fwdgt.o
    0x08004b1e   0x08004b1e   0x00000002   PAD
    0x08004b20   0x08004b20   0x000003c2   Code   RO          263    .text               gd32f1x0_gpio.o
    0x08004ee2   0x08004ee2   0x00000002   PAD
    0x08004ee4   0x08004ee4   0x000001ec   Code   RO          277    .text               gd32f1x0_misc.o
    0x080050d0   0x080050d0   0x00000c84   Code   RO          293    .text               gd32f1x0_rcu.o
    0x08005d54   0x08005d54   0x00001684   Code   RO          309    .text               gd32f1x0_timer.o
    0x080073d8   0x080073d8   0x00000a3a   Code   RO          316    .text               gd32f1x0_usart.o
    0x08007e12   0x08007e12   0x00000002   PAD
    0x08007e14   0x08007e14   0x00000024   Code   RO          333    .text               startup_gd32f1x0.o
    0x08007e38   0x08007e38   0x0000028a   Code   RO          339    .text               system_gd32f1x0.o
    0x080080c2   0x080080c2   0x000000b0   Code   RO          359    .text               mf_w.l(fadd.o)
    0x08008172   0x08008172   0x00000064   Code   RO          361    .text               mf_w.l(fmul.o)
    0x080081d6   0x080081d6   0x0000007c   Code   RO          363    .text               mf_w.l(fdiv.o)
    0x08008252   0x08008252   0x0000014e   Code   RO          365    .text               mf_w.l(dadd.o)
    0x080083a0   0x080083a0   0x000000e4   Code   RO          367    .text               mf_w.l(dmul.o)
    0x08008484   0x08008484   0x000000de   Code   RO          369    .text               mf_w.l(ddiv.o)
    0x08008562   0x08008562   0x0000001c   Code   RO          371    .text               mf_w.l(fcmple.o)
    0x0800857e   0x0800857e   0x0000001c   Code   RO          373    .text               mf_w.l(fcmplt.o)
    0x0800859a   0x0800859a   0x0000001c   Code   RO          375    .text               mf_w.l(fcmpge.o)
    0x080085b6   0x080085b6   0x0000001c   Code   RO          377    .text               mf_w.l(fcmpgt.o)
    0x080085d2   0x080085d2   0x00000036   Code   RO          379    .text               mf_w.l(dcmple.o)
    0x08008608   0x08008608   0x00000036   Code   RO          381    .text               mf_w.l(dcmpge.o)
    0x0800863e   0x0800863e   0x00000012   Code   RO          383    .text               mf_w.l(fflti.o)
    0x08008650   0x08008650   0x0000000a   Code   RO          385    .text               mf_w.l(ffltui.o)
    0x0800865a   0x0800865a   0x00000022   Code   RO          387    .text               mf_w.l(dflti.o)
    0x0800867c   0x0800867c   0x00000032   Code   RO          389    .text               mf_w.l(ffixi.o)
    0x080086ae   0x080086ae   0x00000042   Code   RO          391    .text               mf_w.l(ffixl.o)
    0x080086f0   0x080086f0   0x0000003e   Code   RO          393    .text               mf_w.l(dfixi.o)
    0x0800872e   0x0800872e   0x00000026   Code   RO          395    .text               mf_w.l(f2d.o)
    0x08008754   0x08008754   0x00000038   Code   RO          397    .text               mf_w.l(d2f.o)
    0x0800878c   0x0800878c   0x0000001e   Code   RO          413    .text               mc_w.l(llshl.o)
    0x080087aa   0x080087aa   0x00000020   Code   RO          415    .text               mc_w.l(llushr.o)
    0x080087ca   0x080087ca   0x00000024   Code   RO          417    .text               mc_w.l(llsshr.o)
    0x080087ee   0x080087ee   0x00000000   Code   RO          419    .text               mc_w.l(iusefp.o)
    0x080087ee   0x080087ee   0x0000006e   Code   RO          420    .text               mf_w.l(fepilogue.o)
    0x0800885c   0x0800885c   0x000000ba   Code   RO          422    .text               mf_w.l(depilogue.o)
    0x08008916   0x08008916   0x00000002   PAD
    0x08008918   0x08008918   0x00000030   Code   RO          424    .text               mc_w.l(init.o)
    0x08008948   0x08008948   0x0000000e   Code   RO          428    i.__scatterload_copy  mc_w.l(handlers.o)
    0x08008956   0x08008956   0x00000002   Code   RO          429    i.__scatterload_null  mc_w.l(handlers.o)
    0x08008958   0x08008958   0x0000000e   Code   RO          430    i.__scatterload_zeroinit  mc_w.l(handlers.o)
    0x08008966   0x08008966   0x00000008   Data   RO           65    .rodata.hall_to_pos  bldc.o
    0x0800896e   0x0800896e   0x00000002   PAD
    0x08008970   0x08008970   0x000002d4   Data   RO           19    .rodata.lookUpTableAngle  main.o
    0x08008c44   0x08008c44   0x00000020   Data   RO          427    Region$$Table       anon$$obj.o


    Execution Region RW_IRAM1 (Exec base: 0x20000000, Load base: 0x08008c68, Size: 0x00000758, Max: 0x00002000, ABSOLUTE)

    Exec Addr    Load Addr    Size         Type   Attr      Idx    E Section Name        Object

    0x20000000   0x08008c68   0x00000004   Data   RW          341    .data.SystemCoreClock  system_gd32f1x0.o
    0x20000004   0x08008c6c   0x00000054   Data   RW           97    .data.aoPIDInit     driver.o
    0x20000058   0x08008cc0   0x00000004   Data   RW           35    .data.batteryVoltage  bldc.o
    0x2000005c   0x08008cc4   0x00000004   Data   RW           36    .data.currentDC     bldc.o
    0x20000060   0x08008cc8   0x00000002   Data   RW           98    .data.iDriverDoEvery  driver.o
    0x20000062   0x08008cca   0x00000001   Data   RW           52    .data.iFILTER_SHIFT  bldc.o
    0x20000063   0x08008ccb   0x00000001   Data   RW           53    .data.iFILTER_SHIFTDo  bldc.o
    0x20000064   0x08008ccc   0x00000002   Data   RW           56    .data.offsetdc      bldc.o
    0x20000066   0x08008cce   0x00000002   PAD
    0x20000068   0x08008cd0   0x00000004   Data   RW           44    .data.revs32Scale   bldc.o
    0x2000006c   0x08008cd4   0x00000004   Data   RW           45    .data.revs32ScaleSlow  bldc.o
    0x20000070   0x08008cd8   0x00000002   Data   RW           11    .data.speedLimit    main.o
    0x20000072   0x08008cda   0x00000001   Data   RW           12    .data.wState        main.o
    0x20000073   0x08008cdb   0x00000001   Data   RW           13    .data.wStateSlave   main.o
    0x20000074   0x08008cdc   0x00000004   PAD
    0x20000078        -       0x00000001   Zero   RW          149    .bss.TIMER0_BRK_UP_TRG_COM_IRQHandler.interrupt_toggle  it.o
    0x20000079        -       0x000000ff   Zero   RW          177    .bss.aReceiveBuffer  remoteuartbus.o
    0x20000178        -       0x00000004   Zero   RW           70    .bss.adc_buffer     bldc.o
    0x2000017c        -       0x00000001   Zero   RW            5    .bss.bPilotTimeout  main.o
    0x2000017d        -       0x00000001   Zero   RW            4    .bss.bRemoteTimeout  main.o
    0x2000017e        -       0x00000001   Zero   RW           47    .bss.bldc_enable    bldc.o
    0x2000017f   0x08008cdc   0x00000001   PAD
    0x20000180        -       0x00000004   Zero   RW           49    .bss.bldc_inputFilterPwm  bldc.o
    0x20000184        -       0x00000004   Zero   RW           50    .bss.bldc_outputFilterPwm  bldc.o
    0x20000188        -       0x00000002   Zero   RW           54    .bss.buzzerTimer    bldc.o
    0x2000018a   0x08008cdc   0x00000002   PAD
    0x2000018c        -       0x00000004   Zero   RW           94    .bss.d_out32        driver.o
    0x20000190        -       0x00000004   Zero   RW           90    .bss.d_outH         driver.o
    0x20000194        -       0x00000004   Zero   RW           91    .bss.d_outL         driver.o
    0x20000198        -       0x00000004   Zero   RW           85    .bss.delta_error    driver.o
    0x2000019c        -       0x00000004   Zero   RW          124    .bss.dev_id         setup.o
    0x200001a0        -       0x00000024   Zero   RW          120    .bss.dma_init_struct_adc  setup.o
    0x200001c4        -       0x00000024   Zero   RW          121    .bss.dma_init_struct_usart  setup.o
    0x200001e8        -       0x00000001   Zero   RW           20    .bss.enable         main.o
    0x200001e9   0x08008cdc   0x00000003   PAD
    0x200001ec        -       0x00000004   Zero   RW           84    .bss.error          driver.o
    0x200001f0        -       0x00000004   Zero   RW           66    .bss.filter_reg     bldc.o
    0x200001f4        -       0x00000001   Zero   RW           48    .bss.hall           bldc.o
    0x200001f5        -       0x00000001   Zero   RW           71    .bss.hall_a         bldc.o
    0x200001f6        -       0x00000001   Zero   RW           72    .bss.hall_b         bldc.o
    0x200001f7        -       0x00000001   Zero   RW           73    .bss.hall_c         bldc.o
    0x200001f8        -       0x00000004   Zero   RW          146    .bss.iAdcCounter    it.o
    0x200001fc        -       0x00000004   Zero   RW          148    .bss.iAdcRate       it.o
    0x20000200        -       0x00000004   Zero   RW          147    .bss.iAdcTime       it.o
    0x20000204        -       0x00000004   Zero   RW          175    .bss.iAnswerMaster  remoteuartbus.o
    0x20000208        -       0x00000004   Zero   RW           46    .bss.iBldcInput     bldc.o
    0x2000020c        -       0x00000004   Zero   RW            6    .bss.iBug           main.o
    0x20000210        -       0x00000004   Zero   RW           67    .bss.iBuzzCounter   bldc.o
    0x20000214        -       0x00000004   Zero   RW           69    .bss.iBuzzRate      bldc.o
    0x20000218        -       0x00000004   Zero   RW           68    .bss.iBuzzTime      bldc.o
    0x2000021c        -       0x00000004   Zero   RW          153    .bss.iCounter2Usart1  it.o
    0x20000220        -       0x00000004   Zero   RW          152    .bss.iCounterUsart1  it.o
    0x20000224        -       0x00000001   Zero   RW            3    .bss.iDrivingMode   main.o
    0x20000225        -       0x00000001   Zero   RW           51    .bss.iDrivingModeOverride  bldc.o
    0x20000226   0x08008cdc   0x00000002   PAD
    0x20000228        -       0x00000004   Zero   RW           62    .bss.iOdom          bldc.o
    0x2000022c        -       0x00000004   Zero   RW           63    .bss.iOdomLast      bldc.o
    0x20000230        -       0x00000004   Zero   RW          141    .bss.iPwmCounter    it.o
    0x20000234        -       0x00000004   Zero   RW          143    .bss.iPwmRate       it.o
    0x20000238        -       0x00000004   Zero   RW          142    .bss.iPwmTime       it.o
    0x2000023c        -       0x00000002   Zero   RW          176    .bss.iReceivePos    remoteuartbus.o
    0x2000023e        -       0x00000001   Zero   RW          179    .bss.iRxDataSize    remoteuartbus.o
    0x2000023f        -       0x00000001   Zero   RW          178    .bss.iRxDataType    remoteuartbus.o
    0x20000240        -       0x00000004   Zero   RW          126    .bss.iTestClock     setup.o
    0x20000244        -       0x00000004   Zero   RW          174    .bss.iTimeLastRx    remoteuartbus.o
    0x20000248        -       0x00000004   Zero   RW           25    .bss.iTimeNextLoop  main.o
    0x2000024c        -       0x00000004   Zero   RW           93    .bss.i_out32        driver.o
    0x20000250        -       0x00000004   Zero   RW           88    .bss.i_outH         driver.o
    0x20000254        -       0x00000004   Zero   RW           89    .bss.i_outL         driver.o
    0x20000258        -       0x00000004   Zero   RW           18    .bss.inactivity_timeout_counter  main.o
    0x2000025c        -       0x00000001   Zero   RW           75    .bss.lastPos        bldc.o
    0x2000025d   0x08008cdc   0x00000003   PAD
    0x20000260        -       0x00000004   Zero   RW          138    .bss.msTicks        it.o
    0x20000264        -       0x00000014   Zero   RW          123    .bss.oConfig        setup.o
    0x20000278        -       0x00000002   Zero   RW           55    .bss.offsetcount    bldc.o
    0x2000027a   0x08008cdc   0x00000002   PAD
    0x2000027c        -       0x00000004   Zero   RW           96    .bss.output         driver.o
    0x20000280        -       0x00000004   Zero   RW           95    .bss.output32       driver.o
    0x20000284        -       0x00000004   Zero   RW           92    .bss.p_out32        driver.o
    0x20000288        -       0x00000004   Zero   RW           86    .bss.p_outH         driver.o
    0x2000028c        -       0x00000004   Zero   RW           87    .bss.p_outL         driver.o
    0x20000290        -       0x00000030   Zero   RW           99    .bss.pid            driver.o
    0x200002c0        -       0x00000004   Zero   RW          125    .bss.pll_mul        setup.o
    0x200002c4        -       0x00000001   Zero   RW           74    .bss.pos            bldc.o
    0x200002c5   0x08008cdc   0x00000001   PAD
    0x200002c6        -       0x00000002   Zero   RW           21    .bss.pwmSlave       main.o
    0x200002c8        -       0x00000004   Zero   RW           37    .bss.realSpeed      bldc.o
    0x200002cc        -       0x00000004   Zero   RW           38    .bss.revs32         bldc.o
    0x200002d0        -       0x00000004   Zero   RW           40    .bss.revs32_reg     bldc.o
    0x200002d4        -       0x00000004   Zero   RW           43    .bss.revs32x        bldc.o
    0x200002d8        -       0x00000004   Zero   RW            9    .bss.speed          main.o
    0x200002dc        -       0x00000004   Zero   RW           57    .bss.speedCounter   bldc.o
    0x200002e0        -       0x00000004   Zero   RW           59    .bss.speedCounterLog  bldc.o
    0x200002e4        -       0x00000004   Zero   RW           58    .bss.speedCounterSlow  bldc.o
    0x200002e8        -       0x00000004   Zero   RW           60    .bss.speedCounterSlowLog  bldc.o
    0x200002ec        -       0x00000004   Zero   RW           10    .bss.speedShutoff   main.o
    0x200002f0        -       0x00000004   Zero   RW           14    .bss.steer          main.o
    0x200002f4        -       0x00000004   Zero   RW            8    .bss.steerCounter   main.o
    0x200002f8        -       0x00000001   Zero   RW          137    .bss.timedOut       it.o
    0x200002f9   0x08008cdc   0x00000003   PAD
    0x200002fc        -       0x00000004   Zero   RW          136    .bss.timeoutCounter_ms  it.o
    0x20000300        -       0x00000010   Zero   RW          116    .bss.timeoutTimer_paramter_struct  setup.o
    0x20000310        -       0x00000018   Zero   RW          119    .bss.timerBldc_break_parameter_struct  setup.o
    0x20000328        -       0x00000010   Zero   RW          118    .bss.timerBldc_oc_parameter_struct  setup.o
    0x20000338        -       0x00000010   Zero   RW          117    .bss.timerBldc_paramter_struct  setup.o
    0x20000348        -       0x00000004   Zero   RW           39    .bss.torque32       bldc.o
    0x2000034c        -       0x00000004   Zero   RW           41    .bss.torque32_reg   bldc.o
    0x20000350        -       0x00000001   Zero   RW          122    .bss.usart1_rx_buf  setup.o
    0x20000351   0x08008cdc   0x00000007   PAD
    0x20000358        -       0x00000400   Zero   RW          330    STACK               startup_gd32f1x0.o


==============================================================================

Image component sizes


      Code (inc. data)   RO Data    RW Data    ZI Data      Debug   Object Name

      2994          4          8         20         92       3950   bldc.o
       194          6          0          0          0        838   bldcbc.o
       210          0          0          0          0       1821   comms.o
      1158          4          0         86        100       3108   driver.o
      2674          4          0          0          0       6586   gd32f1x0_adc.o
      1796          8          0          0          0       5040   gd32f1x0_dma.o
      2428          0          0          0          0       5612   gd32f1x0_fmc.o
       490          0          0          0          0       1787   gd32f1x0_fwdgt.o
       962          0          0          0          0       3871   gd32f1x0_gpio.o
       492          0          0          0          0       2970   gd32f1x0_misc.o
      3204         18          0          0          0      10583   gd32f1x0_rcu.o
      5764         52          0          0          0      15065   gd32f1x0_timer.o
      2618          8          0          0          0      11210   gd32f1x0_usart.o
       578          0          0          0         42       2882   it.o
      3010          0        724          4         34       6010   main.o
       822          0          0          0        267       2439   remoteuartbus.o
      2480          0          0          0        177       8484   setup.o
        36          8        360          0       1024        864   startup_gd32f1x0.o
       650          0          0          4          0       1540   system_gd32f1x0.o

    ----------------------------------------------------------------------
     32582        112       1126        116       1764      94660   Object Totals
         0          0         32          0          0          0   (incl. Generated)
        22          0          2          2         28          0   (incl. Padding)

    ----------------------------------------------------------------------

      Code (inc. data)   RO Data    RW Data    ZI Data      Debug   Library Member Name

         0          0          0          0          0          0   entry.o
         0          0          0          0          0          0   entry10a.o
         0          0          0          0          0          0   entry11a.o
         8          4          0          0          0          0   entry2.o
         4          0          0          0          0          0   entry5.o
         0          0          0          0          0          0   entry7b.o
         0          0          0          0          0          0   entry8b.o
         8          4          0          0          0          0   entry9a.o
        30          0          0          0          0          0   handlers.o
        48         10          0          0          0         68   init.o
         0          0          0          0          0          0   iusefp.o
        30          0          0          0          0         68   llshl.o
        36          0          0          0          0         68   llsshr.o
        32          0          0          0          0         68   llushr.o
        56          0          0          0          0         88   d2f.o
       334          0          0          0          0        148   dadd.o
        54          0          0          0          0         80   dcmpge.o
        54          0          0          0          0         80   dcmple.o
       222          0          0          0          0        100   ddiv.o
       186          0          0          0          0        176   depilogue.o
        62          0          0          0          0         80   dfixi.o
        34          0          0          0          0         76   dflti.o
       228          0          0          0          0         96   dmul.o
        38          0          0          0          0         68   f2d.o
       176          0          0          0          0        140   fadd.o
        28          0          0          0          0         68   fcmpge.o
        28          0          0          0          0         68   fcmpgt.o
        28          0          0          0          0         68   fcmple.o
        28          0          0          0          0         68   fcmplt.o
       124          0          0          0          0         88   fdiv.o
       110          0          0          0          0        168   fepilogue.o
        50          0          0          0          0         68   ffixi.o
        66          0          0          0          0         76   ffixl.o
        18          0          0          0          0         68   fflti.o
        10          0          0          0          0         68   ffltui.o
       100          0          0          0          0         76   fmul.o

    ----------------------------------------------------------------------
      2232         18          0          0          0       2288   Library Totals
         2          0          0          0          0          0   (incl. Padding)

    ----------------------------------------------------------------------

      Code (inc. data)   RO Data    RW Data    ZI Data      Debug   Library Name

       196         18          0          0          0        272   mc_w.l
      2034          0          0          0          0       2016   mf_w.l

    ----------------------------------------------------------------------
      2232         18          0          0          0       2288   Library Totals

    ----------------------------------------------------------------------

==============================================================================


      Code (inc. data)   RO Data    RW Data    ZI Data      Debug   

     34814        130       1126        116       1764      95564   Grand Totals
     34814        130       1126        116       1764      95564   ELF Image Totals
     34814        130       1126        116          0          0   ROM Totals

==============================================================================

    Total RO  Size (Code + RO Data)                35940 (  35.10kB)
    Total RW  Size (RW Data + ZI Data)              1880 (   1.84kB)
    Total ROM Size (Code + RO Data + RW Data)      36056 (  35.21kB)

==============================================================================

