Component: Arm Compiler for Embedded 6.24 Tool: armlink [5f371500]

==============================================================================

Section Cross References

    main.o(.text) refers to setup.o(.text) for ConfigRead
    main.o(.text) refers to gd32f1x0_gpio.o(.text) for gpio_bit_write
    main.o(.text) refers to bldcsine.o(.text) for InitBldc
    main.o(.text) refers to driver.o(.text) for DriverInit
    main.o(.text) refers to gd32f1x0_fwdgt.o(.text) for fwdgt_counter_reload
    main.o(.text) refers to it.o(.text) for millis
    main.o(.text) refers to remoteuartbus.o(.text) for RemoteUpdate
    main.o(.text) refers to dflti.o(.text) for __aeabi_i2d
    main.o(.text) refers to ddiv.o(.text) for __aeabi_ddiv
    main.o(.text) refers to dadd.o(.text) for __aeabi_dsub
    main.o(.text) refers to dmul.o(.text) for __aeabi_dmul
    main.o(.text) refers to dfixi.o(.text) for __aeabi_d2iz
    main.o(.text) refers to ffltui.o(.text) for __aeabi_ui2f
    main.o(.text) refers to f2d.o(.text) for __aeabi_f2d
    main.o(.text) refers to d2f.o(.text) for __aeabi_d2f
    main.o(.text) refers to fflti.o(.text) for __aeabi_i2f
    main.o(.text) refers to fmul.o(.text) for __aeabi_fmul
    main.o(.text) refers to ffixi.o(.text) for __aeabi_f2iz
    main.o(.text) refers to fadd.o(.text) for __aeabi_fsub
    main.o(.text) refers to fdiv.o(.text) for __aeabi_fdiv
    main.o(.text) refers to fcmplt.o(.text) for __aeabi_fcmplt
    main.o(.text) refers to bldc.o(.text) for SetBldcInput
    main.o(.text) refers to fcmpgt.o(.text) for __aeabi_fcmpgt
    main.o(.text) refers to main.o(.bss..L_MergedGlobals.1) for [Anonymous Symbol]
    main.o(.text) refers to system_gd32f1x0.o(.data.SystemCoreClock) for SystemCoreClock
    main.o(.text) refers to main.o(.data..L_MergedGlobals) for [Anonymous Symbol]
    main.o(.text) refers to main.o(.rodata.lookUpTableAngle) for lookUpTableAngle
    main.o(.text) refers to bldc.o(.data..L_MergedGlobals) for batteryVoltage
    main.o(.ARM.exidx) refers to main.o(.text) for [Anonymous Symbol]
    bldc.o(.text) refers to bldc.o(.rodata..L__const.up_or_down.up_down) for [Anonymous Symbol]
    bldc.o(.text) refers to bldc.o(.bss..L_MergedGlobals.1) for [Anonymous Symbol]
    bldc.o(.text) refers to dflti.o(.text) for __aeabi_i2d
    bldc.o(.text) refers to ddiv.o(.text) for __aeabi_ddiv
    bldc.o(.text) refers to dmul.o(.text) for __aeabi_dmul
    bldc.o(.text) refers to dfixi.o(.text) for __aeabi_d2iz
    bldc.o(.text) refers to main.o(.bss..L_MergedGlobals.1) for iDrivingMode
    bldc.o(.text) refers to system_gd32f1x0.o(.data.SystemCoreClock) for SystemCoreClock
    bldc.o(.text) refers to bldc.o(.data..L_MergedGlobals) for [Anonymous Symbol]
    bldc.o(.text) refers to f2d.o(.text) for __aeabi_f2d
    bldc.o(.text) refers to dfltui.o(.text) for __aeabi_ui2d
    bldc.o(.text) refers to dadd.o(.text) for __aeabi_dadd
    bldc.o(.text) refers to d2f.o(.text) for __aeabi_d2f
    bldc.o(.text) refers to fcmpgt.o(.text) for __aeabi_fcmpgt
    bldc.o(.text) refers to gd32f1x0_timer.o(.text) for timer_automatic_output_disable
    bldc.o(.text) refers to driver.o(.text) for Driver
    bldc.o(.text) refers to bldcsine.o(.text) for bldc_get_pwm
    bldc.o(.text) refers to ffltui.o(.text) for __aeabi_ui2f
    bldc.o(.text) refers to fdiv.o(.text) for __aeabi_fdiv
    bldc.o(.text) refers to it.o(.bss..L_MergedGlobals) for msTicks
    bldc.o(.text) refers to gd32f1x0_gpio.o(.text) for gpio_input_bit_get
    bldc.o(.text) refers to bldc.o(.rodata.hall_to_pos) for hall_to_pos
    bldc.o(.text) refers to driver.o(.data..L_MergedGlobals) for iDriverDoEvery
    bldc.o(.ARM.exidx) refers to bldc.o(.text) for [Anonymous Symbol]
    driver.o(.text) refers to ffixl.o(.text) for __aeabi_f2lz
    driver.o(.text) refers to ffixi.o(.text) for __aeabi_f2iz
    driver.o(.text) refers to fmul.o(.text) for __aeabi_fmul
    driver.o(.text) refers to fdiv.o(.text) for __aeabi_fdiv
    driver.o(.text) refers to driver.o(.bss..L_MergedGlobals.1) for [Anonymous Symbol]
    driver.o(.text) refers to fflti.o(.text) for __aeabi_i2f
    driver.o(.text) refers to main.o(.bss..L_MergedGlobals.1) for iDrivingMode
    driver.o(.text) refers to system_gd32f1x0.o(.data.SystemCoreClock) for SystemCoreClock
    driver.o(.text) refers to driver.o(.data..L_MergedGlobals) for [Anonymous Symbol]
    driver.o(.text) refers to driver.o(.bss.pid) for pid
    driver.o(.text) refers to bldc.o(.bss..L_MergedGlobals.1) for iOdom
    driver.o(.ARM.exidx) refers to driver.o(.text) for [Anonymous Symbol]
    bldcsine.o(.text) refers to gd32f1x0_syscfg.o(.text) for syscfg_exti_line_config
    bldcsine.o(.text) refers to gd32f1x0_exti.o(.text) for exti_init
    bldcsine.o(.text) refers to gd32f1x0_misc.o(.text) for nvic_irq_enable
    bldcsine.o(.text) refers to gd32f1x0_rcu.o(.text) for rcu_periph_clock_enable
    bldcsine.o(.text) refers to bldcsine.o(.bss..L_MergedGlobals) for [Anonymous Symbol]
[...]
    OUTLINED_FUNCTION_7                      0x080027a3   Thumb Code     8  gd32f1x0_fmc.o(.text)
    OUTLINED_FUNCTION_8                      0x080027ab   Thumb Code    10  gd32f1x0_fmc.o(.text)
    [Anonymous Symbol]                       0x080027b4   Section        0  gd32f1x0_fwdgt.o(.text)
    __arm_cp.0_0                             0x080027bc   Number         4  gd32f1x0_fwdgt.o(.text)
    __arm_cp.1_0                             0x080027cc   Number         4  gd32f1x0_fwdgt.o(.text)
    __arm_cp.2_0                             0x080027dc   Number         4  gd32f1x0_fwdgt.o(.text)
    __arm_cp.3_0                             0x08002808   Number         4  gd32f1x0_fwdgt.o(.text)
    __arm_cp.3_1                             0x0800280c   Number         4  gd32f1x0_fwdgt.o(.text)
    __arm_cp.4_0                             0x08002854   Number         4  gd32f1x0_fwdgt.o(.text)
    __arm_cp.4_1                             0x08002858   Number         4  gd32f1x0_fwdgt.o(.text)
    __arm_cp.5_0                             0x08002868   Number         4  gd32f1x0_fwdgt.o(.text)
    [Anonymous Symbol]                       0x0800286c   Section        0  gd32f1x0_gpio.o(.text)
    [Anonymous Symbol]                       0x080029dc   Section        0  gd32f1x0_misc.o(.text)
    __arm_cp.0_0                             0x080029e8   Number         4  gd32f1x0_misc.o(.text)
    __arm_cp.0_1                             0x080029ec   Number         4  gd32f1x0_misc.o(.text)
    __arm_cp.1_0                             0x08002a7c   Number         4  gd32f1x0_misc.o(.text)
    __arm_cp.1_1                             0x08002a80   Number         4  gd32f1x0_misc.o(.text)
    __arm_cp.2_0                             0x08002a9c   Number         4  gd32f1x0_misc.o(.text)
    __arm_cp.3_0                             0x08002aac   Number         4  gd32f1x0_misc.o(.text)
    __arm_cp.3_1                             0x08002ab0   Number         4  gd32f1x0_misc.o(.text)
    __arm_cp.4_0                             0x08002ac0   Number         4  gd32f1x0_misc.o(.text)
    __arm_cp.5_0                             0x08002ad0   Number         4  gd32f1x0_misc.o(.text)
    __arm_cp.6_0                             0x08002ae8   Number         4  gd32f1x0_misc.o(.text)
    [Anonymous Symbol]                       0x08002aec   Section        0  gd32f1x0_rcu.o(.text)
    __arm_cp.0_0                             0x08002b3c   Number         4  gd32f1x0_rcu.o(.text)
    __arm_cp.0_1                             0x08002b40   Number         4  gd32f1x0_rcu.o(.text)
    __arm_cp.0_2                             0x08002b44   Number         4  gd32f1x0_rcu.o(.text)
    __arm_cp.0_3                             0x08002b48   Number         4  gd32f1x0_rcu.o(.text)
    __arm_cp.1_0                             0x08002b58   Number         4  gd32f1x0_rcu.o(.text)
    __arm_cp.2_0                             0x08002b68   Number         4  gd32f1x0_rcu.o(.text)
    __arm_cp.3_0                             0x08002b78   Number         4  gd32f1x0_rcu.o(.text)
    __arm_cp.4_0                             0x08002b88   Number         4  gd32f1x0_rcu.o(.text)
    __arm_cp.5_0                             0x08002b98   Number         4  gd32f1x0_rcu.o(.text)
    __arm_cp.6_0                             0x08002ba8   Number         4  gd32f1x0_rcu.o(.text)
    __arm_cp.7_0                             0x08002bb8   Number         4  gd32f1x0_rcu.o(.text)
    __arm_cp.8_0                             0x08002bc8   Number         4  gd32f1x0_rcu.o(.text)
    __arm_cp.9_0                             0x08002bd8   Number         4  gd32f1x0_rcu.o(.text)
    __arm_cp.10_0                            0x08002be8   Number         4  gd32f1x0_rcu.o(.text)
    __arm_cp.11_0                            0x08002bf8   Number         4  gd32f1x0_rcu.o(.text)
    __arm_cp.12_0                            0x08002c08   Number         4  gd32f1x0_rcu.o(.text)
    __arm_cp.13_0                            0x08002c18   Number         4  gd32f1x0_rcu.o(.text)
    __arm_cp.14_0                            0x08002c6c   Number         4  gd32f1x0_rcu.o(.text)
    __arm_cp.15_0                            0x08002c7c   Number         4  gd32f1x0_rcu.o(.text)
    __arm_cp.16_0                            0x08002c8c   Number         4  gd32f1x0_rcu.o(.text)
    __arm_cp.17_0                            0x08002ca8   Number         4  gd32f1x0_rcu.o(.text)
    __arm_cp.17_1                            0x08002cac   Number         4  gd32f1x0_rcu.o(.text)
    __arm_cp.18_0                            0x08002cbc   Number         4  gd32f1x0_rcu.o(.text)
    __arm_cp.19_0                            0x08002ccc   Number         4  gd32f1x0_rcu.o(.text)
    __arm_cp.20_0                            0x08002cdc   Number         4  gd32f1x0_rcu.o(.text)
    __arm_cp.21_0                            0x08002cec   Number         4  gd32f1x0_rcu.o(.text)
    __arm_cp.22_0                            0x08002cfc   Number         4  gd32f1x0_rcu.o(.text)
    __arm_cp.23_0                            0x08002d14   Number         4  gd32f1x0_rcu.o(.text)
    __arm_cp.24_0                            0x08002d24   Number         4  gd32f1x0_rcu.o(.text)
    __arm_cp.25_0                            0x08002d34   Number         4  gd32f1x0_rcu.o(.text)
    __arm_cp.26_0                            0x08002d40   Number         4  gd32f1x0_rcu.o(.text)
    __arm_cp.27_0                            0x08002d4c   Number         4  gd32f1x0_rcu.o(.text)
    __arm_cp.28_0                            0x08002d5c   Number         4  gd32f1x0_rcu.o(.text)
    __arm_cp.29_0                            0x08002e20   Number         4  gd32f1x0_rcu.o(.text)
    __arm_cp.29_1                            0x08002e24   Number         4  gd32f1x0_rcu.o(.text)
    __arm_cp.30_0                            0x08002e34   Number         4  gd32f1x0_rcu.o(.text)
    __arm_cp.31_0                            0x08002e44   Number         4  gd32f1x0_rcu.o(.text)
    __arm_cp.32_0                            0x08002e7c   Number         4  gd32f1x0_rcu.o(.text)
    __arm_cp.33_0                            0x08002eb4   Number         4  gd32f1x0_rcu.o(.text)
    __arm_cp.34_0                            0x08002ec4   Number         4  gd32f1x0_rcu.o(.text)
    __arm_cp.35_0                            0x08002ed4   Number         4  gd32f1x0_rcu.o(.text)
    __arm_cp.36_0                            0x08002edc   Number         4  gd32f1x0_rcu.o(.text)
    __arm_cp.37_0                            0x08002ee4   Number         4  gd32f1x0_rcu.o(.text)
    __arm_cp.38_0                            0x08002efc   Number         4  gd32f1x0_rcu.o(.text)
    __arm_cp.38_1                            0x08002f00   Number         4  gd32f1x0_rcu.o(.text)
    __arm_cp.39_0                            0x08002f10   Number         4  gd32f1x0_rcu.o(.text)
    __arm_cp.40_0                            0x08002f20   Number         4  gd32f1x0_rcu.o(.text)
    __arm_cp.41_0                            0x0800301c   Number         4  gd32f1x0_rcu.o(.text)
    __arm_cp.41_1                            0x08003020   Number         4  gd32f1x0_rcu.o(.text)
    __arm_cp.41_2                            0x08003024   Number         4  gd32f1x0_rcu.o(.text)
    __arm_cp.41_4                            0x08003038   Number         4  gd32f1x0_rcu.o(.text)
    __arm_cp.41_5                            0x0800303c   Number         4  gd32f1x0_rcu.o(.text)
    OUTLINED_FUNCTION_0                      0x08003041   Thumb Code    10  gd32f1x0_rcu.o(.text)
    OUTLINED_FUNCTION_1                      0x0800304b   Thumb Code    14  gd32f1x0_rcu.o(.text)
    OUTLINED_FUNCTION_2                      0x08003059   Thumb Code    10  gd32f1x0_rcu.o(.text)
    OUTLINED_FUNCTION_3                      0x08003063   Thumb Code     6  gd32f1x0_rcu.o(.text)
    OUTLINED_FUNCTION_4                      0x08003069   Thumb Code     8  gd32f1x0_rcu.o(.text)
    OUTLINED_FUNCTION_5                      0x08003071   Thumb Code    14  gd32f1x0_rcu.o(.text)
    OUTLINED_FUNCTION_6                      0x0800307f   Thumb Code    14  gd32f1x0_rcu.o(.text)
    [Anonymous Symbol]                       0x0800308c   Section        0  gd32f1x0_syscfg.o(.text)
    __arm_cp.1_0                             0x080030a8   Number         4  gd32f1x0_syscfg.o(.text)
    __arm_cp.2_0                             0x080030b8   Number         4  gd32f1x0_syscfg.o(.text)
    __arm_cp.3_0                             0x080030c8   Number         4  gd32f1x0_syscfg.o(.text)
    __arm_cp.4_0                             0x080030d8   Number         4  gd32f1x0_syscfg.o(.text)
    __arm_cp.5_0                             0x0800311c   Number         4  gd32f1x0_syscfg.o(.text)
    __arm_cp.6_0                             0x08003124   Number         4  gd32f1x0_syscfg.o(.text)
    __arm_cp.7_0                             0x08003134   Number         4  gd32f1x0_syscfg.o(.text)
    __arm_cp.8_0                             0x0800313c   Number         4  gd32f1x0_syscfg.o(.text)
    OUTLINED_FUNCTION_0                      0x08003141   Thumb Code     8  gd32f1x0_syscfg.o(.text)
    [Anonymous Symbol]                       0x08003148   Section        0  gd32f1x0_timer.o(.text)
    __arm_cp.0_0                             0x080031bc   Number         4  gd32f1x0_timer.o(.text)
    __arm_cp.0_1                             0x080031c0   Number         4  gd32f1x0_timer.o(.text)
    __arm_cp.0_2                             0x080031c4   Number         4  gd32f1x0_timer.o(.text)
    __arm_cp.0_3                             0x080031c8   Number         4  gd32f1x0_timer.o(.text)
    __arm_cp.0_4                             0x080031cc   Number         4  gd32f1x0_timer.o(.text)
    __arm_cp.0_5                             0x080031d0   Number         4  gd32f1x0_timer.o(.text)
    __arm_cp.0_6                             0x080031d4   Number         4  gd32f1x0_timer.o(.text)
    __arm_cp.2_0                             0x08003290   Number         4  gd32f1x0_timer.o(.text)
    __arm_cp.2_1                             0x08003294   Number         4  gd32f1x0_timer.o(.text)
    __arm_cp.2_2                             0x08003298   Number         4  gd32f1x0_timer.o(.text)
    __arm_cp.2_3                             0x0800329c   Number         4  gd32f1x0_timer.o(.text)
    __arm_cp.2_4                             0x080032a0   Number         4  gd32f1x0_timer.o(.text)
    __arm_cp.2_5                             0x080032a4   Number         4  gd32f1x0_timer.o(.text)
    __arm_cp.42_0                            0x0800367c   Number         4  gd32f1x0_timer.o(.text)
    __arm_cp.42_1                            0x08003680   Number         4  gd32f1x0_timer.o(.text)
    __arm_cp.42_2                            0x08003684   Number         4  gd32f1x0_timer.o(.text)
    __arm_cp.42_3                            0x08003688   Number         4  gd32f1x0_timer.o(.text)
    __arm_cp.42_4                            0x0800368c   Number         4  gd32f1x0_timer.o(.text)
    OUTLINED_FUNCTION_0                      0x08003c9d   Thumb Code    32  gd32f1x0_timer.o(.text)
    OUTLINED_FUNCTION_1                      0x08003cbd   Thumb Code    10  gd32f1x0_timer.o(.text)
    OUTLINED_FUNCTION_2                      0x08003cc7   Thumb Code    10  gd32f1x0_timer.o(.text)
    [Anonymous Symbol]                       0x08003cd0   Section        0  gd32f1x0_usart.o(.text)
    __arm_cp.0_0                             0x08003cfc   Number         4  gd32f1x0_usart.o(.text)
    __arm_cp.0_1                             0x08003d00   Number         4  gd32f1x0_usart.o(.text)
    __arm_cp.1_0                             0x08003d50   Number         4  gd32f1x0_usart.o(.text)
    __arm_cp.1_1                             0x08003d54   Number         4  gd32f1x0_usart.o(.text)
    OUTLINED_FUNCTION_0                      0x080041d1   Thumb Code    10  gd32f1x0_usart.o(.text)
    OUTLINED_FUNCTION_1                      0x080041db   Thumb Code    10  gd32f1x0_usart.o(.text)
    OUTLINED_FUNCTION_2                      0x080041e5   Thumb Code    10  gd32f1x0_usart.o(.text)
    OUTLINED_FUNCTION_3                      0x080041ef   Thumb Code    14  gd32f1x0_usart.o(.text)
    OUTLINED_FUNCTION_4                      0x080041fd   Thumb Code    12  gd32f1x0_usart.o(.text)
    OUTLINED_FUNCTION_5                      0x08004209   Thumb Code    10  gd32f1x0_usart.o(.text)
    .text                                    0x08004214   Section       36  startup_gd32f1x0.o(.text)
    [Anonymous Symbol]                       0x08004238   Section        0  system_gd32f1x0.o(.text)
    __arm_cp.0_0                             0x080042dc   Number         4  system_gd32f1x0.o(.text)
    __arm_cp.0_1                             0x080042e0   Number         4  system_gd32f1x0.o(.text)
    __arm_cp.0_2                             0x080042e4   Number         4  system_gd32f1x0.o(.text)
    __arm_cp.0_3                             0x080042e8   Number         4  system_gd32f1x0.o(.text)
    __arm_cp.0_4                             0x080042ec   Number         4  system_gd32f1x0.o(.text)
    __arm_cp.1_0                             0x08004340   Number         4  system_gd32f1x0.o(.text)
    __arm_cp.1_1                             0x08004344   Number         4  system_gd32f1x0.o(.text)
    __arm_cp.1_2                             0x08004348   Number         4  system_gd32f1x0.o(.text)
    __arm_cp.1_3                             0x0800434c   Number         4  system_gd32f1x0.o(.text)
    .text                                    0x08004360   Section        0  memseta.o(.text)
    .text                                    0x08004384   Section        0  fadd.o(.text)
    .text                                    0x08004434   Section        0  fmul.o(.text)
    .text                                    0x08004498   Section        0  fdiv.o(.text)
    .text                                    0x08004514   Section        0  dadd.o(.text)
    .text                                    0x08004662   Section        0  dmul.o(.text)
    .text                                    0x08004746   Section        0  ddiv.o(.text)
    .text                                    0x08004824   Section        0  fcmplt.o(.text)
    .text                                    0x08004840   Section        0  fcmpgt.o(.text)
    .text                                    0x0800485c   Section        0  fflti.o(.text)
    .text                                    0x0800486e   Section        0  ffltui.o(.text)
    .text                                    0x08004878   Section        0  dflti.o(.text)
    .text                                    0x0800489a   Section        0  dfltui.o(.text)
    .text                                    0x080048b4   Section        0  ffixi.o(.text)
    .text                                    0x080048e6   Section        0  ffixl.o(.text)
    .text                                    0x08004928   Section        0  dfixi.o(.text)
    .text                                    0x08004966   Section        0  f2d.o(.text)
    .text                                    0x0800498c   Section        0  d2f.o(.text)
    .text                                    0x080049c4   Section        0  llshl.o(.text)
    .text                                    0x080049e2   Section        0  llushr.o(.text)
    .text                                    0x08004a02   Section        0  llsshr.o(.text)
    .text                                    0x08004a26   Section        0  iusefp.o(.text)
    .text                                    0x08004a26   Section        0  fepilogue.o(.text)
    .text                                    0x08004a94   Section        0  depilogue.o(.text)
    .text                                    0x08004b50   Section       48  init.o(.text)
    i.__scatterload_copy                     0x08004b80   Section       14  handlers.o(i.__scatterload_copy)
    i.__scatterload_null                     0x08004b8e   Section        2  handlers.o(i.__scatterload_null)
    i.__scatterload_zeroinit                 0x08004b90   Section       14  handlers.o(i.__scatterload_zeroinit)
    [Anonymous Symbol]                       0x08004b9e   Section        0  bldc.o(.rodata..L__const.up_or_down.up_down)
    hall_to_sector                           0x08004baa   Data           8  bldcsine.o(.rodata.cst8)
    [Anonymous Symbol]                       0x08004baa   Section        0  bldcsine.o(.rodata.cst8)
    [Anonymous Symbol]                       0x08004bb2   Section        0  gd32f1x0_rcu.o(.rodata.cst8)
    sine_table                               0x08004e98   Data         720  bldcsine.o(.rodata.sine_table)
    [Anonymous Symbol]                       0x08004e98   Section        0  bldcsine.o(.rodata.sine_table)
    [Anonymous Symbol]                       0x20000000   Section        0  main.o(.data..L_MergedGlobals)
    [Anonymous Symbol]                       0x20000004   Section        0  bldc.o(.data..L_MergedGlobals)
    [Anonymous Symbol]                       0x20000018   Section        0  driver.o(.data..L_MergedGlobals)
    [Anonymous Symbol]                       0x20000078   Section        0  bldcsine.o(.bss..L_MergedGlobals)
    [Anonymous Symbol]                       0x200000a8   Section        0  setup.o(.bss..L_MergedGlobals)
    [Anonymous Symbol]                       0x20000110   Section        0  it.o(.bss..L_MergedGlobals)
    TIMER0_BRK_UP_TRG_COM_IRQHandler.interrupt_toggle 0x20000111   Data           1  it.o(.bss..L_MergedGlobals)
    [Anonymous Symbol]                       0x2000013c   Section        0  remoteuartbus.o(.bss..L_MergedGlobals)
    iReceivePos                              0x2000013e   Data           2  remoteuartbus.o(.bss..L_MergedGlobals)
    [Anonymous Symbol]                       0x20000144   Section        0  main.o(.bss..L_MergedGlobals.1)
    [Anonymous Symbol]                       0x20000168   Section        0  bldc.o(.bss..L_MergedGlobals.1)
    [Anonymous Symbol]                       0x200001c4   Section        0  driver.o(.bss..L_MergedGlobals.1)
    aReceiveBuffer                           0x200001f8   Data         255  remoteuartbus.o(.bss.aReceiveBuffer)
    [Anonymous Symbol]                       0x200001f8   Section        0  remoteuartbus.o(.bss.aReceiveBuffer)
    STACK                                    0x20000378   Section     1024  startup_gd32f1x0.o(STACK)

    Global Symbols

    Symbol Name                              Value     Ov Type        Size  Object(Section)

    BuildAttributes$$THM_ISAv4$P$D$K$B$S$PE$A:L22UL41UL21$X:L11$S22US41US21$IEEE1$IW$~IW$USESV6$~STKCKD$USESV7$~SHL$OTIME$ROPI$EBA8$MICROLIB$REQ8$PRES8$EABIv2 0x00000000   Number         0  anon$$obj.o ABSOLUTE
    __cpp_initialize__aeabi_                  - Undefined Weak Reference
    __cxa_finalize                            - Undefined Weak Reference
    __decompress                              - Undefined Weak Reference
    _clock_init                               - Undefined Weak Reference
    _microlib_exit                            - Undefined Weak Reference
    __Vectors_Size                           0x00000168   Number         0  startup_gd32f1x0.o ABSOLUTE
    __Vectors                                0x08000000   Data           4  startup_gd32f1x0.o(RESET)
    __Vectors_End                            0x08000168   Data           0  startup_gd32f1x0.o(RESET)
    __main                                   0x08000169   Thumb Code     0  entry.o(.ARM.Collect$$$$00000000)
    _main_stk                                0x08000169   Thumb Code     0  entry2.o(.ARM.Collect$$$$00000001)
    _main_scatterload                        0x0800016d   Thumb Code     0  entry5.o(.ARM.Collect$$$$00000004)
    __main_after_scatterload                 0x08000171   Thumb Code     0  entry5.o(.ARM.Collect$$$$00000004)
    _main_clock                              0x08000171   Thumb Code     0  entry7b.o(.ARM.Collect$$$$00000008)
    _main_cpp_init                           0x08000171   Thumb Code     0  entry8b.o(.ARM.Collect$$$$0000000A)
    _main_init                               0x08000171   Thumb Code     0  entry9a.o(.ARM.Collect$$$$0000000B)
    __rt_final_cpp                           0x08000179   Thumb Code     0  entry10a.o(.ARM.Collect$$$$0000000D)
    __rt_final_exit                          0x08000179   Thumb Code     0  entry11a.o(.ARM.Collect$$$$0000000F)
    main                                     0x0800017d   Thumb Code   980  main.o(.text)
    ShutOff                                  0x080005a9   Thumb Code    88  main.o(.text)
    ShowBatteryState                         0x08000609   Thumb Code   116  main.o(.text)
    modulo                                   0x0800069d   Thumb Code    22  bldc.o(.text)
    up_or_down                               0x080006b5   Thumb Code    36  bldc.o(.text)
    SetEnable                                0x080006dd   Thumb Code     8  bldc.o(.text)
    SetBldcInput                             0x080006e9   Thumb Code    88  bldc.o(.text)
    SetFilter                                0x08000751   Thumb Code    24  bldc.o(.text)
    CalculateBLDC                            0x08000771   Thumb Code   876  bldc.o(.text)
    PID_Init                                 0x08000b4d   Thumb Code    96  driver.o(.text)
    PID_Update                               0x08000bb1   Thumb Code   240  driver.o(.text)
    DriverInit                               0x08000ca5   Thumb Code   136  driver.o(.text)
    Driver                                   0x08000d3d   Thumb Code    36  driver.o(.text)
    InitEXTI                                 0x08000d79   Thumb Code    64  bldcsine.o(.text)
    InitBldc                                 0x08000db9   Thumb Code    36  bldcsine.o(.text)
    _HandleEXTI                              0x08000ded   Thumb Code   124  bldcsine.o(.text)
    EXTI0_1_IRQHandler                       0x08000e7d   Thumb Code     4  bldcsine.o(.text)
    EXTI2_3_IRQHandler                       0x08000e81   Thumb Code     4  bldcsine.o(.text)
    EXTI4_15_IRQHandler                      0x08000e85   Thumb Code     4  bldcsine.o(.text)
    bldc_get_pwm                             0x08000e89   Thumb Code   372  bldcsine.o(.text)
    pinMode                                  0x08001015   Thumb Code    42  setup.o(.text)
    pinModePull                              0x0800103f   Thumb Code    38  setup.o(.text)
    Interrupt_init                           0x08001065   Thumb Code     8  setup.o(.text)
    Watchdog_init                            0x0800106d   Thumb Code    54  setup.o(.text)
    TimeoutTimer_init                        0x080010a5   Thumb Code    88  setup.o(.text)
    GPIO_init                                0x08001109   Thumb Code   372  setup.o(.text)
    PWM_init                                 0x0800129d   Thumb Code   304  setup.o(.text)
    ADC_init                                 0x080013f5   Thumb Code   212  setup.o(.text)
    USART0_Init                              0x080014d5   Thumb Code   264  setup.o(.text)
    USART1_Init                              0x080015e5   Thumb Code     2  setup.o(.text)
    USART2_Init                              0x080015e7   Thumb Code     2  setup.o(.text)
    flashErase                               0x080015e9   Thumb Code    28  setup.o(.text)
    flashRead                                0x08001605   Thumb Code     4  setup.o(.text)
    flashWrite                               0x08001609   Thumb Code    38  setup.o(.text)
    flashWriteBuffer                         0x0800162f   Thumb Code    30  setup.o(.text)
    flashReadBuffer                          0x0800164d   Thumb Code    20  setup.o(.text)
    ConfigReset                              0x08001661   Thumb Code    32  setup.o(.text)
    ConfigWrite                              0x08001689   Thumb Code    44  setup.o(.text)
    ConfigRead                               0x080016c1   Thumb Code    64  setup.o(.text)
    Clock_init                               0x0800170d   Thumb Code    36  setup.o(.text)
    Clock_test                               0x0800173d   Thumb Code    36  setup.o(.text)
    SysTick_Handler                          0x08001791   Thumb Code    12  it.o(.text)
    ResetTimeout                             0x080017a1   Thumb Code     8  it.o(.text)
    TIMER13_IRQHandler                       0x080017ad   Thumb Code    44  it.o(.text)
    TIMER0_BRK_UP_TRG_COM_IRQHandler         0x080017e5   Thumb Code    76  it.o(.text)
    DMA_Channel0_IRQHandler                  0x08001839   Thumb Code    60  it.o(.text)
    DMA_Channel1_2_IRQHandler                0x08001879   Thumb Code    44  it.o(.text)
    millis                                   0x080018a9   Thumb Code     8  it.o(.text)
    Delay                                    0x080018b5   Thumb Code    20  it.o(.text)
    NMI_Handler                              0x080018cd   Thumb Code     2  it.o(.text)
    HardFault_Handler                        0x080018cf   Thumb Code     2  it.o(.text)
    MemManage_Handler                        0x080018d1   Thumb Code     2  it.o(.text)
    BusFault_Handler                         0x080018d3   Thumb Code     2  it.o(.text)
    UsageFault_Handler                       0x080018d5   Thumb Code     2  it.o(.text)
    SVC_Handler                              0x080018d7   Thumb Code     2  it.o(.text)
    DebugMon_Handler                         0x080018d9   Thumb Code     2  it.o(.text)
    PendSV_Handler                           0x080018db   Thumb Code     2  it.o(.text)
    SendBuffer                               0x080018dd   Thumb Code    42  comms.o(.text)
    CalcCRC                                  0x08001907   Thumb Code    50  comms.o(.text)
    RemoteUpdate                             0x08001939   Thumb Code    28  remoteuartbus.o(.text)
    AnswerMaster                             0x0800195d   Thumb Code   120  remoteuartbus.o(.text)
    RemoteCallback                           0x080019f1   Thumb Code   220  remoteuartbus.o(.text)
    adc_deinit                               0x08001aed   Thumb Code    22  gd32f1x0_adc.o(.text)
    adc_enable                               0x08001b05   Thumb Code    20  gd32f1x0_adc.o(.text)
    adc_disable                              0x08001b1d   Thumb Code    12  gd32f1x0_adc.o(.text)
    adc_calibration_enable                   0x08001b2d   Thumb Code    32  gd32f1x0_adc.o(.text)
    adc_dma_mode_enable                      0x08001b51   Thumb Code    12  gd32f1x0_adc.o(.text)
    adc_dma_mode_disable                     0x08001b61   Thumb Code    12  gd32f1x0_adc.o(.text)
    adc_tempsensor_vrefint_enable            0x08001b71   Thumb Code    12  gd32f1x0_adc.o(.text)
    adc_tempsensor_vrefint_disable           0x08001b81   Thumb Code    12  gd32f1x0_adc.o(.text)
    adc_vbat_enable                          0x08001b91   Thumb Code    12  gd32f1x0_adc.o(.text)
    adc_vbat_disable                         0x08001ba1   Thumb Code    12  gd32f1x0_adc.o(.text)
    adc_discontinuous_mode_config            0x08001bb1   Thumb Code    60  gd32f1x0_adc.o(.text)
    adc_special_function_config              0x08001bf1   Thumb Code    80  gd32f1x0_adc.o(.text)
    adc_data_alignment_config                0x08001c45   Thumb Code    20  gd32f1x0_adc.o(.text)
    adc_channel_length_config                0x08001c5d   Thumb Code    56  gd32f1x0_adc.o(.text)
    adc_regular_channel_config               0x08001c99   Thumb Code   136  gd32f1x0_adc.o(.text)
    adc_inserted_channel_config              0x08001d25   Thumb Code    84  gd32f1x0_adc.o(.text)
    adc_inserted_channel_offset_config       0x08001d7d   Thumb Code    28  gd32f1x0_adc.o(.text)
    adc_external_trigger_config              0x08001d9d   Thumb Code    56  gd32f1x0_adc.o(.text)
    adc_external_trigger_source_config       0x08001dd9   Thumb Code    36  gd32f1x0_adc.o(.text)
    adc_software_trigger_enable              0x08001e01   Thumb Code    28  gd32f1x0_adc.o(.text)
    adc_regular_data_read                    0x08001e21   Thumb Code     8  gd32f1x0_adc.o(.text)
    adc_inserted_data_read                   0x08001e2d   Thumb Code    36  gd32f1x0_adc.o(.text)
    adc_flag_get                             0x08001e55   Thumb Code    12  gd32f1x0_adc.o(.text)
    adc_flag_clear                           0x08001e65   Thumb Code     4  gd32f1x0_adc.o(.text)
    adc_interrupt_flag_get                   0x08001e6d   Thumb Code    48  gd32f1x0_adc.o(.text)
    adc_interrupt_flag_clear                 0x08001ea1   Thumb Code     4  gd32f1x0_adc.o(.text)
    adc_interrupt_enable                     0x08001ea9   Thumb Code    40  gd32f1x0_adc.o(.text)
    adc_interrupt_disable                    0x08001ed5   Thumb Code    40  gd32f1x0_adc.o(.text)
    adc_watchdog_single_channel_enable       0x08001f01   Thumb Code    28  gd32f1x0_adc.o(.text)
    adc_watchdog_group_channel_enable        0x08001f29   Thumb Code    32  gd32f1x0_adc.o(.text)
    adc_watchdog_disable                     0x08001f5d   Thumb Code    12  gd32f1x0_adc.o(.text)
    adc_watchdog_threshold_config            0x08001f71   Thumb Code    16  gd32f1x0_adc.o(.text)
    dma_deinit                               0x08001f99   Thumb Code    44  gd32f1x0_dma.o(.text)
    dma_struct_para_init                     0x08001fc9   Thumb Code    24  gd32f1x0_dma.o(.text)
    dma_init                                 0x08001fe1   Thumb Code   112  gd32f1x0_dma.o(.text)
    dma_circulation_enable                   0x08002055   Thumb Code    16  gd32f1x0_dma.o(.text)
    dma_circulation_disable                  0x08002069   Thumb Code    16  gd32f1x0_dma.o(.text)
    dma_memory_to_memory_enable              0x0800207d   Thumb Code    16  gd32f1x0_dma.o(.text)
    dma_memory_to_memory_disable             0x08002091   Thumb Code    16  gd32f1x0_dma.o(.text)
    dma_channel_enable                       0x080020a5   Thumb Code    16  gd32f1x0_dma.o(.text)
    dma_channel_disable                      0x080020b9   Thumb Code    16  gd32f1x0_dma.o(.text)
    dma_periph_address_config                0x080020cd   Thumb Code     4  gd32f1x0_dma.o(.text)
    dma_memory_address_config                0x080020d5   Thumb Code     4  gd32f1x0_dma.o(.text)
    dma_transfer_number_config               0x080020dd   Thumb Code     4  gd32f1x0_dma.o(.text)
    dma_transfer_number_get                  0x080020e5   Thumb Code    12  gd32f1x0_dma.o(.text)
    dma_priority_config                      0x080020f5   Thumb Code    16  gd32f1x0_dma.o(.text)
    dma_memory_width_config                  0x08002109   Thumb Code    16  gd32f1x0_dma.o(.text)
    dma_periph_width_config                  0x0800211d   Thumb Code    16  gd32f1x0_dma.o(.text)
    dma_memory_increase_enable               0x08002131   Thumb Code    16  gd32f1x0_dma.o(.text)
    dma_memory_increase_disable              0x08002145   Thumb Code    16  gd32f1x0_dma.o(.text)
    dma_periph_increase_enable               0x08002159   Thumb Code    16  gd32f1x0_dma.o(.text)
    dma_periph_increase_disable              0x0800216d   Thumb Code    16  gd32f1x0_dma.o(.text)
    dma_transfer_direction_config            0x08002181   Thumb Code    28  gd32f1x0_dma.o(.text)
    dma_interrupt_flag_get                   0x080021a1   Thumb Code    72  gd32f1x0_dma.o(.text)
    dma_interrupt_flag_clear                 0x0800222d   Thumb Code    16  gd32f1x0_dma.o(.text)
    dma_interrupt_enable                     0x08002241   Thumb Code    12  gd32f1x0_dma.o(.text)
    dma_interrupt_disable                    0x08002251   Thumb Code    20  gd32f1x0_dma.o(.text)
    dma_flag_get                             0x08002269   Thumb Code    20  gd32f1x0_dma.o(.text)
    dma_flag_clear                           0x08002281   Thumb Code    16  gd32f1x0_dma.o(.text)
    exti_deinit                              0x080022ad   Thumb Code    20  gd32f1x0_exti.o(.text)
    exti_init                                0x080022c5   Thumb Code    92  gd32f1x0_exti.o(.text)
    exti_interrupt_enable                    0x08002325   Thumb Code     4  gd32f1x0_exti.o(.text)
    exti_event_enable                        0x0800232d   Thumb Code     4  gd32f1x0_exti.o(.text)
    exti_interrupt_disable                   0x08002335   Thumb Code     4  gd32f1x0_exti.o(.text)
    exti_event_disable                       0x0800233d   Thumb Code     4  gd32f1x0_exti.o(.text)
    exti_flag_get                            0x08002345   Thumb Code    12  gd32f1x0_exti.o(.text)
    exti_flag_clear                          0x08002355   Thumb Code     8  gd32f1x0_exti.o(.text)
    exti_interrupt_flag_get                  0x08002361   Thumb Code    24  gd32f1x0_exti.o(.text)
    exti_interrupt_flag_clear                0x0800237d   Thumb Code     8  gd32f1x0_exti.o(.text)
    exti_software_interrupt_enable           0x08002389   Thumb Code     4  gd32f1x0_exti.o(.text)
    exti_software_interrupt_disable          0x08002391   Thumb Code     4  gd32f1x0_exti.o(.text)
    fmc_unlock                               0x080023ad   Thumb Code    20  gd32f1x0_fmc.o(.text)
    fmc_lock                                 0x080023cd   Thumb Code    12  gd32f1x0_fmc.o(.text)
    fmc_wscnt_set                            0x080023dd   Thumb Code    16  gd32f1x0_fmc.o(.text)
    fmc_wait_state_enable                    0x080023f1   Thumb Code    12  gd32f1x0_fmc.o(.text)
    fmc_wait_state_disable                   0x08002401   Thumb Code    12  gd32f1x0_fmc.o(.text)
    fmc_page_erase                           0x08002411   Thumb Code    48  gd32f1x0_fmc.o(.text)
    fmc_mass_erase                           0x08002481   Thumb Code    44  gd32f1x0_fmc.o(.text)
    fmc_word_program                         0x080024b1   Thumb Code    32  gd32f1x0_fmc.o(.text)
    fmc_halfword_program                     0x080024d5   Thumb Code    32  gd32f1x0_fmc.o(.text)
    ob_unlock                                0x080024f9   Thumb Code    20  gd32f1x0_fmc.o(.text)
    ob_lock                                  0x08002519   Thumb Code    12  gd32f1x0_fmc.o(.text)
    ob_reset                                 0x08002529   Thumb Code    12  gd32f1x0_fmc.o(.text)
    ob_erase                                 0x08002539   Thumb Code    88  gd32f1x0_fmc.o(.text)
    ob_obstat_plevel_get                     0x08002599   Thumb Code    12  gd32f1x0_fmc.o(.text)
    ob_write_protection_enable               0x080025a9   Thumb Code    76  gd32f1x0_fmc.o(.text)
    ob_security_protection_config            0x080025fd   Thumb Code    68  gd32f1x0_fmc.o(.text)
    ob_user_write                            0x08002649   Thumb Code    72  gd32f1x0_fmc.o(.text)
    ob_data_program                          0x08002699   Thumb Code    68  gd32f1x0_fmc.o(.text)
    ob_user_get                              0x080026e5   Thumb Code    12  gd32f1x0_fmc.o(.text)
    ob_data_get                              0x080026f5   Thumb Code     8  gd32f1x0_fmc.o(.text)
    ob_write_protection_get                  0x08002701   Thumb Code     8  gd32f1x0_fmc.o(.text)
    fmc_interrupt_enable                     0x0800270d   Thumb Code     4  gd32f1x0_fmc.o(.text)
    fmc_interrupt_disable                    0x08002715   Thumb Code    12  gd32f1x0_fmc.o(.text)
    fmc_flag_get                             0x08002725   Thumb Code    12  gd32f1x0_fmc.o(.text)
    fmc_flag_clear                           0x08002735   Thumb Code     4  gd32f1x0_fmc.o(.text)
    fmc_interrupt_flag_get                   0x0800273d   Thumb Code    12  gd32f1x0_fmc.o(.text)
    fmc_interrupt_flag_clear                 0x0800274d   Thumb Code     4  gd32f1x0_fmc.o(.text)
    fwdgt_write_disable                      0x080027b5   Thumb Code     8  gd32f1x0_fwdgt.o(.text)
    fwdgt_counter_reload                     0x080027c1   Thumb Code    12  gd32f1x0_fwdgt.o(.text)
    fwdgt_enable                             0x080027d1   Thumb Code    12  gd32f1x0_fwdgt.o(.text)
    fwdgt_window_value_config                0x080027e1   Thumb Code    40  gd32f1x0_fwdgt.o(.text)
    fwdgt_config                             0x08002811   Thumb Code    68  gd32f1x0_fwdgt.o(.text)
    fwdgt_flag_get                           0x0800285d   Thumb Code    12  gd32f1x0_fwdgt.o(.text)
    gpio_deinit                              0x0800286d   Thumb Code    52  gd32f1x0_gpio.o(.text)
    gpio_mode_set                            0x080028ad   Thumb Code    78  gd32f1x0_gpio.o(.text)
    gpio_output_options_set                  0x080028fb   Thumb Code    58  gd32f1x0_gpio.o(.text)
    gpio_bit_set                             0x08002935   Thumb Code     4  gd32f1x0_gpio.o(.text)
    gpio_bit_reset                           0x08002939   Thumb Code     4  gd32f1x0_gpio.o(.text)
    gpio_bit_write                           0x0800293d   Thumb Code    12  gd32f1x0_gpio.o(.text)
    gpio_port_write                          0x08002949   Thumb Code     4  gd32f1x0_gpio.o(.text)
    gpio_input_bit_get                       0x0800294d   Thumb Code    10  gd32f1x0_gpio.o(.text)
    gpio_input_port_get                      0x08002957   Thumb Code     6  gd32f1x0_gpio.o(.text)
    gpio_output_bit_get                      0x0800295d   Thumb Code    10  gd32f1x0_gpio.o(.text)
    gpio_output_port_get                     0x08002967   Thumb Code     6  gd32f1x0_gpio.o(.text)
    gpio_af_set                              0x0800296d   Thumb Code    96  gd32f1x0_gpio.o(.text)
    gpio_pin_lock                            0x080029cd   Thumb Code    16  gd32f1x0_gpio.o(.text)
    nvic_priority_group_set                  0x080029dd   Thumb Code    12  gd32f1x0_misc.o(.text)
    nvic_irq_enable                          0x080029f1   Thumb Code   140  gd32f1x0_misc.o(.text)
    nvic_irq_disable                         0x08002a85   Thumb Code    24  gd32f1x0_misc.o(.text)
    nvic_vector_table_set                    0x08002aa1   Thumb Code    12  gd32f1x0_misc.o(.text)
    system_lowpower_set                      0x08002ab5   Thumb Code    12  gd32f1x0_misc.o(.text)
    system_lowpower_reset                    0x08002ac5   Thumb Code    12  gd32f1x0_misc.o(.text)
    systick_clksource_set                    0x08002ad5   Thumb Code    20  gd32f1x0_misc.o(.text)
    rcu_deinit                               0x08002aed   Thumb Code    80  gd32f1x0_rcu.o(.text)
    rcu_periph_clock_enable                  0x08002b4d   Thumb Code    12  gd32f1x0_rcu.o(.text)
    rcu_periph_clock_disable                 0x08002b5d   Thumb Code    12  gd32f1x0_rcu.o(.text)
    rcu_periph_clock_sleep_enable            0x08002b6d   Thumb Code    12  gd32f1x0_rcu.o(.text)
    rcu_periph_clock_sleep_disable           0x08002b7d   Thumb Code    12  gd32f1x0_rcu.o(.text)
    rcu_periph_reset_enable                  0x08002b8d   Thumb Code    12  gd32f1x0_rcu.o(.text)
    rcu_periph_reset_disable                 0x08002b9d   Thumb Code    12  gd32f1x0_rcu.o(.text)
    rcu_bkp_reset_enable                     0x08002bad   Thumb Code    12  gd32f1x0_rcu.o(.text)
    rcu_bkp_reset_disable                    0x08002bbd   Thumb Code    12  gd32f1x0_rcu.o(.text)
    rcu_system_clock_source_config           0x08002bcd   Thumb Code    12  gd32f1x0_rcu.o(.text)
    rcu_system_clock_source_get              0x08002bdd   Thumb Code    12  gd32f1x0_rcu.o(.text)
    rcu_ahb_clock_config                     0x08002bed   Thumb Code    12  gd32f1x0_rcu.o(.text)
    rcu_apb1_clock_config                    0x08002bfd   Thumb Code    12  gd32f1x0_rcu.o(.text)
    rcu_apb2_clock_config                    0x08002c0d   Thumb Code    12  gd32f1x0_rcu.o(.text)
    rcu_adc_clock_config                     0x08002c1d   Thumb Code    80  gd32f1x0_rcu.o(.text)
    rcu_usbd_clock_config                    0x08002c71   Thumb Code    12  gd32f1x0_rcu.o(.text)
    rcu_ckout_config                         0x08002c81   Thumb Code    12  gd32f1x0_rcu.o(.text)
    rcu_pll_config                           0x08002c91   Thumb Code    24  gd32f1x0_rcu.o(.text)
    rcu_usart_clock_config                   0x08002cb1   Thumb Code    12  gd32f1x0_rcu.o(.text)
    rcu_cec_clock_config                     0x08002cc1   Thumb Code    12  gd32f1x0_rcu.o(.text)
    rcu_rtc_clock_config                     0x08002cd1   Thumb Code    12  gd32f1x0_rcu.o(.text)
    rcu_hxtal_prediv_config                  0x08002ce1   Thumb Code    12  gd32f1x0_rcu.o(.text)
    rcu_lxtal_drive_capability_config        0x08002cf1   Thumb Code    12  gd32f1x0_rcu.o(.text)
    rcu_flag_get                             0x08002d01   Thumb Code    20  gd32f1x0_rcu.o(.text)
    rcu_all_reset_flag_clear                 0x08002d19   Thumb Code    12  gd32f1x0_rcu.o(.text)
    rcu_interrupt_flag_get                   0x08002d29   Thumb Code    12  gd32f1x0_rcu.o(.text)
    rcu_interrupt_flag_clear                 0x08002d39   Thumb Code     8  gd32f1x0_rcu.o(.text)
    rcu_interrupt_enable                     0x08002d45   Thumb Code     8  gd32f1x0_rcu.o(.text)
    rcu_interrupt_disable                    0x08002d51   Thumb Code    12  gd32f1x0_rcu.o(.text)
    rcu_osci_stab_wait                       0x08002d61   Thumb Code   192  gd32f1x0_rcu.o(.text)
    rcu_osci_on                              0x08002e29   Thumb Code    12  gd32f1x0_rcu.o(.text)
    rcu_osci_off                             0x08002e39   Thumb Code    12  gd32f1x0_rcu.o(.text)
    rcu_osci_bypass_mode_enable              0x08002e49   Thumb Code    52  gd32f1x0_rcu.o(.text)
    rcu_osci_bypass_mode_disable             0x08002e81   Thumb Code    52  gd32f1x0_rcu.o(.text)
    rcu_hxtal_clock_monitor_enable           0x08002eb9   Thumb Code    12  gd32f1x0_rcu.o(.text)
    rcu_hxtal_clock_monitor_disable          0x08002ec9   Thumb Code    12  gd32f1x0_rcu.o(.text)
    rcu_irc8m_adjust_value_set               0x08002ed9   Thumb Code     4  gd32f1x0_rcu.o(.text)
    rcu_irc14m_adjust_value_set              0x08002ee1   Thumb Code     4  gd32f1x0_rcu.o(.text)
    rcu_voltage_key_unlock                   0x08002ee9   Thumb Code    20  gd32f1x0_rcu.o(.text)
    rcu_deepsleep_voltage_set                0x08002f05   Thumb Code    12  gd32f1x0_rcu.o(.text)
    rcu_power_down_voltage_set               0x08002f15   Thumb Code    12  gd32f1x0_rcu.o(.text)
    rcu_clock_freq_get                       0x08002f25   Thumb Code   248  gd32f1x0_rcu.o(.text)
    syscfg_deinit                            0x0800308d   Thumb Code    22  gd32f1x0_syscfg.o(.text)
    syscfg_dma_remap_enable                  0x080030a5   Thumb Code     4  gd32f1x0_syscfg.o(.text)
    syscfg_dma_remap_disable                 0x080030ad   Thumb Code    12  gd32f1x0_syscfg.o(.text)
    syscfg_high_current_enable               0x080030bd   Thumb Code    12  gd32f1x0_syscfg.o(.text)
    syscfg_high_current_disable              0x080030cd   Thumb Code    12  gd32f1x0_syscfg.o(.text)
    syscfg_exti_line_config                  0x080030dd   Thumb Code    64  gd32f1x0_syscfg.o(.text)
    syscfg_lock_config                       0x08003121   Thumb Code     4  gd32f1x0_syscfg.o(.text)
    syscfg_flag_get                          0x08003129   Thumb Code    12  gd32f1x0_syscfg.o(.text)
    syscfg_flag_clear                        0x08003139   Thumb Code     4  gd32f1x0_syscfg.o(.text)
    timer_deinit                             0x08003149   Thumb Code   116  gd32f1x0_timer.o(.text)
    timer_struct_para_init                   0x080031d9   Thumb Code    16  gd32f1x0_timer.o(.text)
    timer_init                               0x080031e9   Thumb Code   168  gd32f1x0_timer.o(.text)
    timer_enable                             0x080032a9   Thumb Code    10  gd32f1x0_timer.o(.text)
    timer_disable                            0x080032b3   Thumb Code    10  gd32f1x0_timer.o(.text)
    timer_auto_reload_shadow_enable          0x080032bd   Thumb Code    10  gd32f1x0_timer.o(.text)
    timer_auto_reload_shadow_disable         0x080032c7   Thumb Code    10  gd32f1x0_timer.o(.text)
    timer_update_event_enable                0x080032d1   Thumb Code    10  gd32f1x0_timer.o(.text)
    timer_update_event_disable               0x080032db   Thumb Code    10  gd32f1x0_timer.o(.text)
    timer_counter_alignment                  0x080032e5   Thumb Code    16  gd32f1x0_timer.o(.text)
    timer_counter_up_direction               0x080032f5   Thumb Code    10  gd32f1x0_timer.o(.text)
    timer_counter_down_direction             0x080032ff   Thumb Code    10  gd32f1x0_timer.o(.text)
    timer_prescaler_config                   0x08003309   Thumb Code    16  gd32f1x0_timer.o(.text)
    timer_repetition_value_config            0x08003319   Thumb Code     4  gd32f1x0_timer.o(.text)
    timer_autoreload_value_config            0x0800331d   Thumb Code     4  gd32f1x0_timer.o(.text)
    timer_counter_value_config               0x08003321   Thumb Code     4  gd32f1x0_timer.o(.text)
    timer_counter_read                       0x08003325   Thumb Code     4  gd32f1x0_timer.o(.text)
    timer_prescaler_read                     0x08003329   Thumb Code     6  gd32f1x0_timer.o(.text)
    timer_single_pulse_mode_config           0x0800332f   Thumb Code    24  gd32f1x0_timer.o(.text)
    timer_update_source_config               0x08003347   Thumb Code    24  gd32f1x0_timer.o(.text)
    timer_ocpre_clear_source_config          0x0800335f   Thumb Code    24  gd32f1x0_timer.o(.text)
    timer_interrupt_enable                   0x08003377   Thumb Code     8  gd32f1x0_timer.o(.text)
    timer_interrupt_disable                  0x0800337f   Thumb Code     4  gd32f1x0_timer.o(.text)
    timer_interrupt_flag_get                 0x08003383   Thumb Code    20  gd32f1x0_timer.o(.text)
    timer_interrupt_flag_clear               0x08003397   Thumb Code     6  gd32f1x0_timer.o(.text)
    timer_flag_get                           0x0800339d   Thumb Code    10  gd32f1x0_timer.o(.text)
    timer_flag_clear                         0x080033a7   Thumb Code     6  gd32f1x0_timer.o(.text)
    timer_dma_enable                         0x080033ad   Thumb Code     8  gd32f1x0_timer.o(.text)
    timer_dma_disable                        0x080033b5   Thumb Code     4  gd32f1x0_timer.o(.text)
    timer_channel_dma_request_source_select  0x080033b9   Thumb Code    24  gd32f1x0_timer.o(.text)
    timer_dma_transfer_config                0x080033d1   Thumb Code    22  gd32f1x0_timer.o(.text)
    timer_event_software_generate            0x080033e7   Thumb Code     8  gd32f1x0_timer.o(.text)
    timer_break_struct_para_init             0x080033ef   Thumb Code    10  gd32f1x0_timer.o(.text)
    timer_break_config                       0x080033f9   Thumb Code    32  gd32f1x0_timer.o(.text)
    timer_break_enable                       0x08003419   Thumb Code    10  gd32f1x0_timer.o(.text)
    timer_break_disable                      0x08003423   Thumb Code    10  gd32f1x0_timer.o(.text)
    timer_automatic_output_enable            0x0800342d   Thumb Code    10  gd32f1x0_timer.o(.text)
    timer_automatic_output_disable           0x08003437   Thumb Code    10  gd32f1x0_timer.o(.text)
    timer_primary_output_config              0x08003441   Thumb Code    18  gd32f1x0_timer.o(.text)
    timer_channel_control_shadow_config      0x08003453   Thumb Code    16  gd32f1x0_timer.o(.text)
    timer_channel_control_shadow_update_config 0x08003463   Thumb Code    24  gd32f1x0_timer.o(.text)
    timer_channel_output_struct_para_init    0x0800347b   Thumb Code    12  gd32f1x0_timer.o(.text)
    timer_channel_output_config              0x08003489   Thumb Code   500  gd32f1x0_timer.o(.text)
    timer_channel_output_mode_config         0x08003691   Thumb Code    54  gd32f1x0_timer.o(.text)
    timer_channel_output_pulse_value_config  0x080036c7   Thumb Code    14  gd32f1x0_timer.o(.text)
    timer_channel_output_shadow_config       0x080036d5   Thumb Code    54  gd32f1x0_timer.o(.text)
    timer_channel_output_fast_config         0x0800370d   Thumb Code    54  gd32f1x0_timer.o(.text)
    timer_channel_output_clear_config        0x08003745   Thumb Code    54  gd32f1x0_timer.o(.text)
    timer_channel_output_polarity_config     0x0800377d   Thumb Code    66  gd32f1x0_timer.o(.text)
    timer_channel_complementary_output_polarity_config 0x080037c1   Thumb Code    66  gd32f1x0_timer.o(.text)
    timer_channel_output_state_config        0x08003805   Thumb Code    66  gd32f1x0_timer.o(.text)
    timer_channel_complementary_output_state_config 0x08003847   Thumb Code    52  gd32f1x0_timer.o(.text)
    timer_channel_input_struct_para_init     0x0800387b   Thumb Code    12  gd32f1x0_timer.o(.text)
    timer_input_capture_config               0x08003889   Thumb Code   256  gd32f1x0_timer.o(.text)
    timer_channel_input_capture_prescaler_config 0x08003989   Thumb Code    54  gd32f1x0_timer.o(.text)
    timer_channel_capture_value_register_read 0x080039bf   Thumb Code    18  gd32f1x0_timer.o(.text)
    timer_input_pwm_capture_config           0x080039d1   Thumb Code   344  gd32f1x0_timer.o(.text)
    timer_hall_mode_config                   0x08003b29   Thumb Code    24  gd32f1x0_timer.o(.text)
    timer_input_trigger_source_select        0x08003b41   Thumb Code     8  gd32f1x0_timer.o(.text)
    timer_master_output_trigger_source_select 0x08003b49   Thumb Code    16  gd32f1x0_timer.o(.text)
    timer_slave_mode_select                  0x08003b59   Thumb Code     8  gd32f1x0_timer.o(.text)
    timer_master_slave_mode_config           0x08003b61   Thumb Code    24  gd32f1x0_timer.o(.text)
    timer_external_trigger_config            0x08003b79   Thumb Code    28  gd32f1x0_timer.o(.text)
    timer_quadrature_decoder_mode_config     0x08003b95   Thumb Code    64  gd32f1x0_timer.o(.text)
    timer_internal_clock_config              0x08003bd5   Thumb Code    10  gd32f1x0_timer.o(.text)
    timer_internal_trigger_as_external_clock_config 0x08003bdf   Thumb Code    10  gd32f1x0_timer.o(.text)
    timer_external_trigger_as_external_clock_config 0x08003be9   Thumb Code   122  gd32f1x0_timer.o(.text)
    timer_external_clock_mode0_config        0x08003c63   Thumb Code    26  gd32f1x0_timer.o(.text)
    timer_external_clock_mode1_config        0x08003c7d   Thumb Code    18  gd32f1x0_timer.o(.text)
    timer_external_clock_mode1_disable       0x08003c8f   Thumb Code    10  gd32f1x0_timer.o(.text)
    timer_channel_remap_config               0x08003c99   Thumb Code     4  gd32f1x0_timer.o(.text)
    usart_deinit                             0x08003cd1   Thumb Code    44  gd32f1x0_usart.o(.text)
    usart_baudrate_set                       0x08003d05   Thumb Code    76  gd32f1x0_usart.o(.text)
    usart_parity_config                      0x08003d59   Thumb Code    16  gd32f1x0_usart.o(.text)
    usart_word_length_set                    0x08003d69   Thumb Code    16  gd32f1x0_usart.o(.text)
    usart_stop_bit_set                       0x08003d79   Thumb Code    16  gd32f1x0_usart.o(.text)
    usart_enable                             0x08003d89   Thumb Code    10  gd32f1x0_usart.o(.text)
    usart_disable                            0x08003d93   Thumb Code    10  gd32f1x0_usart.o(.text)
    usart_transmit_config                    0x08003d9d   Thumb Code     8  gd32f1x0_usart.o(.text)
    usart_receive_config                     0x08003da5   Thumb Code     8  gd32f1x0_usart.o(.text)
    usart_data_transmit                      0x08003dad   Thumb Code     8  gd32f1x0_usart.o(.text)
    usart_data_receive                       0x08003db5   Thumb Code     8  gd32f1x0_usart.o(.text)
    usart_data_first_config                  0x08003dbd   Thumb Code    20  gd32f1x0_usart.o(.text)
    usart_invert_config                      0x08003dd1   Thumb Code    90  gd32f1x0_usart.o(.text)
    usart_overrun_enable                     0x08003e2b   Thumb Code    16  gd32f1x0_usart.o(.text)
    usart_overrun_disable                    0x08003e3b   Thumb Code    16  gd32f1x0_usart.o(.text)
    usart_oversample_config                  0x08003e4b   Thumb Code    16  gd32f1x0_usart.o(.text)
    usart_sample_bit_config                  0x08003e5b   Thumb Code    16  gd32f1x0_usart.o(.text)
    usart_autobaud_detection_enable          0x08003e6b   Thumb Code    10  gd32f1x0_usart.o(.text)
    usart_autobaud_detection_disable         0x08003e75   Thumb Code    10  gd32f1x0_usart.o(.text)
    usart_autobaud_detection_mode_config     0x08003e7f   Thumb Code     8  gd32f1x0_usart.o(.text)
    usart_mute_mode_enable                   0x08003e87   Thumb Code    10  gd32f1x0_usart.o(.text)
    usart_mute_mode_disable                  0x08003e91   Thumb Code    10  gd32f1x0_usart.o(.text)
    usart_mute_mode_wakeup_config            0x08003e9b   Thumb Code    16  gd32f1x0_usart.o(.text)
    usart_address_detection_mode_config      0x08003eab   Thumb Code    20  gd32f1x0_usart.o(.text)
    usart_address_config                     0x08003ebf   Thumb Code    26  gd32f1x0_usart.o(.text)
    usart_receiver_timeout_enable            0x08003ed9   Thumb Code    10  gd32f1x0_usart.o(.text)
    usart_receiver_timeout_disable           0x08003ee3   Thumb Code    10  gd32f1x0_usart.o(.text)
    usart_receiver_timeout_config            0x08003eed   Thumb Code    16  gd32f1x0_usart.o(.text)
    usart_lin_mode_enable                    0x08003efd   Thumb Code    18  gd32f1x0_usart.o(.text)
    usart_lin_mode_disable                   0x08003f0f   Thumb Code    18  gd32f1x0_usart.o(.text)
    usart_lin_break_detection_length_config  0x08003f21   Thumb Code    20  gd32f1x0_usart.o(.text)
    usart_halfduplex_enable                  0x08003f35   Thumb Code    16  gd32f1x0_usart.o(.text)
    usart_halfduplex_disable                 0x08003f45   Thumb Code    16  gd32f1x0_usart.o(.text)
    usart_clock_enable                       0x08003f55   Thumb Code    18  gd32f1x0_usart.o(.text)
    usart_clock_disable                      0x08003f67   Thumb Code    18  gd32f1x0_usart.o(.text)
    usart_synchronous_clock_config           0x08003f79   Thumb Code    50  gd32f1x0_usart.o(.text)
    usart_smartcard_mode_enable              0x08003fab   Thumb Code    16  gd32f1x0_usart.o(.text)
    usart_smartcard_mode_disable             0x08003fbb   Thumb Code    16  gd32f1x0_usart.o(.text)
    usart_smartcard_mode_nack_enable         0x08003fcb   Thumb Code    16  gd32f1x0_usart.o(.text)
    usart_smartcard_mode_nack_disable        0x08003fdb   Thumb Code    16  gd32f1x0_usart.o(.text)
    usart_guard_time_config                  0x08003feb   Thumb Code    20  gd32f1x0_usart.o(.text)
    usart_block_length_config                0x08003fff   Thumb Code    18  gd32f1x0_usart.o(.text)
    usart_smartcard_autoretry_config         0x08004011   Thumb Code    30  gd32f1x0_usart.o(.text)
    usart_irda_mode_enable                   0x0800402f   Thumb Code    16  gd32f1x0_usart.o(.text)
    usart_irda_mode_disable                  0x0800403f   Thumb Code    16  gd32f1x0_usart.o(.text)
    usart_irda_lowpower_config               0x0800404f   Thumb Code    20  gd32f1x0_usart.o(.text)
    usart_prescaler_config                   0x08004063   Thumb Code    16  gd32f1x0_usart.o(.text)
    usart_hardware_flow_rts_config           0x08004073   Thumb Code    16  gd32f1x0_usart.o(.text)
    usart_hardware_flow_cts_config           0x08004083   Thumb Code    16  gd32f1x0_usart.o(.text)
    usart_rs485_driver_enable                0x08004093   Thumb Code    16  gd32f1x0_usart.o(.text)
    usart_rs485_driver_disable               0x080040a3   Thumb Code    16  gd32f1x0_usart.o(.text)
    usart_driver_assertime_config            0x080040b3   Thumb Code    30  gd32f1x0_usart.o(.text)
    usart_driver_deassertime_config          0x080040d1   Thumb Code    30  gd32f1x0_usart.o(.text)
    usart_depolarity_config                  0x080040ef   Thumb Code    20  gd32f1x0_usart.o(.text)
    usart_dma_receive_config                 0x08004103   Thumb Code     8  gd32f1x0_usart.o(.text)
    usart_dma_transmit_config                0x0800410b   Thumb Code     8  gd32f1x0_usart.o(.text)
    usart_reception_error_dma_disable        0x08004113   Thumb Code    16  gd32f1x0_usart.o(.text)
    usart_reception_error_dma_enable         0x08004123   Thumb Code    16  gd32f1x0_usart.o(.text)
    usart_wakeup_enable                      0x08004133   Thumb Code    10  gd32f1x0_usart.o(.text)
    usart_wakeup_disable                     0x0800413d   Thumb Code    10  gd32f1x0_usart.o(.text)
    usart_wakeup_mode_config                 0x08004147   Thumb Code    20  gd32f1x0_usart.o(.text)
    usart_flag_get                           0x0800415b   Thumb Code    16  gd32f1x0_usart.o(.text)
    usart_flag_clear                         0x0800416b   Thumb Code     6  gd32f1x0_usart.o(.text)
    usart_interrupt_enable                   0x08004171   Thumb Code    22  gd32f1x0_usart.o(.text)
    usart_interrupt_disable                  0x08004187   Thumb Code    24  gd32f1x0_usart.o(.text)
    usart_command_enable                     0x0800419f   Thumb Code     8  gd32f1x0_usart.o(.text)
    usart_interrupt_flag_get                 0x080041a7   Thumb Code    36  gd32f1x0_usart.o(.text)
    usart_interrupt_flag_clear               0x080041cb   Thumb Code     6  gd32f1x0_usart.o(.text)
    Reset_Handler                            0x08004215   Thumb Code     8  startup_gd32f1x0.o(.text)
    ADC_CMP_IRQHandler                       0x0800422f   Thumb Code     0  startup_gd32f1x0.o(.text)
    CAN0_RX0_IRQHandler                      0x0800422f   Thumb Code     0  startup_gd32f1x0.o(.text)
    CAN0_RX1_IRQHandler                      0x0800422f   Thumb Code     0  startup_gd32f1x0.o(.text)
    CAN0_SCE_IRQHandler                      0x0800422f   Thumb Code     0  startup_gd32f1x0.o(.text)
    CAN0_TX_IRQHandler                       0x0800422f   Thumb Code     0  startup_gd32f1x0.o(.text)
    CAN1_RX0_IRQHandler                      0x0800422f   Thumb Code     0  startup_gd32f1x0.o(.text)
    CAN1_RX1_IRQHandler                      0x0800422f   Thumb Code     0  startup_gd32f1x0.o(.text)
    CAN1_SCE_IRQHandler                      0x0800422f   Thumb Code     0  startup_gd32f1x0.o(.text)
    CAN1_TX_IRQHandler                       0x0800422f   Thumb Code     0  startup_gd32f1x0.o(.text)
    CEC_IRQHandler                           0x0800422f   Thumb Code     0  startup_gd32f1x0.o(.text)
    DMA_Channel3_4_IRQHandler                0x0800422f   Thumb Code     0  startup_gd32f1x0.o(.text)
    DMA_Channel5_6_IRQHandler                0x0800422f   Thumb Code     0  startup_gd32f1x0.o(.text)
    FMC_IRQHandler                           0x0800422f   Thumb Code     0  startup_gd32f1x0.o(.text)
    I2C0_ER_IRQHandler                       0x0800422f   Thumb Code     0  startup_gd32f1x0.o(.text)
    I2C0_EV_IRQHandler                       0x0800422f   Thumb Code     0  startup_gd32f1x0.o(.text)
    I2C1_ER_IRQHandler                       0x0800422f   Thumb Code     0  startup_gd32f1x0.o(.text)
    I2C1_EV_IRQHandler                       0x0800422f   Thumb Code     0  startup_gd32f1x0.o(.text)
    I2C2_ER_IRQHandler                       0x0800422f   Thumb Code     0  startup_gd32f1x0.o(.text)
    I2C2_EV_IRQHandler                       0x0800422f   Thumb Code     0  startup_gd32f1x0.o(.text)
    LVD_IRQHandler                           0x0800422f   Thumb Code     0  startup_gd32f1x0.o(.text)
    RCU_IRQHandler                           0x0800422f   Thumb Code     0  startup_gd32f1x0.o(.text)
    RTC_IRQHandler                           0x0800422f   Thumb Code     0  startup_gd32f1x0.o(.text)
    SLCD_IRQHandler                          0x0800422f   Thumb Code     0  startup_gd32f1x0.o(.text)
    SPI0_IRQHandler                          0x0800422f   Thumb Code     0  startup_gd32f1x0.o(.text)
    SPI1_IRQHandler                          0x0800422f   Thumb Code     0  startup_gd32f1x0.o(.text)
    SPI2_IRQHandler                          0x0800422f   Thumb Code     0  startup_gd32f1x0.o(.text)
    TIMER0_Channel_IRQHandler                0x0800422f   Thumb Code     0  startup_gd32f1x0.o(.text)
    TIMER14_IRQHandler                       0x0800422f   Thumb Code     0  startup_gd32f1x0.o(.text)
    TIMER15_IRQHandler                       0x0800422f   Thumb Code     0  startup_gd32f1x0.o(.text)
    TIMER16_IRQHandler                       0x0800422f   Thumb Code     0  startup_gd32f1x0.o(.text)
    TIMER1_IRQHandler                        0x0800422f   Thumb Code     0  startup_gd32f1x0.o(.text)
    TIMER2_IRQHandler                        0x0800422f   Thumb Code     0  startup_gd32f1x0.o(.text)
    TIMER5_DAC_IRQHandler                    0x0800422f   Thumb Code     0  startup_gd32f1x0.o(.text)
    TSI_IRQHandler                           0x0800422f   Thumb Code     0  startup_gd32f1x0.o(.text)
    USART0_IRQHandler                        0x0800422f   Thumb Code     0  startup_gd32f1x0.o(.text)
    USART1_IRQHandler                        0x0800422f   Thumb Code     0  startup_gd32f1x0.o(.text)
    USBDWakeUp_IRQHandler                    0x0800422f   Thumb Code     0  startup_gd32f1x0.o(.text)
    USBD_HP_IRQHandler                       0x0800422f   Thumb Code     0  startup_gd32f1x0.o(.text)
    USBD_LP_IRQHandler                       0x0800422f   Thumb Code     0  startup_gd32f1x0.o(.text)
    WWDGT_IRQHandler                         0x0800422f   Thumb Code     0  startup_gd32f1x0.o(.text)
    SystemInit                               0x08004239   Thumb Code   164  system_gd32f1x0.o(.text)
    SystemCoreClockUpdate                    0x080042f1   Thumb Code    80  system_gd32f1x0.o(.text)
    __aeabi_memset                           0x08004361   Thumb Code    14  memseta.o(.text)
    __aeabi_memset4                          0x08004361   Thumb Code     0  memseta.o(.text)
    __aeabi_memset8                          0x08004361   Thumb Code     0  memseta.o(.text)
    __aeabi_memclr                           0x0800436f   Thumb Code     4  memseta.o(.text)
    __aeabi_memclr4                          0x0800436f   Thumb Code     0  memseta.o(.text)
    __aeabi_memclr8                          0x0800436f   Thumb Code     0  memseta.o(.text)
    _memset$wrapper                          0x08004373   Thumb Code    18  memseta.o(.text)
    __aeabi_fadd                             0x08004385   Thumb Code   164  fadd.o(.text)
    __aeabi_fsub                             0x08004429   Thumb Code     6  fadd.o(.text)
    __aeabi_frsub                            0x0800442f   Thumb Code     6  fadd.o(.text)
    __aeabi_fmul                             0x08004435   Thumb Code   100  fmul.o(.text)
    __aeabi_fdiv                             0x08004499   Thumb Code   124  fdiv.o(.text)
    __aeabi_dadd                             0x08004515   Thumb Code   322  dadd.o(.text)
    __aeabi_dsub                             0x08004657   Thumb Code     6  dadd.o(.text)
    __aeabi_drsub                            0x0800465d   Thumb Code     6  dadd.o(.text)
    __aeabi_dmul                             0x08004663   Thumb Code   228  dmul.o(.text)
    __aeabi_ddiv                             0x08004747   Thumb Code   222  ddiv.o(.text)
    __aeabi_fcmplt                           0x08004825   Thumb Code    28  fcmplt.o(.text)
    __aeabi_fcmpgt                           0x08004841   Thumb Code    28  fcmpgt.o(.text)
    __aeabi_i2f                              0x0800485d   Thumb Code    18  fflti.o(.text)
    __aeabi_ui2f                             0x0800486f   Thumb Code    10  ffltui.o(.text)
    __aeabi_i2d                              0x08004879   Thumb Code    34  dflti.o(.text)
    __aeabi_ui2d                             0x0800489b   Thumb Code    26  dfltui.o(.text)
    __aeabi_f2iz                             0x080048b5   Thumb Code    50  ffixi.o(.text)
    __aeabi_f2lz                             0x080048e7   Thumb Code    66  ffixl.o(.text)
    __aeabi_d2iz                             0x08004929   Thumb Code    62  dfixi.o(.text)
    __aeabi_f2d                              0x08004967   Thumb Code    38  f2d.o(.text)
    __aeabi_d2f                              0x0800498d   Thumb Code    56  d2f.o(.text)
    __aeabi_llsl                             0x080049c5   Thumb Code    30  llshl.o(.text)
    _ll_shift_l                              0x080049c5   Thumb Code     0  llshl.o(.text)
    __aeabi_llsr                             0x080049e3   Thumb Code    32  llushr.o(.text)
    _ll_ushift_r                             0x080049e3   Thumb Code     0  llushr.o(.text)
    __aeabi_lasr                             0x08004a03   Thumb Code    36  llsshr.o(.text)
    _ll_sshift_r                             0x08004a03   Thumb Code     0  llsshr.o(.text)
    __I$use$fp                               0x08004a27   Thumb Code     0  iusefp.o(.text)
    _float_round                             0x08004a27   Thumb Code    18  fepilogue.o(.text)
    _float_epilogue                          0x08004a39   Thumb Code    92  fepilogue.o(.text)
    _double_round                            0x08004a95   Thumb Code    30  depilogue.o(.text)
    _double_epilogue                         0x08004ab3   Thumb Code   156  depilogue.o(.text)
    __scatterload                            0x08004b51   Thumb Code    38  init.o(.text)
    __scatterload_rt2                        0x08004b51   Thumb Code     0  init.o(.text)
    __scatterload_copy                       0x08004b81   Thumb Code    14  handlers.o(i.__scatterload_copy)
    __scatterload_null                       0x08004b8f   Thumb Code     2  handlers.o(i.__scatterload_null)
    __scatterload_zeroinit                   0x08004b91   Thumb Code    14  handlers.o(i.__scatterload_zeroinit)
    hall_to_pos                              0x08004bba   Data           8  bldc.o(.rodata.hall_to_pos)
    lookUpTableAngle                         0x08004bc4   Data         724  main.o(.rodata.lookUpTableAngle)
    Region$$Table$$Base                      0x08005168   Number         0  anon$$obj.o(Region$$Table)
    Region$$Table$$Limit                     0x08005188   Number         0  anon$$obj.o(Region$$Table)
    wState                                   0x20000000   Data           1  main.o(.data..L_MergedGlobals)
    speedLimit                               0x20000002   Data           2  main.o(.data..L_MergedGlobals)
    iFILTER_SHIFT                            0x20000004   Data           1  bldc.o(.data..L_MergedGlobals)
    iFILTER_SHIFTDo                          0x20000005   Data           1  bldc.o(.data..L_MergedGlobals)
    offsetdc                                 0x20000006   Data           2  bldc.o(.data..L_MergedGlobals)
    batteryVoltage                           0x20000008   Data           4  bldc.o(.data..L_MergedGlobals)
    currentDC                                0x2000000c   Data           4  bldc.o(.data..L_MergedGlobals)
    revs32Scale                              0x20000010   Data           4  bldc.o(.data..L_MergedGlobals)
    revs32ScaleSlow                          0x20000014   Data           4  bldc.o(.data..L_MergedGlobals)
    iDriverDoEvery                           0x20000018   Data           2  driver.o(.data..L_MergedGlobals)
    aoPIDInit                                0x2000001c   Data          84  driver.o(.data..L_MergedGlobals)
    SystemCoreClock                          0x20000070   Data           4  system_gd32f1x0.o(.data.SystemCoreClock)
    wStateSlave                              0x20000074   Data           1  main.o(.data.wStateSlave)
    sectorChange                             0x20000078   Data           1  bldcsine.o(.bss..L_MergedGlobals)
    sector                                   0x20000079   Data           1  bldcsine.o(.bss..L_MergedGlobals)
    sector10x                                0x2000007a   Data           1  bldcsine.o(.bss..L_MergedGlobals)
    bInterrupt                               0x2000007b   Data           1  bldcsine.o(.bss..L_MergedGlobals)
    hall_last                                0x2000007c   Data           1  bldcsine.o(.bss..L_MergedGlobals)
    angle_deg                                0x2000007e   Data           2  bldcsine.o(.bss..L_MergedGlobals)
    angle_deg_add                            0x20000080   Data           2  bldcsine.o(.bss..L_MergedGlobals)
    angle_deg_final                          0x20000082   Data           2  bldcsine.o(.bss..L_MergedGlobals)
    angle_idx                                0x20000084   Data           2  bldcsine.o(.bss..L_MergedGlobals)
    hall_time_last                           0x20000086   Data           2  bldcsine.o(.bss..L_MergedGlobals)
    hall_time_step                           0x20000088   Data           2  bldcsine.o(.bss..L_MergedGlobals)
    iDT                                      0x2000008a   Data           2  bldcsine.o(.bss..L_MergedGlobals)
    iAdd                                     0x2000008c   Data           2  bldcsine.o(.bss..L_MergedGlobals)
    pwmGo                                    0x20000090   Data           4  bldcsine.o(.bss..L_MergedGlobals)
    hall_time_step_LPR                       0x20000094   Data           4  bldcsine.o(.bss..L_MergedGlobals)
    hall_time_step_LP                        0x20000098   Data           4  bldcsine.o(.bss..L_MergedGlobals)
    aHallEXTI                                0x2000009c   Data          12  bldcsine.o(.bss..L_MergedGlobals)
    usart0_rx_buf                            0x200000a8   Data           1  setup.o(.bss..L_MergedGlobals)
    dev_id                                   0x200000ac   Data           4  setup.o(.bss..L_MergedGlobals)
    pll_mul                                  0x200000b0   Data           4  setup.o(.bss..L_MergedGlobals)
    timerBldc_paramter_struct                0x200000b4   Data          16  setup.o(.bss..L_MergedGlobals)
    timerBldc_oc_parameter_struct            0x200000c4   Data          16  setup.o(.bss..L_MergedGlobals)
    timerBldc_break_parameter_struct         0x200000d4   Data          24  setup.o(.bss..L_MergedGlobals)
    dma_init_struct_usart                    0x200000ec   Data          36  setup.o(.bss..L_MergedGlobals)
    timedOut                                 0x20000110   Data           1  it.o(.bss..L_MergedGlobals)
    timeoutCounter_ms                        0x20000114   Data           4  it.o(.bss..L_MergedGlobals)
    msTicks                                  0x20000118   Data           4  it.o(.bss..L_MergedGlobals)
    iPwmCounter                              0x2000011c   Data           4  it.o(.bss..L_MergedGlobals)
    iPwmTime                                 0x20000120   Data           4  it.o(.bss..L_MergedGlobals)
    iPwmRate                                 0x20000124   Data           4  it.o(.bss..L_MergedGlobals)
    iAdcCounter                              0x20000128   Data           4  it.o(.bss..L_MergedGlobals)
    iAdcTime                                 0x2000012c   Data           4  it.o(.bss..L_MergedGlobals)
    iAdcRate                                 0x20000130   Data           4  it.o(.bss..L_MergedGlobals)
    iCounterUsart0                           0x20000134   Data           4  it.o(.bss..L_MergedGlobals)
    iCounter2Usart0                          0x20000138   Data           4  it.o(.bss..L_MergedGlobals)
    iRxDataType                              0x2000013c   Data           1  remoteuartbus.o(.bss..L_MergedGlobals)
    iRxDataSize                              0x2000013d   Data           1  remoteuartbus.o(.bss..L_MergedGlobals)
    iTimeLastRx                              0x20000140   Data           4  remoteuartbus.o(.bss..L_MergedGlobals)
    iDrivingMode                             0x20000144   Data           1  main.o(.bss..L_MergedGlobals.1)
    bRemoteTimeout                           0x20000145   Data           1  main.o(.bss..L_MergedGlobals.1)
    bPilotTimeout                            0x20000146   Data           1  main.o(.bss..L_MergedGlobals.1)
    enable                                   0x20000147   Data           1  main.o(.bss..L_MergedGlobals.1)
    pwmSlave                                 0x20000148   Data           2  main.o(.bss..L_MergedGlobals.1)
    iBug                                     0x2000014c   Data           4  main.o(.bss..L_MergedGlobals.1)
    steerCounter                             0x20000150   Data           4  main.o(.bss..L_MergedGlobals.1)
    speed                                    0x20000154   Data           4  main.o(.bss..L_MergedGlobals.1)
    speedShutoff                             0x20000158   Data           4  main.o(.bss..L_MergedGlobals.1)
    steer                                    0x2000015c   Data           4  main.o(.bss..L_MergedGlobals.1)
    inactivity_timeout_counter               0x20000160   Data           4  main.o(.bss..L_MergedGlobals.1)
    iTimeNextLoop                            0x20000164   Data           4  main.o(.bss..L_MergedGlobals.1)
    bldc_enable                              0x20000168   Data           1  bldc.o(.bss..L_MergedGlobals.1)
    hall                                     0x20000169   Data           1  bldc.o(.bss..L_MergedGlobals.1)
    iDrivingModeOverride                     0x2000016a   Data           1  bldc.o(.bss..L_MergedGlobals.1)
    hall_a                                   0x2000016b   Data           1  bldc.o(.bss..L_MergedGlobals.1)
    hall_b                                   0x2000016c   Data           1  bldc.o(.bss..L_MergedGlobals.1)
    hall_c                                   0x2000016d   Data           1  bldc.o(.bss..L_MergedGlobals.1)
    pos                                      0x2000016e   Data           1  bldc.o(.bss..L_MergedGlobals.1)
    lastPos                                  0x2000016f   Data           1  bldc.o(.bss..L_MergedGlobals.1)
    buzzerTimer                              0x20000170   Data           2  bldc.o(.bss..L_MergedGlobals.1)
    offsetcount                              0x20000172   Data           2  bldc.o(.bss..L_MergedGlobals.1)
    realSpeed                                0x20000174   Data           4  bldc.o(.bss..L_MergedGlobals.1)
    revs32                                   0x20000178   Data           4  bldc.o(.bss..L_MergedGlobals.1)
    torque32                                 0x2000017c   Data           4  bldc.o(.bss..L_MergedGlobals.1)
    revs32_reg                               0x20000180   Data           4  bldc.o(.bss..L_MergedGlobals.1)
    torque32_reg                             0x20000184   Data           4  bldc.o(.bss..L_MergedGlobals.1)
    revs32x                                  0x20000188   Data           4  bldc.o(.bss..L_MergedGlobals.1)
    iBldcInput                               0x2000018c   Data           4  bldc.o(.bss..L_MergedGlobals.1)
    bldc_inputFilterPwm                      0x20000190   Data           4  bldc.o(.bss..L_MergedGlobals.1)
    bldc_outputFilterPwm                     0x20000194   Data           4  bldc.o(.bss..L_MergedGlobals.1)
    speedCounter                             0x20000198   Data           4  bldc.o(.bss..L_MergedGlobals.1)
    speedCounterSlow                         0x2000019c   Data           4  bldc.o(.bss..L_MergedGlobals.1)
    speedCounterLog                          0x200001a0   Data           4  bldc.o(.bss..L_MergedGlobals.1)
    speedCounterSlowLog                      0x200001a4   Data           4  bldc.o(.bss..L_MergedGlobals.1)
    iOdom                                    0x200001a8   Data           4  bldc.o(.bss..L_MergedGlobals.1)
    iOdomLast                                0x200001ac   Data           4  bldc.o(.bss..L_MergedGlobals.1)
    filter_reg                               0x200001b0   Data           4  bldc.o(.bss..L_MergedGlobals.1)
    iBuzzCounter                             0x200001b4   Data           4  bldc.o(.bss..L_MergedGlobals.1)
    iBuzzTime                                0x200001b8   Data           4  bldc.o(.bss..L_MergedGlobals.1)
    iBuzzRate                                0x200001bc   Data           4  bldc.o(.bss..L_MergedGlobals.1)
    adc_buffer                               0x200001c0   Data           4  bldc.o(.bss..L_MergedGlobals.1)
    error                                    0x200001c4   Data           4  driver.o(.bss..L_MergedGlobals.1)
    delta_error                              0x200001c8   Data           4  driver.o(.bss..L_MergedGlobals.1)
    p_outH                                   0x200001cc   Data           4  driver.o(.bss..L_MergedGlobals.1)
    p_outL                                   0x200001d0   Data           4  driver.o(.bss..L_MergedGlobals.1)
    i_outH                                   0x200001d4   Data           4  driver.o(.bss..L_MergedGlobals.1)
    i_outL                                   0x200001d8   Data           4  driver.o(.bss..L_MergedGlobals.1)
    d_outH                                   0x200001dc   Data           4  driver.o(.bss..L_MergedGlobals.1)
    d_outL                                   0x200001e0   Data           4  driver.o(.bss..L_MergedGlobals.1)
    p_out32                                  0x200001e4   Data           4  driver.o(.bss..L_MergedGlobals.1)
    i_out32                                  0x200001e8   Data           4  driver.o(.bss..L_MergedGlobals.1)
    d_out32                                  0x200001ec   Data           4  driver.o(.bss..L_MergedGlobals.1)
    output32                                 0x200001f0   Data           4  driver.o(.bss..L_MergedGlobals.1)
    output                                   0x200001f4   Data           4  driver.o(.bss..L_MergedGlobals.1)
    dma_init_struct_adc                      0x200002f8   Data          36  setup.o(.bss.dma_init_struct_adc)
    iAnswerMaster                            0x2000031c   Data           4  remoteuartbus.o(.bss.iAnswerMaster)
    iTestClock                               0x20000320   Data           4  setup.o(.bss.iTestClock)
    oConfig                                  0x20000324   Data          20  setup.o(.bss.oConfig)
    pid                                      0x20000338   Data          48  driver.o(.bss.pid)
    timeoutTimer_paramter_struct             0x20000368   Data          16  setup.o(.bss.timeoutTimer_paramter_struct)
    __initial_sp                             0x20000778   Data           0  startup_gd32f1x0.o(STACK)



==============================================================================

Memory Map of the image

  Image Entry point : 0x08000169

  Load Region LR_IROM1 (Base: 0x08000000, Size: 0x00005200, Max: 0x00010000, ABSOLUTE)

    Execution Region ER_IROM1 (Exec base: 0x08000000, Load base: 0x08000000, Size: 0x00005188, Max: 0x00010000, ABSOLUTE)

    Exec Addr    Load Addr    Size         Type   Attr      Idx    E Section Name        Object

    0x08000000   0x08000000   0x00000168   Data   RO          281    RESET               startup_gd32f1x0.o
    0x08000168   0x08000168   0x00000000   Code   RO          298  * .ARM.Collect$$$$00000000  mc_w.l(entry.o)
    0x08000168   0x08000168   0x00000004   Code   RO          343    .ARM.Collect$$$$00000001  mc_w.l(entry2.o)
    0x0800016c   0x0800016c   0x00000004   Code   RO          346    .ARM.Collect$$$$00000004  mc_w.l(entry5.o)
    0x08000170   0x08000170   0x00000000   Code   RO          348    .ARM.Collect$$$$00000008  mc_w.l(entry7b.o)
    0x08000170   0x08000170   0x00000000   Code   RO          350    .ARM.Collect$$$$0000000A  mc_w.l(entry8b.o)
    0x08000170   0x08000170   0x00000008   Code   RO          351    .ARM.Collect$$$$0000000B  mc_w.l(entry9a.o)
    0x08000178   0x08000178   0x00000000   Code   RO          353    .ARM.Collect$$$$0000000D  mc_w.l(entry10a.o)
    0x08000178   0x08000178   0x00000000   Code   RO          355    .ARM.Collect$$$$0000000F  mc_w.l(entry11a.o)
    0x08000178   0x08000178   0x00000004   Code   RO          344    .ARM.Collect$$$$00002712  mc_w.l(entry2.o)
    0x0800017c   0x0800017c   0x00000520   Code   RO            1    .text               main.o
    0x0800069c   0x0800069c   0x000004ae   Code   RO           19    .text               bldc.o
    0x08000b4a   0x08000b4a   0x00000002   PAD
    0x08000b4c   0x08000b4c   0x0000022c   Code   RO           34    .text               driver.o
    0x08000d78   0x08000d78   0x0000029c   Code   RO           48    .text               bldcsine.o
    0x08001014   0x08001014   0x0000077c   Code   RO           61    .text               setup.o
    0x08001790   0x08001790   0x0000014c   Code   RO           77    .text               it.o
    0x080018dc   0x080018dc   0x0000005c   Code   RO           95    .text               comms.o
    0x08001938   0x08001938   0x000001b4   Code   RO          106    .text               remoteuartbus.o
    0x08001aec   0x08001aec   0x000004ac   Code   RO          154    .text               gd32f1x0_adc.o
    0x08001f98   0x08001f98   0x00000314   Code   RO          170    .text               gd32f1x0_dma.o
    0x080022ac   0x080022ac   0x000000fe   Code   RO          178    .text               gd32f1x0_exti.o
    0x080023aa   0x080023aa   0x00000002   PAD
    0x080023ac   0x080023ac   0x00000408   Code   RO          186    .text               gd32f1x0_fmc.o
    0x080027b4   0x080027b4   0x000000b8   Code   RO          194    .text               gd32f1x0_fwdgt.o
    0x0800286c   0x0800286c   0x00000170   Code   RO          202    .text               gd32f1x0_gpio.o
    0x080029dc   0x080029dc   0x00000110   Code   RO          218    .text               gd32f1x0_misc.o
    0x08002aec   0x08002aec   0x000005a0   Code   RO          236    .text               gd32f1x0_rcu.o
    0x0800308c   0x0800308c   0x000000bc   Code   RO          246    .text               gd32f1x0_syscfg.o
    0x08003148   0x08003148   0x00000b88   Code   RO          254    .text               gd32f1x0_timer.o
    0x08003cd0   0x08003cd0   0x00000542   Code   RO          263    .text               gd32f1x0_usart.o
    0x08004212   0x08004212   0x00000002   PAD
    0x08004214   0x08004214   0x00000024   Code   RO          282    .text               startup_gd32f1x0.o
    0x08004238   0x08004238   0x00000128   Code   RO          288    .text               system_gd32f1x0.o
    0x08004360   0x08004360   0x00000024   Code   RO          303    .text               mc_w.l(memseta.o)
    0x08004384   0x08004384   0x000000b0   Code   RO          309    .text               mf_w.l(fadd.o)
    0x08004434   0x08004434   0x00000064   Code   RO          311    .text               mf_w.l(fmul.o)
    0x08004498   0x08004498   0x0000007c   Code   RO          313    .text               mf_w.l(fdiv.o)
    0x08004514   0x08004514   0x0000014e   Code   RO          315    .text               mf_w.l(dadd.o)
    0x08004662   0x08004662   0x000000e4   Code   RO          317    .text               mf_w.l(dmul.o)
    0x08004746   0x08004746   0x000000de   Code   RO          319    .text               mf_w.l(ddiv.o)
    0x08004824   0x08004824   0x0000001c   Code   RO          321    .text               mf_w.l(fcmplt.o)
    0x08004840   0x08004840   0x0000001c   Code   RO          323    .text               mf_w.l(fcmpgt.o)
    0x0800485c   0x0800485c   0x00000012   Code   RO          325    .text               mf_w.l(fflti.o)
    0x0800486e   0x0800486e   0x0000000a   Code   RO          327    .text               mf_w.l(ffltui.o)
    0x08004878   0x08004878   0x00000022   Code   RO          329    .text               mf_w.l(dflti.o)
    0x0800489a   0x0800489a   0x0000001a   Code   RO          331    .text               mf_w.l(dfltui.o)
    0x080048b4   0x080048b4   0x00000032   Code   RO          333    .text               mf_w.l(ffixi.o)
    0x080048e6   0x080048e6   0x00000042   Code   RO          335    .text               mf_w.l(ffixl.o)
    0x08004928   0x08004928   0x0000003e   Code   RO          337    .text               mf_w.l(dfixi.o)
    0x08004966   0x08004966   0x00000026   Code   RO          339    .text               mf_w.l(f2d.o)
    0x0800498c   0x0800498c   0x00000038   Code   RO          341    .text               mf_w.l(d2f.o)
    0x080049c4   0x080049c4   0x0000001e   Code   RO          357    .text               mc_w.l(llshl.o)
    0x080049e2   0x080049e2   0x00000020   Code   RO          359    .text               mc_w.l(llushr.o)
    0x08004a02   0x08004a02   0x00000024   Code   RO          361    .text               mc_w.l(llsshr.o)
    0x08004a26   0x08004a26   0x00000000   Code   RO          363    .text               mc_w.l(iusefp.o)
    0x08004a26   0x08004a26   0x0000006e   Code   RO          364    .text               mf_w.l(fepilogue.o)
    0x08004a94   0x08004a94   0x000000ba   Code   RO          366    .text               mf_w.l(depilogue.o)
    0x08004b4e   0x08004b4e   0x00000002   PAD
    0x08004b50   0x08004b50   0x00000030   Code   RO          368    .text               mc_w.l(init.o)
    0x08004b80   0x08004b80   0x0000000e   Code   RO          372    i.__scatterload_copy  mc_w.l(handlers.o)
    0x08004b8e   0x08004b8e   0x00000002   Code   RO          373    i.__scatterload_null  mc_w.l(handlers.o)
    0x08004b90   0x08004b90   0x0000000e   Code   RO          374    i.__scatterload_zeroinit  mc_w.l(handlers.o)
    0x08004b9e   0x08004b9e   0x0000000c   Data   RO           23    .rodata..L__const.up_or_down.up_down  bldc.o
    0x08004baa   0x08004baa   0x00000008   Data   RO           52    .rodata.cst8        bldcsine.o
    0x08004bb2   0x08004bb2   0x00000008   Data   RO          238    .rodata.cst8        gd32f1x0_rcu.o
    0x08004bba   0x08004bba   0x00000008   Data   RO           24    .rodata.hall_to_pos  bldc.o
    0x08004bc2   0x08004bc2   0x00000002   PAD
    0x08004bc4   0x08004bc4   0x000002d4   Data   RO            8    .rodata.lookUpTableAngle  main.o
    0x08004e98   0x08004e98   0x000002d0   Data   RO           53    .rodata.sine_table  bldcsine.o
    0x08005168   0x08005168   0x00000020   Data   RO          371    Region$$Table       anon$$obj.o


    Execution Region RW_IRAM1 (Exec base: 0x20000000, Load base: 0x08005188, Size: 0x00000778, Max: 0x00002000, ABSOLUTE)

    Exec Addr    Load Addr    Size         Type   Attr      Idx    E Section Name        Object

    0x20000000   0x08005188   0x00000004   Data   RW           10    .data..L_MergedGlobals  main.o
    0x20000004   0x0800518c   0x00000014   Data   RW           25    .data..L_MergedGlobals  bldc.o
    0x20000018   0x080051a0   0x00000058   Data   RW           39    .data..L_MergedGlobals  driver.o
    0x20000070   0x080051f8   0x00000004   Data   RW          290    .data.SystemCoreClock  system_gd32f1x0.o
    0x20000074   0x080051fc   0x00000001   Data   RW            4    .data.wStateSlave   main.o
    0x20000075   0x080051fd   0x00000003   PAD
    0x20000078        -       0x00000030   Zero   RW           54    .bss..L_MergedGlobals  bldcsine.o
    0x200000a8        -       0x00000068   Zero   RW           69    .bss..L_MergedGlobals  setup.o
    0x20000110        -       0x0000002c   Zero   RW           87    .bss..L_MergedGlobals  it.o
    0x2000013c        -       0x00000008   Zero   RW          110    .bss..L_MergedGlobals  remoteuartbus.o
    0x20000144        -       0x00000024   Zero   RW           11    .bss..L_MergedGlobals.1  main.o
    0x20000168        -       0x0000005c   Zero   RW           26    .bss..L_MergedGlobals.1  bldc.o
    0x200001c4        -       0x00000034   Zero   RW           40    .bss..L_MergedGlobals.1  driver.o
    0x200001f8        -       0x000000ff   Zero   RW          109    .bss.aReceiveBuffer  remoteuartbus.o
    0x200002f7   0x080051fd   0x00000001   PAD
    0x200002f8        -       0x00000024   Zero   RW           64    .bss.dma_init_struct_adc  setup.o
    0x2000031c        -       0x00000004   Zero   RW          108    .bss.iAnswerMaster  remoteuartbus.o
    0x20000320        -       0x00000004   Zero   RW           66    .bss.iTestClock     setup.o
    0x20000324        -       0x00000014   Zero   RW           65    .bss.oConfig        setup.o
    0x20000338        -       0x00000030   Zero   RW           37    .bss.pid            driver.o
    0x20000368        -       0x00000010   Zero   RW           63    .bss.timeoutTimer_paramter_struct  setup.o
    0x20000378        -       0x00000400   Zero   RW          279    STACK               startup_gd32f1x0.o


==============================================================================

Image component sizes


      Code (inc. data)   RO Data    RW Data    ZI Data      Debug   Object Name

      1198        128         20         20         92       4797   bldc.o
       668         60        728          0         48       6013   bldcsine.o
        92          0          0          0          0       2043   comms.o
       556         44          0         88        100       3615   driver.o
      1196        156          0          0          0       7399   gd32f1x0_adc.o
       788        168          0          0          0       5966   gd32f1x0_dma.o
       254         48          0          0          0       3063   gd32f1x0_exti.o
      1032        152          0          0          0       6904   gd32f1x0_fmc.o
       184         32          0          0          0       1988   gd32f1x0_fwdgt.o
       368         12          0          0          0       4188   gd32f1x0_gpio.o
       272         40          0          0          0       3255   gd32f1x0_misc.o
      1440        242          8          0          0      12287   gd32f1x0_rcu.o
       188         36          0          0          0       2881   gd32f1x0_syscfg.o
      2952        112          0          0          0      18026   gd32f1x0_timer.o
      1346         24          0          0          0      11985   gd32f1x0_usart.o
       332         44          0          0         44       3201   it.o
      1312        108        724          5         36       6169   main.o
       436         68          0          0        267       2756   remoteuartbus.o
      1916        156          0          0        180      10149   setup.o
        36          8        360          0       1024        864   startup_gd32f1x0.o
       296         52          0          4          0       1645   system_gd32f1x0.o

    ----------------------------------------------------------------------
     16868       1690       1874        120       1792     119194   Object Totals
         0          0         32          0          0          0   (incl. Generated)
         6          0          2          3          1          0   (incl. Padding)

    ----------------------------------------------------------------------

      Code (inc. data)   RO Data    RW Data    ZI Data      Debug   Library Member Name

         0          0          0          0          0          0   entry.o
         0          0          0          0          0          0   entry10a.o
         0          0          0          0          0          0   entry11a.o
         8          4          0          0          0          0   entry2.o
         4          0          0          0          0          0   entry5.o
         0          0          0          0          0          0   entry7b.o
         0          0          0          0          0          0   entry8b.o
         8          4          0          0          0          0   entry9a.o
        30          0          0          0          0          0   handlers.o
        48         10          0          0          0         68   init.o
         0          0          0          0          0          0   iusefp.o
        30          0          0          0          0         68   llshl.o
        36          0          0          0          0         68   llsshr.o
        32          0          0          0          0         68   llushr.o
        36          0          0          0          0        108   memseta.o
        56          0          0          0          0         88   d2f.o
       334          0          0          0          0        148   dadd.o
       222          0          0          0          0        100   ddiv.o
       186          0          0          0          0        176   depilogue.o
        62          0          0          0          0         80   dfixi.o
        34          0          0          0          0         76   dflti.o
        26          0          0          0          0         76   dfltui.o
       228          0          0          0          0         96   dmul.o
        38          0          0          0          0         68   f2d.o
       176          0          0          0          0        140   fadd.o
        28          0          0          0          0         68   fcmpgt.o
        28          0          0          0          0         68   fcmplt.o
       124          0          0          0          0         88   fdiv.o
       110          0          0          0          0        168   fepilogue.o
        50          0          0          0          0         68   ffixi.o
        66          0          0          0          0         76   ffixl.o
        18          0          0          0          0         68   fflti.o
        10          0          0          0          0         68   ffltui.o
       100          0          0          0          0         76   fmul.o

    ----------------------------------------------------------------------
      2130         18          0          0          0       2176   Library Totals
         2          0          0          0          0          0   (incl. Padding)

    ----------------------------------------------------------------------

      Code (inc. data)   RO Data    RW Data    ZI Data      Debug   Library Name

       232         18          0          0          0        380   mc_w.l
      1896          0          0          0          0       1796   mf_w.l

    ----------------------------------------------------------------------
      2130         18          0          0          0       2176   Library Totals

    ----------------------------------------------------------------------

==============================================================================


      Code (inc. data)   RO Data    RW Data    ZI Data      Debug   

     18998       1708       1874        120       1792     120050   Grand Totals
     18998       1708       1874        120       1792     120050   ELF Image Totals
     18998       1708       1874        120          0          0   ROM Totals

==============================================================================

    Total RO  Size (Code + RO Data)                20872 (  20.38kB)
    Total RW  Size (RW Data + ZI Data)              1912 (   1.87kB)
    Total ROM Size (Code + RO Data + RW Data)      20992 (  20.50kB)

==============================================================================

