<!doctype html public "-//w3c//dtd html 4.0 transitional//en">
<html><head>
<title>Static Call Graph - [.\Objects\Hoverboard.axf]</title></head>
<body><HR>
<H1>Static Call Graph for image .\Objects\Hoverboard.axf</H1><HR>
<BR><P>#&#060CALLGRAPH&#062# ARM Linker, 6240002: Last Updated: Mon Nov 24 08:03:21 2025
<BR><P>
<H3>Maximum Stack Usage =        416 bytes + Unknown(Cycles, Untraceable Function Pointers)</H3><H3>
Call chain for Maximum Stack Depth:</H3>
main &rArr; RemoteUpdate &rArr; check_rtt_for_message &rArr; parse_message &rArr; _TestKey &rArr; strtof &rArr; __strtof_int &rArr; __strtod_int &rArr; _local_sscanf &rArr; _scanf_real
<P>
<H3>
Mutually Recursive functions
</H3> <LI><a href="#[2]">HardFault_Handler</a>&nbsp;&nbsp;&nbsp;&rArr;&nbsp;&nbsp;&nbsp;<a href="#[2]">HardFault_Handler</a><BR>
 <LI><a href="#[3]">MemManage_Handler</a>&nbsp;&nbsp;&nbsp;&rArr;&nbsp;&nbsp;&nbsp;<a href="#[3]">MemManage_Handler</a><BR>
 <LI><a href="#[4]">BusFault_Handler</a>&nbsp;&nbsp;&nbsp;&rArr;&nbsp;&nbsp;&nbsp;<a href="#[4]">BusFault_Handler</a><BR>
 <LI><a href="#[5]">UsageFault_Handler</a>&nbsp;&nbsp;&nbsp;&rArr;&nbsp;&nbsp;&nbsp;<a href="#[5]">UsageFault_Handler</a><BR>
 <LI><a href="#[16]">ADC_CMP_IRQHandler</a>&nbsp;&nbsp;&nbsp;&rArr;&nbsp;&nbsp;&nbsp;<a href="#[16]">ADC_CMP_IRQHandler</a><BR>
</UL>
<P>
<H3>
Function Pointers
</H3><UL>
 <LI><a href="#[16]">ADC_CMP_IRQHandler</a> from startup_gd32f1x0.o(.text) referenced from startup_gd32f1x0.o(RESET)
 <LI><a href="#[4]">BusFault_Handler</a> from it.o(.text) referenced from startup_gd32f1x0.o(RESET)
 <LI><a href="#[2f]">CAN0_RX0_IRQHandler</a> from startup_gd32f1x0.o(.text) referenced from startup_gd32f1x0.o(RESET)
 <LI><a href="#[30]">CAN0_RX1_IRQHandler</a> from startup_gd32f1x0.o(.text) referenced from startup_gd32f1x0.o(RESET)
 <LI><a href="#[31]">CAN0_SCE_IRQHandler</a> from startup_gd32f1x0.o(.text) referenced from startup_gd32f1x0.o(RESET)
 <LI><a href="#[2e]">CAN0_TX_IRQHandler</a> from startup_gd32f1x0.o(.text) referenced from startup_gd32f1x0.o(RESET)
 <LI><a href="#[36]">CAN1_RX0_IRQHandler</a> from startup_gd32f1x0.o(.text) referenced from startup_gd32f1x0.o(RESET)
 <LI><a href="#[37]">CAN1_RX1_IRQHandler</a> from startup_gd32f1x0.o(.text) referenced from startup_gd32f1x0.o(RESET)
 <LI><a href="#[38]">CAN1_SCE_IRQHandler</a> from startup_gd32f1x0.o(.text) referenced from startup_gd32f1x0.o(RESET)
 <LI><a href="#[35]">CAN1_TX_IRQHandler</a> from startup_gd32f1x0.o(.text) referenced from startup_gd32f1x0.o(RESET)
 <LI><a href="#[26]">CEC_IRQHandler</a> from startup_gd32f1x0.o(.text) referenced from startup_gd32f1x0.o(RESET)
 <LI><a href="#[13]">DMA_Channel0_IRQHandler</a> from it.o(.text) referenced from startup_gd32f1x0.o(RESET)
 <LI><a href="#[14]">DMA_Channel1_2_IRQHandler</a> from startup_gd32f1x0.o(.text) referenced from startup_gd32f1x0.o(RESET)
 <LI><a href="#[15]">DMA_Channel3_4_IRQHandler</a> from startup_gd32f1x0.o(.text) referenced from startup_gd32f1x0.o(RESET)
 <LI><a href="#[33]">DMA_Channel5_6_IRQHandler</a> from startup_gd32f1x0.o(.text) referenced from startup_gd32f1x0.o(RESET)
 <LI><a href="#[7]">DebugMon_Handler</a> from it.o(.text) referenced from startup_gd32f1x0.o(RESET)
 <LI><a href="#[f]">EXTI0_1_IRQHandler</a> from bldcsine.o(.text) referenced from startup_gd32f1x0.o(RESET)
 <LI><a href="#[10]">EXTI2_3_IRQHandler</a> from bldcsine.o(.text) referenced from startup_gd32f1x0.o(RESET)
 <LI><a href="#[11]">EXTI4_15_IRQHandler</a> from bldcsine.o(.text) referenced from startup_gd32f1x0.o(RESET)
 <LI><a href="#[d]">FMC_IRQHandler</a> from startup_gd32f1x0.o(.text) referenced from startup_gd32f1x0.o(RESET)
 <LI><a href="#[2]">HardFault_Handler</a> from it.o(.text) referenced from startup_gd32f1x0.o(RESET)
 <LI><a href="#[27]">I2C0_ER_IRQHandler</a> from startup_gd32f1x0.o(.text) referenced from startup_gd32f1x0.o(RESET)
 <LI><a href="#[20]">I2C0_EV_IRQHandler</a> from startup_gd32f1x0.o(.text) referenced from startup_gd32f1x0.o(RESET)
 <LI><a href="#[28]">I2C1_ER_IRQHandler</a> from startup_gd32f1x0.o(.text) referenced from startup_gd32f1x0.o(RESET)
 <LI><a href="#[21]">I2C1_EV_IRQHandler</a> from startup_gd32f1x0.o(.text) referenced from startup_gd32f1x0.o(RESET)
 <LI><a href="#[2a]">I2C2_ER_IRQHandler</a> from startup_gd32f1x0.o(.text) referenced from startup_gd32f1x0.o(RESET)
 <LI><a href="#[29]">I2C2_EV_IRQHandler</a> from startup_gd32f1x0.o(.text) referenced from startup_gd32f1x0.o(RESET)
 <LI><a href="#[3d]">InitEXTI</a> from bldcsine.o(.text) referenced from bldcsine.o(.text)
 <LI><a href="#[b]">LVD_IRQHandler</a> from startup_gd32f1x0.o(.text) referenced from startup_gd32f1x0.o(RESET)
 <LI><a href="#[3]">MemManage_Handler</a> from it.o(.text) referenced from startup_gd32f1x0.o(RESET)
 <LI><a href="#[1]">NMI_Handler</a> from it.o(.text) referenced from startup_gd32f1x0.o(RESET)
 <LI><a href="#[8]">PendSV_Handler</a> from it.o(.text) referenced from startup_gd32f1x0.o(RESET)
 <LI><a href="#[e]">RCU_IRQHandler</a> from startup_gd32f1x0.o(.text) referenced from startup_gd32f1x0.o(RESET)
 <LI><a href="#[c]">RTC_IRQHandler</a> from startup_gd32f1x0.o(.text) referenced from startup_gd32f1x0.o(RESET)
 <LI><a href="#[0]">Reset_Handler</a> from startup_gd32f1x0.o(.text) referenced from startup_gd32f1x0.o(RESET)
 <LI><a href="#[32]">SLCD_IRQHandler</a> from startup_gd32f1x0.o(.text) referenced from startup_gd32f1x0.o(RESET)
 <LI><a href="#[22]">SPI0_IRQHandler</a> from startup_gd32f1x0.o(.text) referenced from startup_gd32f1x0.o(RESET)
 <LI><a href="#[23]">SPI1_IRQHandler</a> from startup_gd32f1x0.o(.text) referenced from startup_gd32f1x0.o(RESET)
 <LI><a href="#[34]">SPI2_IRQHandler</a> from startup_gd32f1x0.o(.text) referenced from startup_gd32f1x0.o(RESET)
 <LI><a href="#[6]">SVC_Handler</a> from it.o(.text) referenced from startup_gd32f1x0.o(RESET)
 <LI><a href="#[9]">SysTick_Handler</a> from it.o(.text) referenced from startup_gd32f1x0.o(RESET)
 <LI><a href="#[49]">SystemInit</a> from system_gd32f1x0.o(.text) referenced from startup_gd32f1x0.o(.text)
 <LI><a href="#[17]">TIMER0_BRK_UP_TRG_COM_IRQHandler</a> from it.o(.text) referenced from startup_gd32f1x0.o(RESET)
 <LI><a href="#[18]">TIMER0_Channel_IRQHandler</a> from startup_gd32f1x0.o(.text) referenced from startup_gd32f1x0.o(RESET)
 <LI><a href="#[1c]">TIMER13_IRQHandler</a> from it.o(.text) referenced from startup_gd32f1x0.o(RESET)
 <LI><a href="#[1d]">TIMER14_IRQHandler</a> from startup_gd32f1x0.o(.text) referenced from startup_gd32f1x0.o(RESET)
 <LI><a href="#[1e]">TIMER15_IRQHandler</a> from startup_gd32f1x0.o(.text) referenced from startup_gd32f1x0.o(RESET)
 <LI><a href="#[1f]">TIMER16_IRQHandler</a> from startup_gd32f1x0.o(.text) referenced from startup_gd32f1x0.o(RESET)
 <LI><a href="#[19]">TIMER1_IRQHandler</a> from startup_gd32f1x0.o(.text) referenced from startup_gd32f1x0.o(RESET)
 <LI><a href="#[1a]">TIMER2_IRQHandler</a> from startup_gd32f1x0.o(.text) referenced from startup_gd32f1x0.o(RESET)
 <LI><a href="#[1b]">TIMER5_DAC_IRQHandler</a> from startup_gd32f1x0.o(.text) referenced from startup_gd32f1x0.o(RESET)
 <LI><a href="#[12]">TSI_IRQHandler</a> from startup_gd32f1x0.o(.text) referenced from startup_gd32f1x0.o(RESET)
 <LI><a href="#[24]">USART0_IRQHandler</a> from startup_gd32f1x0.o(.text) referenced from startup_gd32f1x0.o(RESET)
 <LI><a href="#[25]">USART1_IRQHandler</a> from startup_gd32f1x0.o(.text) referenced from startup_gd32f1x0.o(RESET)
 <LI><a href="#[2d]">USBDWakeUp_IRQHandler</a> from startup_gd32f1x0.o(.text) referenced from startup_gd32f1x0.o(RESET)
 <LI><a href="#[2c]">USBD_HP_IRQHandler</a> from startup_gd32f1x0.o(.text) referenced from startup_gd32f1x0.o(RESET)
 <LI><a href="#[2b]">USBD_LP_IRQHandler</a> from startup_gd32f1x0.o(.text) referenced from startup_gd32f1x0.o(RESET)
 <LI><a href="#[5]">UsageFault_Handler</a> from it.o(.text) referenced from startup_gd32f1x0.o(RESET)
 <LI><a href="#[a]">WWDGT_IRQHandler</a> from startup_gd32f1x0.o(.text) referenced from startup_gd32f1x0.o(RESET)
 <LI><a href="#[4a]">__main</a> from entry.o(.ARM.Collect$$$$00000000) referenced from startup_gd32f1x0.o(.text)
 <LI><a href="#[4c]">_sbackspace</a> from _sgetc.o(.text) referenced from strtod.o(.text)
 <LI><a href="#[4b]">_sgetc</a> from _sgetc.o(.text) referenced from strtod.o(.text)
 <LI><a href="#[4e]">_sputc</a> from printfa.o(i._sputc) referenced from printfa.o(i.__0sprintf)
 <LI><a href="#[41]">gpio_af_set</a> from gd32f1x0_gpio.o(.text) referenced from setup.o(.text)
 <LI><a href="#[3b]">gpio_bit_write</a> from gd32f1x0_gpio.o(.text) referenced from bldc.o(.text)
 <LI><a href="#[3a]">gpio_input_bit_get</a> from gd32f1x0_gpio.o(.text) referenced 2 times from bldc.o(.text)
 <LI><a href="#[3f]">gpio_mode_set</a> from gd32f1x0_gpio.o(.text) referenced from setup.o(.text)
 <LI><a href="#[40]">gpio_output_options_set</a> from gd32f1x0_gpio.o(.text) referenced from setup.o(.text)
 <LI><a href="#[4d]">isspace</a> from isspace_c.o(.text) referenced from strtod.o(.text)
 <LI><a href="#[39]">main</a> from main.o(.text) referenced from entry9a.o(.ARM.Collect$$$$0000000B)
 <LI><a href="#[42]">pinMode</a> from setup.o(.text) referenced from setup.o(.text)
 <LI><a href="#[3e]">rcu_periph_clock_enable</a> from gd32f1x0_rcu.o(.text) referenced from setup.o(.text)
 <LI><a href="#[48]">timer_channel_complementary_output_state_config</a> from gd32f1x0_timer.o(.text) referenced from setup.o(.text)
 <LI><a href="#[46]">timer_channel_output_config</a> from gd32f1x0_timer.o(.text) referenced from setup.o(.text)
 <LI><a href="#[43]">timer_channel_output_fast_config</a> from gd32f1x0_timer.o(.text) referenced from setup.o(.text)
 <LI><a href="#[45]">timer_channel_output_mode_config</a> from gd32f1x0_timer.o(.text) referenced from setup.o(.text)
 <LI><a href="#[3c]">timer_channel_output_pulse_value_config</a> from gd32f1x0_timer.o(.text) referenced 2 times from bldc.o(.text)
 <LI><a href="#[44]">timer_channel_output_shadow_config</a> from gd32f1x0_timer.o(.text) referenced from setup.o(.text)
 <LI><a href="#[47]">timer_channel_output_state_config</a> from gd32f1x0_timer.o(.text) referenced from setup.o(.text)
</UL>
<P>
<H3>
Global Symbols
</H3>
<P><STRONG><a name="[4a]"></a>__main</STRONG> (Thumb, 0 bytes, Stack size unknown bytes, entry.o(.ARM.Collect$$$$00000000))
<BR>[Address Reference Count : 1]<UL><LI> startup_gd32f1x0.o(.text)
</UL>
<P><STRONG><a name="[176]"></a>_main_stk</STRONG> (Thumb, 0 bytes, Stack size unknown bytes, entry2.o(.ARM.Collect$$$$00000001))

<P><STRONG><a name="[4f]"></a>_main_scatterload</STRONG> (Thumb, 0 bytes, Stack size unknown bytes, entry5.o(.ARM.Collect$$$$00000004))
<BR><BR>[Calls]<UL><LI><a href="#[50]">&gt;&gt;</a>&nbsp;&nbsp;&nbsp;__scatterload
</UL>

<P><STRONG><a name="[167]"></a>__main_after_scatterload</STRONG> (Thumb, 0 bytes, Stack size unknown bytes, entry5.o(.ARM.Collect$$$$00000004))
<BR><BR>[Called By]<UL><LI><a href="#[50]">&gt;&gt;</a>&nbsp;&nbsp;&nbsp;__scatterload
</UL>

<P><STRONG><a name="[177]"></a>_main_clock</STRONG> (Thumb, 0 bytes, Stack size unknown bytes, entry7b.o(.ARM.Collect$$$$00000008))

<P><STRONG><a name="[178]"></a>_main_cpp_init</STRONG> (Thumb, 0 bytes, Stack size unknown bytes, entry8b.o(.ARM.Collect$$$$0000000A))

<P><STRONG><a name="[179]"></a>_main_init</STRONG> (Thumb, 0 bytes, Stack size unknown bytes, entry9a.o(.ARM.Collect$$$$0000000B))

<P><STRONG><a name="[17a]"></a>__rt_final_cpp</STRONG> (Thumb, 0 bytes, Stack size unknown bytes, entry10a.o(.ARM.Collect$$$$0000000D))

<P><STRONG><a name="[17b]"></a>__rt_final_exit</STRONG> (Thumb, 0 bytes, Stack size unknown bytes, entry11a.o(.ARM.Collect$$$$0000000F))

<P><STRONG><a name="[39]"></a>main</STRONG> (Thumb, 932 bytes, Stack size 0 bytes, main.o(.text))
<BR><BR>[Stack]<UL><LI>Max Depth = 416<LI>Call Chain = main &rArr; RemoteUpdate &rArr; check_rtt_for_message &rArr; parse_message &rArr; _TestKey &rArr; strtof &rArr; __strtof_int &rArr; __strtod_int &rArr; _local_sscanf &rArr; _scanf_real
</UL>
<BR>[Calls]<UL><LI><a href="#[74]">&gt;&gt;</a>&nbsp;&nbsp;&nbsp;SetEnable
<LI><a href="#[73]">&gt;&gt;</a>&nbsp;&nbsp;&nbsp;ShowBatteryState
<LI><a href="#[72]">&gt;&gt;</a>&nbsp;&nbsp;&nbsp;__aeabi_fcmpgt
<LI><a href="#[71]">&gt;&gt;</a>&nbsp;&nbsp;&nbsp;SetBldcInput
<LI><a href="#[70]">&gt;&gt;</a>&nbsp;&nbsp;&nbsp;__aeabi_fcmplt
<LI><a href="#[6f]">&gt;&gt;</a>&nbsp;&nbsp;&nbsp;__aeabi_fadd
<LI><a href="#[6e]">&gt;&gt;</a>&nbsp;&nbsp;&nbsp;__aeabi_fdiv
<LI><a href="#[6d]">&gt;&gt;</a>&nbsp;&nbsp;&nbsp;__aeabi_fsub
<LI><a href="#[6c]">&gt;&gt;</a>&nbsp;&nbsp;&nbsp;__aeabi_f2iz
<LI><a href="#[6b]">&gt;&gt;</a>&nbsp;&nbsp;&nbsp;__aeabi_fmul
<LI><a href="#[6a]">&gt;&gt;</a>&nbsp;&nbsp;&nbsp;__aeabi_i2f
<LI><a href="#[69]">&gt;&gt;</a>&nbsp;&nbsp;&nbsp;__aeabi_d2f
<LI><a href="#[68]">&gt;&gt;</a>&nbsp;&nbsp;&nbsp;__aeabi_f2d
<LI><a href="#[67]">&gt;&gt;</a>&nbsp;&nbsp;&nbsp;__aeabi_ui2f
<LI><a href="#[66]">&gt;&gt;</a>&nbsp;&nbsp;&nbsp;__aeabi_dadd
<LI><a href="#[65]">&gt;&gt;</a>&nbsp;&nbsp;&nbsp;__aeabi_d2iz
<LI><a href="#[64]">&gt;&gt;</a>&nbsp;&nbsp;&nbsp;__aeabi_dmul
<LI><a href="#[63]">&gt;&gt;</a>&nbsp;&nbsp;&nbsp;__aeabi_dsub
<LI><a href="#[62]">&gt;&gt;</a>&nbsp;&nbsp;&nbsp;__aeabi_ddiv
<LI><a href="#[61]">&gt;&gt;</a>&nbsp;&nbsp;&nbsp;__aeabi_i2d
<LI><a href="#[60]">&gt;&gt;</a>&nbsp;&nbsp;&nbsp;ShutOff
<LI><a href="#[5f]">&gt;&gt;</a>&nbsp;&nbsp;&nbsp;RemoteUpdate
<LI><a href="#[5e]">&gt;&gt;</a>&nbsp;&nbsp;&nbsp;Delay
<LI><a href="#[5c]">&gt;&gt;</a>&nbsp;&nbsp;&nbsp;millis
<LI><a href="#[5b]">&gt;&gt;</a>&nbsp;&nbsp;&nbsp;fwdgt_counter_reload
<LI><a href="#[5a]">&gt;&gt;</a>&nbsp;&nbsp;&nbsp;DriverInit
<LI><a href="#[59]">&gt;&gt;</a>&nbsp;&nbsp;&nbsp;InitBldc
<LI><a href="#[58]">&gt;&gt;</a>&nbsp;&nbsp;&nbsp;PWM_init
<LI><a href="#[57]">&gt;&gt;</a>&nbsp;&nbsp;&nbsp;ADC_init
<LI><a href="#[3b]">&gt;&gt;</a>&nbsp;&nbsp;&nbsp;gpio_bit_write
<LI><a href="#[56]">&gt;&gt;</a>&nbsp;&nbsp;&nbsp;GPIO_init
<LI><a href="#[55]">&gt;&gt;</a>&nbsp;&nbsp;&nbsp;TimeoutTimer_init
<LI><a href="#[54]">&gt;&gt;</a>&nbsp;&nbsp;&nbsp;Interrupt_init
<LI><a href="#[53]">&gt;&gt;</a>&nbsp;&nbsp;&nbsp;Watchdog_init
<LI><a href="#[52]">&gt;&gt;</a>&nbsp;&nbsp;&nbsp;Clock_init
<LI><a href="#[51]">&gt;&gt;</a>&nbsp;&nbsp;&nbsp;ConfigRead
<LI><a href="#[5d]">&gt;&gt;</a>&nbsp;&nbsp;&nbsp;OUTLINED_FUNCTION_0
</UL>
<BR>[Address Reference Count : 1]<UL><LI> entry9a.o(.ARM.Collect$$$$0000000B)
</UL>
<P><STRONG><a name="[60]"></a>ShutOff</STRONG> (Thumb, 88 bytes, Stack size 16 bytes, main.o(.text))
<BR><BR>[Stack]<UL><LI>Max Depth = 128<LI>Call Chain = ShutOff &rArr; SetBldcInput &rArr; __aeabi_dmul &rArr; _double_epilogue &rArr; _double_round
</UL>
<BR>[Calls]<UL><LI><a href="#[74]">&gt;&gt;</a>&nbsp;&nbsp;&nbsp;SetEnable
<LI><a href="#[71]">&gt;&gt;</a>&nbsp;&nbsp;&nbsp;SetBldcInput
<LI><a href="#[5b]">&gt;&gt;</a>&nbsp;&nbsp;&nbsp;fwdgt_counter_reload
<LI><a href="#[3b]">&gt;&gt;</a>&nbsp;&nbsp;&nbsp;gpio_bit_write
</UL>
<BR>[Called By]<UL><LI><a href="#[39]">&gt;&gt;</a>&nbsp;&nbsp;&nbsp;main
</UL>

<P><STRONG><a name="[73]"></a>ShowBatteryState</STRONG> (Thumb, 116 bytes, Stack size 32 bytes, main.o(.text))
<BR><BR>[Stack]<UL><LI>Max Depth = 32<LI>Call Chain = ShowBatteryState
</UL>
<BR>[Calls]<UL><LI><a href="#[3b]">&gt;&gt;</a>&nbsp;&nbsp;&nbsp;gpio_bit_write
</UL>
<BR>[Called By]<UL><LI><a href="#[39]">&gt;&gt;</a>&nbsp;&nbsp;&nbsp;main
</UL>

<P><STRONG><a name="[17c]"></a>modulo</STRONG> (Thumb, 22 bytes, Stack size 0 bytes, bldc.o(.text), UNUSED)

<P><STRONG><a name="[17d]"></a>up_or_down</STRONG> (Thumb, 36 bytes, Stack size 0 bytes, bldc.o(.text), UNUSED)

<P><STRONG><a name="[74]"></a>SetEnable</STRONG> (Thumb, 8 bytes, Stack size 0 bytes, bldc.o(.text))
<BR><BR>[Called By]<UL><LI><a href="#[60]">&gt;&gt;</a>&nbsp;&nbsp;&nbsp;ShutOff
<LI><a href="#[39]">&gt;&gt;</a>&nbsp;&nbsp;&nbsp;main
</UL>

<P><STRONG><a name="[71]"></a>SetBldcInput</STRONG> (Thumb, 88 bytes, Stack size 24 bytes, bldc.o(.text))
<BR><BR>[Stack]<UL><LI>Max Depth = 112<LI>Call Chain = SetBldcInput &rArr; __aeabi_dmul &rArr; _double_epilogue &rArr; _double_round
</UL>
<BR>[Calls]<UL><LI><a href="#[65]">&gt;&gt;</a>&nbsp;&nbsp;&nbsp;__aeabi_d2iz
<LI><a href="#[64]">&gt;&gt;</a>&nbsp;&nbsp;&nbsp;__aeabi_dmul
<LI><a href="#[62]">&gt;&gt;</a>&nbsp;&nbsp;&nbsp;__aeabi_ddiv
<LI><a href="#[61]">&gt;&gt;</a>&nbsp;&nbsp;&nbsp;__aeabi_i2d
</UL>
<BR>[Called By]<UL><LI><a href="#[60]">&gt;&gt;</a>&nbsp;&nbsp;&nbsp;ShutOff
<LI><a href="#[39]">&gt;&gt;</a>&nbsp;&nbsp;&nbsp;main
</UL>

<P><STRONG><a name="[79]"></a>SetFilter</STRONG> (Thumb, 24 bytes, Stack size 0 bytes, bldc.o(.text))
<BR><BR>[Called By]<UL><LI><a href="#[75]">&gt;&gt;</a>&nbsp;&nbsp;&nbsp;CalculateBLDC
</UL>

<P><STRONG><a name="[75]"></a>CalculateBLDC</STRONG> (Thumb, 904 bytes, Stack size 64 bytes, bldc.o(.text))
<BR><BR>[Stack]<UL><LI>Max Depth = 152<LI>Call Chain = CalculateBLDC &rArr; __aeabi_dadd &rArr; _double_epilogue &rArr; _double_round
</UL>
<BR>[Calls]<UL><LI><a href="#[7b]">&gt;&gt;</a>&nbsp;&nbsp;&nbsp;bldc_get_pwm
<LI><a href="#[7a]">&gt;&gt;</a>&nbsp;&nbsp;&nbsp;Driver
<LI><a href="#[78]">&gt;&gt;</a>&nbsp;&nbsp;&nbsp;timer_automatic_output_enable
<LI><a href="#[77]">&gt;&gt;</a>&nbsp;&nbsp;&nbsp;timer_automatic_output_disable
<LI><a href="#[76]">&gt;&gt;</a>&nbsp;&nbsp;&nbsp;__aeabi_ui2d
<LI><a href="#[79]">&gt;&gt;</a>&nbsp;&nbsp;&nbsp;SetFilter
<LI><a href="#[7c]">&gt;&gt;</a>&nbsp;&nbsp;&nbsp;OUTLINED_FUNCTION_0
<LI><a href="#[72]">&gt;&gt;</a>&nbsp;&nbsp;&nbsp;__aeabi_fcmpgt
<LI><a href="#[6e]">&gt;&gt;</a>&nbsp;&nbsp;&nbsp;__aeabi_fdiv
<LI><a href="#[69]">&gt;&gt;</a>&nbsp;&nbsp;&nbsp;__aeabi_d2f
<LI><a href="#[68]">&gt;&gt;</a>&nbsp;&nbsp;&nbsp;__aeabi_f2d
<LI><a href="#[67]">&gt;&gt;</a>&nbsp;&nbsp;&nbsp;__aeabi_ui2f
<LI><a href="#[66]">&gt;&gt;</a>&nbsp;&nbsp;&nbsp;__aeabi_dadd
<LI><a href="#[65]">&gt;&gt;</a>&nbsp;&nbsp;&nbsp;__aeabi_d2iz
<LI><a href="#[64]">&gt;&gt;</a>&nbsp;&nbsp;&nbsp;__aeabi_dmul
<LI><a href="#[61]">&gt;&gt;</a>&nbsp;&nbsp;&nbsp;__aeabi_i2d
</UL>
<BR>[Called By]<UL><LI><a href="#[13]">&gt;&gt;</a>&nbsp;&nbsp;&nbsp;DMA_Channel0_IRQHandler
</UL>

<P><STRONG><a name="[7d]"></a>PID_Init</STRONG> (Thumb, 96 bytes, Stack size 24 bytes, driver.o(.text))
<BR><BR>[Stack]<UL><LI>Max Depth = 32<LI>Call Chain = PID_Init &rArr; __aeabi_f2lz
</UL>
<BR>[Calls]<UL><LI><a href="#[7f]">&gt;&gt;</a>&nbsp;&nbsp;&nbsp;__aeabi_f2lz
<LI><a href="#[7e]">&gt;&gt;</a>&nbsp;&nbsp;&nbsp;OUTLINED_FUNCTION_0
<LI><a href="#[6e]">&gt;&gt;</a>&nbsp;&nbsp;&nbsp;__aeabi_fdiv
<LI><a href="#[6c]">&gt;&gt;</a>&nbsp;&nbsp;&nbsp;__aeabi_f2iz
<LI><a href="#[6b]">&gt;&gt;</a>&nbsp;&nbsp;&nbsp;__aeabi_fmul
</UL>
<BR>[Called By]<UL><LI><a href="#[5a]">&gt;&gt;</a>&nbsp;&nbsp;&nbsp;DriverInit
</UL>

<P><STRONG><a name="[80]"></a>PID_Update</STRONG> (Thumb, 240 bytes, Stack size 32 bytes, driver.o(.text))
<BR><BR>[Stack]<UL><LI>Max Depth = 32<LI>Call Chain = PID_Update
</UL>
<BR>[Called By]<UL><LI><a href="#[7a]">&gt;&gt;</a>&nbsp;&nbsp;&nbsp;Driver
</UL>

<P><STRONG><a name="[5a]"></a>DriverInit</STRONG> (Thumb, 136 bytes, Stack size 56 bytes, driver.o(.text))
<BR><BR>[Stack]<UL><LI>Max Depth = 88<LI>Call Chain = DriverInit &rArr; PID_Init &rArr; __aeabi_f2lz
</UL>
<BR>[Calls]<UL><LI><a href="#[7d]">&gt;&gt;</a>&nbsp;&nbsp;&nbsp;PID_Init
<LI><a href="#[6c]">&gt;&gt;</a>&nbsp;&nbsp;&nbsp;__aeabi_f2iz
<LI><a href="#[6b]">&gt;&gt;</a>&nbsp;&nbsp;&nbsp;__aeabi_fmul
<LI><a href="#[6a]">&gt;&gt;</a>&nbsp;&nbsp;&nbsp;__aeabi_i2f
</UL>
<BR>[Called By]<UL><LI><a href="#[5f]">&gt;&gt;</a>&nbsp;&nbsp;&nbsp;RemoteUpdate
<LI><a href="#[39]">&gt;&gt;</a>&nbsp;&nbsp;&nbsp;main
</UL>

<P><STRONG><a name="[7a]"></a>Driver</STRONG> (Thumb, 36 bytes, Stack size 0 bytes, driver.o(.text))
<BR><BR>[Stack]<UL><LI>Max Depth = 32<LI>Call Chain = Driver &rArr; PID_Update
</UL>
<BR>[Calls]<UL><LI><a href="#[80]">&gt;&gt;</a>&nbsp;&nbsp;&nbsp;PID_Update
</UL>
<BR>[Called By]<UL><LI><a href="#[75]">&gt;&gt;</a>&nbsp;&nbsp;&nbsp;CalculateBLDC
</UL>

<P><STRONG><a name="[3d]"></a>InitEXTI</STRONG> (Thumb, 64 bytes, Stack size 16 bytes, bldcsine.o(.text))
<BR><BR>[Stack]<UL><LI>Max Depth = 24<LI>Call Chain = InitEXTI &rArr; nvic_irq_enable
</UL>
<BR>[Calls]<UL><LI><a href="#[84]">&gt;&gt;</a>&nbsp;&nbsp;&nbsp;nvic_irq_enable
<LI><a href="#[83]">&gt;&gt;</a>&nbsp;&nbsp;&nbsp;exti_flag_clear
<LI><a href="#[82]">&gt;&gt;</a>&nbsp;&nbsp;&nbsp;exti_init
<LI><a href="#[81]">&gt;&gt;</a>&nbsp;&nbsp;&nbsp;syscfg_exti_line_config
</UL>
<BR>[Address Reference Count : 1]<UL><LI> bldcsine.o(.text)
</UL>
<P><STRONG><a name="[59]"></a>InitBldc</STRONG> (Thumb, 36 bytes, Stack size 16 bytes, bldcsine.o(.text))
<BR><BR>[Stack]<UL><LI>Max Depth = 16<LI>Call Chain = InitBldc
</UL>
<BR>[Calls]<UL><LI><a href="#[3e]">&gt;&gt;</a>&nbsp;&nbsp;&nbsp;rcu_periph_clock_enable
</UL>
<BR>[Called By]<UL><LI><a href="#[39]">&gt;&gt;</a>&nbsp;&nbsp;&nbsp;main
</UL>

<P><STRONG><a name="[85]"></a>_HandleEXTI</STRONG> (Thumb, 124 bytes, Stack size 40 bytes, bldcsine.o(.text))
<BR><BR>[Stack]<UL><LI>Max Depth = 40<LI>Call Chain = _HandleEXTI
</UL>
<BR>[Calls]<UL><LI><a href="#[86]">&gt;&gt;</a>&nbsp;&nbsp;&nbsp;exti_interrupt_flag_get
<LI><a href="#[83]">&gt;&gt;</a>&nbsp;&nbsp;&nbsp;exti_flag_clear
</UL>
<BR>[Called By]<UL><LI><a href="#[11]">&gt;&gt;</a>&nbsp;&nbsp;&nbsp;EXTI4_15_IRQHandler
<LI><a href="#[10]">&gt;&gt;</a>&nbsp;&nbsp;&nbsp;EXTI2_3_IRQHandler
<LI><a href="#[f]">&gt;&gt;</a>&nbsp;&nbsp;&nbsp;EXTI0_1_IRQHandler
</UL>

<P><STRONG><a name="[f]"></a>EXTI0_1_IRQHandler</STRONG> (Thumb, 4 bytes, Stack size 0 bytes, bldcsine.o(.text))
<BR><BR>[Stack]<UL><LI>Max Depth = 40<LI>Call Chain = EXTI0_1_IRQHandler &rArr; _HandleEXTI
</UL>
<BR>[Calls]<UL><LI><a href="#[85]">&gt;&gt;</a>&nbsp;&nbsp;&nbsp;_HandleEXTI
</UL>
<BR>[Address Reference Count : 1]<UL><LI> startup_gd32f1x0.o(RESET)
</UL>
<P><STRONG><a name="[10]"></a>EXTI2_3_IRQHandler</STRONG> (Thumb, 4 bytes, Stack size 0 bytes, bldcsine.o(.text))
<BR><BR>[Stack]<UL><LI>Max Depth = 40<LI>Call Chain = EXTI2_3_IRQHandler &rArr; _HandleEXTI
</UL>
<BR>[Calls]<UL><LI><a href="#[85]">&gt;&gt;</a>&nbsp;&nbsp;&nbsp;_HandleEXTI
</UL>
<BR>[Address Reference Count : 1]<UL><LI> startup_gd32f1x0.o(RESET)
</UL>
<P><STRONG><a name="[11]"></a>EXTI4_15_IRQHandler</STRONG> (Thumb, 4 bytes, Stack size 0 bytes, bldcsine.o(.text))
<BR><BR>[Stack]<UL><LI>Max Depth = 40<LI>Call Chain = EXTI4_15_IRQHandler &rArr; _HandleEXTI
</UL>
<BR>[Calls]<UL><LI><a href="#[85]">&gt;&gt;</a>&nbsp;&nbsp;&nbsp;_HandleEXTI
</UL>
<BR>[Address Reference Count : 1]<UL><LI> startup_gd32f1x0.o(RESET)
</UL>
<P><STRONG><a name="[7b]"></a>bldc_get_pwm</STRONG> (Thumb, 372 bytes, Stack size 48 bytes, bldcsine.o(.text))
<BR><BR>[Stack]<UL><LI>Max Depth = 48<LI>Call Chain = bldc_get_pwm
</UL>
<BR>[Called By]<UL><LI><a href="#[75]">&gt;&gt;</a>&nbsp;&nbsp;&nbsp;CalculateBLDC
</UL>

<P><STRONG><a name="[42]"></a>pinMode</STRONG> (Thumb, 42 bytes, Stack size 16 bytes, setup.o(.text))
<BR><BR>[Stack]<UL><LI>Max Depth = 44<LI>Call Chain = pinMode &rArr; gpio_mode_set
</UL>
<BR>[Calls]<UL><LI><a href="#[40]">&gt;&gt;</a>&nbsp;&nbsp;&nbsp;gpio_output_options_set
<LI><a href="#[3f]">&gt;&gt;</a>&nbsp;&nbsp;&nbsp;gpio_mode_set
</UL>
<BR>[Address Reference Count : 1]<UL><LI> setup.o(.text)
</UL>
<P><STRONG><a name="[87]"></a>pinModePull</STRONG> (Thumb, 38 bytes, Stack size 16 bytes, setup.o(.text), UNUSED)
<BR><BR>[Calls]<UL><LI><a href="#[40]">&gt;&gt;</a>&nbsp;&nbsp;&nbsp;gpio_output_options_set
<LI><a href="#[3f]">&gt;&gt;</a>&nbsp;&nbsp;&nbsp;gpio_mode_set
</UL>

<P><STRONG><a name="[54]"></a>Interrupt_init</STRONG> (Thumb, 8 bytes, Stack size 0 bytes, setup.o(.text))
<BR><BR>[Calls]<UL><LI><a href="#[88]">&gt;&gt;</a>&nbsp;&nbsp;&nbsp;nvic_priority_group_set
</UL>
<BR>[Called By]<UL><LI><a href="#[39]">&gt;&gt;</a>&nbsp;&nbsp;&nbsp;main
</UL>

<P><STRONG><a name="[53]"></a>Watchdog_init</STRONG> (Thumb, 54 bytes, Stack size 8 bytes, setup.o(.text))
<BR><BR>[Stack]<UL><LI>Max Depth = 24<LI>Call Chain = Watchdog_init &rArr; fwdgt_config
</UL>
<BR>[Calls]<UL><LI><a href="#[8d]">&gt;&gt;</a>&nbsp;&nbsp;&nbsp;fwdgt_enable
<LI><a href="#[8c]">&gt;&gt;</a>&nbsp;&nbsp;&nbsp;fwdgt_window_value_config
<LI><a href="#[8b]">&gt;&gt;</a>&nbsp;&nbsp;&nbsp;fwdgt_config
<LI><a href="#[8a]">&gt;&gt;</a>&nbsp;&nbsp;&nbsp;rcu_all_reset_flag_clear
<LI><a href="#[89]">&gt;&gt;</a>&nbsp;&nbsp;&nbsp;rcu_flag_get
</UL>
<BR>[Called By]<UL><LI><a href="#[39]">&gt;&gt;</a>&nbsp;&nbsp;&nbsp;main
</UL>

<P><STRONG><a name="[55]"></a>TimeoutTimer_init</STRONG> (Thumb, 88 bytes, Stack size 16 bytes, setup.o(.text))
<BR><BR>[Stack]<UL><LI>Max Depth = 24<LI>Call Chain = TimeoutTimer_init &rArr; timer_init
</UL>
<BR>[Calls]<UL><LI><a href="#[92]">&gt;&gt;</a>&nbsp;&nbsp;&nbsp;timer_enable
<LI><a href="#[91]">&gt;&gt;</a>&nbsp;&nbsp;&nbsp;timer_interrupt_enable
<LI><a href="#[90]">&gt;&gt;</a>&nbsp;&nbsp;&nbsp;timer_init
<LI><a href="#[8f]">&gt;&gt;</a>&nbsp;&nbsp;&nbsp;timer_auto_reload_shadow_disable
<LI><a href="#[8e]">&gt;&gt;</a>&nbsp;&nbsp;&nbsp;timer_deinit
<LI><a href="#[3e]">&gt;&gt;</a>&nbsp;&nbsp;&nbsp;rcu_periph_clock_enable
<LI><a href="#[84]">&gt;&gt;</a>&nbsp;&nbsp;&nbsp;nvic_irq_enable
</UL>
<BR>[Called By]<UL><LI><a href="#[39]">&gt;&gt;</a>&nbsp;&nbsp;&nbsp;main
</UL>

<P><STRONG><a name="[56]"></a>GPIO_init</STRONG> (Thumb, 368 bytes, Stack size 24 bytes, setup.o(.text))
<BR><BR>[Stack]<UL><LI>Max Depth = 24<LI>Call Chain = GPIO_init
</UL>
<BR>[Calls]<UL><LI><a href="#[94]">&gt;&gt;</a>&nbsp;&nbsp;&nbsp;OUTLINED_FUNCTION_4
<LI><a href="#[93]">&gt;&gt;</a>&nbsp;&nbsp;&nbsp;OUTLINED_FUNCTION_3
</UL>
<BR>[Called By]<UL><LI><a href="#[39]">&gt;&gt;</a>&nbsp;&nbsp;&nbsp;main
</UL>

<P><STRONG><a name="[58]"></a>PWM_init</STRONG> (Thumb, 304 bytes, Stack size 24 bytes, setup.o(.text))
<BR><BR>[Stack]<UL><LI>Max Depth = 44<LI>Call Chain = PWM_init &rArr; timer_break_config
</UL>
<BR>[Calls]<UL><LI><a href="#[99]">&gt;&gt;</a>&nbsp;&nbsp;&nbsp;timer_disable
<LI><a href="#[98]">&gt;&gt;</a>&nbsp;&nbsp;&nbsp;timer_break_config
<LI><a href="#[92]">&gt;&gt;</a>&nbsp;&nbsp;&nbsp;timer_enable
<LI><a href="#[91]">&gt;&gt;</a>&nbsp;&nbsp;&nbsp;timer_interrupt_enable
<LI><a href="#[90]">&gt;&gt;</a>&nbsp;&nbsp;&nbsp;timer_init
<LI><a href="#[8f]">&gt;&gt;</a>&nbsp;&nbsp;&nbsp;timer_auto_reload_shadow_disable
<LI><a href="#[8e]">&gt;&gt;</a>&nbsp;&nbsp;&nbsp;timer_deinit
<LI><a href="#[97]">&gt;&gt;</a>&nbsp;&nbsp;&nbsp;OUTLINED_FUNCTION_0
<LI><a href="#[96]">&gt;&gt;</a>&nbsp;&nbsp;&nbsp;OUTLINED_FUNCTION_2
<LI><a href="#[95]">&gt;&gt;</a>&nbsp;&nbsp;&nbsp;OUTLINED_FUNCTION_1
<LI><a href="#[3e]">&gt;&gt;</a>&nbsp;&nbsp;&nbsp;rcu_periph_clock_enable
<LI><a href="#[84]">&gt;&gt;</a>&nbsp;&nbsp;&nbsp;nvic_irq_enable
</UL>
<BR>[Called By]<UL><LI><a href="#[39]">&gt;&gt;</a>&nbsp;&nbsp;&nbsp;main
</UL>

<P><STRONG><a name="[57]"></a>ADC_init</STRONG> (Thumb, 212 bytes, Stack size 24 bytes, setup.o(.text))
<BR><BR>[Stack]<UL><LI>Max Depth = 40<LI>Call Chain = ADC_init &rArr; adc_regular_channel_config
</UL>
<BR>[Calls]<UL><LI><a href="#[ad]">&gt;&gt;</a>&nbsp;&nbsp;&nbsp;adc_special_function_config
<LI><a href="#[ac]">&gt;&gt;</a>&nbsp;&nbsp;&nbsp;adc_dma_mode_enable
<LI><a href="#[ab]">&gt;&gt;</a>&nbsp;&nbsp;&nbsp;adc_calibration_enable
<LI><a href="#[aa]">&gt;&gt;</a>&nbsp;&nbsp;&nbsp;adc_enable
<LI><a href="#[a9]">&gt;&gt;</a>&nbsp;&nbsp;&nbsp;adc_watchdog_disable
<LI><a href="#[a8]">&gt;&gt;</a>&nbsp;&nbsp;&nbsp;adc_vbat_disable
<LI><a href="#[a7]">&gt;&gt;</a>&nbsp;&nbsp;&nbsp;adc_tempsensor_vrefint_disable
<LI><a href="#[a6]">&gt;&gt;</a>&nbsp;&nbsp;&nbsp;adc_external_trigger_source_config
<LI><a href="#[a5]">&gt;&gt;</a>&nbsp;&nbsp;&nbsp;adc_external_trigger_config
<LI><a href="#[a4]">&gt;&gt;</a>&nbsp;&nbsp;&nbsp;adc_data_alignment_config
<LI><a href="#[a3]">&gt;&gt;</a>&nbsp;&nbsp;&nbsp;adc_regular_channel_config
<LI><a href="#[a2]">&gt;&gt;</a>&nbsp;&nbsp;&nbsp;adc_channel_length_config
<LI><a href="#[a1]">&gt;&gt;</a>&nbsp;&nbsp;&nbsp;dma_channel_enable
<LI><a href="#[a0]">&gt;&gt;</a>&nbsp;&nbsp;&nbsp;dma_transfer_number_config
<LI><a href="#[9f]">&gt;&gt;</a>&nbsp;&nbsp;&nbsp;dma_interrupt_enable
<LI><a href="#[9e]">&gt;&gt;</a>&nbsp;&nbsp;&nbsp;dma_memory_to_memory_disable
<LI><a href="#[9d]">&gt;&gt;</a>&nbsp;&nbsp;&nbsp;dma_circulation_enable
<LI><a href="#[9c]">&gt;&gt;</a>&nbsp;&nbsp;&nbsp;dma_init
<LI><a href="#[9b]">&gt;&gt;</a>&nbsp;&nbsp;&nbsp;dma_deinit
<LI><a href="#[9a]">&gt;&gt;</a>&nbsp;&nbsp;&nbsp;rcu_adc_clock_config
<LI><a href="#[3e]">&gt;&gt;</a>&nbsp;&nbsp;&nbsp;rcu_periph_clock_enable
<LI><a href="#[84]">&gt;&gt;</a>&nbsp;&nbsp;&nbsp;nvic_irq_enable
</UL>
<BR>[Called By]<UL><LI><a href="#[39]">&gt;&gt;</a>&nbsp;&nbsp;&nbsp;main
</UL>

<P><STRONG><a name="[17e]"></a>USART0_Init</STRONG> (Thumb, 2 bytes, Stack size 0 bytes, setup.o(.text), UNUSED)

<P><STRONG><a name="[17f]"></a>USART1_Init</STRONG> (Thumb, 2 bytes, Stack size 0 bytes, setup.o(.text), UNUSED)

<P><STRONG><a name="[180]"></a>USART2_Init</STRONG> (Thumb, 2 bytes, Stack size 0 bytes, setup.o(.text), UNUSED)

<P><STRONG><a name="[ae]"></a>flashErase</STRONG> (Thumb, 28 bytes, Stack size 8 bytes, setup.o(.text))
<BR><BR>[Stack]<UL><LI>Max Depth = 32<LI>Call Chain = flashErase &rArr; fmc_page_erase &rArr; fmc_ready_wait
</UL>
<BR>[Calls]<UL><LI><a href="#[b2]">&gt;&gt;</a>&nbsp;&nbsp;&nbsp;fmc_lock
<LI><a href="#[b1]">&gt;&gt;</a>&nbsp;&nbsp;&nbsp;fmc_page_erase
<LI><a href="#[b0]">&gt;&gt;</a>&nbsp;&nbsp;&nbsp;fmc_flag_clear
<LI><a href="#[af]">&gt;&gt;</a>&nbsp;&nbsp;&nbsp;fmc_unlock
</UL>
<BR>[Called By]<UL><LI><a href="#[b6]">&gt;&gt;</a>&nbsp;&nbsp;&nbsp;ConfigWrite
</UL>

<P><STRONG><a name="[181]"></a>flashRead</STRONG> (Thumb, 4 bytes, Stack size 0 bytes, setup.o(.text), UNUSED)

<P><STRONG><a name="[b3]"></a>flashWrite</STRONG> (Thumb, 38 bytes, Stack size 16 bytes, setup.o(.text))
<BR><BR>[Stack]<UL><LI>Max Depth = 40<LI>Call Chain = flashWrite &rArr; fmc_word_program &rArr; fmc_ready_wait
</UL>
<BR>[Calls]<UL><LI><a href="#[b4]">&gt;&gt;</a>&nbsp;&nbsp;&nbsp;fmc_word_program
<LI><a href="#[b2]">&gt;&gt;</a>&nbsp;&nbsp;&nbsp;fmc_lock
<LI><a href="#[b0]">&gt;&gt;</a>&nbsp;&nbsp;&nbsp;fmc_flag_clear
<LI><a href="#[af]">&gt;&gt;</a>&nbsp;&nbsp;&nbsp;fmc_unlock
</UL>
<BR>[Called By]<UL><LI><a href="#[b5]">&gt;&gt;</a>&nbsp;&nbsp;&nbsp;flashWriteBuffer
</UL>

<P><STRONG><a name="[b5]"></a>flashWriteBuffer</STRONG> (Thumb, 30 bytes, Stack size 24 bytes, setup.o(.text))
<BR><BR>[Stack]<UL><LI>Max Depth = 64<LI>Call Chain = flashWriteBuffer &rArr; flashWrite &rArr; fmc_word_program &rArr; fmc_ready_wait
</UL>
<BR>[Calls]<UL><LI><a href="#[b3]">&gt;&gt;</a>&nbsp;&nbsp;&nbsp;flashWrite
</UL>
<BR>[Called By]<UL><LI><a href="#[b6]">&gt;&gt;</a>&nbsp;&nbsp;&nbsp;ConfigWrite
</UL>

<P><STRONG><a name="[b7]"></a>flashReadBuffer</STRONG> (Thumb, 20 bytes, Stack size 8 bytes, setup.o(.text))
<BR><BR>[Stack]<UL><LI>Max Depth = 8<LI>Call Chain = flashReadBuffer
</UL>
<BR>[Called By]<UL><LI><a href="#[51]">&gt;&gt;</a>&nbsp;&nbsp;&nbsp;ConfigRead
</UL>

<P><STRONG><a name="[b8]"></a>ConfigReset</STRONG> (Thumb, 32 bytes, Stack size 16 bytes, setup.o(.text))
<BR><BR>[Stack]<UL><LI>Max Depth = 16<LI>Call Chain = ConfigReset
</UL>
<BR>[Called By]<UL><LI><a href="#[51]">&gt;&gt;</a>&nbsp;&nbsp;&nbsp;ConfigRead
</UL>

<P><STRONG><a name="[b6]"></a>ConfigWrite</STRONG> (Thumb, 44 bytes, Stack size 8 bytes, setup.o(.text))
<BR><BR>[Stack]<UL><LI>Max Depth = 72<LI>Call Chain = ConfigWrite &rArr; flashWriteBuffer &rArr; flashWrite &rArr; fmc_word_program &rArr; fmc_ready_wait
</UL>
<BR>[Calls]<UL><LI><a href="#[b5]">&gt;&gt;</a>&nbsp;&nbsp;&nbsp;flashWriteBuffer
<LI><a href="#[ae]">&gt;&gt;</a>&nbsp;&nbsp;&nbsp;flashErase
</UL>
<BR>[Called By]<UL><LI><a href="#[51]">&gt;&gt;</a>&nbsp;&nbsp;&nbsp;ConfigRead
</UL>

<P><STRONG><a name="[51]"></a>ConfigRead</STRONG> (Thumb, 64 bytes, Stack size 8 bytes, setup.o(.text))
<BR><BR>[Stack]<UL><LI>Max Depth = 80<LI>Call Chain = ConfigRead &rArr; ConfigWrite &rArr; flashWriteBuffer &rArr; flashWrite &rArr; fmc_word_program &rArr; fmc_ready_wait
</UL>
<BR>[Calls]<UL><LI><a href="#[b6]">&gt;&gt;</a>&nbsp;&nbsp;&nbsp;ConfigWrite
<LI><a href="#[b8]">&gt;&gt;</a>&nbsp;&nbsp;&nbsp;ConfigReset
<LI><a href="#[b7]">&gt;&gt;</a>&nbsp;&nbsp;&nbsp;flashReadBuffer
</UL>
<BR>[Called By]<UL><LI><a href="#[39]">&gt;&gt;</a>&nbsp;&nbsp;&nbsp;main
</UL>

<P><STRONG><a name="[52]"></a>Clock_init</STRONG> (Thumb, 36 bytes, Stack size 8 bytes, setup.o(.text))
<BR><BR>[Stack]<UL><LI>Max Depth = 8<LI>Call Chain = Clock_init
</UL>
<BR>[Calls]<UL><LI><a href="#[b9]">&gt;&gt;</a>&nbsp;&nbsp;&nbsp;SystemCoreClockUpdate
</UL>
<BR>[Called By]<UL><LI><a href="#[39]">&gt;&gt;</a>&nbsp;&nbsp;&nbsp;main
</UL>

<P><STRONG><a name="[ba]"></a>Clock_test</STRONG> (Thumb, 36 bytes, Stack size 16 bytes, setup.o(.text), UNUSED)
<BR><BR>[Calls]<UL><LI><a href="#[5c]">&gt;&gt;</a>&nbsp;&nbsp;&nbsp;millis
</UL>

<P><STRONG><a name="[ca]"></a>add_cr_before_lf_inplace</STRONG> (Thumb, 92 bytes, Stack size 20 bytes, setup.o(.text))
<BR><BR>[Stack]<UL><LI>Max Depth = 20<LI>Call Chain = add_cr_before_lf_inplace
</UL>
<BR>[Called By]<UL><LI><a href="#[5f]">&gt;&gt;</a>&nbsp;&nbsp;&nbsp;RemoteUpdate
</UL>

<P><STRONG><a name="[9]"></a>SysTick_Handler</STRONG> (Thumb, 12 bytes, Stack size 0 bytes, it.o(.text))
<BR>[Address Reference Count : 1]<UL><LI> startup_gd32f1x0.o(RESET)
</UL>
<P><STRONG><a name="[cc]"></a>ResetTimeout</STRONG> (Thumb, 8 bytes, Stack size 0 bytes, it.o(.text))
<BR><BR>[Called By]<UL><LI><a href="#[5f]">&gt;&gt;</a>&nbsp;&nbsp;&nbsp;RemoteUpdate
</UL>

<P><STRONG><a name="[1c]"></a>TIMER13_IRQHandler</STRONG> (Thumb, 44 bytes, Stack size 0 bytes, it.o(.text))
<BR><BR>[Calls]<UL><LI><a href="#[bb]">&gt;&gt;</a>&nbsp;&nbsp;&nbsp;timer_interrupt_flag_clear
</UL>
<BR>[Address Reference Count : 1]<UL><LI> startup_gd32f1x0.o(RESET)
</UL>
<P><STRONG><a name="[17]"></a>TIMER0_BRK_UP_TRG_COM_IRQHandler</STRONG> (Thumb, 76 bytes, Stack size 8 bytes, it.o(.text))
<BR><BR>[Stack]<UL><LI>Max Depth = 8<LI>Call Chain = TIMER0_BRK_UP_TRG_COM_IRQHandler
</UL>
<BR>[Calls]<UL><LI><a href="#[bd]">&gt;&gt;</a>&nbsp;&nbsp;&nbsp;adc_software_trigger_enable
<LI><a href="#[bc]">&gt;&gt;</a>&nbsp;&nbsp;&nbsp;timer_interrupt_flag_get
<LI><a href="#[bb]">&gt;&gt;</a>&nbsp;&nbsp;&nbsp;timer_interrupt_flag_clear
</UL>
<BR>[Address Reference Count : 1]<UL><LI> startup_gd32f1x0.o(RESET)
</UL>
<P><STRONG><a name="[13]"></a>DMA_Channel0_IRQHandler</STRONG> (Thumb, 60 bytes, Stack size 8 bytes, it.o(.text))
<BR><BR>[Stack]<UL><LI>Max Depth = 160<LI>Call Chain = DMA_Channel0_IRQHandler &rArr; CalculateBLDC &rArr; __aeabi_dadd &rArr; _double_epilogue &rArr; _double_round
</UL>
<BR>[Calls]<UL><LI><a href="#[bf]">&gt;&gt;</a>&nbsp;&nbsp;&nbsp;dma_interrupt_flag_clear
<LI><a href="#[be]">&gt;&gt;</a>&nbsp;&nbsp;&nbsp;dma_interrupt_flag_get
<LI><a href="#[75]">&gt;&gt;</a>&nbsp;&nbsp;&nbsp;CalculateBLDC
</UL>
<BR>[Address Reference Count : 1]<UL><LI> startup_gd32f1x0.o(RESET)
</UL>
<P><STRONG><a name="[5c]"></a>millis</STRONG> (Thumb, 8 bytes, Stack size 0 bytes, it.o(.text))
<BR><BR>[Called By]<UL><LI><a href="#[ba]">&gt;&gt;</a>&nbsp;&nbsp;&nbsp;Clock_test
<LI><a href="#[39]">&gt;&gt;</a>&nbsp;&nbsp;&nbsp;main
</UL>

<P><STRONG><a name="[5e]"></a>Delay</STRONG> (Thumb, 20 bytes, Stack size 0 bytes, it.o(.text))
<BR><BR>[Called By]<UL><LI><a href="#[39]">&gt;&gt;</a>&nbsp;&nbsp;&nbsp;main
</UL>

<P><STRONG><a name="[1]"></a>NMI_Handler</STRONG> (Thumb, 2 bytes, Stack size 0 bytes, it.o(.text))
<BR>[Address Reference Count : 1]<UL><LI> startup_gd32f1x0.o(RESET)
</UL>
<P><STRONG><a name="[2]"></a>HardFault_Handler</STRONG> (Thumb, 2 bytes, Stack size 0 bytes, it.o(.text))
<BR><BR>[Calls]<UL><LI><a href="#[2]">&gt;&gt;</a>&nbsp;&nbsp;&nbsp;HardFault_Handler
</UL>
<BR>[Called By]<UL><LI><a href="#[2]">&gt;&gt;</a>&nbsp;&nbsp;&nbsp;HardFault_Handler
</UL>
<BR>[Address Reference Count : 1]<UL><LI> startup_gd32f1x0.o(RESET)
</UL>
<P><STRONG><a name="[3]"></a>MemManage_Handler</STRONG> (Thumb, 2 bytes, Stack size 0 bytes, it.o(.text))
<BR><BR>[Calls]<UL><LI><a href="#[3]">&gt;&gt;</a>&nbsp;&nbsp;&nbsp;MemManage_Handler
</UL>
<BR>[Called By]<UL><LI><a href="#[3]">&gt;&gt;</a>&nbsp;&nbsp;&nbsp;MemManage_Handler
</UL>
<BR>[Address Reference Count : 1]<UL><LI> startup_gd32f1x0.o(RESET)
</UL>
<P><STRONG><a name="[4]"></a>BusFault_Handler</STRONG> (Thumb, 2 bytes, Stack size 0 bytes, it.o(.text))
<BR><BR>[Calls]<UL><LI><a href="#[4]">&gt;&gt;</a>&nbsp;&nbsp;&nbsp;BusFault_Handler
</UL>
<BR>[Called By]<UL><LI><a href="#[4]">&gt;&gt;</a>&nbsp;&nbsp;&nbsp;BusFault_Handler
</UL>
<BR>[Address Reference Count : 1]<UL><LI> startup_gd32f1x0.o(RESET)
</UL>
<P><STRONG><a name="[5]"></a>UsageFault_Handler</STRONG> (Thumb, 2 bytes, Stack size 0 bytes, it.o(.text))
<BR><BR>[Calls]<UL><LI><a href="#[5]">&gt;&gt;</a>&nbsp;&nbsp;&nbsp;UsageFault_Handler
</UL>
<BR>[Called By]<UL><LI><a href="#[5]">&gt;&gt;</a>&nbsp;&nbsp;&nbsp;UsageFault_Handler
</UL>
<BR>[Address Reference Count : 1]<UL><LI> startup_gd32f1x0.o(RESET)
</UL>
<P><STRONG><a name="[6]"></a>SVC_Handler</STRONG> (Thumb, 2 bytes, Stack size 0 bytes, it.o(.text))
<BR>[Address Reference Count : 1]<UL><LI> startup_gd32f1x0.o(RESET)
</UL>
<P><STRONG><a name="[7]"></a>DebugMon_Handler</STRONG> (Thumb, 2 bytes, Stack size 0 bytes, it.o(.text))
<BR>[Address Reference Count : 1]<UL><LI> startup_gd32f1x0.o(RESET)
</UL>
<P><STRONG><a name="[8]"></a>PendSV_Handler</STRONG> (Thumb, 2 bytes, Stack size 0 bytes, it.o(.text))
<BR>[Address Reference Count : 1]<UL><LI> startup_gd32f1x0.o(RESET)
</UL>
<P><STRONG><a name="[c0]"></a>_TestKey</STRONG> (Thumb, 76 bytes, Stack size 32 bytes, remotedummy.o(.text))
<BR><BR>[Stack]<UL><LI>Max Depth = 248<LI>Call Chain = _TestKey &rArr; strtof &rArr; __strtof_int &rArr; __strtod_int &rArr; _local_sscanf &rArr; _scanf_real
</UL>
<BR>[Calls]<UL><LI><a href="#[c1]">&gt;&gt;</a>&nbsp;&nbsp;&nbsp;strtof
</UL>
<BR>[Called By]<UL><LI><a href="#[c2]">&gt;&gt;</a>&nbsp;&nbsp;&nbsp;parse_message
</UL>

<P><STRONG><a name="[c2]"></a>parse_message</STRONG> (Thumb, 280 bytes, Stack size 88 bytes, remotedummy.o(.text))
<BR><BR>[Stack]<UL><LI>Max Depth = 336<LI>Call Chain = parse_message &rArr; _TestKey &rArr; strtof &rArr; __strtof_int &rArr; __strtod_int &rArr; _local_sscanf &rArr; _scanf_real
</UL>
<BR>[Calls]<UL><LI><a href="#[c0]">&gt;&gt;</a>&nbsp;&nbsp;&nbsp;_TestKey
<LI><a href="#[70]">&gt;&gt;</a>&nbsp;&nbsp;&nbsp;__aeabi_fcmplt
<LI><a href="#[6c]">&gt;&gt;</a>&nbsp;&nbsp;&nbsp;__aeabi_f2iz
<LI><a href="#[c4]">&gt;&gt;</a>&nbsp;&nbsp;&nbsp;strcmp
<LI><a href="#[c3]">&gt;&gt;</a>&nbsp;&nbsp;&nbsp;__aeabi_memcpy
<LI><a href="#[c5]">&gt;&gt;</a>&nbsp;&nbsp;&nbsp;__2sprintf
</UL>
<BR>[Called By]<UL><LI><a href="#[c6]">&gt;&gt;</a>&nbsp;&nbsp;&nbsp;check_rtt_for_message
</UL>

<P><STRONG><a name="[c6]"></a>check_rtt_for_message</STRONG> (Thumb, 60 bytes, Stack size 16 bytes, remotedummy.o(.text))
<BR><BR>[Stack]<UL><LI>Max Depth = 352<LI>Call Chain = check_rtt_for_message &rArr; parse_message &rArr; _TestKey &rArr; strtof &rArr; __strtof_int &rArr; __strtod_int &rArr; _local_sscanf &rArr; _scanf_real
</UL>
<BR>[Calls]<UL><LI><a href="#[c7]">&gt;&gt;</a>&nbsp;&nbsp;&nbsp;SEGGER_RTT_GetKey
<LI><a href="#[c2]">&gt;&gt;</a>&nbsp;&nbsp;&nbsp;parse_message
</UL>
<BR>[Called By]<UL><LI><a href="#[5f]">&gt;&gt;</a>&nbsp;&nbsp;&nbsp;RemoteUpdate
</UL>

<P><STRONG><a name="[5f]"></a>RemoteUpdate</STRONG> (Thumb, 368 bytes, Stack size 64 bytes, remotedummy.o(.text))
<BR><BR>[Stack]<UL><LI>Max Depth = 416<LI>Call Chain = RemoteUpdate &rArr; check_rtt_for_message &rArr; parse_message &rArr; _TestKey &rArr; strtof &rArr; __strtof_int &rArr; __strtod_int &rArr; _local_sscanf &rArr; _scanf_real
</UL>
<BR>[Calls]<UL><LI><a href="#[cb]">&gt;&gt;</a>&nbsp;&nbsp;&nbsp;SEGGER_RTT_WriteString
<LI><a href="#[c6]">&gt;&gt;</a>&nbsp;&nbsp;&nbsp;check_rtt_for_message
<LI><a href="#[cc]">&gt;&gt;</a>&nbsp;&nbsp;&nbsp;ResetTimeout
<LI><a href="#[ca]">&gt;&gt;</a>&nbsp;&nbsp;&nbsp;add_cr_before_lf_inplace
<LI><a href="#[76]">&gt;&gt;</a>&nbsp;&nbsp;&nbsp;__aeabi_ui2d
<LI><a href="#[69]">&gt;&gt;</a>&nbsp;&nbsp;&nbsp;__aeabi_d2f
<LI><a href="#[68]">&gt;&gt;</a>&nbsp;&nbsp;&nbsp;__aeabi_f2d
<LI><a href="#[64]">&gt;&gt;</a>&nbsp;&nbsp;&nbsp;__aeabi_dmul
<LI><a href="#[62]">&gt;&gt;</a>&nbsp;&nbsp;&nbsp;__aeabi_ddiv
<LI><a href="#[5a]">&gt;&gt;</a>&nbsp;&nbsp;&nbsp;DriverInit
<LI><a href="#[c8]">&gt;&gt;</a>&nbsp;&nbsp;&nbsp;memcmp
<LI><a href="#[c9]">&gt;&gt;</a>&nbsp;&nbsp;&nbsp;__aeabi_memcpy4
<LI><a href="#[c5]">&gt;&gt;</a>&nbsp;&nbsp;&nbsp;__2sprintf
</UL>
<BR>[Called By]<UL><LI><a href="#[39]">&gt;&gt;</a>&nbsp;&nbsp;&nbsp;main
</UL>

<P><STRONG><a name="[182]"></a>RemoteCallback</STRONG> (Thumb, 2 bytes, Stack size 0 bytes, remotedummy.o(.text), UNUSED)

<P><STRONG><a name="[183]"></a>RemoteCalculate</STRONG> (Thumb, 2 bytes, Stack size 0 bytes, remotedummy.o(.text), UNUSED)

<P><STRONG><a name="[cd]"></a>SEGGER_RTT_ReadUpBufferNoLock</STRONG> (Thumb, 104 bytes, Stack size 32 bytes, segger_rtt.o(.text), UNUSED)
<BR><BR>[Calls]<UL><LI><a href="#[d1]">&gt;&gt;</a>&nbsp;&nbsp;&nbsp;OUTLINED_FUNCTION_2
<LI><a href="#[d0]">&gt;&gt;</a>&nbsp;&nbsp;&nbsp;OUTLINED_FUNCTION_6
<LI><a href="#[cf]">&gt;&gt;</a>&nbsp;&nbsp;&nbsp;OUTLINED_FUNCTION_7
<LI><a href="#[ce]">&gt;&gt;</a>&nbsp;&nbsp;&nbsp;_DoInit
</UL>
<BR>[Called By]<UL><LI><a href="#[d4]">&gt;&gt;</a>&nbsp;&nbsp;&nbsp;SEGGER_RTT_ReadUpBuffer
</UL>

<P><STRONG><a name="[d3]"></a>SEGGER_RTT_ReadNoLock</STRONG> (Thumb, 104 bytes, Stack size 32 bytes, segger_rtt.o(.text))
<BR><BR>[Stack]<UL><LI>Max Depth = 40<LI>Call Chain = SEGGER_RTT_ReadNoLock &rArr; _DoInit
</UL>
<BR>[Calls]<UL><LI><a href="#[d1]">&gt;&gt;</a>&nbsp;&nbsp;&nbsp;OUTLINED_FUNCTION_2
<LI><a href="#[d0]">&gt;&gt;</a>&nbsp;&nbsp;&nbsp;OUTLINED_FUNCTION_6
<LI><a href="#[cf]">&gt;&gt;</a>&nbsp;&nbsp;&nbsp;OUTLINED_FUNCTION_7
<LI><a href="#[ce]">&gt;&gt;</a>&nbsp;&nbsp;&nbsp;_DoInit
</UL>
<BR>[Called By]<UL><LI><a href="#[d5]">&gt;&gt;</a>&nbsp;&nbsp;&nbsp;SEGGER_RTT_Read
</UL>

<P><STRONG><a name="[d4]"></a>SEGGER_RTT_ReadUpBuffer</STRONG> (Thumb, 28 bytes, Stack size 8 bytes, segger_rtt.o(.text), UNUSED)
<BR><BR>[Calls]<UL><LI><a href="#[cd]">&gt;&gt;</a>&nbsp;&nbsp;&nbsp;SEGGER_RTT_ReadUpBufferNoLock
</UL>

<P><STRONG><a name="[d5]"></a>SEGGER_RTT_Read</STRONG> (Thumb, 28 bytes, Stack size 8 bytes, segger_rtt.o(.text))
<BR><BR>[Stack]<UL><LI>Max Depth = 48<LI>Call Chain = SEGGER_RTT_Read &rArr; SEGGER_RTT_ReadNoLock &rArr; _DoInit
</UL>
<BR>[Calls]<UL><LI><a href="#[d3]">&gt;&gt;</a>&nbsp;&nbsp;&nbsp;SEGGER_RTT_ReadNoLock
</UL>
<BR>[Called By]<UL><LI><a href="#[c7]">&gt;&gt;</a>&nbsp;&nbsp;&nbsp;SEGGER_RTT_GetKey
</UL>

<P><STRONG><a name="[d6]"></a>SEGGER_RTT_WriteWithOverwriteNoLock</STRONG> (Thumb, 124 bytes, Stack size 24 bytes, segger_rtt.o(.text), UNUSED)
<BR><BR>[Calls]<UL><LI><a href="#[d7]">&gt;&gt;</a>&nbsp;&nbsp;&nbsp;OUTLINED_FUNCTION_3
<LI><a href="#[d0]">&gt;&gt;</a>&nbsp;&nbsp;&nbsp;OUTLINED_FUNCTION_6
<LI><a href="#[c3]">&gt;&gt;</a>&nbsp;&nbsp;&nbsp;__aeabi_memcpy
</UL>

<P><STRONG><a name="[d8]"></a>SEGGER_RTT_WriteDownBufferNoLock</STRONG> (Thumb, 72 bytes, Stack size 16 bytes, segger_rtt.o(.text), UNUSED)
<BR><BR>[Calls]<UL><LI><a href="#[db]">&gt;&gt;</a>&nbsp;&nbsp;&nbsp;_WriteBlocking
<LI><a href="#[da]">&gt;&gt;</a>&nbsp;&nbsp;&nbsp;OUTLINED_FUNCTION_5
<LI><a href="#[d9]">&gt;&gt;</a>&nbsp;&nbsp;&nbsp;_GetAvailWriteSpace
<LI><a href="#[d7]">&gt;&gt;</a>&nbsp;&nbsp;&nbsp;OUTLINED_FUNCTION_3
</UL>
<BR>[Called By]<UL><LI><a href="#[de]">&gt;&gt;</a>&nbsp;&nbsp;&nbsp;SEGGER_RTT_WriteDownBuffer
</UL>

<P><STRONG><a name="[dd]"></a>SEGGER_RTT_WriteNoLock</STRONG> (Thumb, 72 bytes, Stack size 16 bytes, segger_rtt.o(.text))
<BR><BR>[Stack]<UL><LI>Max Depth = 48<LI>Call Chain = SEGGER_RTT_WriteNoLock &rArr; _WriteBlocking
</UL>
<BR>[Calls]<UL><LI><a href="#[db]">&gt;&gt;</a>&nbsp;&nbsp;&nbsp;_WriteBlocking
<LI><a href="#[da]">&gt;&gt;</a>&nbsp;&nbsp;&nbsp;OUTLINED_FUNCTION_5
<LI><a href="#[d9]">&gt;&gt;</a>&nbsp;&nbsp;&nbsp;_GetAvailWriteSpace
<LI><a href="#[d7]">&gt;&gt;</a>&nbsp;&nbsp;&nbsp;OUTLINED_FUNCTION_3
</UL>
<BR>[Called By]<UL><LI><a href="#[df]">&gt;&gt;</a>&nbsp;&nbsp;&nbsp;SEGGER_RTT_Write
</UL>

<P><STRONG><a name="[de]"></a>SEGGER_RTT_WriteDownBuffer</STRONG> (Thumb, 48 bytes, Stack size 24 bytes, segger_rtt.o(.text), UNUSED)
<BR><BR>[Calls]<UL><LI><a href="#[d8]">&gt;&gt;</a>&nbsp;&nbsp;&nbsp;SEGGER_RTT_WriteDownBufferNoLock
<LI><a href="#[ce]">&gt;&gt;</a>&nbsp;&nbsp;&nbsp;_DoInit
</UL>

<P><STRONG><a name="[df]"></a>SEGGER_RTT_Write</STRONG> (Thumb, 48 bytes, Stack size 24 bytes, segger_rtt.o(.text))
<BR><BR>[Stack]<UL><LI>Max Depth = 72<LI>Call Chain = SEGGER_RTT_Write &rArr; SEGGER_RTT_WriteNoLock &rArr; _WriteBlocking
</UL>
<BR>[Calls]<UL><LI><a href="#[dd]">&gt;&gt;</a>&nbsp;&nbsp;&nbsp;SEGGER_RTT_WriteNoLock
<LI><a href="#[ce]">&gt;&gt;</a>&nbsp;&nbsp;&nbsp;_DoInit
</UL>
<BR>[Called By]<UL><LI><a href="#[cb]">&gt;&gt;</a>&nbsp;&nbsp;&nbsp;SEGGER_RTT_WriteString
</UL>

<P><STRONG><a name="[cb]"></a>SEGGER_RTT_WriteString</STRONG> (Thumb, 26 bytes, Stack size 16 bytes, segger_rtt.o(.text))
<BR><BR>[Stack]<UL><LI>Max Depth = 88<LI>Call Chain = SEGGER_RTT_WriteString &rArr; SEGGER_RTT_Write &rArr; SEGGER_RTT_WriteNoLock &rArr; _WriteBlocking
</UL>
<BR>[Calls]<UL><LI><a href="#[df]">&gt;&gt;</a>&nbsp;&nbsp;&nbsp;SEGGER_RTT_Write
<LI><a href="#[e0]">&gt;&gt;</a>&nbsp;&nbsp;&nbsp;strlen
</UL>
<BR>[Called By]<UL><LI><a href="#[5f]">&gt;&gt;</a>&nbsp;&nbsp;&nbsp;RemoteUpdate
</UL>

<P><STRONG><a name="[184]"></a>SEGGER_RTT_PutCharSkipNoLock</STRONG> (Thumb, 48 bytes, Stack size 16 bytes, segger_rtt.o(.text), UNUSED)

<P><STRONG><a name="[e1]"></a>SEGGER_RTT_PutCharSkip</STRONG> (Thumb, 72 bytes, Stack size 16 bytes, segger_rtt.o(.text), UNUSED)
<BR><BR>[Calls]<UL><LI><a href="#[e2]">&gt;&gt;</a>&nbsp;&nbsp;&nbsp;OUTLINED_FUNCTION_1
<LI><a href="#[ce]">&gt;&gt;</a>&nbsp;&nbsp;&nbsp;_DoInit
</UL>

<P><STRONG><a name="[e3]"></a>SEGGER_RTT_PutChar</STRONG> (Thumb, 84 bytes, Stack size 16 bytes, segger_rtt.o(.text), UNUSED)
<BR><BR>[Calls]<UL><LI><a href="#[e2]">&gt;&gt;</a>&nbsp;&nbsp;&nbsp;OUTLINED_FUNCTION_1
<LI><a href="#[ce]">&gt;&gt;</a>&nbsp;&nbsp;&nbsp;_DoInit
</UL>

<P><STRONG><a name="[c7]"></a>SEGGER_RTT_GetKey</STRONG> (Thumb, 30 bytes, Stack size 16 bytes, segger_rtt.o(.text))
<BR><BR>[Stack]<UL><LI>Max Depth = 64<LI>Call Chain = SEGGER_RTT_GetKey &rArr; SEGGER_RTT_Read &rArr; SEGGER_RTT_ReadNoLock &rArr; _DoInit
</UL>
<BR>[Calls]<UL><LI><a href="#[d5]">&gt;&gt;</a>&nbsp;&nbsp;&nbsp;SEGGER_RTT_Read
</UL>
<BR>[Called By]<UL><LI><a href="#[e4]">&gt;&gt;</a>&nbsp;&nbsp;&nbsp;SEGGER_RTT_WaitKey
<LI><a href="#[c6]">&gt;&gt;</a>&nbsp;&nbsp;&nbsp;check_rtt_for_message
</UL>

<P><STRONG><a name="[e4]"></a>SEGGER_RTT_WaitKey</STRONG> (Thumb, 12 bytes, Stack size 8 bytes, segger_rtt.o(.text), UNUSED)
<BR><BR>[Calls]<UL><LI><a href="#[c7]">&gt;&gt;</a>&nbsp;&nbsp;&nbsp;SEGGER_RTT_GetKey
</UL>

<P><STRONG><a name="[e5]"></a>SEGGER_RTT_HasKey</STRONG> (Thumb, 28 bytes, Stack size 8 bytes, segger_rtt.o(.text), UNUSED)
<BR><BR>[Calls]<UL><LI><a href="#[ce]">&gt;&gt;</a>&nbsp;&nbsp;&nbsp;_DoInit
</UL>

<P><STRONG><a name="[185]"></a>SEGGER_RTT_HasData</STRONG> (Thumb, 20 bytes, Stack size 0 bytes, segger_rtt.o(.text), UNUSED)

<P><STRONG><a name="[186]"></a>SEGGER_RTT_HasDataUp</STRONG> (Thumb, 20 bytes, Stack size 0 bytes, segger_rtt.o(.text), UNUSED)

<P><STRONG><a name="[e6]"></a>SEGGER_RTT_AllocDownBuffer</STRONG> (Thumb, 92 bytes, Stack size 24 bytes, segger_rtt.o(.text), UNUSED)
<BR><BR>[Calls]<UL><LI><a href="#[e7]">&gt;&gt;</a>&nbsp;&nbsp;&nbsp;OUTLINED_FUNCTION_0
<LI><a href="#[ce]">&gt;&gt;</a>&nbsp;&nbsp;&nbsp;_DoInit
</UL>

<P><STRONG><a name="[e8]"></a>SEGGER_RTT_AllocUpBuffer</STRONG> (Thumb, 92 bytes, Stack size 24 bytes, segger_rtt.o(.text), UNUSED)
<BR><BR>[Calls]<UL><LI><a href="#[e7]">&gt;&gt;</a>&nbsp;&nbsp;&nbsp;OUTLINED_FUNCTION_0
<LI><a href="#[ce]">&gt;&gt;</a>&nbsp;&nbsp;&nbsp;_DoInit
</UL>

<P><STRONG><a name="[e9]"></a>SEGGER_RTT_ConfigUpBuffer</STRONG> (Thumb, 72 bytes, Stack size 24 bytes, segger_rtt.o(.text), UNUSED)
<BR><BR>[Calls]<UL><LI><a href="#[ea]">&gt;&gt;</a>&nbsp;&nbsp;&nbsp;OUTLINED_FUNCTION_4
<LI><a href="#[e7]">&gt;&gt;</a>&nbsp;&nbsp;&nbsp;OUTLINED_FUNCTION_0
<LI><a href="#[ce]">&gt;&gt;</a>&nbsp;&nbsp;&nbsp;_DoInit
</UL>

<P><STRONG><a name="[eb]"></a>SEGGER_RTT_ConfigDownBuffer</STRONG> (Thumb, 72 bytes, Stack size 24 bytes, segger_rtt.o(.text), UNUSED)
<BR><BR>[Calls]<UL><LI><a href="#[ea]">&gt;&gt;</a>&nbsp;&nbsp;&nbsp;OUTLINED_FUNCTION_4
<LI><a href="#[e7]">&gt;&gt;</a>&nbsp;&nbsp;&nbsp;OUTLINED_FUNCTION_0
<LI><a href="#[ce]">&gt;&gt;</a>&nbsp;&nbsp;&nbsp;_DoInit
</UL>

<P><STRONG><a name="[ec]"></a>SEGGER_RTT_SetNameUpBuffer</STRONG> (Thumb, 56 bytes, Stack size 16 bytes, segger_rtt.o(.text), UNUSED)
<BR><BR>[Calls]<UL><LI><a href="#[e2]">&gt;&gt;</a>&nbsp;&nbsp;&nbsp;OUTLINED_FUNCTION_1
<LI><a href="#[ce]">&gt;&gt;</a>&nbsp;&nbsp;&nbsp;_DoInit
</UL>

<P><STRONG><a name="[ed]"></a>SEGGER_RTT_SetNameDownBuffer</STRONG> (Thumb, 56 bytes, Stack size 16 bytes, segger_rtt.o(.text), UNUSED)
<BR><BR>[Calls]<UL><LI><a href="#[e2]">&gt;&gt;</a>&nbsp;&nbsp;&nbsp;OUTLINED_FUNCTION_1
<LI><a href="#[ce]">&gt;&gt;</a>&nbsp;&nbsp;&nbsp;_DoInit
</UL>

<P><STRONG><a name="[ee]"></a>SEGGER_RTT_SetFlagsUpBuffer</STRONG> (Thumb, 56 bytes, Stack size 16 bytes, segger_rtt.o(.text), UNUSED)
<BR><BR>[Calls]<UL><LI><a href="#[e2]">&gt;&gt;</a>&nbsp;&nbsp;&nbsp;OUTLINED_FUNCTION_1
<LI><a href="#[ce]">&gt;&gt;</a>&nbsp;&nbsp;&nbsp;_DoInit
</UL>

<P><STRONG><a name="[ef]"></a>SEGGER_RTT_SetFlagsDownBuffer</STRONG> (Thumb, 56 bytes, Stack size 16 bytes, segger_rtt.o(.text), UNUSED)
<BR><BR>[Calls]<UL><LI><a href="#[e2]">&gt;&gt;</a>&nbsp;&nbsp;&nbsp;OUTLINED_FUNCTION_1
<LI><a href="#[ce]">&gt;&gt;</a>&nbsp;&nbsp;&nbsp;_DoInit
</UL>

<P><STRONG><a name="[f0]"></a>SEGGER_RTT_Init</STRONG> (Thumb, 2 bytes, Stack size 0 bytes, segger_rtt.o(.text), UNUSED)
<BR><BR>[Calls]<UL><LI><a href="#[ce]">&gt;&gt;</a>&nbsp;&nbsp;&nbsp;_DoInit
</UL>

<P><STRONG><a name="[f1]"></a>SEGGER_RTT_SetTerminal</STRONG> (Thumb, 124 bytes, Stack size 24 bytes, segger_rtt.o(.text), UNUSED)
<BR><BR>[Calls]<UL><LI><a href="#[dc]">&gt;&gt;</a>&nbsp;&nbsp;&nbsp;_WriteNoCheck
<LI><a href="#[db]">&gt;&gt;</a>&nbsp;&nbsp;&nbsp;_WriteBlocking
<LI><a href="#[d9]">&gt;&gt;</a>&nbsp;&nbsp;&nbsp;_GetAvailWriteSpace
<LI><a href="#[ce]">&gt;&gt;</a>&nbsp;&nbsp;&nbsp;_DoInit
</UL>

<P><STRONG><a name="[f2]"></a>SEGGER_RTT_TerminalOut</STRONG> (Thumb, 148 bytes, Stack size 32 bytes, segger_rtt.o(.text), UNUSED)
<BR><BR>[Calls]<UL><LI><a href="#[f3]">&gt;&gt;</a>&nbsp;&nbsp;&nbsp;_PostTerminalSwitch
<LI><a href="#[db]">&gt;&gt;</a>&nbsp;&nbsp;&nbsp;_WriteBlocking
<LI><a href="#[d9]">&gt;&gt;</a>&nbsp;&nbsp;&nbsp;_GetAvailWriteSpace
<LI><a href="#[ce]">&gt;&gt;</a>&nbsp;&nbsp;&nbsp;_DoInit
<LI><a href="#[e0]">&gt;&gt;</a>&nbsp;&nbsp;&nbsp;strlen
</UL>

<P><STRONG><a name="[f4]"></a>SEGGER_RTT_GetAvailWriteSpace</STRONG> (Thumb, 16 bytes, Stack size 0 bytes, segger_rtt.o(.text), UNUSED)
<BR><BR>[Calls]<UL><LI><a href="#[d9]">&gt;&gt;</a>&nbsp;&nbsp;&nbsp;_GetAvailWriteSpace
</UL>

<P><STRONG><a name="[187]"></a>SEGGER_RTT_GetBytesInBuffer</STRONG> (Thumb, 32 bytes, Stack size 0 bytes, segger_rtt.o(.text), UNUSED)

<P><STRONG><a name="[f5]"></a>adc_deinit</STRONG> (Thumb, 22 bytes, Stack size 8 bytes, gd32f1x0_adc.o(.text), UNUSED)
<BR><BR>[Calls]<UL><LI><a href="#[f7]">&gt;&gt;</a>&nbsp;&nbsp;&nbsp;rcu_periph_reset_disable
<LI><a href="#[f6]">&gt;&gt;</a>&nbsp;&nbsp;&nbsp;rcu_periph_reset_enable
</UL>

<P><STRONG><a name="[aa]"></a>adc_enable</STRONG> (Thumb, 20 bytes, Stack size 0 bytes, gd32f1x0_adc.o(.text))
<BR><BR>[Called By]<UL><LI><a href="#[57]">&gt;&gt;</a>&nbsp;&nbsp;&nbsp;ADC_init
</UL>

<P><STRONG><a name="[188]"></a>adc_disable</STRONG> (Thumb, 12 bytes, Stack size 0 bytes, gd32f1x0_adc.o(.text), UNUSED)

<P><STRONG><a name="[ab]"></a>adc_calibration_enable</STRONG> (Thumb, 32 bytes, Stack size 0 bytes, gd32f1x0_adc.o(.text))
<BR><BR>[Called By]<UL><LI><a href="#[57]">&gt;&gt;</a>&nbsp;&nbsp;&nbsp;ADC_init
</UL>

<P><STRONG><a name="[ac]"></a>adc_dma_mode_enable</STRONG> (Thumb, 12 bytes, Stack size 0 bytes, gd32f1x0_adc.o(.text))
<BR><BR>[Called By]<UL><LI><a href="#[57]">&gt;&gt;</a>&nbsp;&nbsp;&nbsp;ADC_init
</UL>

<P><STRONG><a name="[189]"></a>adc_dma_mode_disable</STRONG> (Thumb, 12 bytes, Stack size 0 bytes, gd32f1x0_adc.o(.text), UNUSED)

<P><STRONG><a name="[18a]"></a>adc_tempsensor_vrefint_enable</STRONG> (Thumb, 12 bytes, Stack size 0 bytes, gd32f1x0_adc.o(.text), UNUSED)

<P><STRONG><a name="[a7]"></a>adc_tempsensor_vrefint_disable</STRONG> (Thumb, 12 bytes, Stack size 0 bytes, gd32f1x0_adc.o(.text))
<BR><BR>[Called By]<UL><LI><a href="#[57]">&gt;&gt;</a>&nbsp;&nbsp;&nbsp;ADC_init
</UL>

<P><STRONG><a name="[18b]"></a>adc_vbat_enable</STRONG> (Thumb, 12 bytes, Stack size 0 bytes, gd32f1x0_adc.o(.text), UNUSED)

<P><STRONG><a name="[a8]"></a>adc_vbat_disable</STRONG> (Thumb, 12 bytes, Stack size 0 bytes, gd32f1x0_adc.o(.text))
<BR><BR>[Called By]<UL><LI><a href="#[57]">&gt;&gt;</a>&nbsp;&nbsp;&nbsp;ADC_init
</UL>

<P><STRONG><a name="[18c]"></a>adc_discontinuous_mode_config</STRONG> (Thumb, 60 bytes, Stack size 0 bytes, gd32f1x0_adc.o(.text), UNUSED)

<P><STRONG><a name="[ad]"></a>adc_special_function_config</STRONG> (Thumb, 80 bytes, Stack size 0 bytes, gd32f1x0_adc.o(.text))
<BR><BR>[Called By]<UL><LI><a href="#[57]">&gt;&gt;</a>&nbsp;&nbsp;&nbsp;ADC_init
</UL>

<P><STRONG><a name="[a4]"></a>adc_data_alignment_config</STRONG> (Thumb, 20 bytes, Stack size 0 bytes, gd32f1x0_adc.o(.text))
<BR><BR>[Called By]<UL><LI><a href="#[57]">&gt;&gt;</a>&nbsp;&nbsp;&nbsp;ADC_init
</UL>

<P><STRONG><a name="[a2]"></a>adc_channel_length_config</STRONG> (Thumb, 56 bytes, Stack size 8 bytes, gd32f1x0_adc.o(.text))
<BR><BR>[Stack]<UL><LI>Max Depth = 8<LI>Call Chain = adc_channel_length_config
</UL>
<BR>[Called By]<UL><LI><a href="#[57]">&gt;&gt;</a>&nbsp;&nbsp;&nbsp;ADC_init
</UL>

<P><STRONG><a name="[a3]"></a>adc_regular_channel_config</STRONG> (Thumb, 136 bytes, Stack size 16 bytes, gd32f1x0_adc.o(.text))
<BR><BR>[Stack]<UL><LI>Max Depth = 16<LI>Call Chain = adc_regular_channel_config
</UL>
<BR>[Calls]<UL><LI><a href="#[f8]">&gt;&gt;</a>&nbsp;&nbsp;&nbsp;OUTLINED_FUNCTION_1
</UL>
<BR>[Called By]<UL><LI><a href="#[57]">&gt;&gt;</a>&nbsp;&nbsp;&nbsp;ADC_init
</UL>

<P><STRONG><a name="[18d]"></a>adc_inserted_channel_config</STRONG> (Thumb, 84 bytes, Stack size 16 bytes, gd32f1x0_adc.o(.text), UNUSED)

<P><STRONG><a name="[18e]"></a>adc_inserted_channel_offset_config</STRONG> (Thumb, 28 bytes, Stack size 0 bytes, gd32f1x0_adc.o(.text), UNUSED)

<P><STRONG><a name="[a5]"></a>adc_external_trigger_config</STRONG> (Thumb, 56 bytes, Stack size 0 bytes, gd32f1x0_adc.o(.text))
<BR><BR>[Called By]<UL><LI><a href="#[57]">&gt;&gt;</a>&nbsp;&nbsp;&nbsp;ADC_init
</UL>

<P><STRONG><a name="[a6]"></a>adc_external_trigger_source_config</STRONG> (Thumb, 36 bytes, Stack size 0 bytes, gd32f1x0_adc.o(.text))
<BR><BR>[Called By]<UL><LI><a href="#[57]">&gt;&gt;</a>&nbsp;&nbsp;&nbsp;ADC_init
</UL>

<P><STRONG><a name="[bd]"></a>adc_software_trigger_enable</STRONG> (Thumb, 28 bytes, Stack size 0 bytes, gd32f1x0_adc.o(.text))
<BR><BR>[Called By]<UL><LI><a href="#[17]">&gt;&gt;</a>&nbsp;&nbsp;&nbsp;TIMER0_BRK_UP_TRG_COM_IRQHandler
</UL>

<P><STRONG><a name="[18f]"></a>adc_regular_data_read</STRONG> (Thumb, 8 bytes, Stack size 0 bytes, gd32f1x0_adc.o(.text), UNUSED)

<P><STRONG><a name="[190]"></a>adc_inserted_data_read</STRONG> (Thumb, 36 bytes, Stack size 0 bytes, gd32f1x0_adc.o(.text), UNUSED)

<P><STRONG><a name="[191]"></a>adc_flag_get</STRONG> (Thumb, 12 bytes, Stack size 0 bytes, gd32f1x0_adc.o(.text), UNUSED)

<P><STRONG><a name="[f9]"></a>adc_flag_clear</STRONG> (Thumb, 4 bytes, Stack size 0 bytes, gd32f1x0_adc.o(.text), UNUSED)
<BR><BR>[Calls]<UL><LI><a href="#[fa]">&gt;&gt;</a>&nbsp;&nbsp;&nbsp;OUTLINED_FUNCTION_0
</UL>

<P><STRONG><a name="[192]"></a>adc_interrupt_flag_get</STRONG> (Thumb, 48 bytes, Stack size 0 bytes, gd32f1x0_adc.o(.text), UNUSED)

<P><STRONG><a name="[fb]"></a>adc_interrupt_flag_clear</STRONG> (Thumb, 4 bytes, Stack size 0 bytes, gd32f1x0_adc.o(.text), UNUSED)
<BR><BR>[Calls]<UL><LI><a href="#[fa]">&gt;&gt;</a>&nbsp;&nbsp;&nbsp;OUTLINED_FUNCTION_0
</UL>

<P><STRONG><a name="[193]"></a>adc_interrupt_enable</STRONG> (Thumb, 40 bytes, Stack size 0 bytes, gd32f1x0_adc.o(.text), UNUSED)

<P><STRONG><a name="[194]"></a>adc_interrupt_disable</STRONG> (Thumb, 40 bytes, Stack size 0 bytes, gd32f1x0_adc.o(.text), UNUSED)

<P><STRONG><a name="[195]"></a>adc_watchdog_single_channel_enable</STRONG> (Thumb, 28 bytes, Stack size 0 bytes, gd32f1x0_adc.o(.text), UNUSED)

<P><STRONG><a name="[196]"></a>adc_watchdog_group_channel_enable</STRONG> (Thumb, 32 bytes, Stack size 0 bytes, gd32f1x0_adc.o(.text), UNUSED)

<P><STRONG><a name="[a9]"></a>adc_watchdog_disable</STRONG> (Thumb, 12 bytes, Stack size 0 bytes, gd32f1x0_adc.o(.text))
<BR><BR>[Called By]<UL><LI><a href="#[57]">&gt;&gt;</a>&nbsp;&nbsp;&nbsp;ADC_init
</UL>

<P><STRONG><a name="[197]"></a>adc_watchdog_threshold_config</STRONG> (Thumb, 16 bytes, Stack size 0 bytes, gd32f1x0_adc.o(.text), UNUSED)

<P><STRONG><a name="[9b]"></a>dma_deinit</STRONG> (Thumb, 44 bytes, Stack size 0 bytes, gd32f1x0_dma.o(.text))
<BR><BR>[Called By]<UL><LI><a href="#[57]">&gt;&gt;</a>&nbsp;&nbsp;&nbsp;ADC_init
</UL>

<P><STRONG><a name="[198]"></a>dma_struct_para_init</STRONG> (Thumb, 24 bytes, Stack size 0 bytes, gd32f1x0_dma.o(.text), UNUSED)

<P><STRONG><a name="[9c]"></a>dma_init</STRONG> (Thumb, 112 bytes, Stack size 16 bytes, gd32f1x0_dma.o(.text))
<BR><BR>[Stack]<UL><LI>Max Depth = 16<LI>Call Chain = dma_init
</UL>
<BR>[Called By]<UL><LI><a href="#[57]">&gt;&gt;</a>&nbsp;&nbsp;&nbsp;ADC_init
</UL>

<P><STRONG><a name="[9d]"></a>dma_circulation_enable</STRONG> (Thumb, 16 bytes, Stack size 0 bytes, gd32f1x0_dma.o(.text))
<BR><BR>[Calls]<UL><LI><a href="#[fc]">&gt;&gt;</a>&nbsp;&nbsp;&nbsp;OUTLINED_FUNCTION_2
</UL>
<BR>[Called By]<UL><LI><a href="#[57]">&gt;&gt;</a>&nbsp;&nbsp;&nbsp;ADC_init
</UL>

<P><STRONG><a name="[fd]"></a>dma_circulation_disable</STRONG> (Thumb, 16 bytes, Stack size 0 bytes, gd32f1x0_dma.o(.text), UNUSED)
<BR><BR>[Calls]<UL><LI><a href="#[fc]">&gt;&gt;</a>&nbsp;&nbsp;&nbsp;OUTLINED_FUNCTION_2
</UL>

<P><STRONG><a name="[fe]"></a>dma_memory_to_memory_enable</STRONG> (Thumb, 16 bytes, Stack size 0 bytes, gd32f1x0_dma.o(.text), UNUSED)
<BR><BR>[Calls]<UL><LI><a href="#[fc]">&gt;&gt;</a>&nbsp;&nbsp;&nbsp;OUTLINED_FUNCTION_2
</UL>

<P><STRONG><a name="[9e]"></a>dma_memory_to_memory_disable</STRONG> (Thumb, 16 bytes, Stack size 0 bytes, gd32f1x0_dma.o(.text))
<BR><BR>[Calls]<UL><LI><a href="#[fc]">&gt;&gt;</a>&nbsp;&nbsp;&nbsp;OUTLINED_FUNCTION_2
</UL>
<BR>[Called By]<UL><LI><a href="#[57]">&gt;&gt;</a>&nbsp;&nbsp;&nbsp;ADC_init
</UL>

<P><STRONG><a name="[a1]"></a>dma_channel_enable</STRONG> (Thumb, 16 bytes, Stack size 0 bytes, gd32f1x0_dma.o(.text))
<BR><BR>[Calls]<UL><LI><a href="#[fc]">&gt;&gt;</a>&nbsp;&nbsp;&nbsp;OUTLINED_FUNCTION_2
</UL>
<BR>[Called By]<UL><LI><a href="#[57]">&gt;&gt;</a>&nbsp;&nbsp;&nbsp;ADC_init
</UL>

<P><STRONG><a name="[ff]"></a>dma_channel_disable</STRONG> (Thumb, 16 bytes, Stack size 0 bytes, gd32f1x0_dma.o(.text), UNUSED)
<BR><BR>[Calls]<UL><LI><a href="#[fc]">&gt;&gt;</a>&nbsp;&nbsp;&nbsp;OUTLINED_FUNCTION_2
</UL>

<P><STRONG><a name="[100]"></a>dma_periph_address_config</STRONG> (Thumb, 4 bytes, Stack size 0 bytes, gd32f1x0_dma.o(.text), UNUSED)
<BR><BR>[Calls]<UL><LI><a href="#[101]">&gt;&gt;</a>&nbsp;&nbsp;&nbsp;OUTLINED_FUNCTION_0
</UL>

<P><STRONG><a name="[102]"></a>dma_memory_address_config</STRONG> (Thumb, 4 bytes, Stack size 0 bytes, gd32f1x0_dma.o(.text), UNUSED)
<BR><BR>[Calls]<UL><LI><a href="#[101]">&gt;&gt;</a>&nbsp;&nbsp;&nbsp;OUTLINED_FUNCTION_0
</UL>

<P><STRONG><a name="[a0]"></a>dma_transfer_number_config</STRONG> (Thumb, 4 bytes, Stack size 0 bytes, gd32f1x0_dma.o(.text))
<BR><BR>[Calls]<UL><LI><a href="#[101]">&gt;&gt;</a>&nbsp;&nbsp;&nbsp;OUTLINED_FUNCTION_0
</UL>
<BR>[Called By]<UL><LI><a href="#[57]">&gt;&gt;</a>&nbsp;&nbsp;&nbsp;ADC_init
</UL>

<P><STRONG><a name="[199]"></a>dma_transfer_number_get</STRONG> (Thumb, 12 bytes, Stack size 0 bytes, gd32f1x0_dma.o(.text), UNUSED)

<P><STRONG><a name="[103]"></a>dma_priority_config</STRONG> (Thumb, 16 bytes, Stack size 0 bytes, gd32f1x0_dma.o(.text), UNUSED)
<BR><BR>[Calls]<UL><LI><a href="#[104]">&gt;&gt;</a>&nbsp;&nbsp;&nbsp;OUTLINED_FUNCTION_1
</UL>

<P><STRONG><a name="[105]"></a>dma_memory_width_config</STRONG> (Thumb, 16 bytes, Stack size 0 bytes, gd32f1x0_dma.o(.text), UNUSED)
<BR><BR>[Calls]<UL><LI><a href="#[104]">&gt;&gt;</a>&nbsp;&nbsp;&nbsp;OUTLINED_FUNCTION_1
</UL>

<P><STRONG><a name="[106]"></a>dma_periph_width_config</STRONG> (Thumb, 16 bytes, Stack size 0 bytes, gd32f1x0_dma.o(.text), UNUSED)
<BR><BR>[Calls]<UL><LI><a href="#[104]">&gt;&gt;</a>&nbsp;&nbsp;&nbsp;OUTLINED_FUNCTION_1
</UL>

<P><STRONG><a name="[107]"></a>dma_memory_increase_enable</STRONG> (Thumb, 16 bytes, Stack size 0 bytes, gd32f1x0_dma.o(.text), UNUSED)
<BR><BR>[Calls]<UL><LI><a href="#[fc]">&gt;&gt;</a>&nbsp;&nbsp;&nbsp;OUTLINED_FUNCTION_2
</UL>

<P><STRONG><a name="[108]"></a>dma_memory_increase_disable</STRONG> (Thumb, 16 bytes, Stack size 0 bytes, gd32f1x0_dma.o(.text), UNUSED)
<BR><BR>[Calls]<UL><LI><a href="#[fc]">&gt;&gt;</a>&nbsp;&nbsp;&nbsp;OUTLINED_FUNCTION_2
</UL>

<P><STRONG><a name="[109]"></a>dma_periph_increase_enable</STRONG> (Thumb, 16 bytes, Stack size 0 bytes, gd32f1x0_dma.o(.text), UNUSED)
<BR><BR>[Calls]<UL><LI><a href="#[fc]">&gt;&gt;</a>&nbsp;&nbsp;&nbsp;OUTLINED_FUNCTION_2
</UL>

<P><STRONG><a name="[10a]"></a>dma_periph_increase_disable</STRONG> (Thumb, 16 bytes, Stack size 0 bytes, gd32f1x0_dma.o(.text), UNUSED)
<BR><BR>[Calls]<UL><LI><a href="#[fc]">&gt;&gt;</a>&nbsp;&nbsp;&nbsp;OUTLINED_FUNCTION_2
</UL>

<P><STRONG><a name="[19a]"></a>dma_transfer_direction_config</STRONG> (Thumb, 28 bytes, Stack size 0 bytes, gd32f1x0_dma.o(.text), UNUSED)

<P><STRONG><a name="[be]"></a>dma_interrupt_flag_get</STRONG> (Thumb, 72 bytes, Stack size 8 bytes, gd32f1x0_dma.o(.text))
<BR><BR>[Stack]<UL><LI>Max Depth = 8<LI>Call Chain = dma_interrupt_flag_get
</UL>
<BR>[Called By]<UL><LI><a href="#[13]">&gt;&gt;</a>&nbsp;&nbsp;&nbsp;DMA_Channel0_IRQHandler
</UL>

<P><STRONG><a name="[bf]"></a>dma_interrupt_flag_clear</STRONG> (Thumb, 16 bytes, Stack size 0 bytes, gd32f1x0_dma.o(.text))
<BR><BR>[Called By]<UL><LI><a href="#[13]">&gt;&gt;</a>&nbsp;&nbsp;&nbsp;DMA_Channel0_IRQHandler
</UL>

<P><STRONG><a name="[9f]"></a>dma_interrupt_enable</STRONG> (Thumb, 12 bytes, Stack size 0 bytes, gd32f1x0_dma.o(.text))
<BR><BR>[Calls]<UL><LI><a href="#[104]">&gt;&gt;</a>&nbsp;&nbsp;&nbsp;OUTLINED_FUNCTION_1
</UL>
<BR>[Called By]<UL><LI><a href="#[57]">&gt;&gt;</a>&nbsp;&nbsp;&nbsp;ADC_init
</UL>

<P><STRONG><a name="[19b]"></a>dma_interrupt_disable</STRONG> (Thumb, 20 bytes, Stack size 0 bytes, gd32f1x0_dma.o(.text), UNUSED)

<P><STRONG><a name="[19c]"></a>dma_flag_get</STRONG> (Thumb, 20 bytes, Stack size 0 bytes, gd32f1x0_dma.o(.text), UNUSED)

<P><STRONG><a name="[19d]"></a>dma_flag_clear</STRONG> (Thumb, 16 bytes, Stack size 0 bytes, gd32f1x0_dma.o(.text), UNUSED)

<P><STRONG><a name="[19e]"></a>exti_deinit</STRONG> (Thumb, 20 bytes, Stack size 0 bytes, gd32f1x0_exti.o(.text), UNUSED)

<P><STRONG><a name="[82]"></a>exti_init</STRONG> (Thumb, 92 bytes, Stack size 8 bytes, gd32f1x0_exti.o(.text))
<BR><BR>[Stack]<UL><LI>Max Depth = 8<LI>Call Chain = exti_init
</UL>
<BR>[Called By]<UL><LI><a href="#[3d]">&gt;&gt;</a>&nbsp;&nbsp;&nbsp;InitEXTI
</UL>

<P><STRONG><a name="[10b]"></a>exti_interrupt_enable</STRONG> (Thumb, 4 bytes, Stack size 0 bytes, gd32f1x0_exti.o(.text), UNUSED)
<BR><BR>[Calls]<UL><LI><a href="#[10c]">&gt;&gt;</a>&nbsp;&nbsp;&nbsp;OUTLINED_FUNCTION_1
</UL>

<P><STRONG><a name="[10d]"></a>exti_event_enable</STRONG> (Thumb, 4 bytes, Stack size 0 bytes, gd32f1x0_exti.o(.text), UNUSED)
<BR><BR>[Calls]<UL><LI><a href="#[10c]">&gt;&gt;</a>&nbsp;&nbsp;&nbsp;OUTLINED_FUNCTION_1
</UL>

<P><STRONG><a name="[10e]"></a>exti_interrupt_disable</STRONG> (Thumb, 4 bytes, Stack size 0 bytes, gd32f1x0_exti.o(.text), UNUSED)
<BR><BR>[Calls]<UL><LI><a href="#[10f]">&gt;&gt;</a>&nbsp;&nbsp;&nbsp;OUTLINED_FUNCTION_0
</UL>

<P><STRONG><a name="[110]"></a>exti_event_disable</STRONG> (Thumb, 4 bytes, Stack size 0 bytes, gd32f1x0_exti.o(.text), UNUSED)
<BR><BR>[Calls]<UL><LI><a href="#[10f]">&gt;&gt;</a>&nbsp;&nbsp;&nbsp;OUTLINED_FUNCTION_0
</UL>

<P><STRONG><a name="[19f]"></a>exti_flag_get</STRONG> (Thumb, 12 bytes, Stack size 0 bytes, gd32f1x0_exti.o(.text), UNUSED)

<P><STRONG><a name="[83]"></a>exti_flag_clear</STRONG> (Thumb, 8 bytes, Stack size 0 bytes, gd32f1x0_exti.o(.text))
<BR><BR>[Called By]<UL><LI><a href="#[85]">&gt;&gt;</a>&nbsp;&nbsp;&nbsp;_HandleEXTI
<LI><a href="#[3d]">&gt;&gt;</a>&nbsp;&nbsp;&nbsp;InitEXTI
</UL>

<P><STRONG><a name="[86]"></a>exti_interrupt_flag_get</STRONG> (Thumb, 24 bytes, Stack size 0 bytes, gd32f1x0_exti.o(.text))
<BR><BR>[Called By]<UL><LI><a href="#[85]">&gt;&gt;</a>&nbsp;&nbsp;&nbsp;_HandleEXTI
</UL>

<P><STRONG><a name="[1a0]"></a>exti_interrupt_flag_clear</STRONG> (Thumb, 8 bytes, Stack size 0 bytes, gd32f1x0_exti.o(.text), UNUSED)

<P><STRONG><a name="[111]"></a>exti_software_interrupt_enable</STRONG> (Thumb, 4 bytes, Stack size 0 bytes, gd32f1x0_exti.o(.text), UNUSED)
<BR><BR>[Calls]<UL><LI><a href="#[10c]">&gt;&gt;</a>&nbsp;&nbsp;&nbsp;OUTLINED_FUNCTION_1
</UL>

<P><STRONG><a name="[112]"></a>exti_software_interrupt_disable</STRONG> (Thumb, 4 bytes, Stack size 0 bytes, gd32f1x0_exti.o(.text), UNUSED)
<BR><BR>[Calls]<UL><LI><a href="#[10f]">&gt;&gt;</a>&nbsp;&nbsp;&nbsp;OUTLINED_FUNCTION_0
</UL>

<P><STRONG><a name="[af]"></a>fmc_unlock</STRONG> (Thumb, 20 bytes, Stack size 0 bytes, gd32f1x0_fmc.o(.text))
<BR><BR>[Called By]<UL><LI><a href="#[b3]">&gt;&gt;</a>&nbsp;&nbsp;&nbsp;flashWrite
<LI><a href="#[ae]">&gt;&gt;</a>&nbsp;&nbsp;&nbsp;flashErase
</UL>

<P><STRONG><a name="[b2]"></a>fmc_lock</STRONG> (Thumb, 12 bytes, Stack size 0 bytes, gd32f1x0_fmc.o(.text))
<BR><BR>[Called By]<UL><LI><a href="#[b3]">&gt;&gt;</a>&nbsp;&nbsp;&nbsp;flashWrite
<LI><a href="#[ae]">&gt;&gt;</a>&nbsp;&nbsp;&nbsp;flashErase
</UL>

<P><STRONG><a name="[1a1]"></a>fmc_wscnt_set</STRONG> (Thumb, 16 bytes, Stack size 0 bytes, gd32f1x0_fmc.o(.text), UNUSED)

<P><STRONG><a name="[1a2]"></a>fmc_wait_state_enable</STRONG> (Thumb, 12 bytes, Stack size 0 bytes, gd32f1x0_fmc.o(.text), UNUSED)

<P><STRONG><a name="[1a3]"></a>fmc_wait_state_disable</STRONG> (Thumb, 12 bytes, Stack size 0 bytes, gd32f1x0_fmc.o(.text), UNUSED)

<P><STRONG><a name="[b1]"></a>fmc_page_erase</STRONG> (Thumb, 48 bytes, Stack size 16 bytes, gd32f1x0_fmc.o(.text))
<BR><BR>[Stack]<UL><LI>Max Depth = 24<LI>Call Chain = fmc_page_erase &rArr; fmc_ready_wait
</UL>
<BR>[Calls]<UL><LI><a href="#[113]">&gt;&gt;</a>&nbsp;&nbsp;&nbsp;fmc_ready_wait
</UL>
<BR>[Called By]<UL><LI><a href="#[ae]">&gt;&gt;</a>&nbsp;&nbsp;&nbsp;flashErase
</UL>

<P><STRONG><a name="[114]"></a>fmc_mass_erase</STRONG> (Thumb, 44 bytes, Stack size 8 bytes, gd32f1x0_fmc.o(.text), UNUSED)
<BR><BR>[Calls]<UL><LI><a href="#[113]">&gt;&gt;</a>&nbsp;&nbsp;&nbsp;fmc_ready_wait
</UL>

<P><STRONG><a name="[b4]"></a>fmc_word_program</STRONG> (Thumb, 32 bytes, Stack size 16 bytes, gd32f1x0_fmc.o(.text))
<BR><BR>[Stack]<UL><LI>Max Depth = 24<LI>Call Chain = fmc_word_program &rArr; fmc_ready_wait
</UL>
<BR>[Calls]<UL><LI><a href="#[115]">&gt;&gt;</a>&nbsp;&nbsp;&nbsp;OUTLINED_FUNCTION_8
<LI><a href="#[113]">&gt;&gt;</a>&nbsp;&nbsp;&nbsp;fmc_ready_wait
</UL>
<BR>[Called By]<UL><LI><a href="#[b3]">&gt;&gt;</a>&nbsp;&nbsp;&nbsp;flashWrite
</UL>

<P><STRONG><a name="[116]"></a>fmc_halfword_program</STRONG> (Thumb, 32 bytes, Stack size 16 bytes, gd32f1x0_fmc.o(.text), UNUSED)
<BR><BR>[Calls]<UL><LI><a href="#[115]">&gt;&gt;</a>&nbsp;&nbsp;&nbsp;OUTLINED_FUNCTION_8
<LI><a href="#[113]">&gt;&gt;</a>&nbsp;&nbsp;&nbsp;fmc_ready_wait
</UL>

<P><STRONG><a name="[1a4]"></a>ob_unlock</STRONG> (Thumb, 20 bytes, Stack size 0 bytes, gd32f1x0_fmc.o(.text), UNUSED)

<P><STRONG><a name="[1a5]"></a>ob_lock</STRONG> (Thumb, 12 bytes, Stack size 0 bytes, gd32f1x0_fmc.o(.text), UNUSED)

<P><STRONG><a name="[1a6]"></a>ob_reset</STRONG> (Thumb, 12 bytes, Stack size 0 bytes, gd32f1x0_fmc.o(.text), UNUSED)

<P><STRONG><a name="[117]"></a>ob_erase</STRONG> (Thumb, 88 bytes, Stack size 16 bytes, gd32f1x0_fmc.o(.text), UNUSED)
<BR><BR>[Calls]<UL><LI><a href="#[118]">&gt;&gt;</a>&nbsp;&nbsp;&nbsp;OUTLINED_FUNCTION_0
<LI><a href="#[113]">&gt;&gt;</a>&nbsp;&nbsp;&nbsp;fmc_ready_wait
</UL>

<P><STRONG><a name="[1a7]"></a>ob_obstat_plevel_get</STRONG> (Thumb, 12 bytes, Stack size 0 bytes, gd32f1x0_fmc.o(.text), UNUSED)

<P><STRONG><a name="[119]"></a>ob_write_protection_enable</STRONG> (Thumb, 76 bytes, Stack size 32 bytes, gd32f1x0_fmc.o(.text), UNUSED)
<BR><BR>[Calls]<UL><LI><a href="#[11f]">&gt;&gt;</a>&nbsp;&nbsp;&nbsp;OUTLINED_FUNCTION_2
<LI><a href="#[11e]">&gt;&gt;</a>&nbsp;&nbsp;&nbsp;OUTLINED_FUNCTION_1
<LI><a href="#[11d]">&gt;&gt;</a>&nbsp;&nbsp;&nbsp;OUTLINED_FUNCTION_4
<LI><a href="#[11c]">&gt;&gt;</a>&nbsp;&nbsp;&nbsp;OUTLINED_FUNCTION_3
<LI><a href="#[11b]">&gt;&gt;</a>&nbsp;&nbsp;&nbsp;OUTLINED_FUNCTION_6
<LI><a href="#[11a]">&gt;&gt;</a>&nbsp;&nbsp;&nbsp;OUTLINED_FUNCTION_5
<LI><a href="#[118]">&gt;&gt;</a>&nbsp;&nbsp;&nbsp;OUTLINED_FUNCTION_0
</UL>

<P><STRONG><a name="[120]"></a>ob_security_protection_config</STRONG> (Thumb, 68 bytes, Stack size 32 bytes, gd32f1x0_fmc.o(.text), UNUSED)
<BR><BR>[Calls]<UL><LI><a href="#[11f]">&gt;&gt;</a>&nbsp;&nbsp;&nbsp;OUTLINED_FUNCTION_2
<LI><a href="#[11e]">&gt;&gt;</a>&nbsp;&nbsp;&nbsp;OUTLINED_FUNCTION_1
<LI><a href="#[11d]">&gt;&gt;</a>&nbsp;&nbsp;&nbsp;OUTLINED_FUNCTION_4
<LI><a href="#[11c]">&gt;&gt;</a>&nbsp;&nbsp;&nbsp;OUTLINED_FUNCTION_3
<LI><a href="#[11b]">&gt;&gt;</a>&nbsp;&nbsp;&nbsp;OUTLINED_FUNCTION_6
<LI><a href="#[11a]">&gt;&gt;</a>&nbsp;&nbsp;&nbsp;OUTLINED_FUNCTION_5
<LI><a href="#[118]">&gt;&gt;</a>&nbsp;&nbsp;&nbsp;OUTLINED_FUNCTION_0
</UL>

<P><STRONG><a name="[121]"></a>ob_user_write</STRONG> (Thumb, 72 bytes, Stack size 32 bytes, gd32f1x0_fmc.o(.text), UNUSED)
<BR><BR>[Calls]<UL><LI><a href="#[11f]">&gt;&gt;</a>&nbsp;&nbsp;&nbsp;OUTLINED_FUNCTION_2
<LI><a href="#[11e]">&gt;&gt;</a>&nbsp;&nbsp;&nbsp;OUTLINED_FUNCTION_1
<LI><a href="#[11d]">&gt;&gt;</a>&nbsp;&nbsp;&nbsp;OUTLINED_FUNCTION_4
<LI><a href="#[11c]">&gt;&gt;</a>&nbsp;&nbsp;&nbsp;OUTLINED_FUNCTION_3
<LI><a href="#[11b]">&gt;&gt;</a>&nbsp;&nbsp;&nbsp;OUTLINED_FUNCTION_6
<LI><a href="#[11a]">&gt;&gt;</a>&nbsp;&nbsp;&nbsp;OUTLINED_FUNCTION_5
<LI><a href="#[118]">&gt;&gt;</a>&nbsp;&nbsp;&nbsp;OUTLINED_FUNCTION_0
</UL>

<P><STRONG><a name="[122]"></a>ob_data_program</STRONG> (Thumb, 68 bytes, Stack size 32 bytes, gd32f1x0_fmc.o(.text), UNUSED)
<BR><BR>[Calls]<UL><LI><a href="#[11f]">&gt;&gt;</a>&nbsp;&nbsp;&nbsp;OUTLINED_FUNCTION_2
<LI><a href="#[11e]">&gt;&gt;</a>&nbsp;&nbsp;&nbsp;OUTLINED_FUNCTION_1
<LI><a href="#[11d]">&gt;&gt;</a>&nbsp;&nbsp;&nbsp;OUTLINED_FUNCTION_4
<LI><a href="#[11c]">&gt;&gt;</a>&nbsp;&nbsp;&nbsp;OUTLINED_FUNCTION_3
<LI><a href="#[11b]">&gt;&gt;</a>&nbsp;&nbsp;&nbsp;OUTLINED_FUNCTION_6
<LI><a href="#[11a]">&gt;&gt;</a>&nbsp;&nbsp;&nbsp;OUTLINED_FUNCTION_5
<LI><a href="#[118]">&gt;&gt;</a>&nbsp;&nbsp;&nbsp;OUTLINED_FUNCTION_0
</UL>

<P><STRONG><a name="[1a8]"></a>ob_user_get</STRONG> (Thumb, 12 bytes, Stack size 0 bytes, gd32f1x0_fmc.o(.text), UNUSED)

<P><STRONG><a name="[1a9]"></a>ob_data_get</STRONG> (Thumb, 8 bytes, Stack size 0 bytes, gd32f1x0_fmc.o(.text), UNUSED)

<P><STRONG><a name="[1aa]"></a>ob_write_protection_get</STRONG> (Thumb, 8 bytes, Stack size 0 bytes, gd32f1x0_fmc.o(.text), UNUSED)

<P><STRONG><a name="[123]"></a>fmc_interrupt_enable</STRONG> (Thumb, 4 bytes, Stack size 0 bytes, gd32f1x0_fmc.o(.text), UNUSED)
<BR><BR>[Calls]<UL><LI><a href="#[124]">&gt;&gt;</a>&nbsp;&nbsp;&nbsp;OUTLINED_FUNCTION_7
</UL>

<P><STRONG><a name="[1ab]"></a>fmc_interrupt_disable</STRONG> (Thumb, 12 bytes, Stack size 0 bytes, gd32f1x0_fmc.o(.text), UNUSED)

<P><STRONG><a name="[1ac]"></a>fmc_flag_get</STRONG> (Thumb, 12 bytes, Stack size 0 bytes, gd32f1x0_fmc.o(.text), UNUSED)

<P><STRONG><a name="[b0]"></a>fmc_flag_clear</STRONG> (Thumb, 4 bytes, Stack size 0 bytes, gd32f1x0_fmc.o(.text))
<BR><BR>[Calls]<UL><LI><a href="#[124]">&gt;&gt;</a>&nbsp;&nbsp;&nbsp;OUTLINED_FUNCTION_7
</UL>
<BR>[Called By]<UL><LI><a href="#[b3]">&gt;&gt;</a>&nbsp;&nbsp;&nbsp;flashWrite
<LI><a href="#[ae]">&gt;&gt;</a>&nbsp;&nbsp;&nbsp;flashErase
</UL>

<P><STRONG><a name="[1ad]"></a>fmc_interrupt_flag_get</STRONG> (Thumb, 12 bytes, Stack size 0 bytes, gd32f1x0_fmc.o(.text), UNUSED)

<P><STRONG><a name="[125]"></a>fmc_interrupt_flag_clear</STRONG> (Thumb, 4 bytes, Stack size 0 bytes, gd32f1x0_fmc.o(.text), UNUSED)
<BR><BR>[Calls]<UL><LI><a href="#[124]">&gt;&gt;</a>&nbsp;&nbsp;&nbsp;OUTLINED_FUNCTION_7
</UL>

<P><STRONG><a name="[1ae]"></a>fwdgt_write_disable</STRONG> (Thumb, 8 bytes, Stack size 0 bytes, gd32f1x0_fwdgt.o(.text), UNUSED)

<P><STRONG><a name="[5b]"></a>fwdgt_counter_reload</STRONG> (Thumb, 12 bytes, Stack size 0 bytes, gd32f1x0_fwdgt.o(.text))
<BR><BR>[Called By]<UL><LI><a href="#[60]">&gt;&gt;</a>&nbsp;&nbsp;&nbsp;ShutOff
<LI><a href="#[39]">&gt;&gt;</a>&nbsp;&nbsp;&nbsp;main
</UL>

<P><STRONG><a name="[8d]"></a>fwdgt_enable</STRONG> (Thumb, 12 bytes, Stack size 0 bytes, gd32f1x0_fwdgt.o(.text))
<BR><BR>[Called By]<UL><LI><a href="#[53]">&gt;&gt;</a>&nbsp;&nbsp;&nbsp;Watchdog_init
</UL>

<P><STRONG><a name="[8c]"></a>fwdgt_window_value_config</STRONG> (Thumb, 40 bytes, Stack size 8 bytes, gd32f1x0_fwdgt.o(.text))
<BR><BR>[Stack]<UL><LI>Max Depth = 8<LI>Call Chain = fwdgt_window_value_config
</UL>
<BR>[Called By]<UL><LI><a href="#[53]">&gt;&gt;</a>&nbsp;&nbsp;&nbsp;Watchdog_init
</UL>

<P><STRONG><a name="[8b]"></a>fwdgt_config</STRONG> (Thumb, 68 bytes, Stack size 16 bytes, gd32f1x0_fwdgt.o(.text))
<BR><BR>[Stack]<UL><LI>Max Depth = 16<LI>Call Chain = fwdgt_config
</UL>
<BR>[Called By]<UL><LI><a href="#[53]">&gt;&gt;</a>&nbsp;&nbsp;&nbsp;Watchdog_init
</UL>

<P><STRONG><a name="[1af]"></a>fwdgt_flag_get</STRONG> (Thumb, 12 bytes, Stack size 0 bytes, gd32f1x0_fwdgt.o(.text), UNUSED)

<P><STRONG><a name="[126]"></a>gpio_deinit</STRONG> (Thumb, 52 bytes, Stack size 8 bytes, gd32f1x0_gpio.o(.text), UNUSED)
<BR><BR>[Calls]<UL><LI><a href="#[f7]">&gt;&gt;</a>&nbsp;&nbsp;&nbsp;rcu_periph_reset_disable
<LI><a href="#[f6]">&gt;&gt;</a>&nbsp;&nbsp;&nbsp;rcu_periph_reset_enable
</UL>

<P><STRONG><a name="[3f]"></a>gpio_mode_set</STRONG> (Thumb, 78 bytes, Stack size 28 bytes, gd32f1x0_gpio.o(.text))
<BR><BR>[Stack]<UL><LI>Max Depth = 28<LI>Call Chain = gpio_mode_set
</UL>
<BR>[Called By]<UL><LI><a href="#[87]">&gt;&gt;</a>&nbsp;&nbsp;&nbsp;pinModePull
<LI><a href="#[42]">&gt;&gt;</a>&nbsp;&nbsp;&nbsp;pinMode
</UL>
<BR>[Address Reference Count : 1]<UL><LI> setup.o(.text)
</UL>
<P><STRONG><a name="[40]"></a>gpio_output_options_set</STRONG> (Thumb, 58 bytes, Stack size 20 bytes, gd32f1x0_gpio.o(.text))
<BR><BR>[Stack]<UL><LI>Max Depth = 20<LI>Call Chain = gpio_output_options_set
</UL>
<BR>[Called By]<UL><LI><a href="#[87]">&gt;&gt;</a>&nbsp;&nbsp;&nbsp;pinModePull
<LI><a href="#[42]">&gt;&gt;</a>&nbsp;&nbsp;&nbsp;pinMode
</UL>
<BR>[Address Reference Count : 1]<UL><LI> setup.o(.text)
</UL>
<P><STRONG><a name="[1b0]"></a>gpio_bit_set</STRONG> (Thumb, 4 bytes, Stack size 0 bytes, gd32f1x0_gpio.o(.text), UNUSED)

<P><STRONG><a name="[1b1]"></a>gpio_bit_reset</STRONG> (Thumb, 4 bytes, Stack size 0 bytes, gd32f1x0_gpio.o(.text), UNUSED)

<P><STRONG><a name="[3b]"></a>gpio_bit_write</STRONG> (Thumb, 12 bytes, Stack size 0 bytes, gd32f1x0_gpio.o(.text))
<BR><BR>[Called By]<UL><LI><a href="#[73]">&gt;&gt;</a>&nbsp;&nbsp;&nbsp;ShowBatteryState
<LI><a href="#[60]">&gt;&gt;</a>&nbsp;&nbsp;&nbsp;ShutOff
<LI><a href="#[39]">&gt;&gt;</a>&nbsp;&nbsp;&nbsp;main
</UL>
<BR>[Address Reference Count : 1]<UL><LI> bldc.o(.text)
</UL>
<P><STRONG><a name="[1b2]"></a>gpio_port_write</STRONG> (Thumb, 4 bytes, Stack size 0 bytes, gd32f1x0_gpio.o(.text), UNUSED)

<P><STRONG><a name="[3a]"></a>gpio_input_bit_get</STRONG> (Thumb, 10 bytes, Stack size 0 bytes, gd32f1x0_gpio.o(.text))
<BR><BR>[Called By]<UL><LI><a href="#[5d]">&gt;&gt;</a>&nbsp;&nbsp;&nbsp;OUTLINED_FUNCTION_0
</UL>
<BR>[Address Reference Count : 2]<UL><LI> bldcsine.o(.text)
<LI> bldc.o(.text)
</UL>
<P><STRONG><a name="[1b3]"></a>gpio_input_port_get</STRONG> (Thumb, 6 bytes, Stack size 0 bytes, gd32f1x0_gpio.o(.text), UNUSED)

<P><STRONG><a name="[1b4]"></a>gpio_output_bit_get</STRONG> (Thumb, 10 bytes, Stack size 0 bytes, gd32f1x0_gpio.o(.text), UNUSED)

<P><STRONG><a name="[1b5]"></a>gpio_output_port_get</STRONG> (Thumb, 6 bytes, Stack size 0 bytes, gd32f1x0_gpio.o(.text), UNUSED)

<P><STRONG><a name="[41]"></a>gpio_af_set</STRONG> (Thumb, 96 bytes, Stack size 20 bytes, gd32f1x0_gpio.o(.text))
<BR><BR>[Stack]<UL><LI>Max Depth = 20<LI>Call Chain = gpio_af_set
</UL>
<BR>[Address Reference Count : 1]<UL><LI> setup.o(.text)
</UL>
<P><STRONG><a name="[1b6]"></a>gpio_pin_lock</STRONG> (Thumb, 16 bytes, Stack size 0 bytes, gd32f1x0_gpio.o(.text), UNUSED)

<P><STRONG><a name="[88]"></a>nvic_priority_group_set</STRONG> (Thumb, 12 bytes, Stack size 0 bytes, gd32f1x0_misc.o(.text))
<BR><BR>[Called By]<UL><LI><a href="#[54]">&gt;&gt;</a>&nbsp;&nbsp;&nbsp;Interrupt_init
</UL>

<P><STRONG><a name="[84]"></a>nvic_irq_enable</STRONG> (Thumb, 140 bytes, Stack size 8 bytes, gd32f1x0_misc.o(.text))
<BR><BR>[Stack]<UL><LI>Max Depth = 8<LI>Call Chain = nvic_irq_enable
</UL>
<BR>[Called By]<UL><LI><a href="#[3d]">&gt;&gt;</a>&nbsp;&nbsp;&nbsp;InitEXTI
<LI><a href="#[58]">&gt;&gt;</a>&nbsp;&nbsp;&nbsp;PWM_init
<LI><a href="#[57]">&gt;&gt;</a>&nbsp;&nbsp;&nbsp;ADC_init
<LI><a href="#[55]">&gt;&gt;</a>&nbsp;&nbsp;&nbsp;TimeoutTimer_init
</UL>

<P><STRONG><a name="[1b7]"></a>nvic_irq_disable</STRONG> (Thumb, 24 bytes, Stack size 0 bytes, gd32f1x0_misc.o(.text), UNUSED)

<P><STRONG><a name="[1b8]"></a>nvic_vector_table_set</STRONG> (Thumb, 12 bytes, Stack size 0 bytes, gd32f1x0_misc.o(.text), UNUSED)

<P><STRONG><a name="[1b9]"></a>system_lowpower_set</STRONG> (Thumb, 12 bytes, Stack size 0 bytes, gd32f1x0_misc.o(.text), UNUSED)

<P><STRONG><a name="[1ba]"></a>system_lowpower_reset</STRONG> (Thumb, 12 bytes, Stack size 0 bytes, gd32f1x0_misc.o(.text), UNUSED)

<P><STRONG><a name="[1bb]"></a>systick_clksource_set</STRONG> (Thumb, 20 bytes, Stack size 0 bytes, gd32f1x0_misc.o(.text), UNUSED)

<P><STRONG><a name="[1bc]"></a>rcu_deinit</STRONG> (Thumb, 80 bytes, Stack size 0 bytes, gd32f1x0_rcu.o(.text), UNUSED)

<P><STRONG><a name="[3e]"></a>rcu_periph_clock_enable</STRONG> (Thumb, 12 bytes, Stack size 0 bytes, gd32f1x0_rcu.o(.text))
<BR><BR>[Calls]<UL><LI><a href="#[128]">&gt;&gt;</a>&nbsp;&nbsp;&nbsp;OUTLINED_FUNCTION_4
<LI><a href="#[127]">&gt;&gt;</a>&nbsp;&nbsp;&nbsp;OUTLINED_FUNCTION_6
</UL>
<BR>[Called By]<UL><LI><a href="#[59]">&gt;&gt;</a>&nbsp;&nbsp;&nbsp;InitBldc
<LI><a href="#[58]">&gt;&gt;</a>&nbsp;&nbsp;&nbsp;PWM_init
<LI><a href="#[57]">&gt;&gt;</a>&nbsp;&nbsp;&nbsp;ADC_init
<LI><a href="#[55]">&gt;&gt;</a>&nbsp;&nbsp;&nbsp;TimeoutTimer_init
</UL>
<BR>[Address Reference Count : 1]<UL><LI> setup.o(.text)
</UL>
<P><STRONG><a name="[129]"></a>rcu_periph_clock_disable</STRONG> (Thumb, 12 bytes, Stack size 0 bytes, gd32f1x0_rcu.o(.text), UNUSED)
<BR><BR>[Calls]<UL><LI><a href="#[12a]">&gt;&gt;</a>&nbsp;&nbsp;&nbsp;OUTLINED_FUNCTION_2
<LI><a href="#[127]">&gt;&gt;</a>&nbsp;&nbsp;&nbsp;OUTLINED_FUNCTION_6
</UL>

<P><STRONG><a name="[12b]"></a>rcu_periph_clock_sleep_enable</STRONG> (Thumb, 12 bytes, Stack size 0 bytes, gd32f1x0_rcu.o(.text), UNUSED)
<BR><BR>[Calls]<UL><LI><a href="#[128]">&gt;&gt;</a>&nbsp;&nbsp;&nbsp;OUTLINED_FUNCTION_4
[...]
</UL>

<P><STRONG><a name="[d7]"></a>OUTLINED_FUNCTION_3</STRONG> (Thumb, 12 bytes, Stack size 0 bytes, segger_rtt.o(.text))
<BR><BR>[Called By]<UL><LI><a href="#[dd]">&gt;&gt;</a>&nbsp;&nbsp;&nbsp;SEGGER_RTT_WriteNoLock
<LI><a href="#[d8]">&gt;&gt;</a>&nbsp;&nbsp;&nbsp;SEGGER_RTT_WriteDownBufferNoLock
<LI><a href="#[d6]">&gt;&gt;</a>&nbsp;&nbsp;&nbsp;SEGGER_RTT_WriteWithOverwriteNoLock
</UL>

<P><STRONG><a name="[d9]"></a>_GetAvailWriteSpace</STRONG> (Thumb, 20 bytes, Stack size 0 bytes, segger_rtt.o(.text))
<BR><BR>[Called By]<UL><LI><a href="#[f4]">&gt;&gt;</a>&nbsp;&nbsp;&nbsp;SEGGER_RTT_GetAvailWriteSpace
<LI><a href="#[f2]">&gt;&gt;</a>&nbsp;&nbsp;&nbsp;SEGGER_RTT_TerminalOut
<LI><a href="#[f1]">&gt;&gt;</a>&nbsp;&nbsp;&nbsp;SEGGER_RTT_SetTerminal
<LI><a href="#[dd]">&gt;&gt;</a>&nbsp;&nbsp;&nbsp;SEGGER_RTT_WriteNoLock
<LI><a href="#[d8]">&gt;&gt;</a>&nbsp;&nbsp;&nbsp;SEGGER_RTT_WriteDownBufferNoLock
</UL>

<P><STRONG><a name="[da]"></a>OUTLINED_FUNCTION_5</STRONG> (Thumb, 8 bytes, Stack size 0 bytes, segger_rtt.o(.text))
<BR><BR>[Stack]<UL><LI>Max Depth = 24<LI>Call Chain = OUTLINED_FUNCTION_5 &rArr; _WriteNoCheck
</UL>
<BR>[Calls]<UL><LI><a href="#[dc]">&gt;&gt;</a>&nbsp;&nbsp;&nbsp;_WriteNoCheck
</UL>
<BR>[Called By]<UL><LI><a href="#[dd]">&gt;&gt;</a>&nbsp;&nbsp;&nbsp;SEGGER_RTT_WriteNoLock
<LI><a href="#[d8]">&gt;&gt;</a>&nbsp;&nbsp;&nbsp;SEGGER_RTT_WriteDownBufferNoLock
</UL>

<P><STRONG><a name="[db]"></a>_WriteBlocking</STRONG> (Thumb, 98 bytes, Stack size 32 bytes, segger_rtt.o(.text))
<BR><BR>[Stack]<UL><LI>Max Depth = 32<LI>Call Chain = _WriteBlocking
</UL>
<BR>[Calls]<UL><LI><a href="#[d0]">&gt;&gt;</a>&nbsp;&nbsp;&nbsp;OUTLINED_FUNCTION_6
</UL>
<BR>[Called By]<UL><LI><a href="#[f2]">&gt;&gt;</a>&nbsp;&nbsp;&nbsp;SEGGER_RTT_TerminalOut
<LI><a href="#[f1]">&gt;&gt;</a>&nbsp;&nbsp;&nbsp;SEGGER_RTT_SetTerminal
<LI><a href="#[dd]">&gt;&gt;</a>&nbsp;&nbsp;&nbsp;SEGGER_RTT_WriteNoLock
<LI><a href="#[d8]">&gt;&gt;</a>&nbsp;&nbsp;&nbsp;SEGGER_RTT_WriteDownBufferNoLock
<LI><a href="#[f3]">&gt;&gt;</a>&nbsp;&nbsp;&nbsp;_PostTerminalSwitch
</UL>

<P><STRONG><a name="[dc]"></a>_WriteNoCheck</STRONG> (Thumb, 64 bytes, Stack size 24 bytes, segger_rtt.o(.text))
<BR><BR>[Stack]<UL><LI>Max Depth = 24<LI>Call Chain = _WriteNoCheck
</UL>
<BR>[Calls]<UL><LI><a href="#[c3]">&gt;&gt;</a>&nbsp;&nbsp;&nbsp;__aeabi_memcpy
</UL>
<BR>[Called By]<UL><LI><a href="#[f1]">&gt;&gt;</a>&nbsp;&nbsp;&nbsp;SEGGER_RTT_SetTerminal
<LI><a href="#[da]">&gt;&gt;</a>&nbsp;&nbsp;&nbsp;OUTLINED_FUNCTION_5
</UL>

<P><STRONG><a name="[e2]"></a>OUTLINED_FUNCTION_1</STRONG> (Thumb, 10 bytes, Stack size 0 bytes, segger_rtt.o(.text), UNUSED)
<BR><BR>[Called By]<UL><LI><a href="#[ef]">&gt;&gt;</a>&nbsp;&nbsp;&nbsp;SEGGER_RTT_SetFlagsDownBuffer
<LI><a href="#[ee]">&gt;&gt;</a>&nbsp;&nbsp;&nbsp;SEGGER_RTT_SetFlagsUpBuffer
<LI><a href="#[ed]">&gt;&gt;</a>&nbsp;&nbsp;&nbsp;SEGGER_RTT_SetNameDownBuffer
<LI><a href="#[ec]">&gt;&gt;</a>&nbsp;&nbsp;&nbsp;SEGGER_RTT_SetNameUpBuffer
<LI><a href="#[e3]">&gt;&gt;</a>&nbsp;&nbsp;&nbsp;SEGGER_RTT_PutChar
<LI><a href="#[e1]">&gt;&gt;</a>&nbsp;&nbsp;&nbsp;SEGGER_RTT_PutCharSkip
</UL>

<P><STRONG><a name="[e7]"></a>OUTLINED_FUNCTION_0</STRONG> (Thumb, 14 bytes, Stack size 0 bytes, segger_rtt.o(.text), UNUSED)
<BR><BR>[Called By]<UL><LI><a href="#[eb]">&gt;&gt;</a>&nbsp;&nbsp;&nbsp;SEGGER_RTT_ConfigDownBuffer
<LI><a href="#[e9]">&gt;&gt;</a>&nbsp;&nbsp;&nbsp;SEGGER_RTT_ConfigUpBuffer
<LI><a href="#[e8]">&gt;&gt;</a>&nbsp;&nbsp;&nbsp;SEGGER_RTT_AllocUpBuffer
<LI><a href="#[e6]">&gt;&gt;</a>&nbsp;&nbsp;&nbsp;SEGGER_RTT_AllocDownBuffer
</UL>

<P><STRONG><a name="[ea]"></a>OUTLINED_FUNCTION_4</STRONG> (Thumb, 16 bytes, Stack size 0 bytes, segger_rtt.o(.text), UNUSED)
<BR><BR>[Called By]<UL><LI><a href="#[eb]">&gt;&gt;</a>&nbsp;&nbsp;&nbsp;SEGGER_RTT_ConfigDownBuffer
<LI><a href="#[e9]">&gt;&gt;</a>&nbsp;&nbsp;&nbsp;SEGGER_RTT_ConfigUpBuffer
</UL>

<P><STRONG><a name="[f3]"></a>_PostTerminalSwitch</STRONG> (Thumb, 32 bytes, Stack size 16 bytes, segger_rtt.o(.text), UNUSED)
<BR><BR>[Calls]<UL><LI><a href="#[db]">&gt;&gt;</a>&nbsp;&nbsp;&nbsp;_WriteBlocking
</UL>
<BR>[Called By]<UL><LI><a href="#[f2]">&gt;&gt;</a>&nbsp;&nbsp;&nbsp;SEGGER_RTT_TerminalOut
</UL>

<P><STRONG><a name="[f8]"></a>OUTLINED_FUNCTION_1</STRONG> (Thumb, 10 bytes, Stack size 0 bytes, gd32f1x0_adc.o(.text))
<BR><BR>[Called By]<UL><LI><a href="#[a3]">&gt;&gt;</a>&nbsp;&nbsp;&nbsp;adc_regular_channel_config
</UL>

<P><STRONG><a name="[fa]"></a>OUTLINED_FUNCTION_0</STRONG> (Thumb, 10 bytes, Stack size 0 bytes, gd32f1x0_adc.o(.text), UNUSED)
<BR><BR>[Called By]<UL><LI><a href="#[fb]">&gt;&gt;</a>&nbsp;&nbsp;&nbsp;adc_interrupt_flag_clear
<LI><a href="#[f9]">&gt;&gt;</a>&nbsp;&nbsp;&nbsp;adc_flag_clear
</UL>

<P><STRONG><a name="[fc]"></a>OUTLINED_FUNCTION_2</STRONG> (Thumb, 6 bytes, Stack size 0 bytes, gd32f1x0_dma.o(.text))
<BR><BR>[Called By]<UL><LI><a href="#[10a]">&gt;&gt;</a>&nbsp;&nbsp;&nbsp;dma_periph_increase_disable
<LI><a href="#[109]">&gt;&gt;</a>&nbsp;&nbsp;&nbsp;dma_periph_increase_enable
<LI><a href="#[108]">&gt;&gt;</a>&nbsp;&nbsp;&nbsp;dma_memory_increase_disable
<LI><a href="#[107]">&gt;&gt;</a>&nbsp;&nbsp;&nbsp;dma_memory_increase_enable
<LI><a href="#[ff]">&gt;&gt;</a>&nbsp;&nbsp;&nbsp;dma_channel_disable
<LI><a href="#[fe]">&gt;&gt;</a>&nbsp;&nbsp;&nbsp;dma_memory_to_memory_enable
<LI><a href="#[fd]">&gt;&gt;</a>&nbsp;&nbsp;&nbsp;dma_circulation_disable
<LI><a href="#[a1]">&gt;&gt;</a>&nbsp;&nbsp;&nbsp;dma_channel_enable
<LI><a href="#[9e]">&gt;&gt;</a>&nbsp;&nbsp;&nbsp;dma_memory_to_memory_disable
<LI><a href="#[9d]">&gt;&gt;</a>&nbsp;&nbsp;&nbsp;dma_circulation_enable
</UL>

<P><STRONG><a name="[101]"></a>OUTLINED_FUNCTION_0</STRONG> (Thumb, 10 bytes, Stack size 0 bytes, gd32f1x0_dma.o(.text))
<BR><BR>[Called By]<UL><LI><a href="#[102]">&gt;&gt;</a>&nbsp;&nbsp;&nbsp;dma_memory_address_config
<LI><a href="#[100]">&gt;&gt;</a>&nbsp;&nbsp;&nbsp;dma_periph_address_config
<LI><a href="#[a0]">&gt;&gt;</a>&nbsp;&nbsp;&nbsp;dma_transfer_number_config
</UL>

<P><STRONG><a name="[104]"></a>OUTLINED_FUNCTION_1</STRONG> (Thumb, 8 bytes, Stack size 0 bytes, gd32f1x0_dma.o(.text))
<BR><BR>[Called By]<UL><LI><a href="#[106]">&gt;&gt;</a>&nbsp;&nbsp;&nbsp;dma_periph_width_config
<LI><a href="#[105]">&gt;&gt;</a>&nbsp;&nbsp;&nbsp;dma_memory_width_config
<LI><a href="#[103]">&gt;&gt;</a>&nbsp;&nbsp;&nbsp;dma_priority_config
<LI><a href="#[9f]">&gt;&gt;</a>&nbsp;&nbsp;&nbsp;dma_interrupt_enable
</UL>

<P><STRONG><a name="[10c]"></a>OUTLINED_FUNCTION_1</STRONG> (Thumb, 8 bytes, Stack size 0 bytes, gd32f1x0_exti.o(.text), UNUSED)
<BR><BR>[Called By]<UL><LI><a href="#[111]">&gt;&gt;</a>&nbsp;&nbsp;&nbsp;exti_software_interrupt_enable
<LI><a href="#[10d]">&gt;&gt;</a>&nbsp;&nbsp;&nbsp;exti_event_enable
<LI><a href="#[10b]">&gt;&gt;</a>&nbsp;&nbsp;&nbsp;exti_interrupt_enable
</UL>

<P><STRONG><a name="[10f]"></a>OUTLINED_FUNCTION_0</STRONG> (Thumb, 10 bytes, Stack size 0 bytes, gd32f1x0_exti.o(.text), UNUSED)
<BR><BR>[Called By]<UL><LI><a href="#[112]">&gt;&gt;</a>&nbsp;&nbsp;&nbsp;exti_software_interrupt_disable
<LI><a href="#[110]">&gt;&gt;</a>&nbsp;&nbsp;&nbsp;exti_event_disable
<LI><a href="#[10e]">&gt;&gt;</a>&nbsp;&nbsp;&nbsp;exti_interrupt_disable
</UL>

<P><STRONG><a name="[113]"></a>fmc_ready_wait</STRONG> (Thumb, 52 bytes, Stack size 8 bytes, gd32f1x0_fmc.o(.text))
<BR><BR>[Stack]<UL><LI>Max Depth = 8<LI>Call Chain = fmc_ready_wait
</UL>
<BR>[Called By]<UL><LI><a href="#[117]">&gt;&gt;</a>&nbsp;&nbsp;&nbsp;ob_erase
<LI><a href="#[116]">&gt;&gt;</a>&nbsp;&nbsp;&nbsp;fmc_halfword_program
<LI><a href="#[114]">&gt;&gt;</a>&nbsp;&nbsp;&nbsp;fmc_mass_erase
<LI><a href="#[11e]">&gt;&gt;</a>&nbsp;&nbsp;&nbsp;OUTLINED_FUNCTION_1
<LI><a href="#[11a]">&gt;&gt;</a>&nbsp;&nbsp;&nbsp;OUTLINED_FUNCTION_5
<LI><a href="#[118]">&gt;&gt;</a>&nbsp;&nbsp;&nbsp;OUTLINED_FUNCTION_0
<LI><a href="#[b4]">&gt;&gt;</a>&nbsp;&nbsp;&nbsp;fmc_word_program
<LI><a href="#[b1]">&gt;&gt;</a>&nbsp;&nbsp;&nbsp;fmc_page_erase
</UL>

<P><STRONG><a name="[115]"></a>OUTLINED_FUNCTION_8</STRONG> (Thumb, 10 bytes, Stack size 0 bytes, gd32f1x0_fmc.o(.text))
<BR><BR>[Called By]<UL><LI><a href="#[116]">&gt;&gt;</a>&nbsp;&nbsp;&nbsp;fmc_halfword_program
<LI><a href="#[b4]">&gt;&gt;</a>&nbsp;&nbsp;&nbsp;fmc_word_program
</UL>

<P><STRONG><a name="[118]"></a>OUTLINED_FUNCTION_0</STRONG> (Thumb, 18 bytes, Stack size 0 bytes, gd32f1x0_fmc.o(.text), UNUSED)
<BR><BR>[Calls]<UL><LI><a href="#[113]">&gt;&gt;</a>&nbsp;&nbsp;&nbsp;fmc_ready_wait
</UL>
<BR>[Called By]<UL><LI><a href="#[122]">&gt;&gt;</a>&nbsp;&nbsp;&nbsp;ob_data_program
<LI><a href="#[121]">&gt;&gt;</a>&nbsp;&nbsp;&nbsp;ob_user_write
<LI><a href="#[120]">&gt;&gt;</a>&nbsp;&nbsp;&nbsp;ob_security_protection_config
<LI><a href="#[119]">&gt;&gt;</a>&nbsp;&nbsp;&nbsp;ob_write_protection_enable
<LI><a href="#[117]">&gt;&gt;</a>&nbsp;&nbsp;&nbsp;ob_erase
</UL>

<P><STRONG><a name="[11a]"></a>OUTLINED_FUNCTION_5</STRONG> (Thumb, 6 bytes, Stack size 0 bytes, gd32f1x0_fmc.o(.text), UNUSED)
<BR><BR>[Calls]<UL><LI><a href="#[113]">&gt;&gt;</a>&nbsp;&nbsp;&nbsp;fmc_ready_wait
</UL>
<BR>[Called By]<UL><LI><a href="#[122]">&gt;&gt;</a>&nbsp;&nbsp;&nbsp;ob_data_program
<LI><a href="#[121]">&gt;&gt;</a>&nbsp;&nbsp;&nbsp;ob_user_write
<LI><a href="#[120]">&gt;&gt;</a>&nbsp;&nbsp;&nbsp;ob_security_protection_config
<LI><a href="#[119]">&gt;&gt;</a>&nbsp;&nbsp;&nbsp;ob_write_protection_enable
</UL>

<P><STRONG><a name="[11b]"></a>OUTLINED_FUNCTION_6</STRONG> (Thumb, 10 bytes, Stack size 0 bytes, gd32f1x0_fmc.o(.text), UNUSED)
<BR><BR>[Called By]<UL><LI><a href="#[122]">&gt;&gt;</a>&nbsp;&nbsp;&nbsp;ob_data_program
<LI><a href="#[121]">&gt;&gt;</a>&nbsp;&nbsp;&nbsp;ob_user_write
<LI><a href="#[120]">&gt;&gt;</a>&nbsp;&nbsp;&nbsp;ob_security_protection_config
<LI><a href="#[119]">&gt;&gt;</a>&nbsp;&nbsp;&nbsp;ob_write_protection_enable
</UL>

<P><STRONG><a name="[11c]"></a>OUTLINED_FUNCTION_3</STRONG> (Thumb, 12 bytes, Stack size 0 bytes, gd32f1x0_fmc.o(.text), UNUSED)
<BR><BR>[Called By]<UL><LI><a href="#[122]">&gt;&gt;</a>&nbsp;&nbsp;&nbsp;ob_data_program
<LI><a href="#[121]">&gt;&gt;</a>&nbsp;&nbsp;&nbsp;ob_user_write
<LI><a href="#[120]">&gt;&gt;</a>&nbsp;&nbsp;&nbsp;ob_security_protection_config
<LI><a href="#[119]">&gt;&gt;</a>&nbsp;&nbsp;&nbsp;ob_write_protection_enable
</UL>

<P><STRONG><a name="[11d]"></a>OUTLINED_FUNCTION_4</STRONG> (Thumb, 12 bytes, Stack size 0 bytes, gd32f1x0_fmc.o(.text), UNUSED)
<BR><BR>[Called By]<UL><LI><a href="#[122]">&gt;&gt;</a>&nbsp;&nbsp;&nbsp;ob_data_program
<LI><a href="#[121]">&gt;&gt;</a>&nbsp;&nbsp;&nbsp;ob_user_write
<LI><a href="#[120]">&gt;&gt;</a>&nbsp;&nbsp;&nbsp;ob_security_protection_config
<LI><a href="#[119]">&gt;&gt;</a>&nbsp;&nbsp;&nbsp;ob_write_protection_enable
</UL>

<P><STRONG><a name="[11e]"></a>OUTLINED_FUNCTION_1</STRONG> (Thumb, 10 bytes, Stack size 0 bytes, gd32f1x0_fmc.o(.text), UNUSED)
<BR><BR>[Calls]<UL><LI><a href="#[113]">&gt;&gt;</a>&nbsp;&nbsp;&nbsp;fmc_ready_wait
</UL>
<BR>[Called By]<UL><LI><a href="#[122]">&gt;&gt;</a>&nbsp;&nbsp;&nbsp;ob_data_program
<LI><a href="#[121]">&gt;&gt;</a>&nbsp;&nbsp;&nbsp;ob_user_write
<LI><a href="#[120]">&gt;&gt;</a>&nbsp;&nbsp;&nbsp;ob_security_protection_config
<LI><a href="#[119]">&gt;&gt;</a>&nbsp;&nbsp;&nbsp;ob_write_protection_enable
</UL>

<P><STRONG><a name="[11f]"></a>OUTLINED_FUNCTION_2</STRONG> (Thumb, 10 bytes, Stack size 0 bytes, gd32f1x0_fmc.o(.text), UNUSED)
<BR><BR>[Called By]<UL><LI><a href="#[122]">&gt;&gt;</a>&nbsp;&nbsp;&nbsp;ob_data_program
<LI><a href="#[121]">&gt;&gt;</a>&nbsp;&nbsp;&nbsp;ob_user_write
<LI><a href="#[120]">&gt;&gt;</a>&nbsp;&nbsp;&nbsp;ob_security_protection_config
<LI><a href="#[119]">&gt;&gt;</a>&nbsp;&nbsp;&nbsp;ob_write_protection_enable
</UL>

<P><STRONG><a name="[124]"></a>OUTLINED_FUNCTION_7</STRONG> (Thumb, 8 bytes, Stack size 0 bytes, gd32f1x0_fmc.o(.text))
<BR><BR>[Called By]<UL><LI><a href="#[125]">&gt;&gt;</a>&nbsp;&nbsp;&nbsp;fmc_interrupt_flag_clear
<LI><a href="#[123]">&gt;&gt;</a>&nbsp;&nbsp;&nbsp;fmc_interrupt_enable
<LI><a href="#[b0]">&gt;&gt;</a>&nbsp;&nbsp;&nbsp;fmc_flag_clear
</UL>

<P><STRONG><a name="[127]"></a>OUTLINED_FUNCTION_6</STRONG> (Thumb, 14 bytes, Stack size 0 bytes, gd32f1x0_rcu.o(.text))
<BR><BR>[Called By]<UL><LI><a href="#[f7]">&gt;&gt;</a>&nbsp;&nbsp;&nbsp;rcu_periph_reset_disable
<LI><a href="#[f6]">&gt;&gt;</a>&nbsp;&nbsp;&nbsp;rcu_periph_reset_enable
<LI><a href="#[3e]">&gt;&gt;</a>&nbsp;&nbsp;&nbsp;rcu_periph_clock_enable
<LI><a href="#[13f]">&gt;&gt;</a>&nbsp;&nbsp;&nbsp;rcu_osci_off
<LI><a href="#[13e]">&gt;&gt;</a>&nbsp;&nbsp;&nbsp;rcu_osci_on
<LI><a href="#[12c]">&gt;&gt;</a>&nbsp;&nbsp;&nbsp;rcu_periph_clock_sleep_disable
<LI><a href="#[12b]">&gt;&gt;</a>&nbsp;&nbsp;&nbsp;rcu_periph_clock_sleep_enable
<LI><a href="#[129]">&gt;&gt;</a>&nbsp;&nbsp;&nbsp;rcu_periph_clock_disable
</UL>

<P><STRONG><a name="[128]"></a>OUTLINED_FUNCTION_4</STRONG> (Thumb, 8 bytes, Stack size 0 bytes, gd32f1x0_rcu.o(.text))
<BR><BR>[Called By]<UL><LI><a href="#[f6]">&gt;&gt;</a>&nbsp;&nbsp;&nbsp;rcu_periph_reset_enable
<LI><a href="#[3e]">&gt;&gt;</a>&nbsp;&nbsp;&nbsp;rcu_periph_clock_enable
<LI><a href="#[13e]">&gt;&gt;</a>&nbsp;&nbsp;&nbsp;rcu_osci_on
<LI><a href="#[12b]">&gt;&gt;</a>&nbsp;&nbsp;&nbsp;rcu_periph_clock_sleep_enable
</UL>

<P><STRONG><a name="[12a]"></a>OUTLINED_FUNCTION_2</STRONG> (Thumb, 10 bytes, Stack size 0 bytes, gd32f1x0_rcu.o(.text))
<BR><BR>[Called By]<UL><LI><a href="#[f7]">&gt;&gt;</a>&nbsp;&nbsp;&nbsp;rcu_periph_reset_disable
<LI><a href="#[13f]">&gt;&gt;</a>&nbsp;&nbsp;&nbsp;rcu_osci_off
<LI><a href="#[12c]">&gt;&gt;</a>&nbsp;&nbsp;&nbsp;rcu_periph_clock_sleep_disable
<LI><a href="#[129]">&gt;&gt;</a>&nbsp;&nbsp;&nbsp;rcu_periph_clock_disable
</UL>

<P><STRONG><a name="[12e]"></a>OUTLINED_FUNCTION_3</STRONG> (Thumb, 6 bytes, Stack size 0 bytes, gd32f1x0_rcu.o(.text), UNUSED)
<BR><BR>[Called By]<UL><LI><a href="#[13b]">&gt;&gt;</a>&nbsp;&nbsp;&nbsp;rcu_interrupt_enable
<LI><a href="#[13a]">&gt;&gt;</a>&nbsp;&nbsp;&nbsp;rcu_interrupt_flag_clear
<LI><a href="#[138]">&gt;&gt;</a>&nbsp;&nbsp;&nbsp;rcu_hxtal_prediv_config
<LI><a href="#[134]">&gt;&gt;</a>&nbsp;&nbsp;&nbsp;rcu_ckout_config
<LI><a href="#[131]">&gt;&gt;</a>&nbsp;&nbsp;&nbsp;rcu_apb2_clock_config
<LI><a href="#[130]">&gt;&gt;</a>&nbsp;&nbsp;&nbsp;rcu_apb1_clock_config
<LI><a href="#[12f]">&gt;&gt;</a>&nbsp;&nbsp;&nbsp;rcu_ahb_clock_config
<LI><a href="#[12d]">&gt;&gt;</a>&nbsp;&nbsp;&nbsp;rcu_system_clock_source_config
</UL>

<P><STRONG><a name="[133]"></a>OUTLINED_FUNCTION_0</STRONG> (Thumb, 10 bytes, Stack size 0 bytes, gd32f1x0_rcu.o(.text), UNUSED)
<BR><BR>[Called By]<UL><LI><a href="#[144]">&gt;&gt;</a>&nbsp;&nbsp;&nbsp;rcu_power_down_voltage_set
<LI><a href="#[143]">&gt;&gt;</a>&nbsp;&nbsp;&nbsp;rcu_deepsleep_voltage_set
<LI><a href="#[139]">&gt;&gt;</a>&nbsp;&nbsp;&nbsp;rcu_lxtal_drive_capability_config
<LI><a href="#[137]">&gt;&gt;</a>&nbsp;&nbsp;&nbsp;rcu_rtc_clock_config
<LI><a href="#[136]">&gt;&gt;</a>&nbsp;&nbsp;&nbsp;rcu_cec_clock_config
<LI><a href="#[135]">&gt;&gt;</a>&nbsp;&nbsp;&nbsp;rcu_usart_clock_config
<LI><a href="#[132]">&gt;&gt;</a>&nbsp;&nbsp;&nbsp;rcu_usbd_clock_config
</UL>

<P><STRONG><a name="[13d]"></a>OUTLINED_FUNCTION_1</STRONG> (Thumb, 14 bytes, Stack size 0 bytes, gd32f1x0_rcu.o(.text), UNUSED)
<BR><BR>[Called By]<UL><LI><a href="#[13c]">&gt;&gt;</a>&nbsp;&nbsp;&nbsp;rcu_osci_stab_wait
</UL>

<P><STRONG><a name="[141]"></a>OUTLINED_FUNCTION_5</STRONG> (Thumb, 14 bytes, Stack size 0 bytes, gd32f1x0_rcu.o(.text), UNUSED)
<BR><BR>[Called By]<UL><LI><a href="#[142]">&gt;&gt;</a>&nbsp;&nbsp;&nbsp;rcu_irc14m_adjust_value_set
<LI><a href="#[140]">&gt;&gt;</a>&nbsp;&nbsp;&nbsp;rcu_irc8m_adjust_value_set
</UL>

<P><STRONG><a name="[147]"></a>OUTLINED_FUNCTION_0</STRONG> (Thumb, 8 bytes, Stack size 0 bytes, gd32f1x0_syscfg.o(.text), UNUSED)
<BR><BR>[Called By]<UL><LI><a href="#[149]">&gt;&gt;</a>&nbsp;&nbsp;&nbsp;syscfg_flag_clear
<LI><a href="#[148]">&gt;&gt;</a>&nbsp;&nbsp;&nbsp;syscfg_lock_config
<LI><a href="#[146]">&gt;&gt;</a>&nbsp;&nbsp;&nbsp;syscfg_dma_remap_enable
</UL>

<P><STRONG><a name="[14b]"></a>OUTLINED_FUNCTION_1</STRONG> (Thumb, 10 bytes, Stack size 0 bytes, gd32f1x0_timer.o(.text), UNUSED)
<BR><BR>[Called By]<UL><LI><a href="#[14c]">&gt;&gt;</a>&nbsp;&nbsp;&nbsp;timer_dma_disable
<LI><a href="#[14a]">&gt;&gt;</a>&nbsp;&nbsp;&nbsp;timer_interrupt_disable
</UL>

<P><STRONG><a name="[14f]"></a>OUTLINED_FUNCTION_2</STRONG> (Thumb, 10 bytes, Stack size 0 bytes, gd32f1x0_timer.o(.text), UNUSED)
<BR><BR>[Called By]<UL><LI><a href="#[150]">&gt;&gt;</a>&nbsp;&nbsp;&nbsp;timer_slave_mode_select
<LI><a href="#[14e]">&gt;&gt;</a>&nbsp;&nbsp;&nbsp;timer_input_trigger_source_select
</UL>

<P><STRONG><a name="[152]"></a>OUTLINED_FUNCTION_0</STRONG> (Thumb, 32 bytes, Stack size 0 bytes, gd32f1x0_timer.o(.text), UNUSED)
<BR><BR>[Called By]<UL><LI><a href="#[153]">&gt;&gt;</a>&nbsp;&nbsp;&nbsp;timer_external_trigger_as_external_clock_config
<LI><a href="#[151]">&gt;&gt;</a>&nbsp;&nbsp;&nbsp;timer_internal_trigger_as_external_clock_config
</UL>

<P><STRONG><a name="[171]"></a>_fp_digits</STRONG> (Thumb, 366 bytes, Stack size 64 bytes, printfa.o(i._fp_digits), UNUSED)
<BR><BR>[Calls]<UL><LI><a href="#[66]">&gt;&gt;</a>&nbsp;&nbsp;&nbsp;__aeabi_dadd
<LI><a href="#[64]">&gt;&gt;</a>&nbsp;&nbsp;&nbsp;__aeabi_dmul
<LI><a href="#[62]">&gt;&gt;</a>&nbsp;&nbsp;&nbsp;__aeabi_ddiv
<LI><a href="#[163]">&gt;&gt;</a>&nbsp;&nbsp;&nbsp;__aeabi_uldivmod
<LI><a href="#[166]">&gt;&gt;</a>&nbsp;&nbsp;&nbsp;__aeabi_d2ulz
<LI><a href="#[172]">&gt;&gt;</a>&nbsp;&nbsp;&nbsp;__aeabi_cdrcmple
</UL>
<BR>[Called By]<UL><LI><a href="#[170]">&gt;&gt;</a>&nbsp;&nbsp;&nbsp;_printf_core
</UL>

<P><STRONG><a name="[170]"></a>_printf_core</STRONG> (Thumb, 1744 bytes, Stack size 136 bytes, printfa.o(i._printf_core), UNUSED)
<BR><BR>[Calls]<UL><LI><a href="#[163]">&gt;&gt;</a>&nbsp;&nbsp;&nbsp;__aeabi_uldivmod
<LI><a href="#[175]">&gt;&gt;</a>&nbsp;&nbsp;&nbsp;__aeabi_uidivmod
<LI><a href="#[173]">&gt;&gt;</a>&nbsp;&nbsp;&nbsp;_printf_pre_padding
<LI><a href="#[174]">&gt;&gt;</a>&nbsp;&nbsp;&nbsp;_printf_post_padding
<LI><a href="#[171]">&gt;&gt;</a>&nbsp;&nbsp;&nbsp;_fp_digits
</UL>
<BR>[Called By]<UL><LI><a href="#[16f]">&gt;&gt;</a>&nbsp;&nbsp;&nbsp;__0sprintf
</UL>

<P><STRONG><a name="[174]"></a>_printf_post_padding</STRONG> (Thumb, 36 bytes, Stack size 24 bytes, printfa.o(i._printf_post_padding), UNUSED)
<BR><BR>[Called By]<UL><LI><a href="#[170]">&gt;&gt;</a>&nbsp;&nbsp;&nbsp;_printf_core
</UL>

<P><STRONG><a name="[173]"></a>_printf_pre_padding</STRONG> (Thumb, 46 bytes, Stack size 24 bytes, printfa.o(i._printf_pre_padding), UNUSED)
<BR><BR>[Called By]<UL><LI><a href="#[170]">&gt;&gt;</a>&nbsp;&nbsp;&nbsp;_printf_core
</UL>

<P><STRONG><a name="[4e]"></a>_sputc</STRONG> (Thumb, 10 bytes, Stack size 0 bytes, printfa.o(i._sputc))
<BR><BR>[Called By]<UL><LI><a href="#[16f]">&gt;&gt;</a>&nbsp;&nbsp;&nbsp;__0sprintf
</UL>
<BR>[Address Reference Count : 1]<UL><LI> printfa.o(i.__0sprintf)
</UL>
<P><STRONG><a name="[168]"></a>_local_sscanf</STRONG> (Thumb, 62 bytes, Stack size 64 bytes, strtod.o(.text))
<BR><BR>[Stack]<UL><LI>Max Depth = 168<LI>Call Chain = _local_sscanf &rArr; _scanf_real
</UL>
<BR>[Calls]<UL><LI><a href="#[169]">&gt;&gt;</a>&nbsp;&nbsp;&nbsp;_scanf_real
</UL>
<BR>[Called By]<UL><LI><a href="#[165]">&gt;&gt;</a>&nbsp;&nbsp;&nbsp;__strtod_int
</UL>

<P><STRONG><a name="[16b]"></a>_fp_value</STRONG> (Thumb, 296 bytes, Stack size 64 bytes, scanf_fp.o(.text), UNUSED)
<BR><BR>[Calls]<UL><LI><a href="#[64]">&gt;&gt;</a>&nbsp;&nbsp;&nbsp;__aeabi_dmul
<LI><a href="#[62]">&gt;&gt;</a>&nbsp;&nbsp;&nbsp;__aeabi_ddiv
<LI><a href="#[16c]">&gt;&gt;</a>&nbsp;&nbsp;&nbsp;__aeabi_ul2d
</UL>
<BR>[Called By]<UL><LI><a href="#[16d]">&gt;&gt;</a>&nbsp;&nbsp;&nbsp;_scanf_really_real
</UL>
<P>
<H3>
Undefined Global Symbols
</H3><HR></body></html>
