<!doctype html public "-//w3c//dtd html 4.0 transitional//en">
<html><head>
<title>Static Call Graph - [.\Objects\Hoverboard.axf]</title></head>
<body><HR>
<H1>Static Call Graph for image .\Objects\Hoverboard.axf</H1><HR>
<BR><P>#&#060CALLGRAPH&#062# ARM Linker, 6240002: Last Updated: Thu Nov 27 14:26:08 2025
<BR><P>
<H3>Maximum Stack Usage =        404 bytes + Unknown(Cycles, Untraceable Function Pointers)</H3><H3>
Call chain for Maximum Stack Depth:</H3>
main &rArr; USART1_Init &rArr; usart_baudrate_set &rArr; rcu_clock_freq_get
<P>
<H3>
Mutually Recursive functions
</H3> <LI><a href="#[16]">ADC_CMP_IRQHandler</a>&nbsp;&nbsp;&nbsp;&rArr;&nbsp;&nbsp;&nbsp;<a href="#[16]">ADC_CMP_IRQHandler</a><BR>
</UL>
<P>
<H3>
Function Pointers
</H3><UL>
 <LI><a href="#[16]">ADC_CMP_IRQHandler</a> from startup_gd32f1x0.o(.text) referenced from startup_gd32f1x0.o(RESET)
 <LI><a href="#[4]">BusFault_Handler</a> from it.o(.text) referenced from startup_gd32f1x0.o(RESET)
 <LI><a href="#[2f]">CAN0_RX0_IRQHandler</a> from startup_gd32f1x0.o(.text) referenced from startup_gd32f1x0.o(RESET)
 <LI><a href="#[30]">CAN0_RX1_IRQHandler</a> from startup_gd32f1x0.o(.text) referenced from startup_gd32f1x0.o(RESET)
 <LI><a href="#[31]">CAN0_SCE_IRQHandler</a> from startup_gd32f1x0.o(.text) referenced from startup_gd32f1x0.o(RESET)
 <LI><a href="#[2e]">CAN0_TX_IRQHandler</a> from startup_gd32f1x0.o(.text) referenced from startup_gd32f1x0.o(RESET)
 <LI><a href="#[36]">CAN1_RX0_IRQHandler</a> from startup_gd32f1x0.o(.text) referenced from startup_gd32f1x0.o(RESET)
 <LI><a href="#[37]">CAN1_RX1_IRQHandler</a> from startup_gd32f1x0.o(.text) referenced from startup_gd32f1x0.o(RESET)
 <LI><a href="#[38]">CAN1_SCE_IRQHandler</a> from startup_gd32f1x0.o(.text) referenced from startup_gd32f1x0.o(RESET)
 <LI><a href="#[35]">CAN1_TX_IRQHandler</a> from startup_gd32f1x0.o(.text) referenced from startup_gd32f1x0.o(RESET)
 <LI><a href="#[26]">CEC_IRQHandler</a> from startup_gd32f1x0.o(.text) referenced from startup_gd32f1x0.o(RESET)
 <LI><a href="#[13]">DMA_Channel0_IRQHandler</a> from it.o(.text) referenced from startup_gd32f1x0.o(RESET)
 <LI><a href="#[14]">DMA_Channel1_2_IRQHandler</a> from startup_gd32f1x0.o(.text) referenced from startup_gd32f1x0.o(RESET)
 <LI><a href="#[15]">DMA_Channel3_4_IRQHandler</a> from it.o(.text) referenced from startup_gd32f1x0.o(RESET)
 <LI><a href="#[33]">DMA_Channel5_6_IRQHandler</a> from startup_gd32f1x0.o(.text) referenced from startup_gd32f1x0.o(RESET)
 <LI><a href="#[7]">DebugMon_Handler</a> from it.o(.text) referenced from startup_gd32f1x0.o(RESET)
 <LI><a href="#[f]">EXTI0_1_IRQHandler</a> from bldcsine.o(.text) referenced from startup_gd32f1x0.o(RESET)
 <LI><a href="#[10]">EXTI2_3_IRQHandler</a> from bldcsine.o(.text) referenced from startup_gd32f1x0.o(RESET)
 <LI><a href="#[11]">EXTI4_15_IRQHandler</a> from bldcsine.o(.text) referenced from startup_gd32f1x0.o(RESET)
 <LI><a href="#[d]">FMC_IRQHandler</a> from startup_gd32f1x0.o(.text) referenced from startup_gd32f1x0.o(RESET)
 <LI><a href="#[2]">HardFault_Handler</a> from it.o(.text) referenced from startup_gd32f1x0.o(RESET)
 <LI><a href="#[27]">I2C0_ER_IRQHandler</a> from startup_gd32f1x0.o(.text) referenced from startup_gd32f1x0.o(RESET)
 <LI><a href="#[20]">I2C0_EV_IRQHandler</a> from startup_gd32f1x0.o(.text) referenced from startup_gd32f1x0.o(RESET)
 <LI><a href="#[28]">I2C1_ER_IRQHandler</a> from startup_gd32f1x0.o(.text) referenced from startup_gd32f1x0.o(RESET)
 <LI><a href="#[21]">I2C1_EV_IRQHandler</a> from startup_gd32f1x0.o(.text) referenced from startup_gd32f1x0.o(RESET)
 <LI><a href="#[2a]">I2C2_ER_IRQHandler</a> from startup_gd32f1x0.o(.text) referenced from startup_gd32f1x0.o(RESET)
 <LI><a href="#[29]">I2C2_EV_IRQHandler</a> from startup_gd32f1x0.o(.text) referenced from startup_gd32f1x0.o(RESET)
 <LI><a href="#[b]">LVD_IRQHandler</a> from startup_gd32f1x0.o(.text) referenced from startup_gd32f1x0.o(RESET)
 <LI><a href="#[3]">MemManage_Handler</a> from it.o(.text) referenced from startup_gd32f1x0.o(RESET)
 <LI><a href="#[1]">NMI_Handler</a> from it.o(.text) referenced from startup_gd32f1x0.o(RESET)
 <LI><a href="#[8]">PendSV_Handler</a> from it.o(.text) referenced from startup_gd32f1x0.o(RESET)
 <LI><a href="#[e]">RCU_IRQHandler</a> from startup_gd32f1x0.o(.text) referenced from startup_gd32f1x0.o(RESET)
 <LI><a href="#[c]">RTC_IRQHandler</a> from startup_gd32f1x0.o(.text) referenced from startup_gd32f1x0.o(RESET)
 <LI><a href="#[0]">Reset_Handler</a> from startup_gd32f1x0.o(.text) referenced from startup_gd32f1x0.o(RESET)
 <LI><a href="#[32]">SLCD_IRQHandler</a> from startup_gd32f1x0.o(.text) referenced from startup_gd32f1x0.o(RESET)
 <LI><a href="#[22]">SPI0_IRQHandler</a> from startup_gd32f1x0.o(.text) referenced from startup_gd32f1x0.o(RESET)
 <LI><a href="#[23]">SPI1_IRQHandler</a> from startup_gd32f1x0.o(.text) referenced from startup_gd32f1x0.o(RESET)
 <LI><a href="#[34]">SPI2_IRQHandler</a> from startup_gd32f1x0.o(.text) referenced from startup_gd32f1x0.o(RESET)
 <LI><a href="#[6]">SVC_Handler</a> from it.o(.text) referenced from startup_gd32f1x0.o(RESET)
 <LI><a href="#[9]">SysTick_Handler</a> from it.o(.text) referenced from startup_gd32f1x0.o(RESET)
 <LI><a href="#[3a]">SystemInit</a> from system_gd32f1x0.o(.text) referenced from startup_gd32f1x0.o(.text)
 <LI><a href="#[17]">TIMER0_BRK_UP_TRG_COM_IRQHandler</a> from it.o(.text) referenced from startup_gd32f1x0.o(RESET)
 <LI><a href="#[18]">TIMER0_Channel_IRQHandler</a> from startup_gd32f1x0.o(.text) referenced from startup_gd32f1x0.o(RESET)
 <LI><a href="#[1c]">TIMER13_IRQHandler</a> from it.o(.text) referenced from startup_gd32f1x0.o(RESET)
 <LI><a href="#[1d]">TIMER14_IRQHandler</a> from startup_gd32f1x0.o(.text) referenced from startup_gd32f1x0.o(RESET)
 <LI><a href="#[1e]">TIMER15_IRQHandler</a> from startup_gd32f1x0.o(.text) referenced from startup_gd32f1x0.o(RESET)
 <LI><a href="#[1f]">TIMER16_IRQHandler</a> from startup_gd32f1x0.o(.text) referenced from startup_gd32f1x0.o(RESET)
 <LI><a href="#[19]">TIMER1_IRQHandler</a> from startup_gd32f1x0.o(.text) referenced from startup_gd32f1x0.o(RESET)
 <LI><a href="#[1a]">TIMER2_IRQHandler</a> from startup_gd32f1x0.o(.text) referenced from startup_gd32f1x0.o(RESET)
 <LI><a href="#[1b]">TIMER5_DAC_IRQHandler</a> from startup_gd32f1x0.o(.text) referenced from startup_gd32f1x0.o(RESET)
 <LI><a href="#[12]">TSI_IRQHandler</a> from startup_gd32f1x0.o(.text) referenced from startup_gd32f1x0.o(RESET)
 <LI><a href="#[24]">USART0_IRQHandler</a> from startup_gd32f1x0.o(.text) referenced from startup_gd32f1x0.o(RESET)
 <LI><a href="#[25]">USART1_IRQHandler</a> from startup_gd32f1x0.o(.text) referenced from startup_gd32f1x0.o(RESET)
 <LI><a href="#[2d]">USBDWakeUp_IRQHandler</a> from startup_gd32f1x0.o(.text) referenced from startup_gd32f1x0.o(RESET)
 <LI><a href="#[2c]">USBD_HP_IRQHandler</a> from startup_gd32f1x0.o(.text) referenced from startup_gd32f1x0.o(RESET)
 <LI><a href="#[2b]">USBD_LP_IRQHandler</a> from startup_gd32f1x0.o(.text) referenced from startup_gd32f1x0.o(RESET)
 <LI><a href="#[5]">UsageFault_Handler</a> from it.o(.text) referenced from startup_gd32f1x0.o(RESET)
 <LI><a href="#[a]">WWDGT_IRQHandler</a> from startup_gd32f1x0.o(.text) referenced from startup_gd32f1x0.o(RESET)
 <LI><a href="#[3b]">__main</a> from entry.o(.ARM.Collect$$$$00000000) referenced from startup_gd32f1x0.o(.text)
 <LI><a href="#[39]">main</a> from main.o(.text) referenced from entry9a.o(.ARM.Collect$$$$0000000B)
</UL>
<P>
<H3>
Global Symbols
</H3>
<P><STRONG><a name="[3b]"></a>__main</STRONG> (Thumb, 0 bytes, Stack size unknown bytes, entry.o(.ARM.Collect$$$$00000000))
<BR>[Address Reference Count : 1]<UL><LI> startup_gd32f1x0.o(.text)
</UL>
<P><STRONG><a name="[f6]"></a>_main_stk</STRONG> (Thumb, 0 bytes, Stack size unknown bytes, entry2.o(.ARM.Collect$$$$00000001))

<P><STRONG><a name="[3c]"></a>_main_scatterload</STRONG> (Thumb, 0 bytes, Stack size unknown bytes, entry5.o(.ARM.Collect$$$$00000004))
<BR><BR>[Calls]<UL><LI><a href="#[3d]">&gt;&gt;</a>&nbsp;&nbsp;&nbsp;__scatterload
</UL>

<P><STRONG><a name="[f5]"></a>__main_after_scatterload</STRONG> (Thumb, 0 bytes, Stack size unknown bytes, entry5.o(.ARM.Collect$$$$00000004))
<BR><BR>[Called By]<UL><LI><a href="#[3d]">&gt;&gt;</a>&nbsp;&nbsp;&nbsp;__scatterload
</UL>

<P><STRONG><a name="[f7]"></a>_main_clock</STRONG> (Thumb, 0 bytes, Stack size unknown bytes, entry7b.o(.ARM.Collect$$$$00000008))

<P><STRONG><a name="[f8]"></a>_main_cpp_init</STRONG> (Thumb, 0 bytes, Stack size unknown bytes, entry8b.o(.ARM.Collect$$$$0000000A))

<P><STRONG><a name="[f9]"></a>_main_init</STRONG> (Thumb, 0 bytes, Stack size unknown bytes, entry9a.o(.ARM.Collect$$$$0000000B))

<P><STRONG><a name="[fa]"></a>__rt_final_cpp</STRONG> (Thumb, 0 bytes, Stack size unknown bytes, entry10a.o(.ARM.Collect$$$$0000000D))

<P><STRONG><a name="[fb]"></a>__rt_final_exit</STRONG> (Thumb, 0 bytes, Stack size unknown bytes, entry11a.o(.ARM.Collect$$$$0000000F))

<P><STRONG><a name="[39]"></a>main</STRONG> (Thumb, 2148 bytes, Stack size 200 bytes, main.o(.text))
<BR><BR>[Stack]<UL><LI>Max Depth = 404<LI>Call Chain = main &rArr; USART1_Init &rArr; usart_baudrate_set &rArr; rcu_clock_freq_get
</UL>
<BR>[Calls]<UL><LI><a href="#[65]">&gt;&gt;</a>&nbsp;&nbsp;&nbsp;SetEnable
<LI><a href="#[64]">&gt;&gt;</a>&nbsp;&nbsp;&nbsp;ShowBatteryState
<LI><a href="#[63]">&gt;&gt;</a>&nbsp;&nbsp;&nbsp;__aeabi_dcmple
<LI><a href="#[62]">&gt;&gt;</a>&nbsp;&nbsp;&nbsp;SetBldcInput
<LI><a href="#[61]">&gt;&gt;</a>&nbsp;&nbsp;&nbsp;__aeabi_dsub
<LI><a href="#[60]">&gt;&gt;</a>&nbsp;&nbsp;&nbsp;__aeabi_d2iz
<LI><a href="#[5f]">&gt;&gt;</a>&nbsp;&nbsp;&nbsp;__aeabi_fcmpge
<LI><a href="#[5e]">&gt;&gt;</a>&nbsp;&nbsp;&nbsp;__aeabi_fcmple
<LI><a href="#[5d]">&gt;&gt;</a>&nbsp;&nbsp;&nbsp;__aeabi_fcmplt
<LI><a href="#[5c]">&gt;&gt;</a>&nbsp;&nbsp;&nbsp;__aeabi_fdiv
<LI><a href="#[5b]">&gt;&gt;</a>&nbsp;&nbsp;&nbsp;__aeabi_fadd
<LI><a href="#[5a]">&gt;&gt;</a>&nbsp;&nbsp;&nbsp;__aeabi_f2iz
<LI><a href="#[59]">&gt;&gt;</a>&nbsp;&nbsp;&nbsp;__aeabi_fmul
<LI><a href="#[58]">&gt;&gt;</a>&nbsp;&nbsp;&nbsp;__aeabi_d2f
<LI><a href="#[57]">&gt;&gt;</a>&nbsp;&nbsp;&nbsp;__aeabi_dadd
<LI><a href="#[56]">&gt;&gt;</a>&nbsp;&nbsp;&nbsp;__aeabi_ddiv
<LI><a href="#[55]">&gt;&gt;</a>&nbsp;&nbsp;&nbsp;__aeabi_dmul
<LI><a href="#[54]">&gt;&gt;</a>&nbsp;&nbsp;&nbsp;__aeabi_f2d
<LI><a href="#[53]">&gt;&gt;</a>&nbsp;&nbsp;&nbsp;__aeabi_i2f
<LI><a href="#[52]">&gt;&gt;</a>&nbsp;&nbsp;&nbsp;__aeabi_dcmpge
<LI><a href="#[51]">&gt;&gt;</a>&nbsp;&nbsp;&nbsp;__aeabi_i2d
<LI><a href="#[50]">&gt;&gt;</a>&nbsp;&nbsp;&nbsp;ShutOff
<LI><a href="#[4f]">&gt;&gt;</a>&nbsp;&nbsp;&nbsp;RemoteUpdate
<LI><a href="#[4e]">&gt;&gt;</a>&nbsp;&nbsp;&nbsp;Delay
<LI><a href="#[4d]">&gt;&gt;</a>&nbsp;&nbsp;&nbsp;gpio_input_bit_get
<LI><a href="#[4c]">&gt;&gt;</a>&nbsp;&nbsp;&nbsp;millis
<LI><a href="#[4b]">&gt;&gt;</a>&nbsp;&nbsp;&nbsp;fwdgt_counter_reload
<LI><a href="#[4a]">&gt;&gt;</a>&nbsp;&nbsp;&nbsp;DriverInit
<LI><a href="#[49]">&gt;&gt;</a>&nbsp;&nbsp;&nbsp;InitBldc
<LI><a href="#[48]">&gt;&gt;</a>&nbsp;&nbsp;&nbsp;PWM_init
<LI><a href="#[47]">&gt;&gt;</a>&nbsp;&nbsp;&nbsp;ADC_init
<LI><a href="#[46]">&gt;&gt;</a>&nbsp;&nbsp;&nbsp;USART1_Init
<LI><a href="#[45]">&gt;&gt;</a>&nbsp;&nbsp;&nbsp;gpio_bit_write
<LI><a href="#[44]">&gt;&gt;</a>&nbsp;&nbsp;&nbsp;GPIO_init
<LI><a href="#[43]">&gt;&gt;</a>&nbsp;&nbsp;&nbsp;TimeoutTimer_init
<LI><a href="#[42]">&gt;&gt;</a>&nbsp;&nbsp;&nbsp;Interrupt_init
<LI><a href="#[41]">&gt;&gt;</a>&nbsp;&nbsp;&nbsp;Watchdog_init
<LI><a href="#[3f]">&gt;&gt;</a>&nbsp;&nbsp;&nbsp;Clock_init
<LI><a href="#[3e]">&gt;&gt;</a>&nbsp;&nbsp;&nbsp;ConfigRead
<LI><a href="#[40]">&gt;&gt;</a>&nbsp;&nbsp;&nbsp;SysTick_Config
</UL>
<BR>[Address Reference Count : 1]<UL><LI> entry9a.o(.ARM.Collect$$$$0000000B)
</UL>
<P><STRONG><a name="[50]"></a>ShutOff</STRONG> (Thumb, 260 bytes, Stack size 24 bytes, main.o(.text))
<BR><BR>[Stack]<UL><LI>Max Depth = 152<LI>Call Chain = ShutOff &rArr; SetBldcInput &rArr; __aeabi_dmul &rArr; _double_epilogue &rArr; _double_round
</UL>
<BR>[Calls]<UL><LI><a href="#[65]">&gt;&gt;</a>&nbsp;&nbsp;&nbsp;SetEnable
<LI><a href="#[62]">&gt;&gt;</a>&nbsp;&nbsp;&nbsp;SetBldcInput
<LI><a href="#[52]">&gt;&gt;</a>&nbsp;&nbsp;&nbsp;__aeabi_dcmpge
<LI><a href="#[51]">&gt;&gt;</a>&nbsp;&nbsp;&nbsp;__aeabi_i2d
<LI><a href="#[4b]">&gt;&gt;</a>&nbsp;&nbsp;&nbsp;fwdgt_counter_reload
<LI><a href="#[45]">&gt;&gt;</a>&nbsp;&nbsp;&nbsp;gpio_bit_write
</UL>
<BR>[Called By]<UL><LI><a href="#[39]">&gt;&gt;</a>&nbsp;&nbsp;&nbsp;main
</UL>

<P><STRONG><a name="[64]"></a>ShowBatteryState</STRONG> (Thumb, 450 bytes, Stack size 32 bytes, main.o(.text))
<BR><BR>[Stack]<UL><LI>Max Depth = 44<LI>Call Chain = ShowBatteryState &rArr; gpio_bit_write
</UL>
<BR>[Calls]<UL><LI><a href="#[45]">&gt;&gt;</a>&nbsp;&nbsp;&nbsp;gpio_bit_write
</UL>
<BR>[Called By]<UL><LI><a href="#[39]">&gt;&gt;</a>&nbsp;&nbsp;&nbsp;main
</UL>

<P><STRONG><a name="[68]"></a>modulo</STRONG> (Thumb, 42 bytes, Stack size 4 bytes, bldc.o(.text))
<BR><BR>[Stack]<UL><LI>Max Depth = 4<LI>Call Chain = modulo
</UL>
<BR>[Called By]<UL><LI><a href="#[67]">&gt;&gt;</a>&nbsp;&nbsp;&nbsp;up_or_down
</UL>

<P><STRONG><a name="[67]"></a>up_or_down</STRONG> (Thumb, 64 bytes, Stack size 24 bytes, bldc.o(.text))
<BR><BR>[Stack]<UL><LI>Max Depth = 28<LI>Call Chain = up_or_down &rArr; modulo
</UL>
<BR>[Calls]<UL><LI><a href="#[68]">&gt;&gt;</a>&nbsp;&nbsp;&nbsp;modulo
</UL>
<BR>[Called By]<UL><LI><a href="#[69]">&gt;&gt;</a>&nbsp;&nbsp;&nbsp;CalculateBLDC
</UL>

<P><STRONG><a name="[65]"></a>SetEnable</STRONG> (Thumb, 24 bytes, Stack size 4 bytes, bldc.o(.text))
<BR><BR>[Stack]<UL><LI>Max Depth = 4<LI>Call Chain = SetEnable
</UL>
<BR>[Called By]<UL><LI><a href="#[50]">&gt;&gt;</a>&nbsp;&nbsp;&nbsp;ShutOff
<LI><a href="#[39]">&gt;&gt;</a>&nbsp;&nbsp;&nbsp;main
</UL>

<P><STRONG><a name="[62]"></a>SetBldcInput</STRONG> (Thumb, 356 bytes, Stack size 40 bytes, bldc.o(.text))
<BR><BR>[Stack]<UL><LI>Max Depth = 128<LI>Call Chain = SetBldcInput &rArr; __aeabi_dmul &rArr; _double_epilogue &rArr; _double_round
</UL>
<BR>[Calls]<UL><LI><a href="#[60]">&gt;&gt;</a>&nbsp;&nbsp;&nbsp;__aeabi_d2iz
<LI><a href="#[56]">&gt;&gt;</a>&nbsp;&nbsp;&nbsp;__aeabi_ddiv
<LI><a href="#[55]">&gt;&gt;</a>&nbsp;&nbsp;&nbsp;__aeabi_dmul
<LI><a href="#[51]">&gt;&gt;</a>&nbsp;&nbsp;&nbsp;__aeabi_i2d
</UL>
<BR>[Called By]<UL><LI><a href="#[50]">&gt;&gt;</a>&nbsp;&nbsp;&nbsp;ShutOff
<LI><a href="#[39]">&gt;&gt;</a>&nbsp;&nbsp;&nbsp;main
</UL>

<P><STRONG><a name="[6c]"></a>SetFilter</STRONG> (Thumb, 70 bytes, Stack size 4 bytes, bldc.o(.text))
<BR><BR>[Stack]<UL><LI>Max Depth = 4<LI>Call Chain = SetFilter
</UL>
<BR>[Called By]<UL><LI><a href="#[69]">&gt;&gt;</a>&nbsp;&nbsp;&nbsp;CalculateBLDC
</UL>

<P><STRONG><a name="[69]"></a>CalculateBLDC</STRONG> (Thumb, 2434 bytes, Stack size 136 bytes, bldc.o(.text))
<BR><BR>[Stack]<UL><LI>Max Depth = 248<LI>Call Chain = CalculateBLDC &rArr; bldc_get_pwm &rArr; __aeabi_i2d &rArr; _double_epilogue &rArr; _double_round
</UL>
<BR>[Calls]<UL><LI><a href="#[72]">&gt;&gt;</a>&nbsp;&nbsp;&nbsp;__aeabi_fsub
<LI><a href="#[71]">&gt;&gt;</a>&nbsp;&nbsp;&nbsp;timer_channel_output_pulse_value_config
<LI><a href="#[70]">&gt;&gt;</a>&nbsp;&nbsp;&nbsp;bldc_get_pwm
<LI><a href="#[6f]">&gt;&gt;</a>&nbsp;&nbsp;&nbsp;Driver
<LI><a href="#[6e]">&gt;&gt;</a>&nbsp;&nbsp;&nbsp;timer_automatic_output_enable
<LI><a href="#[6d]">&gt;&gt;</a>&nbsp;&nbsp;&nbsp;timer_automatic_output_disable
<LI><a href="#[6b]">&gt;&gt;</a>&nbsp;&nbsp;&nbsp;__aeabi_fcmpgt
<LI><a href="#[6a]">&gt;&gt;</a>&nbsp;&nbsp;&nbsp;__aeabi_ui2f
<LI><a href="#[6c]">&gt;&gt;</a>&nbsp;&nbsp;&nbsp;SetFilter
<LI><a href="#[67]">&gt;&gt;</a>&nbsp;&nbsp;&nbsp;up_or_down
<LI><a href="#[60]">&gt;&gt;</a>&nbsp;&nbsp;&nbsp;__aeabi_d2iz
<LI><a href="#[5c]">&gt;&gt;</a>&nbsp;&nbsp;&nbsp;__aeabi_fdiv
<LI><a href="#[58]">&gt;&gt;</a>&nbsp;&nbsp;&nbsp;__aeabi_d2f
<LI><a href="#[57]">&gt;&gt;</a>&nbsp;&nbsp;&nbsp;__aeabi_dadd
<LI><a href="#[55]">&gt;&gt;</a>&nbsp;&nbsp;&nbsp;__aeabi_dmul
<LI><a href="#[54]">&gt;&gt;</a>&nbsp;&nbsp;&nbsp;__aeabi_f2d
<LI><a href="#[52]">&gt;&gt;</a>&nbsp;&nbsp;&nbsp;__aeabi_dcmpge
<LI><a href="#[51]">&gt;&gt;</a>&nbsp;&nbsp;&nbsp;__aeabi_i2d
<LI><a href="#[4d]">&gt;&gt;</a>&nbsp;&nbsp;&nbsp;gpio_input_bit_get
</UL>
<BR>[Called By]<UL><LI><a href="#[13]">&gt;&gt;</a>&nbsp;&nbsp;&nbsp;DMA_Channel0_IRQHandler
</UL>

<P><STRONG><a name="[73]"></a>PID_Init</STRONG> (Thumb, 164 bytes, Stack size 40 bytes, driver.o(.text))
<BR><BR>[Stack]<UL><LI>Max Depth = 48<LI>Call Chain = PID_Init &rArr; __aeabi_f2lz
</UL>
<BR>[Calls]<UL><LI><a href="#[74]">&gt;&gt;</a>&nbsp;&nbsp;&nbsp;__aeabi_f2lz
<LI><a href="#[5c]">&gt;&gt;</a>&nbsp;&nbsp;&nbsp;__aeabi_fdiv
<LI><a href="#[5a]">&gt;&gt;</a>&nbsp;&nbsp;&nbsp;__aeabi_f2iz
<LI><a href="#[59]">&gt;&gt;</a>&nbsp;&nbsp;&nbsp;__aeabi_fmul
</UL>
<BR>[Called By]<UL><LI><a href="#[4a]">&gt;&gt;</a>&nbsp;&nbsp;&nbsp;DriverInit
</UL>

<P><STRONG><a name="[75]"></a>PID_Update</STRONG> (Thumb, 610 bytes, Stack size 48 bytes, driver.o(.text))
<BR><BR>[Stack]<UL><LI>Max Depth = 48<LI>Call Chain = PID_Update
</UL>
<BR>[Called By]<UL><LI><a href="#[6f]">&gt;&gt;</a>&nbsp;&nbsp;&nbsp;Driver
</UL>

<P><STRONG><a name="[4a]"></a>DriverInit</STRONG> (Thumb, 234 bytes, Stack size 80 bytes, driver.o(.text))
<BR><BR>[Stack]<UL><LI>Max Depth = 128<LI>Call Chain = DriverInit &rArr; PID_Init &rArr; __aeabi_f2lz
</UL>
<BR>[Calls]<UL><LI><a href="#[73]">&gt;&gt;</a>&nbsp;&nbsp;&nbsp;PID_Init
<LI><a href="#[5a]">&gt;&gt;</a>&nbsp;&nbsp;&nbsp;__aeabi_f2iz
<LI><a href="#[59]">&gt;&gt;</a>&nbsp;&nbsp;&nbsp;__aeabi_fmul
<LI><a href="#[53]">&gt;&gt;</a>&nbsp;&nbsp;&nbsp;__aeabi_i2f
</UL>
<BR>[Called By]<UL><LI><a href="#[c8]">&gt;&gt;</a>&nbsp;&nbsp;&nbsp;RemoteCallback
<LI><a href="#[39]">&gt;&gt;</a>&nbsp;&nbsp;&nbsp;main
</UL>

<P><STRONG><a name="[6f]"></a>Driver</STRONG> (Thumb, 146 bytes, Stack size 24 bytes, driver.o(.text))
<BR><BR>[Stack]<UL><LI>Max Depth = 72<LI>Call Chain = Driver &rArr; PID_Update
</UL>
<BR>[Calls]<UL><LI><a href="#[75]">&gt;&gt;</a>&nbsp;&nbsp;&nbsp;PID_Update
</UL>
<BR>[Called By]<UL><LI><a href="#[69]">&gt;&gt;</a>&nbsp;&nbsp;&nbsp;CalculateBLDC
</UL>

<P><STRONG><a name="[76]"></a>InitEXTI</STRONG> (Thumb, 132 bytes, Stack size 32 bytes, bldcsine.o(.text))
<BR><BR>[Stack]<UL><LI>Max Depth = 48<LI>Call Chain = InitEXTI &rArr; nvic_irq_enable
</UL>
<BR>[Calls]<UL><LI><a href="#[7a]">&gt;&gt;</a>&nbsp;&nbsp;&nbsp;nvic_irq_enable
<LI><a href="#[79]">&gt;&gt;</a>&nbsp;&nbsp;&nbsp;exti_flag_clear
<LI><a href="#[78]">&gt;&gt;</a>&nbsp;&nbsp;&nbsp;exti_init
<LI><a href="#[77]">&gt;&gt;</a>&nbsp;&nbsp;&nbsp;syscfg_exti_line_config
</UL>
<BR>[Called By]<UL><LI><a href="#[49]">&gt;&gt;</a>&nbsp;&nbsp;&nbsp;InitBldc
</UL>

<P><STRONG><a name="[49]"></a>InitBldc</STRONG> (Thumb, 66 bytes, Stack size 16 bytes, bldcsine.o(.text))
<BR><BR>[Stack]<UL><LI>Max Depth = 64<LI>Call Chain = InitBldc &rArr; InitEXTI &rArr; nvic_irq_enable
</UL>
<BR>[Calls]<UL><LI><a href="#[7b]">&gt;&gt;</a>&nbsp;&nbsp;&nbsp;rcu_periph_clock_enable
<LI><a href="#[76]">&gt;&gt;</a>&nbsp;&nbsp;&nbsp;InitEXTI
</UL>
<BR>[Called By]<UL><LI><a href="#[39]">&gt;&gt;</a>&nbsp;&nbsp;&nbsp;main
</UL>

<P><STRONG><a name="[7c]"></a>_HandleEXTI</STRONG> (Thumb, 320 bytes, Stack size 32 bytes, bldcsine.o(.text))
<BR><BR>[Stack]<UL><LI>Max Depth = 48<LI>Call Chain = _HandleEXTI &rArr; exti_interrupt_flag_get
</UL>
<BR>[Calls]<UL><LI><a href="#[7d]">&gt;&gt;</a>&nbsp;&nbsp;&nbsp;exti_interrupt_flag_get
<LI><a href="#[79]">&gt;&gt;</a>&nbsp;&nbsp;&nbsp;exti_flag_clear
<LI><a href="#[4d]">&gt;&gt;</a>&nbsp;&nbsp;&nbsp;gpio_input_bit_get
</UL>
<BR>[Called By]<UL><LI><a href="#[11]">&gt;&gt;</a>&nbsp;&nbsp;&nbsp;EXTI4_15_IRQHandler
<LI><a href="#[10]">&gt;&gt;</a>&nbsp;&nbsp;&nbsp;EXTI2_3_IRQHandler
<LI><a href="#[f]">&gt;&gt;</a>&nbsp;&nbsp;&nbsp;EXTI0_1_IRQHandler
</UL>

<P><STRONG><a name="[f]"></a>EXTI0_1_IRQHandler</STRONG> (Thumb, 8 bytes, Stack size 8 bytes, bldcsine.o(.text))
<BR><BR>[Stack]<UL><LI>Max Depth = 56<LI>Call Chain = EXTI0_1_IRQHandler &rArr; _HandleEXTI &rArr; exti_interrupt_flag_get
</UL>
<BR>[Calls]<UL><LI><a href="#[7c]">&gt;&gt;</a>&nbsp;&nbsp;&nbsp;_HandleEXTI
</UL>
<BR>[Address Reference Count : 1]<UL><LI> startup_gd32f1x0.o(RESET)
</UL>
<P><STRONG><a name="[10]"></a>EXTI2_3_IRQHandler</STRONG> (Thumb, 8 bytes, Stack size 8 bytes, bldcsine.o(.text))
<BR><BR>[Stack]<UL><LI>Max Depth = 56<LI>Call Chain = EXTI2_3_IRQHandler &rArr; _HandleEXTI &rArr; exti_interrupt_flag_get
</UL>
<BR>[Calls]<UL><LI><a href="#[7c]">&gt;&gt;</a>&nbsp;&nbsp;&nbsp;_HandleEXTI
</UL>
<BR>[Address Reference Count : 1]<UL><LI> startup_gd32f1x0.o(RESET)
</UL>
<P><STRONG><a name="[11]"></a>EXTI4_15_IRQHandler</STRONG> (Thumb, 8 bytes, Stack size 8 bytes, bldcsine.o(.text))
<BR><BR>[Stack]<UL><LI>Max Depth = 56<LI>Call Chain = EXTI4_15_IRQHandler &rArr; _HandleEXTI &rArr; exti_interrupt_flag_get
</UL>
<BR>[Calls]<UL><LI><a href="#[7c]">&gt;&gt;</a>&nbsp;&nbsp;&nbsp;_HandleEXTI
</UL>
<BR>[Address Reference Count : 1]<UL><LI> startup_gd32f1x0.o(RESET)
</UL>
<P><STRONG><a name="[70]"></a>bldc_get_pwm</STRONG> (Thumb, 844 bytes, Stack size 56 bytes, bldcsine.o(.text))
<BR><BR>[Stack]<UL><LI>Max Depth = 112<LI>Call Chain = bldc_get_pwm &rArr; __aeabi_i2d &rArr; _double_epilogue &rArr; _double_round
</UL>
<BR>[Calls]<UL><LI><a href="#[52]">&gt;&gt;</a>&nbsp;&nbsp;&nbsp;__aeabi_dcmpge
<LI><a href="#[51]">&gt;&gt;</a>&nbsp;&nbsp;&nbsp;__aeabi_i2d
</UL>
<BR>[Called By]<UL><LI><a href="#[69]">&gt;&gt;</a>&nbsp;&nbsp;&nbsp;CalculateBLDC
</UL>

<P><STRONG><a name="[7e]"></a>pinMode</STRONG> (Thumb, 62 bytes, Stack size 24 bytes, setup.o(.text))
<BR><BR>[Stack]<UL><LI>Max Depth = 52<LI>Call Chain = pinMode &rArr; gpio_mode_set
</UL>
<BR>[Calls]<UL><LI><a href="#[80]">&gt;&gt;</a>&nbsp;&nbsp;&nbsp;gpio_output_options_set
<LI><a href="#[7f]">&gt;&gt;</a>&nbsp;&nbsp;&nbsp;gpio_mode_set
</UL>
<BR>[Called By]<UL><LI><a href="#[44]">&gt;&gt;</a>&nbsp;&nbsp;&nbsp;GPIO_init
</UL>

<P><STRONG><a name="[81]"></a>pinModePull</STRONG> (Thumb, 62 bytes, Stack size 24 bytes, setup.o(.text), UNUSED)
<BR><BR>[Calls]<UL><LI><a href="#[80]">&gt;&gt;</a>&nbsp;&nbsp;&nbsp;gpio_output_options_set
<LI><a href="#[7f]">&gt;&gt;</a>&nbsp;&nbsp;&nbsp;gpio_mode_set
</UL>

<P><STRONG><a name="[42]"></a>Interrupt_init</STRONG> (Thumb, 12 bytes, Stack size 8 bytes, setup.o(.text))
<BR><BR>[Stack]<UL><LI>Max Depth = 12<LI>Call Chain = Interrupt_init &rArr; nvic_priority_group_set
</UL>
<BR>[Calls]<UL><LI><a href="#[82]">&gt;&gt;</a>&nbsp;&nbsp;&nbsp;nvic_priority_group_set
</UL>
<BR>[Called By]<UL><LI><a href="#[39]">&gt;&gt;</a>&nbsp;&nbsp;&nbsp;main
</UL>

<P><STRONG><a name="[41]"></a>Watchdog_init</STRONG> (Thumb, 80 bytes, Stack size 16 bytes, setup.o(.text))
<BR><BR>[Stack]<UL><LI>Max Depth = 40<LI>Call Chain = Watchdog_init &rArr; fwdgt_config
</UL>
<BR>[Calls]<UL><LI><a href="#[87]">&gt;&gt;</a>&nbsp;&nbsp;&nbsp;fwdgt_enable
<LI><a href="#[86]">&gt;&gt;</a>&nbsp;&nbsp;&nbsp;fwdgt_window_value_config
<LI><a href="#[85]">&gt;&gt;</a>&nbsp;&nbsp;&nbsp;fwdgt_config
<LI><a href="#[84]">&gt;&gt;</a>&nbsp;&nbsp;&nbsp;rcu_all_reset_flag_clear
<LI><a href="#[83]">&gt;&gt;</a>&nbsp;&nbsp;&nbsp;rcu_flag_get
</UL>
<BR>[Called By]<UL><LI><a href="#[39]">&gt;&gt;</a>&nbsp;&nbsp;&nbsp;main
</UL>

<P><STRONG><a name="[43]"></a>TimeoutTimer_init</STRONG> (Thumb, 122 bytes, Stack size 24 bytes, setup.o(.text))
<BR><BR>[Stack]<UL><LI>Max Depth = 76<LI>Call Chain = TimeoutTimer_init &rArr; timer_deinit &rArr; rcu_periph_reset_disable
</UL>
<BR>[Calls]<UL><LI><a href="#[8c]">&gt;&gt;</a>&nbsp;&nbsp;&nbsp;timer_enable
<LI><a href="#[8b]">&gt;&gt;</a>&nbsp;&nbsp;&nbsp;timer_interrupt_enable
<LI><a href="#[8a]">&gt;&gt;</a>&nbsp;&nbsp;&nbsp;timer_init
<LI><a href="#[89]">&gt;&gt;</a>&nbsp;&nbsp;&nbsp;timer_auto_reload_shadow_disable
<LI><a href="#[88]">&gt;&gt;</a>&nbsp;&nbsp;&nbsp;timer_deinit
<LI><a href="#[7b]">&gt;&gt;</a>&nbsp;&nbsp;&nbsp;rcu_periph_clock_enable
<LI><a href="#[7a]">&gt;&gt;</a>&nbsp;&nbsp;&nbsp;nvic_irq_enable
</UL>
<BR>[Called By]<UL><LI><a href="#[39]">&gt;&gt;</a>&nbsp;&nbsp;&nbsp;main
</UL>

<P><STRONG><a name="[44]"></a>GPIO_init</STRONG> (Thumb, 494 bytes, Stack size 64 bytes, setup.o(.text))
<BR><BR>[Stack]<UL><LI>Max Depth = 116<LI>Call Chain = GPIO_init &rArr; pinMode &rArr; gpio_mode_set
</UL>
<BR>[Calls]<UL><LI><a href="#[8d]">&gt;&gt;</a>&nbsp;&nbsp;&nbsp;gpio_af_set
<LI><a href="#[80]">&gt;&gt;</a>&nbsp;&nbsp;&nbsp;gpio_output_options_set
<LI><a href="#[7f]">&gt;&gt;</a>&nbsp;&nbsp;&nbsp;gpio_mode_set
<LI><a href="#[7e]">&gt;&gt;</a>&nbsp;&nbsp;&nbsp;pinMode
<LI><a href="#[7b]">&gt;&gt;</a>&nbsp;&nbsp;&nbsp;rcu_periph_clock_enable
</UL>
<BR>[Called By]<UL><LI><a href="#[39]">&gt;&gt;</a>&nbsp;&nbsp;&nbsp;main
</UL>

<P><STRONG><a name="[48]"></a>PWM_init</STRONG> (Thumb, 414 bytes, Stack size 40 bytes, setup.o(.text))
<BR><BR>[Stack]<UL><LI>Max Depth = 92<LI>Call Chain = PWM_init &rArr; timer_deinit &rArr; rcu_periph_reset_disable
</UL>
<BR>[Calls]<UL><LI><a href="#[95]">&gt;&gt;</a>&nbsp;&nbsp;&nbsp;timer_channel_complementary_output_state_config
<LI><a href="#[94]">&gt;&gt;</a>&nbsp;&nbsp;&nbsp;timer_channel_output_state_config
<LI><a href="#[93]">&gt;&gt;</a>&nbsp;&nbsp;&nbsp;timer_disable
<LI><a href="#[92]">&gt;&gt;</a>&nbsp;&nbsp;&nbsp;timer_break_config
<LI><a href="#[91]">&gt;&gt;</a>&nbsp;&nbsp;&nbsp;timer_channel_output_config
<LI><a href="#[90]">&gt;&gt;</a>&nbsp;&nbsp;&nbsp;timer_channel_output_mode_config
<LI><a href="#[8f]">&gt;&gt;</a>&nbsp;&nbsp;&nbsp;timer_channel_output_shadow_config
<LI><a href="#[8e]">&gt;&gt;</a>&nbsp;&nbsp;&nbsp;timer_channel_output_fast_config
<LI><a href="#[8c]">&gt;&gt;</a>&nbsp;&nbsp;&nbsp;timer_enable
<LI><a href="#[8b]">&gt;&gt;</a>&nbsp;&nbsp;&nbsp;timer_interrupt_enable
<LI><a href="#[8a]">&gt;&gt;</a>&nbsp;&nbsp;&nbsp;timer_init
<LI><a href="#[89]">&gt;&gt;</a>&nbsp;&nbsp;&nbsp;timer_auto_reload_shadow_disable
<LI><a href="#[88]">&gt;&gt;</a>&nbsp;&nbsp;&nbsp;timer_deinit
<LI><a href="#[7b]">&gt;&gt;</a>&nbsp;&nbsp;&nbsp;rcu_periph_clock_enable
<LI><a href="#[7a]">&gt;&gt;</a>&nbsp;&nbsp;&nbsp;nvic_irq_enable
<LI><a href="#[71]">&gt;&gt;</a>&nbsp;&nbsp;&nbsp;timer_channel_output_pulse_value_config
</UL>
<BR>[Called By]<UL><LI><a href="#[39]">&gt;&gt;</a>&nbsp;&nbsp;&nbsp;main
</UL>

<P><STRONG><a name="[47]"></a>ADC_init</STRONG> (Thumb, 248 bytes, Stack size 32 bytes, setup.o(.text))
<BR><BR>[Stack]<UL><LI>Max Depth = 48<LI>Call Chain = ADC_init &rArr; adc_regular_channel_config
</UL>
<BR>[Calls]<UL><LI><a href="#[a9]">&gt;&gt;</a>&nbsp;&nbsp;&nbsp;adc_special_function_config
<LI><a href="#[a8]">&gt;&gt;</a>&nbsp;&nbsp;&nbsp;adc_dma_mode_enable
<LI><a href="#[a7]">&gt;&gt;</a>&nbsp;&nbsp;&nbsp;adc_calibration_enable
<LI><a href="#[a6]">&gt;&gt;</a>&nbsp;&nbsp;&nbsp;adc_enable
<LI><a href="#[a5]">&gt;&gt;</a>&nbsp;&nbsp;&nbsp;adc_watchdog_disable
<LI><a href="#[a4]">&gt;&gt;</a>&nbsp;&nbsp;&nbsp;adc_vbat_disable
<LI><a href="#[a3]">&gt;&gt;</a>&nbsp;&nbsp;&nbsp;adc_tempsensor_vrefint_disable
<LI><a href="#[a2]">&gt;&gt;</a>&nbsp;&nbsp;&nbsp;adc_external_trigger_source_config
<LI><a href="#[a1]">&gt;&gt;</a>&nbsp;&nbsp;&nbsp;adc_external_trigger_config
<LI><a href="#[a0]">&gt;&gt;</a>&nbsp;&nbsp;&nbsp;adc_data_alignment_config
<LI><a href="#[9f]">&gt;&gt;</a>&nbsp;&nbsp;&nbsp;adc_regular_channel_config
<LI><a href="#[9e]">&gt;&gt;</a>&nbsp;&nbsp;&nbsp;adc_channel_length_config
<LI><a href="#[9d]">&gt;&gt;</a>&nbsp;&nbsp;&nbsp;dma_channel_enable
<LI><a href="#[9c]">&gt;&gt;</a>&nbsp;&nbsp;&nbsp;dma_transfer_number_config
<LI><a href="#[9b]">&gt;&gt;</a>&nbsp;&nbsp;&nbsp;dma_interrupt_enable
<LI><a href="#[9a]">&gt;&gt;</a>&nbsp;&nbsp;&nbsp;dma_memory_to_memory_disable
<LI><a href="#[99]">&gt;&gt;</a>&nbsp;&nbsp;&nbsp;dma_circulation_enable
<LI><a href="#[98]">&gt;&gt;</a>&nbsp;&nbsp;&nbsp;dma_init
<LI><a href="#[97]">&gt;&gt;</a>&nbsp;&nbsp;&nbsp;dma_deinit
<LI><a href="#[96]">&gt;&gt;</a>&nbsp;&nbsp;&nbsp;rcu_adc_clock_config
<LI><a href="#[7b]">&gt;&gt;</a>&nbsp;&nbsp;&nbsp;rcu_periph_clock_enable
<LI><a href="#[7a]">&gt;&gt;</a>&nbsp;&nbsp;&nbsp;nvic_irq_enable
</UL>
<BR>[Called By]<UL><LI><a href="#[39]">&gt;&gt;</a>&nbsp;&nbsp;&nbsp;main
</UL>

<P><STRONG><a name="[fc]"></a>USART0_Init</STRONG> (Thumb, 8 bytes, Stack size 4 bytes, setup.o(.text), UNUSED)

<P><STRONG><a name="[46]"></a>USART1_Init</STRONG> (Thumb, 298 bytes, Stack size 48 bytes, setup.o(.text))
<BR><BR>[Stack]<UL><LI>Max Depth = 204<LI>Call Chain = USART1_Init &rArr; usart_baudrate_set &rArr; rcu_clock_freq_get
</UL>
<BR>[Calls]<UL><LI><a href="#[b2]">&gt;&gt;</a>&nbsp;&nbsp;&nbsp;usart_dma_receive_config
<LI><a href="#[b1]">&gt;&gt;</a>&nbsp;&nbsp;&nbsp;usart_enable
<LI><a href="#[b0]">&gt;&gt;</a>&nbsp;&nbsp;&nbsp;usart_receive_config
<LI><a href="#[af]">&gt;&gt;</a>&nbsp;&nbsp;&nbsp;usart_transmit_config
<LI><a href="#[ae]">&gt;&gt;</a>&nbsp;&nbsp;&nbsp;usart_oversample_config
<LI><a href="#[ad]">&gt;&gt;</a>&nbsp;&nbsp;&nbsp;usart_stop_bit_set
<LI><a href="#[ac]">&gt;&gt;</a>&nbsp;&nbsp;&nbsp;usart_word_length_set
<LI><a href="#[ab]">&gt;&gt;</a>&nbsp;&nbsp;&nbsp;usart_parity_config
<LI><a href="#[aa]">&gt;&gt;</a>&nbsp;&nbsp;&nbsp;usart_baudrate_set
<LI><a href="#[9d]">&gt;&gt;</a>&nbsp;&nbsp;&nbsp;dma_channel_enable
<LI><a href="#[9c]">&gt;&gt;</a>&nbsp;&nbsp;&nbsp;dma_transfer_number_config
<LI><a href="#[9b]">&gt;&gt;</a>&nbsp;&nbsp;&nbsp;dma_interrupt_enable
<LI><a href="#[9a]">&gt;&gt;</a>&nbsp;&nbsp;&nbsp;dma_memory_to_memory_disable
<LI><a href="#[99]">&gt;&gt;</a>&nbsp;&nbsp;&nbsp;dma_circulation_enable
<LI><a href="#[98]">&gt;&gt;</a>&nbsp;&nbsp;&nbsp;dma_init
<LI><a href="#[97]">&gt;&gt;</a>&nbsp;&nbsp;&nbsp;dma_deinit
<LI><a href="#[8d]">&gt;&gt;</a>&nbsp;&nbsp;&nbsp;gpio_af_set
<LI><a href="#[80]">&gt;&gt;</a>&nbsp;&nbsp;&nbsp;gpio_output_options_set
<LI><a href="#[7f]">&gt;&gt;</a>&nbsp;&nbsp;&nbsp;gpio_mode_set
<LI><a href="#[7b]">&gt;&gt;</a>&nbsp;&nbsp;&nbsp;rcu_periph_clock_enable
<LI><a href="#[7a]">&gt;&gt;</a>&nbsp;&nbsp;&nbsp;nvic_irq_enable
</UL>
<BR>[Called By]<UL><LI><a href="#[39]">&gt;&gt;</a>&nbsp;&nbsp;&nbsp;main
</UL>

<P><STRONG><a name="[fd]"></a>USART2_Init</STRONG> (Thumb, 8 bytes, Stack size 4 bytes, setup.o(.text), UNUSED)

<P><STRONG><a name="[b3]"></a>flashErase</STRONG> (Thumb, 30 bytes, Stack size 16 bytes, setup.o(.text))
<BR><BR>[Stack]<UL><LI>Max Depth = 68<LI>Call Chain = flashErase &rArr; fmc_page_erase &rArr; fmc_ready_wait &rArr; fmc_state_get
</UL>
<BR>[Calls]<UL><LI><a href="#[b7]">&gt;&gt;</a>&nbsp;&nbsp;&nbsp;fmc_lock
<LI><a href="#[b6]">&gt;&gt;</a>&nbsp;&nbsp;&nbsp;fmc_page_erase
<LI><a href="#[b5]">&gt;&gt;</a>&nbsp;&nbsp;&nbsp;fmc_flag_clear
<LI><a href="#[b4]">&gt;&gt;</a>&nbsp;&nbsp;&nbsp;fmc_unlock
</UL>
<BR>[Called By]<UL><LI><a href="#[bd]">&gt;&gt;</a>&nbsp;&nbsp;&nbsp;ConfigWrite
</UL>

<P><STRONG><a name="[bc]"></a>flashRead</STRONG> (Thumb, 12 bytes, Stack size 4 bytes, setup.o(.text))
<BR><BR>[Stack]<UL><LI>Max Depth = 4<LI>Call Chain = flashRead
</UL>
<BR>[Called By]<UL><LI><a href="#[bb]">&gt;&gt;</a>&nbsp;&nbsp;&nbsp;flashReadBuffer
<LI><a href="#[3e]">&gt;&gt;</a>&nbsp;&nbsp;&nbsp;ConfigRead
</UL>

<P><STRONG><a name="[b8]"></a>flashWrite</STRONG> (Thumb, 56 bytes, Stack size 24 bytes, setup.o(.text))
<BR><BR>[Stack]<UL><LI>Max Depth = 76<LI>Call Chain = flashWrite &rArr; fmc_word_program &rArr; fmc_ready_wait &rArr; fmc_state_get
</UL>
<BR>[Calls]<UL><LI><a href="#[b9]">&gt;&gt;</a>&nbsp;&nbsp;&nbsp;fmc_word_program
<LI><a href="#[b7]">&gt;&gt;</a>&nbsp;&nbsp;&nbsp;fmc_lock
<LI><a href="#[b5]">&gt;&gt;</a>&nbsp;&nbsp;&nbsp;fmc_flag_clear
<LI><a href="#[b4]">&gt;&gt;</a>&nbsp;&nbsp;&nbsp;fmc_unlock
</UL>
<BR>[Called By]<UL><LI><a href="#[ba]">&gt;&gt;</a>&nbsp;&nbsp;&nbsp;flashWriteBuffer
</UL>

<P><STRONG><a name="[ba]"></a>flashWriteBuffer</STRONG> (Thumb, 76 bytes, Stack size 24 bytes, setup.o(.text))
<BR><BR>[Stack]<UL><LI>Max Depth = 100<LI>Call Chain = flashWriteBuffer &rArr; flashWrite &rArr; fmc_word_program &rArr; fmc_ready_wait &rArr; fmc_state_get
</UL>
<BR>[Calls]<UL><LI><a href="#[b8]">&gt;&gt;</a>&nbsp;&nbsp;&nbsp;flashWrite
</UL>
<BR>[Called By]<UL><LI><a href="#[bd]">&gt;&gt;</a>&nbsp;&nbsp;&nbsp;ConfigWrite
</UL>

<P><STRONG><a name="[bb]"></a>flashReadBuffer</STRONG> (Thumb, 72 bytes, Stack size 24 bytes, setup.o(.text))
<BR><BR>[Stack]<UL><LI>Max Depth = 28<LI>Call Chain = flashReadBuffer &rArr; flashRead
</UL>
<BR>[Calls]<UL><LI><a href="#[bc]">&gt;&gt;</a>&nbsp;&nbsp;&nbsp;flashRead
</UL>
<BR>[Called By]<UL><LI><a href="#[3e]">&gt;&gt;</a>&nbsp;&nbsp;&nbsp;ConfigRead
</UL>

<P><STRONG><a name="[c0]"></a>ConfigReset</STRONG> (Thumb, 96 bytes, Stack size 8 bytes, setup.o(.text))
<BR><BR>[Stack]<UL><LI>Max Depth = 8<LI>Call Chain = ConfigReset
</UL>
<BR>[Called By]<UL><LI><a href="#[3e]">&gt;&gt;</a>&nbsp;&nbsp;&nbsp;ConfigRead
</UL>

<P><STRONG><a name="[bd]"></a>ConfigWrite</STRONG> (Thumb, 56 bytes, Stack size 24 bytes, setup.o(.text))
<BR><BR>[Stack]<UL><LI>Max Depth = 124<LI>Call Chain = ConfigWrite &rArr; flashWriteBuffer &rArr; flashWrite &rArr; fmc_word_program &rArr; fmc_ready_wait &rArr; fmc_state_get
</UL>
<BR>[Calls]<UL><LI><a href="#[ba]">&gt;&gt;</a>&nbsp;&nbsp;&nbsp;flashWriteBuffer
<LI><a href="#[b3]">&gt;&gt;</a>&nbsp;&nbsp;&nbsp;flashErase
<LI><a href="#[bf]">&gt;&gt;</a>&nbsp;&nbsp;&nbsp;get_page_size
<LI><a href="#[be]">&gt;&gt;</a>&nbsp;&nbsp;&nbsp;get_flash_size
</UL>
<BR>[Called By]<UL><LI><a href="#[3e]">&gt;&gt;</a>&nbsp;&nbsp;&nbsp;ConfigRead
</UL>

<P><STRONG><a name="[3e]"></a>ConfigRead</STRONG> (Thumb, 94 bytes, Stack size 24 bytes, setup.o(.text))
<BR><BR>[Stack]<UL><LI>Max Depth = 148<LI>Call Chain = ConfigRead &rArr; ConfigWrite &rArr; flashWriteBuffer &rArr; flashWrite &rArr; fmc_word_program &rArr; fmc_ready_wait &rArr; fmc_state_get
</UL>
<BR>[Calls]<UL><LI><a href="#[bd]">&gt;&gt;</a>&nbsp;&nbsp;&nbsp;ConfigWrite
<LI><a href="#[c0]">&gt;&gt;</a>&nbsp;&nbsp;&nbsp;ConfigReset
<LI><a href="#[bb]">&gt;&gt;</a>&nbsp;&nbsp;&nbsp;flashReadBuffer
<LI><a href="#[bc]">&gt;&gt;</a>&nbsp;&nbsp;&nbsp;flashRead
<LI><a href="#[bf]">&gt;&gt;</a>&nbsp;&nbsp;&nbsp;get_page_size
<LI><a href="#[be]">&gt;&gt;</a>&nbsp;&nbsp;&nbsp;get_flash_size
</UL>
<BR>[Called By]<UL><LI><a href="#[39]">&gt;&gt;</a>&nbsp;&nbsp;&nbsp;main
</UL>

<P><STRONG><a name="[3f]"></a>Clock_init</STRONG> (Thumb, 62 bytes, Stack size 8 bytes, setup.o(.text))
<BR><BR>[Stack]<UL><LI>Max Depth = 60<LI>Call Chain = Clock_init &rArr; SystemCoreClockUpdate
</UL>
<BR>[Calls]<UL><LI><a href="#[c1]">&gt;&gt;</a>&nbsp;&nbsp;&nbsp;SystemCoreClockUpdate
</UL>
<BR>[Called By]<UL><LI><a href="#[39]">&gt;&gt;</a>&nbsp;&nbsp;&nbsp;main
</UL>

<P><STRONG><a name="[c2]"></a>Clock_test</STRONG> (Thumb, 60 bytes, Stack size 16 bytes, setup.o(.text), UNUSED)
<BR><BR>[Calls]<UL><LI><a href="#[4c]">&gt;&gt;</a>&nbsp;&nbsp;&nbsp;millis
</UL>

<P><STRONG><a name="[9]"></a>SysTick_Handler</STRONG> (Thumb, 16 bytes, Stack size 0 bytes, it.o(.text))
<BR>[Address Reference Count : 1]<UL><LI> startup_gd32f1x0.o(RESET)
</UL>
<P><STRONG><a name="[ce]"></a>ResetTimeout</STRONG> (Thumb, 14 bytes, Stack size 0 bytes, it.o(.text))
<BR><BR>[Called By]<UL><LI><a href="#[c8]">&gt;&gt;</a>&nbsp;&nbsp;&nbsp;RemoteCallback
</UL>

<P><STRONG><a name="[1c]"></a>TIMER13_IRQHandler</STRONG> (Thumb, 106 bytes, Stack size 8 bytes, it.o(.text))
<BR><BR>[Stack]<UL><LI>Max Depth = 16<LI>Call Chain = TIMER13_IRQHandler &rArr; timer_interrupt_flag_clear
</UL>
<BR>[Calls]<UL><LI><a href="#[c3]">&gt;&gt;</a>&nbsp;&nbsp;&nbsp;timer_interrupt_flag_clear
</UL>
<BR>[Address Reference Count : 1]<UL><LI> startup_gd32f1x0.o(RESET)
</UL>
<P><STRONG><a name="[17]"></a>TIMER0_BRK_UP_TRG_COM_IRQHandler</STRONG> (Thumb, 162 bytes, Stack size 8 bytes, it.o(.text))
<BR><BR>[Stack]<UL><LI>Max Depth = 24<LI>Call Chain = TIMER0_BRK_UP_TRG_COM_IRQHandler &rArr; timer_interrupt_flag_get
</UL>
<BR>[Calls]<UL><LI><a href="#[c5]">&gt;&gt;</a>&nbsp;&nbsp;&nbsp;adc_software_trigger_enable
<LI><a href="#[c4]">&gt;&gt;</a>&nbsp;&nbsp;&nbsp;timer_interrupt_flag_get
<LI><a href="#[c3]">&gt;&gt;</a>&nbsp;&nbsp;&nbsp;timer_interrupt_flag_clear
</UL>
<BR>[Address Reference Count : 1]<UL><LI> startup_gd32f1x0.o(RESET)
</UL>
<P><STRONG><a name="[13]"></a>DMA_Channel0_IRQHandler</STRONG> (Thumb, 122 bytes, Stack size 8 bytes, it.o(.text))
<BR><BR>[Stack]<UL><LI>Max Depth = 256<LI>Call Chain = DMA_Channel0_IRQHandler &rArr; CalculateBLDC &rArr; bldc_get_pwm &rArr; __aeabi_i2d &rArr; _double_epilogue &rArr; _double_round
</UL>
<BR>[Calls]<UL><LI><a href="#[c7]">&gt;&gt;</a>&nbsp;&nbsp;&nbsp;dma_interrupt_flag_clear
<LI><a href="#[c6]">&gt;&gt;</a>&nbsp;&nbsp;&nbsp;dma_interrupt_flag_get
<LI><a href="#[69]">&gt;&gt;</a>&nbsp;&nbsp;&nbsp;CalculateBLDC
</UL>
<BR>[Address Reference Count : 1]<UL><LI> startup_gd32f1x0.o(RESET)
</UL>
<P><STRONG><a name="[15]"></a>DMA_Channel3_4_IRQHandler</STRONG> (Thumb, 58 bytes, Stack size 8 bytes, it.o(.text))
<BR><BR>[Stack]<UL><LI>Max Depth = 176<LI>Call Chain = DMA_Channel3_4_IRQHandler &rArr; RemoteCallback &rArr; DriverInit &rArr; PID_Init &rArr; __aeabi_f2lz
</UL>
<BR>[Calls]<UL><LI><a href="#[c8]">&gt;&gt;</a>&nbsp;&nbsp;&nbsp;RemoteCallback
<LI><a href="#[c7]">&gt;&gt;</a>&nbsp;&nbsp;&nbsp;dma_interrupt_flag_clear
<LI><a href="#[c6]">&gt;&gt;</a>&nbsp;&nbsp;&nbsp;dma_interrupt_flag_get
</UL>
<BR>[Address Reference Count : 1]<UL><LI> startup_gd32f1x0.o(RESET)
</UL>
<P><STRONG><a name="[4c]"></a>millis</STRONG> (Thumb, 12 bytes, Stack size 0 bytes, it.o(.text))
<BR><BR>[Called By]<UL><LI><a href="#[c8]">&gt;&gt;</a>&nbsp;&nbsp;&nbsp;RemoteCallback
<LI><a href="#[c2]">&gt;&gt;</a>&nbsp;&nbsp;&nbsp;Clock_test
<LI><a href="#[4f]">&gt;&gt;</a>&nbsp;&nbsp;&nbsp;RemoteUpdate
<LI><a href="#[39]">&gt;&gt;</a>&nbsp;&nbsp;&nbsp;main
</UL>

<P><STRONG><a name="[4e]"></a>Delay</STRONG> (Thumb, 48 bytes, Stack size 8 bytes, it.o(.text))
<BR><BR>[Stack]<UL><LI>Max Depth = 8<LI>Call Chain = Delay
</UL>
<BR>[Called By]<UL><LI><a href="#[39]">&gt;&gt;</a>&nbsp;&nbsp;&nbsp;main
</UL>

<P><STRONG><a name="[1]"></a>NMI_Handler</STRONG> (Thumb, 2 bytes, Stack size 0 bytes, it.o(.text))
<BR>[Address Reference Count : 1]<UL><LI> startup_gd32f1x0.o(RESET)
</UL>
<P><STRONG><a name="[2]"></a>HardFault_Handler</STRONG> (Thumb, 4 bytes, Stack size 0 bytes, it.o(.text))
<BR>[Address Reference Count : 1]<UL><LI> startup_gd32f1x0.o(RESET)
</UL>
<P><STRONG><a name="[3]"></a>MemManage_Handler</STRONG> (Thumb, 4 bytes, Stack size 0 bytes, it.o(.text))
<BR>[Address Reference Count : 1]<UL><LI> startup_gd32f1x0.o(RESET)
</UL>
<P><STRONG><a name="[4]"></a>BusFault_Handler</STRONG> (Thumb, 4 bytes, Stack size 0 bytes, it.o(.text))
<BR>[Address Reference Count : 1]<UL><LI> startup_gd32f1x0.o(RESET)
</UL>
<P><STRONG><a name="[5]"></a>UsageFault_Handler</STRONG> (Thumb, 4 bytes, Stack size 0 bytes, it.o(.text))
<BR>[Address Reference Count : 1]<UL><LI> startup_gd32f1x0.o(RESET)
</UL>
<P><STRONG><a name="[6]"></a>SVC_Handler</STRONG> (Thumb, 2 bytes, Stack size 0 bytes, it.o(.text))
<BR>[Address Reference Count : 1]<UL><LI> startup_gd32f1x0.o(RESET)
</UL>
<P><STRONG><a name="[7]"></a>DebugMon_Handler</STRONG> (Thumb, 2 bytes, Stack size 0 bytes, it.o(.text))
<BR>[Address Reference Count : 1]<UL><LI> startup_gd32f1x0.o(RESET)
</UL>
<P><STRONG><a name="[8]"></a>PendSV_Handler</STRONG> (Thumb, 2 bytes, Stack size 0 bytes, it.o(.text))
<BR>[Address Reference Count : 1]<UL><LI> startup_gd32f1x0.o(RESET)
</UL>
<P><STRONG><a name="[c9]"></a>SendBuffer</STRONG> (Thumb, 84 bytes, Stack size 24 bytes, comms.o(.text))
<BR><BR>[Stack]<UL><LI>Max Depth = 36<LI>Call Chain = SendBuffer &rArr; usart_flag_get
</UL>
<BR>[Calls]<UL><LI><a href="#[cb]">&gt;&gt;</a>&nbsp;&nbsp;&nbsp;usart_flag_get
<LI><a href="#[ca]">&gt;&gt;</a>&nbsp;&nbsp;&nbsp;usart_data_transmit
</UL>
<BR>[Called By]<UL><LI><a href="#[cc]">&gt;&gt;</a>&nbsp;&nbsp;&nbsp;AnswerMaster
</UL>

<P><STRONG><a name="[cd]"></a>CalcCRC</STRONG> (Thumb, 126 bytes, Stack size 12 bytes, comms.o(.text))
<BR><BR>[Stack]<UL><LI>Max Depth = 12<LI>Call Chain = CalcCRC
</UL>
<BR>[Called By]<UL><LI><a href="#[cc]">&gt;&gt;</a>&nbsp;&nbsp;&nbsp;AnswerMaster
<LI><a href="#[c8]">&gt;&gt;</a>&nbsp;&nbsp;&nbsp;RemoteCallback
</UL>

<P><STRONG><a name="[4f]"></a>RemoteUpdate</STRONG> (Thumb, 42 bytes, Stack size 8 bytes, remoteuartbus.o(.text))
<BR><BR>[Stack]<UL><LI>Max Depth = 8<LI>Call Chain = RemoteUpdate
</UL>
<BR>[Calls]<UL><LI><a href="#[4c]">&gt;&gt;</a>&nbsp;&nbsp;&nbsp;millis
</UL>
<BR>[Called By]<UL><LI><a href="#[39]">&gt;&gt;</a>&nbsp;&nbsp;&nbsp;main
</UL>

<P><STRONG><a name="[cc]"></a>AnswerMaster</STRONG> (Thumb, 178 bytes, Stack size 32 bytes, remoteuartbus.o(.text))
<BR><BR>[Stack]<UL><LI>Max Depth = 68<LI>Call Chain = AnswerMaster &rArr; SendBuffer &rArr; usart_flag_get
</UL>
<BR>[Calls]<UL><LI><a href="#[cd]">&gt;&gt;</a>&nbsp;&nbsp;&nbsp;CalcCRC
<LI><a href="#[c9]">&gt;&gt;</a>&nbsp;&nbsp;&nbsp;SendBuffer
<LI><a href="#[5a]">&gt;&gt;</a>&nbsp;&nbsp;&nbsp;__aeabi_f2iz
<LI><a href="#[59]">&gt;&gt;</a>&nbsp;&nbsp;&nbsp;__aeabi_fmul
</UL>
<BR>[Called By]<UL><LI><a href="#[c8]">&gt;&gt;</a>&nbsp;&nbsp;&nbsp;RemoteCallback
</UL>

<P><STRONG><a name="[c8]"></a>RemoteCallback</STRONG> (Thumb, 598 bytes, Stack size 40 bytes, remoteuartbus.o(.text))
<BR><BR>[Stack]<UL><LI>Max Depth = 168<LI>Call Chain = RemoteCallback &rArr; DriverInit &rArr; PID_Init &rArr; __aeabi_f2lz
</UL>
<BR>[Calls]<UL><LI><a href="#[cc]">&gt;&gt;</a>&nbsp;&nbsp;&nbsp;AnswerMaster
<LI><a href="#[cd]">&gt;&gt;</a>&nbsp;&nbsp;&nbsp;CalcCRC
<LI><a href="#[ce]">&gt;&gt;</a>&nbsp;&nbsp;&nbsp;ResetTimeout
<LI><a href="#[4c]">&gt;&gt;</a>&nbsp;&nbsp;&nbsp;millis
<LI><a href="#[4a]">&gt;&gt;</a>&nbsp;&nbsp;&nbsp;DriverInit
</UL>
<BR>[Called By]<UL><LI><a href="#[15]">&gt;&gt;</a>&nbsp;&nbsp;&nbsp;DMA_Channel3_4_IRQHandler
</UL>

<P><STRONG><a name="[cf]"></a>adc_deinit</STRONG> (Thumb, 24 bytes, Stack size 16 bytes, gd32f1x0_adc.o(.text), UNUSED)
<BR><BR>[Calls]<UL><LI><a href="#[d1]">&gt;&gt;</a>&nbsp;&nbsp;&nbsp;rcu_periph_reset_disable
<LI><a href="#[d0]">&gt;&gt;</a>&nbsp;&nbsp;&nbsp;rcu_periph_reset_enable
</UL>

<P><STRONG><a name="[a6]"></a>adc_enable</STRONG> (Thumb, 36 bytes, Stack size 0 bytes, gd32f1x0_adc.o(.text))
<BR><BR>[Called By]<UL><LI><a href="#[47]">&gt;&gt;</a>&nbsp;&nbsp;&nbsp;ADC_init
</UL>

<P><STRONG><a name="[fe]"></a>adc_disable</STRONG> (Thumb, 18 bytes, Stack size 0 bytes, gd32f1x0_adc.o(.text), UNUSED)

<P><STRONG><a name="[a7]"></a>adc_calibration_enable</STRONG> (Thumb, 78 bytes, Stack size 0 bytes, gd32f1x0_adc.o(.text))
<BR><BR>[Called By]<UL><LI><a href="#[47]">&gt;&gt;</a>&nbsp;&nbsp;&nbsp;ADC_init
</UL>

<P><STRONG><a name="[a8]"></a>adc_dma_mode_enable</STRONG> (Thumb, 18 bytes, Stack size 0 bytes, gd32f1x0_adc.o(.text))
<BR><BR>[Called By]<UL><LI><a href="#[47]">&gt;&gt;</a>&nbsp;&nbsp;&nbsp;ADC_init
</UL>

<P><STRONG><a name="[ff]"></a>adc_dma_mode_disable</STRONG> (Thumb, 18 bytes, Stack size 0 bytes, gd32f1x0_adc.o(.text), UNUSED)

<P><STRONG><a name="[100]"></a>adc_tempsensor_vrefint_enable</STRONG> (Thumb, 18 bytes, Stack size 0 bytes, gd32f1x0_adc.o(.text), UNUSED)

<P><STRONG><a name="[a3]"></a>adc_tempsensor_vrefint_disable</STRONG> (Thumb, 18 bytes, Stack size 0 bytes, gd32f1x0_adc.o(.text))
<BR><BR>[Called By]<UL><LI><a href="#[47]">&gt;&gt;</a>&nbsp;&nbsp;&nbsp;ADC_init
</UL>

<P><STRONG><a name="[101]"></a>adc_vbat_enable</STRONG> (Thumb, 18 bytes, Stack size 0 bytes, gd32f1x0_adc.o(.text), UNUSED)

<P><STRONG><a name="[a4]"></a>adc_vbat_disable</STRONG> (Thumb, 18 bytes, Stack size 0 bytes, gd32f1x0_adc.o(.text))
<BR><BR>[Called By]<UL><LI><a href="#[47]">&gt;&gt;</a>&nbsp;&nbsp;&nbsp;ADC_init
</UL>

<P><STRONG><a name="[102]"></a>adc_discontinuous_mode_config</STRONG> (Thumb, 132 bytes, Stack size 8 bytes, gd32f1x0_adc.o(.text), UNUSED)

<P><STRONG><a name="[a9]"></a>adc_special_function_config</STRONG> (Thumb, 200 bytes, Stack size 8 bytes, gd32f1x0_adc.o(.text))
<BR><BR>[Stack]<UL><LI>Max Depth = 8<LI>Call Chain = adc_special_function_config
</UL>
<BR>[Called By]<UL><LI><a href="#[47]">&gt;&gt;</a>&nbsp;&nbsp;&nbsp;ADC_init
</UL>

<P><STRONG><a name="[a0]"></a>adc_data_alignment_config</STRONG> (Thumb, 50 bytes, Stack size 4 bytes, gd32f1x0_adc.o(.text))
<BR><BR>[Stack]<UL><LI>Max Depth = 4<LI>Call Chain = adc_data_alignment_config
</UL>
<BR>[Called By]<UL><LI><a href="#[47]">&gt;&gt;</a>&nbsp;&nbsp;&nbsp;ADC_init
</UL>

<P><STRONG><a name="[9e]"></a>adc_channel_length_config</STRONG> (Thumb, 116 bytes, Stack size 12 bytes, gd32f1x0_adc.o(.text))
<BR><BR>[Stack]<UL><LI>Max Depth = 12<LI>Call Chain = adc_channel_length_config
</UL>
<BR>[Called By]<UL><LI><a href="#[47]">&gt;&gt;</a>&nbsp;&nbsp;&nbsp;ADC_init
</UL>

<P><STRONG><a name="[9f]"></a>adc_regular_channel_config</STRONG> (Thumb, 408 bytes, Stack size 16 bytes, gd32f1x0_adc.o(.text))
<BR><BR>[Stack]<UL><LI>Max Depth = 16<LI>Call Chain = adc_regular_channel_config
</UL>
<BR>[Called By]<UL><LI><a href="#[47]">&gt;&gt;</a>&nbsp;&nbsp;&nbsp;ADC_init
</UL>

<P><STRONG><a name="[103]"></a>adc_inserted_channel_config</STRONG> (Thumb, 250 bytes, Stack size 20 bytes, gd32f1x0_adc.o(.text), UNUSED)

<P><STRONG><a name="[104]"></a>adc_inserted_channel_offset_config</STRONG> (Thumb, 86 bytes, Stack size 12 bytes, gd32f1x0_adc.o(.text), UNUSED)

<P><STRONG><a name="[a1]"></a>adc_external_trigger_config</STRONG> (Thumb, 142 bytes, Stack size 4 bytes, gd32f1x0_adc.o(.text))
<BR><BR>[Stack]<UL><LI>Max Depth = 4<LI>Call Chain = adc_external_trigger_config
</UL>
<BR>[Called By]<UL><LI><a href="#[47]">&gt;&gt;</a>&nbsp;&nbsp;&nbsp;ADC_init
</UL>

<P><STRONG><a name="[a2]"></a>adc_external_trigger_source_config</STRONG> (Thumb, 88 bytes, Stack size 12 bytes, gd32f1x0_adc.o(.text))
<BR><BR>[Stack]<UL><LI>Max Depth = 12<LI>Call Chain = adc_external_trigger_source_config
</UL>
<BR>[Called By]<UL><LI><a href="#[47]">&gt;&gt;</a>&nbsp;&nbsp;&nbsp;ADC_init
</UL>

<P><STRONG><a name="[c5]"></a>adc_software_trigger_enable</STRONG> (Thumb, 68 bytes, Stack size 4 bytes, gd32f1x0_adc.o(.text))
<BR><BR>[Stack]<UL><LI>Max Depth = 4<LI>Call Chain = adc_software_trigger_enable
</UL>
<BR>[Called By]<UL><LI><a href="#[17]">&gt;&gt;</a>&nbsp;&nbsp;&nbsp;TIMER0_BRK_UP_TRG_COM_IRQHandler
</UL>

<P><STRONG><a name="[105]"></a>adc_regular_data_read</STRONG> (Thumb, 14 bytes, Stack size 0 bytes, gd32f1x0_adc.o(.text), UNUSED)

<P><STRONG><a name="[106]"></a>adc_inserted_data_read</STRONG> (Thumb, 98 bytes, Stack size 12 bytes, gd32f1x0_adc.o(.text), UNUSED)

<P><STRONG><a name="[107]"></a>adc_flag_get</STRONG> (Thumb, 44 bytes, Stack size 8 bytes, gd32f1x0_adc.o(.text), UNUSED)

<P><STRONG><a name="[108]"></a>adc_flag_clear</STRONG> (Thumb, 24 bytes, Stack size 4 bytes, gd32f1x0_adc.o(.text), UNUSED)

<P><STRONG><a name="[109]"></a>adc_interrupt_flag_get</STRONG> (Thumb, 196 bytes, Stack size 16 bytes, gd32f1x0_adc.o(.text), UNUSED)

<P><STRONG><a name="[10a]"></a>adc_interrupt_flag_clear</STRONG> (Thumb, 24 bytes, Stack size 4 bytes, gd32f1x0_adc.o(.text), UNUSED)

<P><STRONG><a name="[10b]"></a>adc_interrupt_enable</STRONG> (Thumb, 96 bytes, Stack size 4 bytes, gd32f1x0_adc.o(.text), UNUSED)

<P><STRONG><a name="[10c]"></a>adc_interrupt_disable</STRONG> (Thumb, 96 bytes, Stack size 4 bytes, gd32f1x0_adc.o(.text), UNUSED)

<P><STRONG><a name="[10d]"></a>adc_watchdog_single_channel_enable</STRONG> (Thumb, 56 bytes, Stack size 4 bytes, gd32f1x0_adc.o(.text), UNUSED)

<P><STRONG><a name="[10e]"></a>adc_watchdog_group_channel_enable</STRONG> (Thumb, 118 bytes, Stack size 8 bytes, gd32f1x0_adc.o(.text), UNUSED)

<P><STRONG><a name="[a5]"></a>adc_watchdog_disable</STRONG> (Thumb, 24 bytes, Stack size 0 bytes, gd32f1x0_adc.o(.text))
<BR><BR>[Called By]<UL><LI><a href="#[47]">&gt;&gt;</a>&nbsp;&nbsp;&nbsp;ADC_init
</UL>

<P><STRONG><a name="[10f]"></a>adc_watchdog_threshold_config</STRONG> (Thumb, 50 bytes, Stack size 4 bytes, gd32f1x0_adc.o(.text), UNUSED)

<P><STRONG><a name="[97]"></a>dma_deinit</STRONG> (Thumb, 128 bytes, Stack size 4 bytes, gd32f1x0_dma.o(.text))
<BR><BR>[Stack]<UL><LI>Max Depth = 4<LI>Call Chain = dma_deinit
</UL>
<BR>[Called By]<UL><LI><a href="#[47]">&gt;&gt;</a>&nbsp;&nbsp;&nbsp;ADC_init
<LI><a href="#[46]">&gt;&gt;</a>&nbsp;&nbsp;&nbsp;USART1_Init
</UL>

<P><STRONG><a name="[110]"></a>dma_struct_para_init</STRONG> (Thumb, 48 bytes, Stack size 4 bytes, gd32f1x0_dma.o(.text), UNUSED)

<P><STRONG><a name="[98]"></a>dma_init</STRONG> (Thumb, 330 bytes, Stack size 12 bytes, gd32f1x0_dma.o(.text))
<BR><BR>[Stack]<UL><LI>Max Depth = 12<LI>Call Chain = dma_init
</UL>
<BR>[Called By]<UL><LI><a href="#[47]">&gt;&gt;</a>&nbsp;&nbsp;&nbsp;ADC_init
<LI><a href="#[46]">&gt;&gt;</a>&nbsp;&nbsp;&nbsp;USART1_Init
</UL>

<P><STRONG><a name="[99]"></a>dma_circulation_enable</STRONG> (Thumb, 36 bytes, Stack size 4 bytes, gd32f1x0_dma.o(.text))
<BR><BR>[Stack]<UL><LI>Max Depth = 4<LI>Call Chain = dma_circulation_enable
</UL>
<BR>[Called By]<UL><LI><a href="#[47]">&gt;&gt;</a>&nbsp;&nbsp;&nbsp;ADC_init
<LI><a href="#[46]">&gt;&gt;</a>&nbsp;&nbsp;&nbsp;USART1_Init
</UL>

<P><STRONG><a name="[111]"></a>dma_circulation_disable</STRONG> (Thumb, 36 bytes, Stack size 4 bytes, gd32f1x0_dma.o(.text), UNUSED)

<P><STRONG><a name="[112]"></a>dma_memory_to_memory_enable</STRONG> (Thumb, 36 bytes, Stack size 4 bytes, gd32f1x0_dma.o(.text), UNUSED)

<P><STRONG><a name="[9a]"></a>dma_memory_to_memory_disable</STRONG> (Thumb, 36 bytes, Stack size 4 bytes, gd32f1x0_dma.o(.text))
<BR><BR>[Stack]<UL><LI>Max Depth = 4<LI>Call Chain = dma_memory_to_memory_disable
</UL>
<BR>[Called By]<UL><LI><a href="#[47]">&gt;&gt;</a>&nbsp;&nbsp;&nbsp;ADC_init
<LI><a href="#[46]">&gt;&gt;</a>&nbsp;&nbsp;&nbsp;USART1_Init
</UL>

<P><STRONG><a name="[9d]"></a>dma_channel_enable</STRONG> (Thumb, 36 bytes, Stack size 4 bytes, gd32f1x0_dma.o(.text))
<BR><BR>[Stack]<UL><LI>Max Depth = 4<LI>Call Chain = dma_channel_enable
</UL>
<BR>[Called By]<UL><LI><a href="#[47]">&gt;&gt;</a>&nbsp;&nbsp;&nbsp;ADC_init
<LI><a href="#[46]">&gt;&gt;</a>&nbsp;&nbsp;&nbsp;USART1_Init
</UL>

<P><STRONG><a name="[113]"></a>dma_channel_disable</STRONG> (Thumb, 36 bytes, Stack size 4 bytes, gd32f1x0_dma.o(.text), UNUSED)

<P><STRONG><a name="[114]"></a>dma_periph_address_config</STRONG> (Thumb, 32 bytes, Stack size 8 bytes, gd32f1x0_dma.o(.text), UNUSED)

<P><STRONG><a name="[115]"></a>dma_memory_address_config</STRONG> (Thumb, 32 bytes, Stack size 8 bytes, gd32f1x0_dma.o(.text), UNUSED)

<P><STRONG><a name="[9c]"></a>dma_transfer_number_config</STRONG> (Thumb, 32 bytes, Stack size 8 bytes, gd32f1x0_dma.o(.text))
<BR><BR>[Stack]<UL><LI>Max Depth = 8<LI>Call Chain = dma_transfer_number_config
</UL>
<BR>[Called By]<UL><LI><a href="#[47]">&gt;&gt;</a>&nbsp;&nbsp;&nbsp;ADC_init
<LI><a href="#[46]">&gt;&gt;</a>&nbsp;&nbsp;&nbsp;USART1_Init
</UL>

<P><STRONG><a name="[116]"></a>dma_transfer_number_get</STRONG> (Thumb, 28 bytes, Stack size 4 bytes, gd32f1x0_dma.o(.text), UNUSED)

<P><STRONG><a name="[117]"></a>dma_priority_config</STRONG> (Thumb, 62 bytes, Stack size 12 bytes, gd32f1x0_dma.o(.text), UNUSED)

<P><STRONG><a name="[118]"></a>dma_memory_width_config</STRONG> (Thumb, 62 bytes, Stack size 12 bytes, gd32f1x0_dma.o(.text), UNUSED)

<P><STRONG><a name="[119]"></a>dma_periph_width_config</STRONG> (Thumb, 62 bytes, Stack size 12 bytes, gd32f1x0_dma.o(.text), UNUSED)

<P><STRONG><a name="[11a]"></a>dma_memory_increase_enable</STRONG> (Thumb, 36 bytes, Stack size 4 bytes, gd32f1x0_dma.o(.text), UNUSED)

<P><STRONG><a name="[11b]"></a>dma_memory_increase_disable</STRONG> (Thumb, 36 bytes, Stack size 4 bytes, gd32f1x0_dma.o(.text), UNUSED)

<P><STRONG><a name="[11c]"></a>dma_periph_increase_enable</STRONG> (Thumb, 36 bytes, Stack size 4 bytes, gd32f1x0_dma.o(.text), UNUSED)

<P><STRONG><a name="[11d]"></a>dma_periph_increase_disable</STRONG> (Thumb, 36 bytes, Stack size 4 bytes, gd32f1x0_dma.o(.text), UNUSED)

<P><STRONG><a name="[11e]"></a>dma_transfer_direction_config</STRONG> (Thumb, 74 bytes, Stack size 8 bytes, gd32f1x0_dma.o(.text), UNUSED)

<P><STRONG><a name="[c6]"></a>dma_interrupt_flag_get</STRONG> (Thumb, 326 bytes, Stack size 28 bytes, gd32f1x0_dma.o(.text))
<BR><BR>[Stack]<UL><LI>Max Depth = 28<LI>Call Chain = dma_interrupt_flag_get
</UL>
<BR>[Called By]<UL><LI><a href="#[15]">&gt;&gt;</a>&nbsp;&nbsp;&nbsp;DMA_Channel3_4_IRQHandler
<LI><a href="#[13]">&gt;&gt;</a>&nbsp;&nbsp;&nbsp;DMA_Channel0_IRQHandler
</UL>

<P><STRONG><a name="[c7]"></a>dma_interrupt_flag_clear</STRONG> (Thumb, 36 bytes, Stack size 8 bytes, gd32f1x0_dma.o(.text))
<BR><BR>[Stack]<UL><LI>Max Depth = 8<LI>Call Chain = dma_interrupt_flag_clear
</UL>
<BR>[Called By]<UL><LI><a href="#[15]">&gt;&gt;</a>&nbsp;&nbsp;&nbsp;DMA_Channel3_4_IRQHandler
<LI><a href="#[13]">&gt;&gt;</a>&nbsp;&nbsp;&nbsp;DMA_Channel0_IRQHandler
</UL>

<P><STRONG><a name="[9b]"></a>dma_interrupt_enable</STRONG> (Thumb, 38 bytes, Stack size 8 bytes, gd32f1x0_dma.o(.text))
<BR><BR>[Stack]<UL><LI>Max Depth = 8<LI>Call Chain = dma_interrupt_enable
</UL>
<BR>[Called By]<UL><LI><a href="#[47]">&gt;&gt;</a>&nbsp;&nbsp;&nbsp;ADC_init
<LI><a href="#[46]">&gt;&gt;</a>&nbsp;&nbsp;&nbsp;USART1_Init
</UL>

<P><STRONG><a name="[11f]"></a>dma_interrupt_disable</STRONG> (Thumb, 38 bytes, Stack size 8 bytes, gd32f1x0_dma.o(.text), UNUSED)

<P><STRONG><a name="[120]"></a>dma_flag_get</STRONG> (Thumb, 56 bytes, Stack size 12 bytes, gd32f1x0_dma.o(.text), UNUSED)

<P><STRONG><a name="[121]"></a>dma_flag_clear</STRONG> (Thumb, 36 bytes, Stack size 8 bytes, gd32f1x0_dma.o(.text), UNUSED)

<P><STRONG><a name="[122]"></a>exti_deinit</STRONG> (Thumb, 58 bytes, Stack size 0 bytes, gd32f1x0_exti.o(.text), UNUSED)

<P><STRONG><a name="[78]"></a>exti_init</STRONG> (Thumb, 270 bytes, Stack size 16 bytes, gd32f1x0_exti.o(.text))
<BR><BR>[Stack]<UL><LI>Max Depth = 16<LI>Call Chain = exti_init
</UL>
<BR>[Called By]<UL><LI><a href="#[76]">&gt;&gt;</a>&nbsp;&nbsp;&nbsp;InitEXTI
</UL>

<P><STRONG><a name="[123]"></a>exti_interrupt_enable</STRONG> (Thumb, 24 bytes, Stack size 4 bytes, gd32f1x0_exti.o(.text), UNUSED)

<P><STRONG><a name="[124]"></a>exti_event_enable</STRONG> (Thumb, 24 bytes, Stack size 4 bytes, gd32f1x0_exti.o(.text), UNUSED)

<P><STRONG><a name="[125]"></a>exti_interrupt_disable</STRONG> (Thumb, 24 bytes, Stack size 4 bytes, gd32f1x0_exti.o(.text), UNUSED)

<P><STRONG><a name="[126]"></a>exti_event_disable</STRONG> (Thumb, 24 bytes, Stack size 4 bytes, gd32f1x0_exti.o(.text), UNUSED)

<P><STRONG><a name="[127]"></a>exti_flag_get</STRONG> (Thumb, 46 bytes, Stack size 8 bytes, gd32f1x0_exti.o(.text), UNUSED)

<P><STRONG><a name="[79]"></a>exti_flag_clear</STRONG> (Thumb, 20 bytes, Stack size 4 bytes, gd32f1x0_exti.o(.text))
<BR><BR>[Stack]<UL><LI>Max Depth = 4<LI>Call Chain = exti_flag_clear
</UL>
<BR>[Called By]<UL><LI><a href="#[7c]">&gt;&gt;</a>&nbsp;&nbsp;&nbsp;_HandleEXTI
<LI><a href="#[76]">&gt;&gt;</a>&nbsp;&nbsp;&nbsp;InitEXTI
</UL>

<P><STRONG><a name="[7d]"></a>exti_interrupt_flag_get</STRONG> (Thumb, 72 bytes, Stack size 16 bytes, gd32f1x0_exti.o(.text))
<BR><BR>[Stack]<UL><LI>Max Depth = 16<LI>Call Chain = exti_interrupt_flag_get
</UL>
<BR>[Called By]<UL><LI><a href="#[7c]">&gt;&gt;</a>&nbsp;&nbsp;&nbsp;_HandleEXTI
</UL>

<P><STRONG><a name="[128]"></a>exti_interrupt_flag_clear</STRONG> (Thumb, 20 bytes, Stack size 4 bytes, gd32f1x0_exti.o(.text), UNUSED)

<P><STRONG><a name="[129]"></a>exti_software_interrupt_enable</STRONG> (Thumb, 24 bytes, Stack size 4 bytes, gd32f1x0_exti.o(.text), UNUSED)

<P><STRONG><a name="[12a]"></a>exti_software_interrupt_disable</STRONG> (Thumb, 24 bytes, Stack size 4 bytes, gd32f1x0_exti.o(.text), UNUSED)

<P><STRONG><a name="[b4]"></a>fmc_unlock</STRONG> (Thumb, 50 bytes, Stack size 0 bytes, gd32f1x0_fmc.o(.text))
<BR><BR>[Called By]<UL><LI><a href="#[b8]">&gt;&gt;</a>&nbsp;&nbsp;&nbsp;flashWrite
<LI><a href="#[b3]">&gt;&gt;</a>&nbsp;&nbsp;&nbsp;flashErase
</UL>

<P><STRONG><a name="[b7]"></a>fmc_lock</STRONG> (Thumb, 18 bytes, Stack size 0 bytes, gd32f1x0_fmc.o(.text))
<BR><BR>[Called By]<UL><LI><a href="#[b8]">&gt;&gt;</a>&nbsp;&nbsp;&nbsp;flashWrite
<LI><a href="#[b3]">&gt;&gt;</a>&nbsp;&nbsp;&nbsp;flashErase
</UL>

<P><STRONG><a name="[12b]"></a>fmc_wscnt_set</STRONG> (Thumb, 40 bytes, Stack size 8 bytes, gd32f1x0_fmc.o(.text), UNUSED)

<P><STRONG><a name="[12c]"></a>fmc_wait_state_enable</STRONG> (Thumb, 18 bytes, Stack size 0 bytes, gd32f1x0_fmc.o(.text), UNUSED)

<P><STRONG><a name="[12d]"></a>fmc_wait_state_disable</STRONG> (Thumb, 18 bytes, Stack size 0 bytes, gd32f1x0_fmc.o(.text), UNUSED)

<P><STRONG><a name="[b6]"></a>fmc_page_erase</STRONG> (Thumb, 96 bytes, Stack size 24 bytes, gd32f1x0_fmc.o(.text))
<BR><BR>[Stack]<UL><LI>Max Depth = 52<LI>Call Chain = fmc_page_erase &rArr; fmc_ready_wait &rArr; fmc_state_get
</UL>
<BR>[Calls]<UL><LI><a href="#[d2]">&gt;&gt;</a>&nbsp;&nbsp;&nbsp;fmc_ready_wait
</UL>
<BR>[Called By]<UL><LI><a href="#[b3]">&gt;&gt;</a>&nbsp;&nbsp;&nbsp;flashErase
</UL>

<P><STRONG><a name="[d4]"></a>fmc_mass_erase</STRONG> (Thumb, 82 bytes, Stack size 16 bytes, gd32f1x0_fmc.o(.text), UNUSED)
<BR><BR>[Calls]<UL><LI><a href="#[d2]">&gt;&gt;</a>&nbsp;&nbsp;&nbsp;fmc_ready_wait
</UL>

<P><STRONG><a name="[b9]"></a>fmc_word_program</STRONG> (Thumb, 84 bytes, Stack size 24 bytes, gd32f1x0_fmc.o(.text))
<BR><BR>[Stack]<UL><LI>Max Depth = 52<LI>Call Chain = fmc_word_program &rArr; fmc_ready_wait &rArr; fmc_state_get
</UL>
<BR>[Calls]<UL><LI><a href="#[d2]">&gt;&gt;</a>&nbsp;&nbsp;&nbsp;fmc_ready_wait
</UL>
<BR>[Called By]<UL><LI><a href="#[b8]">&gt;&gt;</a>&nbsp;&nbsp;&nbsp;flashWrite
</UL>

<P><STRONG><a name="[d5]"></a>fmc_halfword_program</STRONG> (Thumb, 88 bytes, Stack size 24 bytes, gd32f1x0_fmc.o(.text), UNUSED)
<BR><BR>[Calls]<UL><LI><a href="#[d2]">&gt;&gt;</a>&nbsp;&nbsp;&nbsp;fmc_ready_wait
</UL>

<P><STRONG><a name="[12e]"></a>ob_unlock</STRONG> (Thumb, 50 bytes, Stack size 0 bytes, gd32f1x0_fmc.o(.text), UNUSED)

<P><STRONG><a name="[12f]"></a>ob_lock</STRONG> (Thumb, 18 bytes, Stack size 0 bytes, gd32f1x0_fmc.o(.text), UNUSED)

<P><STRONG><a name="[130]"></a>ob_reset</STRONG> (Thumb, 18 bytes, Stack size 0 bytes, gd32f1x0_fmc.o(.text), UNUSED)

<P><STRONG><a name="[d6]"></a>ob_erase</STRONG> (Thumb, 226 bytes, Stack size 24 bytes, gd32f1x0_fmc.o(.text), UNUSED)
<BR><BR>[Calls]<UL><LI><a href="#[d7]">&gt;&gt;</a>&nbsp;&nbsp;&nbsp;ob_obstat_plevel_get
<LI><a href="#[d2]">&gt;&gt;</a>&nbsp;&nbsp;&nbsp;fmc_ready_wait
</UL>

<P><STRONG><a name="[d7]"></a>ob_obstat_plevel_get</STRONG> (Thumb, 16 bytes, Stack size 0 bytes, gd32f1x0_fmc.o(.text), UNUSED)
<BR><BR>[Called By]<UL><LI><a href="#[d6]">&gt;&gt;</a>&nbsp;&nbsp;&nbsp;ob_erase
</UL>

<P><STRONG><a name="[d8]"></a>ob_write_protection_enable</STRONG> (Thumb, 298 bytes, Stack size 24 bytes, gd32f1x0_fmc.o(.text), UNUSED)
<BR><BR>[Calls]<UL><LI><a href="#[d2]">&gt;&gt;</a>&nbsp;&nbsp;&nbsp;fmc_ready_wait
</UL>

<P><STRONG><a name="[d9]"></a>ob_security_protection_config</STRONG> (Thumb, 282 bytes, Stack size 24 bytes, gd32f1x0_fmc.o(.text), UNUSED)
<BR><BR>[Calls]<UL><LI><a href="#[d2]">&gt;&gt;</a>&nbsp;&nbsp;&nbsp;fmc_ready_wait
</UL>

<P><STRONG><a name="[da]"></a>ob_user_write</STRONG> (Thumb, 286 bytes, Stack size 24 bytes, gd32f1x0_fmc.o(.text), UNUSED)
<BR><BR>[Calls]<UL><LI><a href="#[d2]">&gt;&gt;</a>&nbsp;&nbsp;&nbsp;fmc_ready_wait
</UL>

<P><STRONG><a name="[db]"></a>ob_data_program</STRONG> (Thumb, 294 bytes, Stack size 24 bytes, gd32f1x0_fmc.o(.text), UNUSED)
<BR><BR>[Calls]<UL><LI><a href="#[d2]">&gt;&gt;</a>&nbsp;&nbsp;&nbsp;fmc_ready_wait
</UL>

<P><STRONG><a name="[131]"></a>ob_user_get</STRONG> (Thumb, 16 bytes, Stack size 0 bytes, gd32f1x0_fmc.o(.text), UNUSED)

<P><STRONG><a name="[132]"></a>ob_data_get</STRONG> (Thumb, 14 bytes, Stack size 0 bytes, gd32f1x0_fmc.o(.text), UNUSED)

<P><STRONG><a name="[133]"></a>ob_write_protection_get</STRONG> (Thumb, 14 bytes, Stack size 0 bytes, gd32f1x0_fmc.o(.text), UNUSED)

<P><STRONG><a name="[134]"></a>fmc_interrupt_enable</STRONG> (Thumb, 24 bytes, Stack size 4 bytes, gd32f1x0_fmc.o(.text), UNUSED)

<P><STRONG><a name="[135]"></a>fmc_interrupt_disable</STRONG> (Thumb, 24 bytes, Stack size 4 bytes, gd32f1x0_fmc.o(.text), UNUSED)

<P><STRONG><a name="[136]"></a>fmc_flag_get</STRONG> (Thumb, 44 bytes, Stack size 8 bytes, gd32f1x0_fmc.o(.text), UNUSED)

<P><STRONG><a name="[b5]"></a>fmc_flag_clear</STRONG> (Thumb, 24 bytes, Stack size 4 bytes, gd32f1x0_fmc.o(.text))
<BR><BR>[Stack]<UL><LI>Max Depth = 4<LI>Call Chain = fmc_flag_clear
</UL>
<BR>[Called By]<UL><LI><a href="#[b8]">&gt;&gt;</a>&nbsp;&nbsp;&nbsp;flashWrite
<LI><a href="#[b3]">&gt;&gt;</a>&nbsp;&nbsp;&nbsp;flashErase
</UL>

<P><STRONG><a name="[137]"></a>fmc_interrupt_flag_get</STRONG> (Thumb, 44 bytes, Stack size 8 bytes, gd32f1x0_fmc.o(.text), UNUSED)

<P><STRONG><a name="[138]"></a>fmc_interrupt_flag_clear</STRONG> (Thumb, 24 bytes, Stack size 4 bytes, gd32f1x0_fmc.o(.text), UNUSED)

<P><STRONG><a name="[139]"></a>fwdgt_write_disable</STRONG> (Thumb, 14 bytes, Stack size 0 bytes, gd32f1x0_fwdgt.o(.text), UNUSED)

<P><STRONG><a name="[4b]"></a>fwdgt_counter_reload</STRONG> (Thumb, 16 bytes, Stack size 0 bytes, gd32f1x0_fwdgt.o(.text))
<BR><BR>[Called By]<UL><LI><a href="#[50]">&gt;&gt;</a>&nbsp;&nbsp;&nbsp;ShutOff
<LI><a href="#[39]">&gt;&gt;</a>&nbsp;&nbsp;&nbsp;main
</UL>

<P><STRONG><a name="[87]"></a>fwdgt_enable</STRONG> (Thumb, 16 bytes, Stack size 0 bytes, gd32f1x0_fwdgt.o(.text))
<BR><BR>[Called By]<UL><LI><a href="#[41]">&gt;&gt;</a>&nbsp;&nbsp;&nbsp;Watchdog_init
</UL>

<P><STRONG><a name="[86]"></a>fwdgt_window_value_config</STRONG> (Thumb, 138 bytes, Stack size 16 bytes, gd32f1x0_fwdgt.o(.text))
<BR><BR>[Stack]<UL><LI>Max Depth = 16<LI>Call Chain = fwdgt_window_value_config
</UL>
<BR>[Called By]<UL><LI><a href="#[41]">&gt;&gt;</a>&nbsp;&nbsp;&nbsp;Watchdog_init
</UL>

<P><STRONG><a name="[85]"></a>fwdgt_config</STRONG> (Thumb, 250 bytes, Stack size 24 bytes, gd32f1x0_fwdgt.o(.text))
<BR><BR>[Stack]<UL><LI>Max Depth = 24<LI>Call Chain = fwdgt_config
</UL>
<BR>[Called By]<UL><LI><a href="#[41]">&gt;&gt;</a>&nbsp;&nbsp;&nbsp;Watchdog_init
</UL>

<P><STRONG><a name="[13a]"></a>fwdgt_flag_get</STRONG> (Thumb, 50 bytes, Stack size 4 bytes, gd32f1x0_fwdgt.o(.text), UNUSED)

<P><STRONG><a name="[dc]"></a>gpio_deinit</STRONG> (Thumb, 178 bytes, Stack size 40 bytes, gd32f1x0_gpio.o(.text), UNUSED)
<BR><BR>[Calls]<UL><LI><a href="#[d1]">&gt;&gt;</a>&nbsp;&nbsp;&nbsp;rcu_periph_reset_disable
<LI><a href="#[d0]">&gt;&gt;</a>&nbsp;&nbsp;&nbsp;rcu_periph_reset_enable
</UL>

<P><STRONG><a name="[7f]"></a>gpio_mode_set</STRONG> (Thumb, 156 bytes, Stack size 28 bytes, gd32f1x0_gpio.o(.text))
<BR><BR>[Stack]<UL><LI>Max Depth = 28<LI>Call Chain = gpio_mode_set
</UL>
<BR>[Called By]<UL><LI><a href="#[81]">&gt;&gt;</a>&nbsp;&nbsp;&nbsp;pinModePull
<LI><a href="#[7e]">&gt;&gt;</a>&nbsp;&nbsp;&nbsp;pinMode
<LI><a href="#[46]">&gt;&gt;</a>&nbsp;&nbsp;&nbsp;USART1_Init
<LI><a href="#[44]">&gt;&gt;</a>&nbsp;&nbsp;&nbsp;GPIO_init
</UL>

<P><STRONG><a name="[80]"></a>gpio_output_options_set</STRONG> (Thumb, 146 bytes, Stack size 24 bytes, gd32f1x0_gpio.o(.text))
<BR><BR>[Stack]<UL><LI>Max Depth = 24<LI>Call Chain = gpio_output_options_set
</UL>
<BR>[Called By]<UL><LI><a href="#[81]">&gt;&gt;</a>&nbsp;&nbsp;&nbsp;pinModePull
<LI><a href="#[7e]">&gt;&gt;</a>&nbsp;&nbsp;&nbsp;pinMode
<LI><a href="#[46]">&gt;&gt;</a>&nbsp;&nbsp;&nbsp;USART1_Init
<LI><a href="#[44]">&gt;&gt;</a>&nbsp;&nbsp;&nbsp;GPIO_init
</UL>

<P><STRONG><a name="[13b]"></a>gpio_bit_set</STRONG> (Thumb, 16 bytes, Stack size 8 bytes, gd32f1x0_gpio.o(.text), UNUSED)

<P><STRONG><a name="[13c]"></a>gpio_bit_reset</STRONG> (Thumb, 16 bytes, Stack size 8 bytes, gd32f1x0_gpio.o(.text), UNUSED)

<P><STRONG><a name="[45]"></a>gpio_bit_write</STRONG> (Thumb, 38 bytes, Stack size 12 bytes, gd32f1x0_gpio.o(.text))
<BR><BR>[Stack]<UL><LI>Max Depth = 12<LI>Call Chain = gpio_bit_write
</UL>
<BR>[Called By]<UL><LI><a href="#[64]">&gt;&gt;</a>&nbsp;&nbsp;&nbsp;ShowBatteryState
<LI><a href="#[50]">&gt;&gt;</a>&nbsp;&nbsp;&nbsp;ShutOff
<LI><a href="#[39]">&gt;&gt;</a>&nbsp;&nbsp;&nbsp;main
</UL>

<P><STRONG><a name="[13d]"></a>gpio_port_write</STRONG> (Thumb, 20 bytes, Stack size 8 bytes, gd32f1x0_gpio.o(.text), UNUSED)

<P><STRONG><a name="[4d]"></a>gpio_input_bit_get</STRONG> (Thumb, 42 bytes, Stack size 12 bytes, gd32f1x0_gpio.o(.text))
<BR><BR>[Stack]<UL><LI>Max Depth = 12<LI>Call Chain = gpio_input_bit_get
</UL>
<BR>[Called By]<UL><LI><a href="#[7c]">&gt;&gt;</a>&nbsp;&nbsp;&nbsp;_HandleEXTI
<LI><a href="#[69]">&gt;&gt;</a>&nbsp;&nbsp;&nbsp;CalculateBLDC
<LI><a href="#[39]">&gt;&gt;</a>&nbsp;&nbsp;&nbsp;main
</UL>

<P><STRONG><a name="[13e]"></a>gpio_input_port_get</STRONG> (Thumb, 14 bytes, Stack size 4 bytes, gd32f1x0_gpio.o(.text), UNUSED)

<P><STRONG><a name="[13f]"></a>gpio_output_bit_get</STRONG> (Thumb, 42 bytes, Stack size 12 bytes, gd32f1x0_gpio.o(.text), UNUSED)

<P><STRONG><a name="[140]"></a>gpio_output_port_get</STRONG> (Thumb, 14 bytes, Stack size 4 bytes, gd32f1x0_gpio.o(.text), UNUSED)

<P><STRONG><a name="[8d]"></a>gpio_af_set</STRONG> (Thumb, 212 bytes, Stack size 24 bytes, gd32f1x0_gpio.o(.text))
<BR><BR>[Stack]<UL><LI>Max Depth = 24<LI>Call Chain = gpio_af_set
</UL>
<BR>[Called By]<UL><LI><a href="#[46]">&gt;&gt;</a>&nbsp;&nbsp;&nbsp;USART1_Init
<LI><a href="#[44]">&gt;&gt;</a>&nbsp;&nbsp;&nbsp;GPIO_init
</UL>

<P><STRONG><a name="[141]"></a>gpio_pin_lock</STRONG> (Thumb, 54 bytes, Stack size 12 bytes, gd32f1x0_gpio.o(.text), UNUSED)

<P><STRONG><a name="[82]"></a>nvic_priority_group_set</STRONG> (Thumb, 28 bytes, Stack size 4 bytes, gd32f1x0_misc.o(.text))
<BR><BR>[Stack]<UL><LI>Max Depth = 4<LI>Call Chain = nvic_priority_group_set
</UL>
<BR>[Called By]<UL><LI><a href="#[42]">&gt;&gt;</a>&nbsp;&nbsp;&nbsp;Interrupt_init
</UL>

<P><STRONG><a name="[7a]"></a>nvic_irq_enable</STRONG> (Thumb, 280 bytes, Stack size 16 bytes, gd32f1x0_misc.o(.text))
<BR><BR>[Stack]<UL><LI>Max Depth = 16<LI>Call Chain = nvic_irq_enable
</UL>
<BR>[Called By]<UL><LI><a href="#[76]">&gt;&gt;</a>&nbsp;&nbsp;&nbsp;InitEXTI
<LI><a href="#[48]">&gt;&gt;</a>&nbsp;&nbsp;&nbsp;PWM_init
<LI><a href="#[47]">&gt;&gt;</a>&nbsp;&nbsp;&nbsp;ADC_init
<LI><a href="#[46]">&gt;&gt;</a>&nbsp;&nbsp;&nbsp;USART1_Init
<LI><a href="#[43]">&gt;&gt;</a>&nbsp;&nbsp;&nbsp;TimeoutTimer_init
</UL>

<P><STRONG><a name="[142]"></a>nvic_irq_disable</STRONG> (Thumb, 38 bytes, Stack size 4 bytes, gd32f1x0_misc.o(.text), UNUSED)

<P><STRONG><a name="[143]"></a>nvic_vector_table_set</STRONG> (Thumb, 36 bytes, Stack size 8 bytes, gd32f1x0_misc.o(.text), UNUSED)

<P><STRONG><a name="[144]"></a>system_lowpower_set</STRONG> (Thumb, 28 bytes, Stack size 4 bytes, gd32f1x0_misc.o(.text), UNUSED)

<P><STRONG><a name="[145]"></a>system_lowpower_reset</STRONG> (Thumb, 28 bytes, Stack size 4 bytes, gd32f1x0_misc.o(.text), UNUSED)

<P><STRONG><a name="[146]"></a>systick_clksource_set</STRONG> (Thumb, 52 bytes, Stack size 4 bytes, gd32f1x0_misc.o(.text), UNUSED)

<P><STRONG><a name="[147]"></a>rcu_deinit</STRONG> (Thumb, 166 bytes, Stack size 0 bytes, gd32f1x0_rcu.o(.text), UNUSED)

<P><STRONG><a name="[7b]"></a>rcu_periph_clock_enable</STRONG> (Thumb, 40 bytes, Stack size 4 bytes, gd32f1x0_rcu.o(.text))
<BR><BR>[Stack]<UL><LI>Max Depth = 4<LI>Call Chain = rcu_periph_clock_enable
</UL>
<BR>[Called By]<UL><LI><a href="#[49]">&gt;&gt;</a>&nbsp;&nbsp;&nbsp;InitBldc
<LI><a href="#[48]">&gt;&gt;</a>&nbsp;&nbsp;&nbsp;PWM_init
<LI><a href="#[47]">&gt;&gt;</a>&nbsp;&nbsp;&nbsp;ADC_init
<LI><a href="#[46]">&gt;&gt;</a>&nbsp;&nbsp;&nbsp;USART1_Init
<LI><a href="#[44]">&gt;&gt;</a>&nbsp;&nbsp;&nbsp;GPIO_init
<LI><a href="#[43]">&gt;&gt;</a>&nbsp;&nbsp;&nbsp;TimeoutTimer_init
</UL>

<P><STRONG><a name="[148]"></a>rcu_periph_clock_disable</STRONG> (Thumb, 40 bytes, Stack size 4 bytes, gd32f1x0_rcu.o(.text), UNUSED)

<P><STRONG><a name="[149]"></a>rcu_periph_clock_sleep_enable</STRONG> (Thumb, 40 bytes, Stack size 4 bytes, gd32f1x0_rcu.o(.text), UNUSED)

<P><STRONG><a name="[14a]"></a>rcu_periph_clock_sleep_disable</STRONG> (Thumb, 40 bytes, Stack size 4 bytes, gd32f1x0_rcu.o(.text), UNUSED)

<P><STRONG><a name="[d0]"></a>rcu_periph_reset_enable</STRONG> (Thumb, 40 bytes, Stack size 4 bytes, gd32f1x0_rcu.o(.text))
<BR><BR>[Stack]<UL><LI>Max Depth = 4<LI>Call Chain = rcu_periph_reset_enable
</UL>
<BR>[Called By]<UL><LI><a href="#[e8]">&gt;&gt;</a>&nbsp;&nbsp;&nbsp;usart_deinit
<LI><a href="#[de]">&gt;&gt;</a>&nbsp;&nbsp;&nbsp;syscfg_deinit
<LI><a href="#[dc]">&gt;&gt;</a>&nbsp;&nbsp;&nbsp;gpio_deinit
<LI><a href="#[cf]">&gt;&gt;</a>&nbsp;&nbsp;&nbsp;adc_deinit
<LI><a href="#[88]">&gt;&gt;</a>&nbsp;&nbsp;&nbsp;timer_deinit
</UL>

<P><STRONG><a name="[d1]"></a>rcu_periph_reset_disable</STRONG> (Thumb, 40 bytes, Stack size 4 bytes, gd32f1x0_rcu.o(.text))
<BR><BR>[Stack]<UL><LI>Max Depth = 4<LI>Call Chain = rcu_periph_reset_disable
</UL>
<BR>[Called By]<UL><LI><a href="#[e8]">&gt;&gt;</a>&nbsp;&nbsp;&nbsp;usart_deinit
<LI><a href="#[de]">&gt;&gt;</a>&nbsp;&nbsp;&nbsp;syscfg_deinit
<LI><a href="#[dc]">&gt;&gt;</a>&nbsp;&nbsp;&nbsp;gpio_deinit
<LI><a href="#[cf]">&gt;&gt;</a>&nbsp;&nbsp;&nbsp;adc_deinit
<LI><a href="#[88]">&gt;&gt;</a>&nbsp;&nbsp;&nbsp;timer_deinit
</UL>

<P><STRONG><a name="[14b]"></a>rcu_bkp_reset_enable</STRONG> (Thumb, 18 bytes, Stack size 0 bytes, gd32f1x0_rcu.o(.text), UNUSED)

<P><STRONG><a name="[14c]"></a>rcu_bkp_reset_disable</STRONG> (Thumb, 18 bytes, Stack size 0 bytes, gd32f1x0_rcu.o(.text), UNUSED)

<P><STRONG><a name="[14d]"></a>rcu_system_clock_source_config</STRONG> (Thumb, 40 bytes, Stack size 8 bytes, gd32f1x0_rcu.o(.text), UNUSED)

<P><STRONG><a name="[14e]"></a>rcu_system_clock_source_get</STRONG> (Thumb, 16 bytes, Stack size 0 bytes, gd32f1x0_rcu.o(.text), UNUSED)

<P><STRONG><a name="[14f]"></a>rcu_ahb_clock_config</STRONG> (Thumb, 40 bytes, Stack size 8 bytes, gd32f1x0_rcu.o(.text), UNUSED)

<P><STRONG><a name="[150]"></a>rcu_apb1_clock_config</STRONG> (Thumb, 40 bytes, Stack size 8 bytes, gd32f1x0_rcu.o(.text), UNUSED)

<P><STRONG><a name="[151]"></a>rcu_apb2_clock_config</STRONG> (Thumb, 40 bytes, Stack size 8 bytes, gd32f1x0_rcu.o(.text), UNUSED)

<P><STRONG><a name="[96]"></a>rcu_adc_clock_config</STRONG> (Thumb, 218 bytes, Stack size 8 bytes, gd32f1x0_rcu.o(.text))
<BR><BR>[Stack]<UL><LI>Max Depth = 8<LI>Call Chain = rcu_adc_clock_config
</UL>
<BR>[Called By]<UL><LI><a href="#[47]">&gt;&gt;</a>&nbsp;&nbsp;&nbsp;ADC_init
</UL>

<P><STRONG><a name="[152]"></a>rcu_usbd_clock_config</STRONG> (Thumb, 32 bytes, Stack size 4 bytes, gd32f1x0_rcu.o(.text), UNUSED)

<P><STRONG><a name="[153]"></a>rcu_ckout_config</STRONG> (Thumb, 46 bytes, Stack size 12 bytes, gd32f1x0_rcu.o(.text), UNUSED)

<P><STRONG><a name="[154]"></a>rcu_pll_config</STRONG> (Thumb, 44 bytes, Stack size 8 bytes, gd32f1x0_rcu.o(.text), UNUSED)

<P><STRONG><a name="[155]"></a>rcu_usart_clock_config</STRONG> (Thumb, 32 bytes, Stack size 4 bytes, gd32f1x0_rcu.o(.text), UNUSED)

<P><STRONG><a name="[156]"></a>rcu_cec_clock_config</STRONG> (Thumb, 32 bytes, Stack size 4 bytes, gd32f1x0_rcu.o(.text), UNUSED)

<P><STRONG><a name="[157]"></a>rcu_rtc_clock_config</STRONG> (Thumb, 32 bytes, Stack size 4 bytes, gd32f1x0_rcu.o(.text), UNUSED)

<P><STRONG><a name="[158]"></a>rcu_hxtal_prediv_config</STRONG> (Thumb, 40 bytes, Stack size 8 bytes, gd32f1x0_rcu.o(.text), UNUSED)

<P><STRONG><a name="[159]"></a>rcu_lxtal_drive_capability_config</STRONG> (Thumb, 32 bytes, Stack size 4 bytes, gd32f1x0_rcu.o(.text), UNUSED)

<P><STRONG><a name="[83]"></a>rcu_flag_get</STRONG> (Thumb, 62 bytes, Stack size 4 bytes, gd32f1x0_rcu.o(.text))
<BR><BR>[Stack]<UL><LI>Max Depth = 4<LI>Call Chain = rcu_flag_get
</UL>
<BR>[Called By]<UL><LI><a href="#[dd]">&gt;&gt;</a>&nbsp;&nbsp;&nbsp;rcu_osci_stab_wait
<LI><a href="#[41]">&gt;&gt;</a>&nbsp;&nbsp;&nbsp;Watchdog_init
</UL>

<P><STRONG><a name="[84]"></a>rcu_all_reset_flag_clear</STRONG> (Thumb, 18 bytes, Stack size 0 bytes, gd32f1x0_rcu.o(.text))
<BR><BR>[Called By]<UL><LI><a href="#[41]">&gt;&gt;</a>&nbsp;&nbsp;&nbsp;Watchdog_init
</UL>

<P><STRONG><a name="[15a]"></a>rcu_interrupt_flag_get</STRONG> (Thumb, 50 bytes, Stack size 4 bytes, gd32f1x0_rcu.o(.text), UNUSED)

<P><STRONG><a name="[15b]"></a>rcu_interrupt_flag_clear</STRONG> (Thumb, 24 bytes, Stack size 4 bytes, gd32f1x0_rcu.o(.text), UNUSED)

<P><STRONG><a name="[15c]"></a>rcu_interrupt_enable</STRONG> (Thumb, 28 bytes, Stack size 4 bytes, gd32f1x0_rcu.o(.text), UNUSED)

<P><STRONG><a name="[15d]"></a>rcu_interrupt_disable</STRONG> (Thumb, 28 bytes, Stack size 4 bytes, gd32f1x0_rcu.o(.text), UNUSED)

<P><STRONG><a name="[dd]"></a>rcu_osci_stab_wait</STRONG> (Thumb, 570 bytes, Stack size 48 bytes, gd32f1x0_rcu.o(.text), UNUSED)
<BR><BR>[Calls]<UL><LI><a href="#[83]">&gt;&gt;</a>&nbsp;&nbsp;&nbsp;rcu_flag_get
</UL>

<P><STRONG><a name="[15e]"></a>rcu_osci_on</STRONG> (Thumb, 40 bytes, Stack size 4 bytes, gd32f1x0_rcu.o(.text), UNUSED)

<P><STRONG><a name="[15f]"></a>rcu_osci_off</STRONG> (Thumb, 40 bytes, Stack size 4 bytes, gd32f1x0_rcu.o(.text), UNUSED)

<P><STRONG><a name="[160]"></a>rcu_osci_bypass_mode_enable</STRONG> (Thumb, 132 bytes, Stack size 12 bytes, gd32f1x0_rcu.o(.text), UNUSED)

<P><STRONG><a name="[161]"></a>rcu_osci_bypass_mode_disable</STRONG> (Thumb, 132 bytes, Stack size 12 bytes, gd32f1x0_rcu.o(.text), UNUSED)

<P><STRONG><a name="[162]"></a>rcu_hxtal_clock_monitor_enable</STRONG> (Thumb, 18 bytes, Stack size 0 bytes, gd32f1x0_rcu.o(.text), UNUSED)

<P><STRONG><a name="[163]"></a>rcu_hxtal_clock_monitor_disable</STRONG> (Thumb, 18 bytes, Stack size 0 bytes, gd32f1x0_rcu.o(.text), UNUSED)

<P><STRONG><a name="[164]"></a>rcu_irc8m_adjust_value_set</STRONG> (Thumb, 46 bytes, Stack size 8 bytes, gd32f1x0_rcu.o(.text), UNUSED)

<P><STRONG><a name="[165]"></a>rcu_irc14m_adjust_value_set</STRONG> (Thumb, 46 bytes, Stack size 8 bytes, gd32f1x0_rcu.o(.text), UNUSED)

<P><STRONG><a name="[166]"></a>rcu_voltage_key_unlock</STRONG> (Thumb, 30 bytes, Stack size 0 bytes, gd32f1x0_rcu.o(.text), UNUSED)

<P><STRONG><a name="[167]"></a>rcu_deepsleep_voltage_set</STRONG> (Thumb, 32 bytes, Stack size 4 bytes, gd32f1x0_rcu.o(.text), UNUSED)

<P><STRONG><a name="[168]"></a>rcu_power_down_voltage_set</STRONG> (Thumb, 32 bytes, Stack size 4 bytes, gd32f1x0_rcu.o(.text), UNUSED)

<P><STRONG><a name="[e9]"></a>rcu_clock_freq_get</STRONG> (Thumb, 704 bytes, Stack size 116 bytes, gd32f1x0_rcu.o(.text))
<BR><BR>[Stack]<UL><LI>Max Depth = 116<LI>Call Chain = rcu_clock_freq_get
</UL>
<BR>[Called By]<UL><LI><a href="#[aa]">&gt;&gt;</a>&nbsp;&nbsp;&nbsp;usart_baudrate_set
</UL>

<P><STRONG><a name="[de]"></a>syscfg_deinit</STRONG> (Thumb, 24 bytes, Stack size 16 bytes, gd32f1x0_syscfg.o(.text), UNUSED)
<BR><BR>[Calls]<UL><LI><a href="#[d1]">&gt;&gt;</a>&nbsp;&nbsp;&nbsp;rcu_periph_reset_disable
<LI><a href="#[d0]">&gt;&gt;</a>&nbsp;&nbsp;&nbsp;rcu_periph_reset_enable
</UL>

<P><STRONG><a name="[169]"></a>syscfg_dma_remap_enable</STRONG> (Thumb, 22 bytes, Stack size 4 bytes, gd32f1x0_syscfg.o(.text), UNUSED)

<P><STRONG><a name="[16a]"></a>syscfg_dma_remap_disable</STRONG> (Thumb, 22 bytes, Stack size 4 bytes, gd32f1x0_syscfg.o(.text), UNUSED)

<P><STRONG><a name="[16b]"></a>syscfg_high_current_enable</STRONG> (Thumb, 16 bytes, Stack size 0 bytes, gd32f1x0_syscfg.o(.text), UNUSED)

<P><STRONG><a name="[16c]"></a>syscfg_high_current_disable</STRONG> (Thumb, 16 bytes, Stack size 0 bytes, gd32f1x0_syscfg.o(.text), UNUSED)

<P><STRONG><a name="[77]"></a>syscfg_exti_line_config</STRONG> (Thumb, 172 bytes, Stack size 16 bytes, gd32f1x0_syscfg.o(.text))
<BR><BR>[Stack]<UL><LI>Max Depth = 16<LI>Call Chain = syscfg_exti_line_config
</UL>
<BR>[Called By]<UL><LI><a href="#[76]">&gt;&gt;</a>&nbsp;&nbsp;&nbsp;InitEXTI
</UL>

<P><STRONG><a name="[16d]"></a>syscfg_lock_config</STRONG> (Thumb, 22 bytes, Stack size 4 bytes, gd32f1x0_syscfg.o(.text), UNUSED)

<P><STRONG><a name="[16e]"></a>syscfg_flag_get</STRONG> (Thumb, 44 bytes, Stack size 8 bytes, gd32f1x0_syscfg.o(.text), UNUSED)

<P><STRONG><a name="[16f]"></a>syscfg_flag_clear</STRONG> (Thumb, 22 bytes, Stack size 4 bytes, gd32f1x0_syscfg.o(.text), UNUSED)

<P><STRONG><a name="[88]"></a>timer_deinit</STRONG> (Thumb, 280 bytes, Stack size 48 bytes, gd32f1x0_timer.o(.text))
<BR><BR>[Stack]<UL><LI>Max Depth = 52<LI>Call Chain = timer_deinit &rArr; rcu_periph_reset_disable
</UL>
<BR>[Calls]<UL><LI><a href="#[d1]">&gt;&gt;</a>&nbsp;&nbsp;&nbsp;rcu_periph_reset_disable
<LI><a href="#[d0]">&gt;&gt;</a>&nbsp;&nbsp;&nbsp;rcu_periph_reset_enable
</UL>
<BR>[Called By]<UL><LI><a href="#[48]">&gt;&gt;</a>&nbsp;&nbsp;&nbsp;PWM_init
<LI><a href="#[43]">&gt;&gt;</a>&nbsp;&nbsp;&nbsp;TimeoutTimer_init
</UL>

<P><STRONG><a name="[170]"></a>timer_struct_para_init</STRONG> (Thumb, 38 bytes, Stack size 4 bytes, gd32f1x0_timer.o(.text), UNUSED)

<P><STRONG><a name="[8a]"></a>timer_init</STRONG> (Thumb, 318 bytes, Stack size 8 bytes, gd32f1x0_timer.o(.text))
<BR><BR>[Stack]<UL><LI>Max Depth = 8<LI>Call Chain = timer_init
</UL>
<BR>[Called By]<UL><LI><a href="#[48]">&gt;&gt;</a>&nbsp;&nbsp;&nbsp;PWM_init
<LI><a href="#[43]">&gt;&gt;</a>&nbsp;&nbsp;&nbsp;TimeoutTimer_init
</UL>

<P><STRONG><a name="[8c]"></a>timer_enable</STRONG> (Thumb, 18 bytes, Stack size 4 bytes, gd32f1x0_timer.o(.text))
<BR><BR>[Stack]<UL><LI>Max Depth = 4<LI>Call Chain = timer_enable
</UL>
<BR>[Called By]<UL><LI><a href="#[48]">&gt;&gt;</a>&nbsp;&nbsp;&nbsp;PWM_init
<LI><a href="#[43]">&gt;&gt;</a>&nbsp;&nbsp;&nbsp;TimeoutTimer_init
</UL>

<P><STRONG><a name="[93]"></a>timer_disable</STRONG> (Thumb, 18 bytes, Stack size 4 bytes, gd32f1x0_timer.o(.text))
<BR><BR>[Stack]<UL><LI>Max Depth = 4<LI>Call Chain = timer_disable
</UL>
<BR>[Called By]<UL><LI><a href="#[48]">&gt;&gt;</a>&nbsp;&nbsp;&nbsp;PWM_init
</UL>

<P><STRONG><a name="[171]"></a>timer_auto_reload_shadow_enable</STRONG> (Thumb, 18 bytes, Stack size 4 bytes, gd32f1x0_timer.o(.text), UNUSED)

<P><STRONG><a name="[89]"></a>timer_auto_reload_shadow_disable</STRONG> (Thumb, 18 bytes, Stack size 4 bytes, gd32f1x0_timer.o(.text))
<BR><BR>[Stack]<UL><LI>Max Depth = 4<LI>Call Chain = timer_auto_reload_shadow_disable
</UL>
<BR>[Called By]<UL><LI><a href="#[48]">&gt;&gt;</a>&nbsp;&nbsp;&nbsp;PWM_init
<LI><a href="#[43]">&gt;&gt;</a>&nbsp;&nbsp;&nbsp;TimeoutTimer_init
</UL>

<P><STRONG><a name="[172]"></a>timer_update_event_enable</STRONG> (Thumb, 18 bytes, Stack size 4 bytes, gd32f1x0_timer.o(.text), UNUSED)

<P><STRONG><a name="[173]"></a>timer_update_event_disable</STRONG> (Thumb, 18 bytes, Stack size 4 bytes, gd32f1x0_timer.o(.text), UNUSED)

<P><STRONG><a name="[174]"></a>timer_counter_alignment</STRONG> (Thumb, 34 bytes, Stack size 8 bytes, gd32f1x0_timer.o(.text), UNUSED)

<P><STRONG><a name="[175]"></a>timer_counter_up_direction</STRONG> (Thumb, 18 bytes, Stack size 4 bytes, gd32f1x0_timer.o(.text), UNUSED)

<P><STRONG><a name="[176]"></a>timer_counter_down_direction</STRONG> (Thumb, 18 bytes, Stack size 4 bytes, gd32f1x0_timer.o(.text), UNUSED)

<P><STRONG><a name="[177]"></a>timer_prescaler_config</STRONG> (Thumb, 44 bytes, Stack size 8 bytes, gd32f1x0_timer.o(.text), UNUSED)

<P><STRONG><a name="[178]"></a>timer_repetition_value_config</STRONG> (Thumb, 20 bytes, Stack size 8 bytes, gd32f1x0_timer.o(.text), UNUSED)

<P><STRONG><a name="[179]"></a>timer_autoreload_value_config</STRONG> (Thumb, 16 bytes, Stack size 8 bytes, gd32f1x0_timer.o(.text), UNUSED)

<P><STRONG><a name="[17a]"></a>timer_counter_value_config</STRONG> (Thumb, 16 bytes, Stack size 8 bytes, gd32f1x0_timer.o(.text), UNUSED)

<P><STRONG><a name="[17b]"></a>timer_counter_read</STRONG> (Thumb, 20 bytes, Stack size 8 bytes, gd32f1x0_timer.o(.text), UNUSED)

<P><STRONG><a name="[17c]"></a>timer_prescaler_read</STRONG> (Thumb, 26 bytes, Stack size 8 bytes, gd32f1x0_timer.o(.text), UNUSED)

[...]
<BR>[Address Reference Count : 1]<UL><LI> startup_gd32f1x0.o(RESET)
</UL>
<P><STRONG><a name="[18]"></a>TIMER0_Channel_IRQHandler</STRONG> (Thumb, 0 bytes, Stack size 0 bytes, startup_gd32f1x0.o(.text))
<BR>[Address Reference Count : 1]<UL><LI> startup_gd32f1x0.o(RESET)
</UL>
<P><STRONG><a name="[1d]"></a>TIMER14_IRQHandler</STRONG> (Thumb, 0 bytes, Stack size 0 bytes, startup_gd32f1x0.o(.text))
<BR>[Address Reference Count : 1]<UL><LI> startup_gd32f1x0.o(RESET)
</UL>
<P><STRONG><a name="[1e]"></a>TIMER15_IRQHandler</STRONG> (Thumb, 0 bytes, Stack size 0 bytes, startup_gd32f1x0.o(.text))
<BR>[Address Reference Count : 1]<UL><LI> startup_gd32f1x0.o(RESET)
</UL>
<P><STRONG><a name="[1f]"></a>TIMER16_IRQHandler</STRONG> (Thumb, 0 bytes, Stack size 0 bytes, startup_gd32f1x0.o(.text))
<BR>[Address Reference Count : 1]<UL><LI> startup_gd32f1x0.o(RESET)
</UL>
<P><STRONG><a name="[19]"></a>TIMER1_IRQHandler</STRONG> (Thumb, 0 bytes, Stack size 0 bytes, startup_gd32f1x0.o(.text))
<BR>[Address Reference Count : 1]<UL><LI> startup_gd32f1x0.o(RESET)
</UL>
<P><STRONG><a name="[1a]"></a>TIMER2_IRQHandler</STRONG> (Thumb, 0 bytes, Stack size 0 bytes, startup_gd32f1x0.o(.text))
<BR>[Address Reference Count : 1]<UL><LI> startup_gd32f1x0.o(RESET)
</UL>
<P><STRONG><a name="[1b]"></a>TIMER5_DAC_IRQHandler</STRONG> (Thumb, 0 bytes, Stack size 0 bytes, startup_gd32f1x0.o(.text))
<BR>[Address Reference Count : 1]<UL><LI> startup_gd32f1x0.o(RESET)
</UL>
<P><STRONG><a name="[12]"></a>TSI_IRQHandler</STRONG> (Thumb, 0 bytes, Stack size 0 bytes, startup_gd32f1x0.o(.text))
<BR>[Address Reference Count : 1]<UL><LI> startup_gd32f1x0.o(RESET)
</UL>
<P><STRONG><a name="[24]"></a>USART0_IRQHandler</STRONG> (Thumb, 0 bytes, Stack size 0 bytes, startup_gd32f1x0.o(.text))
<BR>[Address Reference Count : 1]<UL><LI> startup_gd32f1x0.o(RESET)
</UL>
<P><STRONG><a name="[25]"></a>USART1_IRQHandler</STRONG> (Thumb, 0 bytes, Stack size 0 bytes, startup_gd32f1x0.o(.text))
<BR>[Address Reference Count : 1]<UL><LI> startup_gd32f1x0.o(RESET)
</UL>
<P><STRONG><a name="[2d]"></a>USBDWakeUp_IRQHandler</STRONG> (Thumb, 0 bytes, Stack size 0 bytes, startup_gd32f1x0.o(.text))
<BR>[Address Reference Count : 1]<UL><LI> startup_gd32f1x0.o(RESET)
</UL>
<P><STRONG><a name="[2c]"></a>USBD_HP_IRQHandler</STRONG> (Thumb, 0 bytes, Stack size 0 bytes, startup_gd32f1x0.o(.text))
<BR>[Address Reference Count : 1]<UL><LI> startup_gd32f1x0.o(RESET)
</UL>
<P><STRONG><a name="[2b]"></a>USBD_LP_IRQHandler</STRONG> (Thumb, 0 bytes, Stack size 0 bytes, startup_gd32f1x0.o(.text))
<BR>[Address Reference Count : 1]<UL><LI> startup_gd32f1x0.o(RESET)
</UL>
<P><STRONG><a name="[a]"></a>WWDGT_IRQHandler</STRONG> (Thumb, 0 bytes, Stack size 0 bytes, startup_gd32f1x0.o(.text))
<BR>[Address Reference Count : 1]<UL><LI> startup_gd32f1x0.o(RESET)
</UL>
<P><STRONG><a name="[3a]"></a>SystemInit</STRONG> (Thumb, 172 bytes, Stack size 8 bytes, system_gd32f1x0.o(.text))
<BR><BR>[Stack]<UL><LI>Max Depth = 20<LI>Call Chain = SystemInit &rArr; system_clock_config &rArr; system_clock_72m_irc8m
</UL>
<BR>[Calls]<UL><LI><a href="#[ea]">&gt;&gt;</a>&nbsp;&nbsp;&nbsp;system_clock_config
</UL>
<BR>[Address Reference Count : 1]<UL><LI> startup_gd32f1x0.o(.text)
</UL>
<P><STRONG><a name="[c1]"></a>SystemCoreClockUpdate</STRONG> (Thumb, 332 bytes, Stack size 52 bytes, system_gd32f1x0.o(.text))
<BR><BR>[Stack]<UL><LI>Max Depth = 52<LI>Call Chain = SystemCoreClockUpdate
</UL>
<BR>[Called By]<UL><LI><a href="#[3f]">&gt;&gt;</a>&nbsp;&nbsp;&nbsp;Clock_init
</UL>

<P><STRONG><a name="[5b]"></a>__aeabi_fadd</STRONG> (Thumb, 164 bytes, Stack size 16 bytes, fadd.o(.text))
<BR><BR>[Stack]<UL><LI>Max Depth = 20<LI>Call Chain = __aeabi_fadd &rArr; _float_epilogue
</UL>
<BR>[Calls]<UL><LI><a href="#[ed]">&gt;&gt;</a>&nbsp;&nbsp;&nbsp;_float_round
<LI><a href="#[ec]">&gt;&gt;</a>&nbsp;&nbsp;&nbsp;_float_epilogue
</UL>
<BR>[Called By]<UL><LI><a href="#[ee]">&gt;&gt;</a>&nbsp;&nbsp;&nbsp;__aeabi_frsub
<LI><a href="#[72]">&gt;&gt;</a>&nbsp;&nbsp;&nbsp;__aeabi_fsub
<LI><a href="#[39]">&gt;&gt;</a>&nbsp;&nbsp;&nbsp;main
</UL>

<P><STRONG><a name="[72]"></a>__aeabi_fsub</STRONG> (Thumb, 6 bytes, Stack size 0 bytes, fadd.o(.text))
<BR><BR>[Stack]<UL><LI>Max Depth = 20<LI>Call Chain = __aeabi_fsub &rArr; __aeabi_fadd &rArr; _float_epilogue
</UL>
<BR>[Calls]<UL><LI><a href="#[5b]">&gt;&gt;</a>&nbsp;&nbsp;&nbsp;__aeabi_fadd
</UL>
<BR>[Called By]<UL><LI><a href="#[69]">&gt;&gt;</a>&nbsp;&nbsp;&nbsp;CalculateBLDC
</UL>

<P><STRONG><a name="[ee]"></a>__aeabi_frsub</STRONG> (Thumb, 6 bytes, Stack size 0 bytes, fadd.o(.text), UNUSED)
<BR><BR>[Calls]<UL><LI><a href="#[5b]">&gt;&gt;</a>&nbsp;&nbsp;&nbsp;__aeabi_fadd
</UL>

<P><STRONG><a name="[59]"></a>__aeabi_fmul</STRONG> (Thumb, 100 bytes, Stack size 8 bytes, fmul.o(.text))
<BR><BR>[Stack]<UL><LI>Max Depth = 8<LI>Call Chain = __aeabi_fmul
</UL>
<BR>[Called By]<UL><LI><a href="#[cc]">&gt;&gt;</a>&nbsp;&nbsp;&nbsp;AnswerMaster
<LI><a href="#[73]">&gt;&gt;</a>&nbsp;&nbsp;&nbsp;PID_Init
<LI><a href="#[4a]">&gt;&gt;</a>&nbsp;&nbsp;&nbsp;DriverInit
<LI><a href="#[39]">&gt;&gt;</a>&nbsp;&nbsp;&nbsp;main
</UL>

<P><STRONG><a name="[5c]"></a>__aeabi_fdiv</STRONG> (Thumb, 124 bytes, Stack size 8 bytes, fdiv.o(.text))
<BR><BR>[Stack]<UL><LI>Max Depth = 8<LI>Call Chain = __aeabi_fdiv
</UL>
<BR>[Calls]<UL><LI><a href="#[ed]">&gt;&gt;</a>&nbsp;&nbsp;&nbsp;_float_round
</UL>
<BR>[Called By]<UL><LI><a href="#[73]">&gt;&gt;</a>&nbsp;&nbsp;&nbsp;PID_Init
<LI><a href="#[69]">&gt;&gt;</a>&nbsp;&nbsp;&nbsp;CalculateBLDC
<LI><a href="#[39]">&gt;&gt;</a>&nbsp;&nbsp;&nbsp;main
</UL>

<P><STRONG><a name="[57]"></a>__aeabi_dadd</STRONG> (Thumb, 322 bytes, Stack size 48 bytes, dadd.o(.text))
<BR><BR>[Stack]<UL><LI>Max Depth = 88<LI>Call Chain = __aeabi_dadd &rArr; _double_epilogue &rArr; _double_round
</UL>
<BR>[Calls]<UL><LI><a href="#[f2]">&gt;&gt;</a>&nbsp;&nbsp;&nbsp;_double_round
<LI><a href="#[f1]">&gt;&gt;</a>&nbsp;&nbsp;&nbsp;_double_epilogue
<LI><a href="#[f0]">&gt;&gt;</a>&nbsp;&nbsp;&nbsp;__aeabi_lasr
<LI><a href="#[ef]">&gt;&gt;</a>&nbsp;&nbsp;&nbsp;__aeabi_llsl
</UL>
<BR>[Called By]<UL><LI><a href="#[f3]">&gt;&gt;</a>&nbsp;&nbsp;&nbsp;__aeabi_drsub
<LI><a href="#[69]">&gt;&gt;</a>&nbsp;&nbsp;&nbsp;CalculateBLDC
<LI><a href="#[61]">&gt;&gt;</a>&nbsp;&nbsp;&nbsp;__aeabi_dsub
<LI><a href="#[39]">&gt;&gt;</a>&nbsp;&nbsp;&nbsp;main
</UL>

<P><STRONG><a name="[61]"></a>__aeabi_dsub</STRONG> (Thumb, 6 bytes, Stack size 0 bytes, dadd.o(.text))
<BR><BR>[Stack]<UL><LI>Max Depth = 88<LI>Call Chain = __aeabi_dsub &rArr; __aeabi_dadd &rArr; _double_epilogue &rArr; _double_round
</UL>
<BR>[Calls]<UL><LI><a href="#[57]">&gt;&gt;</a>&nbsp;&nbsp;&nbsp;__aeabi_dadd
</UL>
<BR>[Called By]<UL><LI><a href="#[39]">&gt;&gt;</a>&nbsp;&nbsp;&nbsp;main
</UL>

<P><STRONG><a name="[f3]"></a>__aeabi_drsub</STRONG> (Thumb, 6 bytes, Stack size 0 bytes, dadd.o(.text), UNUSED)
<BR><BR>[Calls]<UL><LI><a href="#[57]">&gt;&gt;</a>&nbsp;&nbsp;&nbsp;__aeabi_dadd
</UL>

<P><STRONG><a name="[55]"></a>__aeabi_dmul</STRONG> (Thumb, 228 bytes, Stack size 48 bytes, dmul.o(.text))
<BR><BR>[Stack]<UL><LI>Max Depth = 88<LI>Call Chain = __aeabi_dmul &rArr; _double_epilogue &rArr; _double_round
</UL>
<BR>[Calls]<UL><LI><a href="#[f1]">&gt;&gt;</a>&nbsp;&nbsp;&nbsp;_double_epilogue
</UL>
<BR>[Called By]<UL><LI><a href="#[69]">&gt;&gt;</a>&nbsp;&nbsp;&nbsp;CalculateBLDC
<LI><a href="#[62]">&gt;&gt;</a>&nbsp;&nbsp;&nbsp;SetBldcInput
<LI><a href="#[39]">&gt;&gt;</a>&nbsp;&nbsp;&nbsp;main
</UL>

<P><STRONG><a name="[56]"></a>__aeabi_ddiv</STRONG> (Thumb, 222 bytes, Stack size 32 bytes, ddiv.o(.text))
<BR><BR>[Stack]<UL><LI>Max Depth = 40<LI>Call Chain = __aeabi_ddiv &rArr; _double_round
</UL>
<BR>[Calls]<UL><LI><a href="#[f2]">&gt;&gt;</a>&nbsp;&nbsp;&nbsp;_double_round
</UL>
<BR>[Called By]<UL><LI><a href="#[62]">&gt;&gt;</a>&nbsp;&nbsp;&nbsp;SetBldcInput
<LI><a href="#[39]">&gt;&gt;</a>&nbsp;&nbsp;&nbsp;main
</UL>

<P><STRONG><a name="[5e]"></a>__aeabi_fcmple</STRONG> (Thumb, 28 bytes, Stack size 0 bytes, fcmple.o(.text))
<BR><BR>[Called By]<UL><LI><a href="#[39]">&gt;&gt;</a>&nbsp;&nbsp;&nbsp;main
</UL>

<P><STRONG><a name="[5d]"></a>__aeabi_fcmplt</STRONG> (Thumb, 28 bytes, Stack size 0 bytes, fcmplt.o(.text))
<BR><BR>[Called By]<UL><LI><a href="#[39]">&gt;&gt;</a>&nbsp;&nbsp;&nbsp;main
</UL>

<P><STRONG><a name="[5f]"></a>__aeabi_fcmpge</STRONG> (Thumb, 28 bytes, Stack size 0 bytes, fcmpge.o(.text))
<BR><BR>[Called By]<UL><LI><a href="#[39]">&gt;&gt;</a>&nbsp;&nbsp;&nbsp;main
</UL>

<P><STRONG><a name="[6b]"></a>__aeabi_fcmpgt</STRONG> (Thumb, 28 bytes, Stack size 0 bytes, fcmpgt.o(.text))
<BR><BR>[Called By]<UL><LI><a href="#[69]">&gt;&gt;</a>&nbsp;&nbsp;&nbsp;CalculateBLDC
</UL>

<P><STRONG><a name="[63]"></a>__aeabi_dcmple</STRONG> (Thumb, 54 bytes, Stack size 12 bytes, dcmple.o(.text))
<BR><BR>[Stack]<UL><LI>Max Depth = 12<LI>Call Chain = __aeabi_dcmple
</UL>
<BR>[Called By]<UL><LI><a href="#[39]">&gt;&gt;</a>&nbsp;&nbsp;&nbsp;main
</UL>

<P><STRONG><a name="[52]"></a>__aeabi_dcmpge</STRONG> (Thumb, 54 bytes, Stack size 12 bytes, dcmpge.o(.text))
<BR><BR>[Stack]<UL><LI>Max Depth = 12<LI>Call Chain = __aeabi_dcmpge
</UL>
<BR>[Called By]<UL><LI><a href="#[70]">&gt;&gt;</a>&nbsp;&nbsp;&nbsp;bldc_get_pwm
<LI><a href="#[69]">&gt;&gt;</a>&nbsp;&nbsp;&nbsp;CalculateBLDC
<LI><a href="#[50]">&gt;&gt;</a>&nbsp;&nbsp;&nbsp;ShutOff
<LI><a href="#[39]">&gt;&gt;</a>&nbsp;&nbsp;&nbsp;main
</UL>

<P><STRONG><a name="[53]"></a>__aeabi_i2f</STRONG> (Thumb, 18 bytes, Stack size 0 bytes, fflti.o(.text))
<BR><BR>[Stack]<UL><LI>Max Depth = 4<LI>Call Chain = __aeabi_i2f &rArr; _float_epilogue
</UL>
<BR>[Calls]<UL><LI><a href="#[ec]">&gt;&gt;</a>&nbsp;&nbsp;&nbsp;_float_epilogue
</UL>
<BR>[Called By]<UL><LI><a href="#[4a]">&gt;&gt;</a>&nbsp;&nbsp;&nbsp;DriverInit
<LI><a href="#[39]">&gt;&gt;</a>&nbsp;&nbsp;&nbsp;main
</UL>

<P><STRONG><a name="[6a]"></a>__aeabi_ui2f</STRONG> (Thumb, 10 bytes, Stack size 0 bytes, ffltui.o(.text))
<BR><BR>[Stack]<UL><LI>Max Depth = 4<LI>Call Chain = __aeabi_ui2f &rArr; _float_epilogue
</UL>
<BR>[Calls]<UL><LI><a href="#[ec]">&gt;&gt;</a>&nbsp;&nbsp;&nbsp;_float_epilogue
</UL>
<BR>[Called By]<UL><LI><a href="#[69]">&gt;&gt;</a>&nbsp;&nbsp;&nbsp;CalculateBLDC
</UL>

<P><STRONG><a name="[51]"></a>__aeabi_i2d</STRONG> (Thumb, 34 bytes, Stack size 16 bytes, dflti.o(.text))
<BR><BR>[Stack]<UL><LI>Max Depth = 56<LI>Call Chain = __aeabi_i2d &rArr; _double_epilogue &rArr; _double_round
</UL>
<BR>[Calls]<UL><LI><a href="#[f1]">&gt;&gt;</a>&nbsp;&nbsp;&nbsp;_double_epilogue
</UL>
<BR>[Called By]<UL><LI><a href="#[70]">&gt;&gt;</a>&nbsp;&nbsp;&nbsp;bldc_get_pwm
<LI><a href="#[69]">&gt;&gt;</a>&nbsp;&nbsp;&nbsp;CalculateBLDC
<LI><a href="#[62]">&gt;&gt;</a>&nbsp;&nbsp;&nbsp;SetBldcInput
<LI><a href="#[50]">&gt;&gt;</a>&nbsp;&nbsp;&nbsp;ShutOff
<LI><a href="#[39]">&gt;&gt;</a>&nbsp;&nbsp;&nbsp;main
</UL>

<P><STRONG><a name="[5a]"></a>__aeabi_f2iz</STRONG> (Thumb, 50 bytes, Stack size 0 bytes, ffixi.o(.text))
<BR><BR>[Called By]<UL><LI><a href="#[cc]">&gt;&gt;</a>&nbsp;&nbsp;&nbsp;AnswerMaster
<LI><a href="#[73]">&gt;&gt;</a>&nbsp;&nbsp;&nbsp;PID_Init
<LI><a href="#[4a]">&gt;&gt;</a>&nbsp;&nbsp;&nbsp;DriverInit
<LI><a href="#[39]">&gt;&gt;</a>&nbsp;&nbsp;&nbsp;main
</UL>

<P><STRONG><a name="[74]"></a>__aeabi_f2lz</STRONG> (Thumb, 66 bytes, Stack size 8 bytes, ffixl.o(.text))
<BR><BR>[Stack]<UL><LI>Max Depth = 8<LI>Call Chain = __aeabi_f2lz
</UL>
<BR>[Calls]<UL><LI><a href="#[ef]">&gt;&gt;</a>&nbsp;&nbsp;&nbsp;__aeabi_llsl
</UL>
<BR>[Called By]<UL><LI><a href="#[73]">&gt;&gt;</a>&nbsp;&nbsp;&nbsp;PID_Init
</UL>

<P><STRONG><a name="[60]"></a>__aeabi_d2iz</STRONG> (Thumb, 62 bytes, Stack size 16 bytes, dfixi.o(.text))
<BR><BR>[Stack]<UL><LI>Max Depth = 16<LI>Call Chain = __aeabi_d2iz
</UL>
<BR>[Calls]<UL><LI><a href="#[f4]">&gt;&gt;</a>&nbsp;&nbsp;&nbsp;__aeabi_llsr
</UL>
<BR>[Called By]<UL><LI><a href="#[69]">&gt;&gt;</a>&nbsp;&nbsp;&nbsp;CalculateBLDC
<LI><a href="#[62]">&gt;&gt;</a>&nbsp;&nbsp;&nbsp;SetBldcInput
<LI><a href="#[39]">&gt;&gt;</a>&nbsp;&nbsp;&nbsp;main
</UL>

<P><STRONG><a name="[54]"></a>__aeabi_f2d</STRONG> (Thumb, 38 bytes, Stack size 0 bytes, f2d.o(.text))
<BR><BR>[Called By]<UL><LI><a href="#[69]">&gt;&gt;</a>&nbsp;&nbsp;&nbsp;CalculateBLDC
<LI><a href="#[39]">&gt;&gt;</a>&nbsp;&nbsp;&nbsp;main
</UL>

<P><STRONG><a name="[58]"></a>__aeabi_d2f</STRONG> (Thumb, 56 bytes, Stack size 8 bytes, d2f.o(.text))
<BR><BR>[Stack]<UL><LI>Max Depth = 8<LI>Call Chain = __aeabi_d2f
</UL>
<BR>[Calls]<UL><LI><a href="#[ed]">&gt;&gt;</a>&nbsp;&nbsp;&nbsp;_float_round
</UL>
<BR>[Called By]<UL><LI><a href="#[69]">&gt;&gt;</a>&nbsp;&nbsp;&nbsp;CalculateBLDC
<LI><a href="#[39]">&gt;&gt;</a>&nbsp;&nbsp;&nbsp;main
</UL>

<P><STRONG><a name="[ef]"></a>__aeabi_llsl</STRONG> (Thumb, 30 bytes, Stack size 0 bytes, llshl.o(.text))
<BR><BR>[Called By]<UL><LI><a href="#[f1]">&gt;&gt;</a>&nbsp;&nbsp;&nbsp;_double_epilogue
<LI><a href="#[74]">&gt;&gt;</a>&nbsp;&nbsp;&nbsp;__aeabi_f2lz
<LI><a href="#[57]">&gt;&gt;</a>&nbsp;&nbsp;&nbsp;__aeabi_dadd
</UL>

<P><STRONG><a name="[1d4]"></a>_ll_shift_l</STRONG> (Thumb, 0 bytes, Stack size 0 bytes, llshl.o(.text), UNUSED)

<P><STRONG><a name="[f4]"></a>__aeabi_llsr</STRONG> (Thumb, 32 bytes, Stack size 0 bytes, llushr.o(.text))
<BR><BR>[Called By]<UL><LI><a href="#[f1]">&gt;&gt;</a>&nbsp;&nbsp;&nbsp;_double_epilogue
<LI><a href="#[60]">&gt;&gt;</a>&nbsp;&nbsp;&nbsp;__aeabi_d2iz
</UL>

<P><STRONG><a name="[1d5]"></a>_ll_ushift_r</STRONG> (Thumb, 0 bytes, Stack size 0 bytes, llushr.o(.text), UNUSED)

<P><STRONG><a name="[f0]"></a>__aeabi_lasr</STRONG> (Thumb, 36 bytes, Stack size 0 bytes, llsshr.o(.text))
<BR><BR>[Called By]<UL><LI><a href="#[57]">&gt;&gt;</a>&nbsp;&nbsp;&nbsp;__aeabi_dadd
</UL>

<P><STRONG><a name="[1d6]"></a>_ll_sshift_r</STRONG> (Thumb, 0 bytes, Stack size 0 bytes, llsshr.o(.text), UNUSED)

<P><STRONG><a name="[1d7]"></a>__I$use$fp</STRONG> (Thumb, 0 bytes, Stack size 0 bytes, iusefp.o(.text), UNUSED)

<P><STRONG><a name="[ed]"></a>_float_round</STRONG> (Thumb, 18 bytes, Stack size 0 bytes, fepilogue.o(.text))
<BR><BR>[Called By]<UL><LI><a href="#[5c]">&gt;&gt;</a>&nbsp;&nbsp;&nbsp;__aeabi_fdiv
<LI><a href="#[5b]">&gt;&gt;</a>&nbsp;&nbsp;&nbsp;__aeabi_fadd
<LI><a href="#[58]">&gt;&gt;</a>&nbsp;&nbsp;&nbsp;__aeabi_d2f
</UL>

<P><STRONG><a name="[ec]"></a>_float_epilogue</STRONG> (Thumb, 92 bytes, Stack size 4 bytes, fepilogue.o(.text))
<BR><BR>[Stack]<UL><LI>Max Depth = 4<LI>Call Chain = _float_epilogue
</UL>
<BR>[Called By]<UL><LI><a href="#[6a]">&gt;&gt;</a>&nbsp;&nbsp;&nbsp;__aeabi_ui2f
<LI><a href="#[5b]">&gt;&gt;</a>&nbsp;&nbsp;&nbsp;__aeabi_fadd
<LI><a href="#[53]">&gt;&gt;</a>&nbsp;&nbsp;&nbsp;__aeabi_i2f
</UL>

<P><STRONG><a name="[f2]"></a>_double_round</STRONG> (Thumb, 30 bytes, Stack size 8 bytes, depilogue.o(.text))
<BR><BR>[Stack]<UL><LI>Max Depth = 8<LI>Call Chain = _double_round
</UL>
<BR>[Called By]<UL><LI><a href="#[f1]">&gt;&gt;</a>&nbsp;&nbsp;&nbsp;_double_epilogue
<LI><a href="#[57]">&gt;&gt;</a>&nbsp;&nbsp;&nbsp;__aeabi_dadd
<LI><a href="#[56]">&gt;&gt;</a>&nbsp;&nbsp;&nbsp;__aeabi_ddiv
</UL>

<P><STRONG><a name="[f1]"></a>_double_epilogue</STRONG> (Thumb, 156 bytes, Stack size 32 bytes, depilogue.o(.text))
<BR><BR>[Stack]<UL><LI>Max Depth = 40<LI>Call Chain = _double_epilogue &rArr; _double_round
</UL>
<BR>[Calls]<UL><LI><a href="#[f2]">&gt;&gt;</a>&nbsp;&nbsp;&nbsp;_double_round
<LI><a href="#[f4]">&gt;&gt;</a>&nbsp;&nbsp;&nbsp;__aeabi_llsr
<LI><a href="#[ef]">&gt;&gt;</a>&nbsp;&nbsp;&nbsp;__aeabi_llsl
</UL>
<BR>[Called By]<UL><LI><a href="#[57]">&gt;&gt;</a>&nbsp;&nbsp;&nbsp;__aeabi_dadd
<LI><a href="#[55]">&gt;&gt;</a>&nbsp;&nbsp;&nbsp;__aeabi_dmul
<LI><a href="#[51]">&gt;&gt;</a>&nbsp;&nbsp;&nbsp;__aeabi_i2d
</UL>

<P><STRONG><a name="[3d]"></a>__scatterload</STRONG> (Thumb, 38 bytes, Stack size 0 bytes, init.o(.text))
<BR><BR>[Calls]<UL><LI><a href="#[f5]">&gt;&gt;</a>&nbsp;&nbsp;&nbsp;__main_after_scatterload
</UL>
<BR>[Called By]<UL><LI><a href="#[3c]">&gt;&gt;</a>&nbsp;&nbsp;&nbsp;_main_scatterload
</UL>

<P><STRONG><a name="[1d8]"></a>__scatterload_rt2</STRONG> (Thumb, 0 bytes, Stack size 0 bytes, init.o(.text), UNUSED)

<P><STRONG><a name="[1d9]"></a>__scatterload_copy</STRONG> (Thumb, 14 bytes, Stack size unknown bytes, handlers.o(i.__scatterload_copy), UNUSED)

<P><STRONG><a name="[1da]"></a>__scatterload_null</STRONG> (Thumb, 2 bytes, Stack size unknown bytes, handlers.o(i.__scatterload_null), UNUSED)

<P><STRONG><a name="[1db]"></a>__scatterload_zeroinit</STRONG> (Thumb, 14 bytes, Stack size unknown bytes, handlers.o(i.__scatterload_zeroinit), UNUSED)
<P>
<H3>
Local Symbols
</H3>
<P><STRONG><a name="[40]"></a>SysTick_Config</STRONG> (Thumb, 82 bytes, Stack size 16 bytes, main.o(.text))
<BR><BR>[Stack]<UL><LI>Max Depth = 24<LI>Call Chain = SysTick_Config &rArr; __NVIC_SetPriority
</UL>
<BR>[Calls]<UL><LI><a href="#[66]">&gt;&gt;</a>&nbsp;&nbsp;&nbsp;__NVIC_SetPriority
</UL>
<BR>[Called By]<UL><LI><a href="#[39]">&gt;&gt;</a>&nbsp;&nbsp;&nbsp;main
</UL>

<P><STRONG><a name="[66]"></a>__NVIC_SetPriority</STRONG> (Thumb, 66 bytes, Stack size 8 bytes, main.o(.text))
<BR><BR>[Stack]<UL><LI>Max Depth = 8<LI>Call Chain = __NVIC_SetPriority
</UL>
<BR>[Called By]<UL><LI><a href="#[40]">&gt;&gt;</a>&nbsp;&nbsp;&nbsp;SysTick_Config
</UL>

<P><STRONG><a name="[be]"></a>get_flash_size</STRONG> (Thumb, 14 bytes, Stack size 0 bytes, setup.o(.text))
<BR><BR>[Called By]<UL><LI><a href="#[bd]">&gt;&gt;</a>&nbsp;&nbsp;&nbsp;ConfigWrite
<LI><a href="#[3e]">&gt;&gt;</a>&nbsp;&nbsp;&nbsp;ConfigRead
</UL>

<P><STRONG><a name="[bf]"></a>get_page_size</STRONG> (Thumb, 24 bytes, Stack size 4 bytes, setup.o(.text))
<BR><BR>[Stack]<UL><LI>Max Depth = 4<LI>Call Chain = get_page_size
</UL>
<BR>[Called By]<UL><LI><a href="#[bd]">&gt;&gt;</a>&nbsp;&nbsp;&nbsp;ConfigWrite
<LI><a href="#[3e]">&gt;&gt;</a>&nbsp;&nbsp;&nbsp;ConfigRead
</UL>

<P><STRONG><a name="[d2]"></a>fmc_ready_wait</STRONG> (Thumb, 92 bytes, Stack size 24 bytes, gd32f1x0_fmc.o(.text))
<BR><BR>[Stack]<UL><LI>Max Depth = 28<LI>Call Chain = fmc_ready_wait &rArr; fmc_state_get
</UL>
<BR>[Calls]<UL><LI><a href="#[d3]">&gt;&gt;</a>&nbsp;&nbsp;&nbsp;fmc_state_get
</UL>
<BR>[Called By]<UL><LI><a href="#[db]">&gt;&gt;</a>&nbsp;&nbsp;&nbsp;ob_data_program
<LI><a href="#[da]">&gt;&gt;</a>&nbsp;&nbsp;&nbsp;ob_user_write
<LI><a href="#[d9]">&gt;&gt;</a>&nbsp;&nbsp;&nbsp;ob_security_protection_config
<LI><a href="#[d8]">&gt;&gt;</a>&nbsp;&nbsp;&nbsp;ob_write_protection_enable
<LI><a href="#[d6]">&gt;&gt;</a>&nbsp;&nbsp;&nbsp;ob_erase
<LI><a href="#[d5]">&gt;&gt;</a>&nbsp;&nbsp;&nbsp;fmc_halfword_program
<LI><a href="#[d4]">&gt;&gt;</a>&nbsp;&nbsp;&nbsp;fmc_mass_erase
<LI><a href="#[b9]">&gt;&gt;</a>&nbsp;&nbsp;&nbsp;fmc_word_program
<LI><a href="#[b6]">&gt;&gt;</a>&nbsp;&nbsp;&nbsp;fmc_page_erase
</UL>

<P><STRONG><a name="[d3]"></a>fmc_state_get</STRONG> (Thumb, 96 bytes, Stack size 4 bytes, gd32f1x0_fmc.o(.text))
<BR><BR>[Stack]<UL><LI>Max Depth = 4<LI>Call Chain = fmc_state_get
</UL>
<BR>[Called By]<UL><LI><a href="#[d2]">&gt;&gt;</a>&nbsp;&nbsp;&nbsp;fmc_ready_wait
</UL>

<P><STRONG><a name="[ea]"></a>system_clock_config</STRONG> (Thumb, 8 bytes, Stack size 8 bytes, system_gd32f1x0.o(.text))
<BR><BR>[Stack]<UL><LI>Max Depth = 12<LI>Call Chain = system_clock_config &rArr; system_clock_72m_irc8m
</UL>
<BR>[Calls]<UL><LI><a href="#[eb]">&gt;&gt;</a>&nbsp;&nbsp;&nbsp;system_clock_72m_irc8m
</UL>
<BR>[Called By]<UL><LI><a href="#[3a]">&gt;&gt;</a>&nbsp;&nbsp;&nbsp;SystemInit
</UL>

<P><STRONG><a name="[eb]"></a>system_clock_72m_irc8m</STRONG> (Thumb, 138 bytes, Stack size 4 bytes, system_gd32f1x0.o(.text))
<BR><BR>[Stack]<UL><LI>Max Depth = 4<LI>Call Chain = system_clock_72m_irc8m
</UL>
<BR>[Called By]<UL><LI><a href="#[ea]">&gt;&gt;</a>&nbsp;&nbsp;&nbsp;system_clock_config
</UL>
<P>
<H3>
Undefined Global Symbols
</H3><HR></body></html>
