<html>
<body>
<pre>
<h1>µVision Build Log</h1>
<h2>Tool Versions:</h2>
IDE-Version: µVision V5.43.1.0
Copyright (C) 2025 ARM Ltd and ARM Germany GmbH. All rights reserved.
License Information: Nico Smith
niiccoo2
User-based license: Keil MDK Community (non-commercial free of charge)
Valid until: May 31 2033. Cached until: Nov 30 2025
 
Tool Versions:
Toolchain:       Keil MDK Community (non-commercial free of charge  Version: 5.43.0.0
Toolchain Path:  C:\Users\web\AppData\Local\Keil_v5\ARM\ARMCLANG\Bin
C Compiler:      ArmClang.exe V6.24
Assembler:       Armasm.exe V6.24
Linker/Locator:  ArmLink.exe V6.24
Library Manager: ArmAr.exe V6.24
Hex Converter:   FromElf.exe V6.24
CPU DLL:         SARMCM3.DLL V5.43.0.0
Dialog DLL:      DCM.DLL V1.17.5.0
Target DLL:      elaphureLink.dll V1.3.4.0
Dialog DLL:      TCM.DLL V1.56.6.0
 
<h2>Project:</h2>
C:\Users\web\Documents\programing\fullstack\RC-Tank\Vehicle\firmware\HoverBoardGigaDevice\Hoverboard.uvprojx
Project File Date:  11/26/2025

<h2>Output:</h2>
*** Using Compiler 'V6.24', folder: 'C:\Users\web\AppData\Local\Keil_v5\ARM\ARMCLANG\Bin'
Build target 'GD32F130'
compiling bldcBC.c...
compiling driver.c...
compiling it.c...
compiling bldcSINE.c...
compiling bldc.c...
compiling main.c...
compiling setup.c...
compiling remoteCrsf.c...
compiling led.c...
compiling remoteUart.c...
compiling remoteUartBus.c...
compiling remoteDummy.c...
compiling remoteOptimizePID.c...
compiling commsMasterSlave.c...
compiling RemoteAdc.c...
compiling RemoteAutodetect.c...
compiling i2c.c...
compiling mpu6050.c...
compiling RemoteROS2.c...
compiling imuMPU6050.c...
compiling bmi160.c...
compiling PilotHoverbike.c...
compiling PilotUser.c...
linking...
Program Size: Code=36882 RO-data=1854 RW-data=116 ZI-data=1708  
FromELF: creating hex file...
After Build - User command #1: fromelf.exe --bin Objects\hoverboard.axf --output BinariesToFlash\hoverboard.bin
After Build - User command #2: moveOutput.bat
C:\Users\web\Documents\programing\fullstack\RC-Tank\Vehicle\firmware\HoverBoardGigaDevice>copy Objects\Hoverboard.axf BinariesToFlash\hoverboard.elf 
        1 file(s) copied.
C:\Users\web\Documents\programing\fullstack\RC-Tank\Vehicle\firmware\HoverBoardGigaDevice>copy Objects\Hoverboard.hex BinariesToFlash\hoverboard.hex 
        1 file(s) copied.
".\Objects\Hoverboard.axf" - 0 Error(s), 0 Warning(s).

<h2>Software Packages used:</h2>

Package Vendor: ARM
                https://www.keil.com/pack/ARM.CMSIS.6.2.0.pack
                ARM::CMSIS@6.2.0
                CMSIS (Common Microcontroller Software Interface Standard)
   * Component: CORE Version: 6.1.1

Package Vendor: GigaDevice
                https://gd32mcu.com/data/documents/pack/GigaDevice.GD32F1x0_DFP.3.2.1.pack
                GigaDevice::GD32F1x0_DFP@3.2.1
                GigaDevice GD32F1x0 Series Device Support and Examples
   * Component: ADC Version: 3.2.0
   * Component: DMA Version: 3.2.0
   * Component: EXTI Version: 3.2.0
   * Component: FMC Version: 3.2.0
   * Component: FWDGT Version: 3.2.0
   * Component: GPIO Version: 3.2.0
   * Component: I2C Version: 3.2.0
   * Component: MCUDBG Version: 3.2.0
   * Component: MISC Version: 3.2.0
   * Component: OPA Version: 3.2.0
   * Component: PMU Version: 3.2.0
   * Component: RCU Version: 3.2.0
   * Component: SYSCFG Version: 3.2.0
   * Component: TIMER Version: 3.2.0
   * Component: USART Version: 3.2.0
   * Component: WWDGT Version: 3.2.0
   * Component: GD32F1x0_libopt Version: 3.2.0
   * Component: Startup Version: 3.2.0

<h2>Collection of Component include folders:</h2>
  ./RTE/_GD32F130
  C:/Users/web/AppData/Local/Arm/Packs/ARM/CMSIS/6.2.0/CMSIS/Core/Include
  C:/Users/web/AppData/Local/Arm/Packs/GigaDevice/GD32F1x0_DFP/3.2.1/Device/Firmware/Peripherals/inc
  C:/Users/web/AppData/Local/Arm/Packs/GigaDevice/GD32F1x0_DFP/3.2.1/Device/Include

<h2>Collection of Component Files used:</h2>

   * Component: ARM::CMSIS:CORE@6.1.1

   * Component: GigaDevice::Device:GD32F1x0_StdPeripherals:ADC@3.2.0
      Include file:  Device/Firmware/Peripherals/inc/gd32f1x0_adc.h
      Source file:   Device/Firmware/Peripherals/src/gd32f1x0_adc.c

   * Component: GigaDevice::Device:GD32F1x0_StdPeripherals:DMA@3.2.0
      Include file:  Device/Firmware/Peripherals/inc/gd32f1x0_dma.h
      Source file:   Device/Firmware/Peripherals/src/gd32f1x0_dma.c

   * Component: GigaDevice::Device:GD32F1x0_StdPeripherals:EXTI@3.2.0
      Include file:  Device/Firmware/Peripherals/inc/gd32f1x0_exti.h
      Source file:   Device/Firmware/Peripherals/src/gd32f1x0_exti.c

   * Component: GigaDevice::Device:GD32F1x0_StdPeripherals:FMC@3.2.0
      Source file:   Device/Firmware/Peripherals/src/gd32f1x0_fmc.c
      Include file:  Device/Firmware/Peripherals/inc/gd32f1x0_fmc.h

   * Component: GigaDevice::Device:GD32F1x0_StdPeripherals:FWDGT@3.2.0
      Source file:   Device/Firmware/Peripherals/src/gd32f1x0_fwdgt.c
      Include file:  Device/Firmware/Peripherals/inc/gd32f1x0_fwdgt.h

   * Component: GigaDevice::Device:GD32F1x0_StdPeripherals:GPIO@3.2.0
      Source file:   Device/Firmware/Peripherals/src/gd32f1x0_gpio.c
      Include file:  Device/Firmware/Peripherals/inc/gd32f1x0_gpio.h

   * Component: GigaDevice::Device:GD32F1x0_StdPeripherals:I2C@3.2.0
      Include file:  Device/Firmware/Peripherals/inc/gd32f1x0_i2c.h
      Source file:   Device/Firmware/Peripherals/src/gd32f1x0_i2c.c

   * Component: GigaDevice::Device:GD32F1x0_StdPeripherals:MCUDBG@3.2.0
      Include file:  Device/Firmware/Peripherals/inc/gd32f1x0_dbg.h
      Source file:   Device/Firmware/Peripherals/src/gd32f1x0_dbg.c

   * Component: GigaDevice::Device:GD32F1x0_StdPeripherals:MISC@3.2.0
      Include file:  Device/Firmware/Peripherals/inc/gd32f1x0_misc.h
      Source file:   Device/Firmware/Peripherals/src/gd32f1x0_misc.c

   * Component: GigaDevice::Device:GD32F1x0_StdPeripherals:OPA@3.2.0
      Source file:   Device/Firmware/Peripherals/src/gd32f1x0_opa.c
      Include file:  Device/Firmware/Peripherals/inc/gd32f1x0_opa.h

   * Component: GigaDevice::Device:GD32F1x0_StdPeripherals:PMU@3.2.0
      Include file:  Device/Firmware/Peripherals/inc/gd32f1x0_pmu.h
      Source file:   Device/Firmware/Peripherals/src/gd32f1x0_pmu.c

   * Component: GigaDevice::Device:GD32F1x0_StdPeripherals:RCU@3.2.0
      Source file:   Device/Firmware/Peripherals/src/gd32f1x0_rcu.c
      Include file:  Device/Firmware/Peripherals/inc/gd32f1x0_rcu.h

   * Component: GigaDevice::Device:GD32F1x0_StdPeripherals:SYSCFG@3.2.0
      Source file:   Device/Firmware/Peripherals/src/gd32f1x0_syscfg.c
      Include file:  Device/Firmware/Peripherals/inc/gd32f1x0_syscfg.h

   * Component: GigaDevice::Device:GD32F1x0_StdPeripherals:TIMER@3.2.0
      Include file:  Device/Firmware/Peripherals/inc/gd32f1x0_timer.h
      Source file:   Device/Firmware/Peripherals/src/gd32f1x0_timer.c

   * Component: GigaDevice::Device:GD32F1x0_StdPeripherals:USART@3.2.0
      Source file:   Device/Firmware/Peripherals/src/gd32f1x0_usart.c
      Include file:  Device/Firmware/Peripherals/inc/gd32f1x0_usart.h

   * Component: GigaDevice::Device:GD32F1x0_StdPeripherals:WWDGT@3.2.0
      Source file:   Device/Firmware/Peripherals/src/gd32f1x0_wwdgt.c
      Include file:  Device/Firmware/Peripherals/inc/gd32f1x0_wwdgt.h

   * Component: GigaDevice::Device:GD32F1x0_libopt@3.2.0
      Include file:  Device/Include/gd32f1x0_libopt.h

   * Component: GigaDevice::Device:Startup@3.2.0
      Include file:  Device/Include/gd32f1x0.h
      Source file:   Device/Source/startup_gd32f1x0.s
      Source file:   Device/Source/system_gd32f1x0.c
Build Time Elapsed:  00:00:06
</pre>
</body>
</html>
